Archive member included because of file (symbol)

c:/program files (x86)/gnu tools arm embedded/4.8 2014q3/bin/../lib/gcc/arm-none-eabi/4.8.4/armv7e-m\libgcc.a(_arm_addsubdf3.o)
                              ..\obj\ampermeter.o (__aeabi_dsub)
c:/program files (x86)/gnu tools arm embedded/4.8 2014q3/bin/../lib/gcc/arm-none-eabi/4.8.4/armv7e-m\libgcc.a(_arm_muldivdf3.o)
                              ..\obj\fassade.o (__aeabi_dmul)
c:/program files (x86)/gnu tools arm embedded/4.8 2014q3/bin/../lib/gcc/arm-none-eabi/4.8.4/armv7e-m\libgcc.a(_arm_fixdfsi.o)
                              ..\obj\fassade.o (__aeabi_d2iz)
c:/program files (x86)/gnu tools arm embedded/4.8 2014q3/bin/../lib/gcc/arm-none-eabi/4.8.4/armv7e-m\libgcc.a(_arm_truncdfsf2.o)
                              ..\obj\ampermeter.o (__aeabi_d2f)
c:/program files (x86)/gnu tools arm embedded/4.8 2014q3/bin/../lib/gcc/arm-none-eabi/4.8.4/armv7e-m\libgcc.a(_arm_addsubsf3.o)
                              ..\obj\tm_stm32f4_ds18b20.o (__aeabi_fsub)
c:/program files (x86)/gnu tools arm embedded/4.8 2014q3/bin/../lib/gcc/arm-none-eabi/4.8.4/armv7e-m\libgcc.a(_arm_muldivsf3.o)
                              ..\obj\tm_stm32f4_ds18b20.o (__aeabi_fmul)
c:/program files (x86)/gnu tools arm embedded/4.8 2014q3/bin/../lib/gcc/arm-none-eabi/4.8.4/armv7e-m\libgcc.a(unwind-arm.o)
                              ..\obj\stepper.o (__aeabi_unwind_cpp_pr0)
c:/program files (x86)/gnu tools arm embedded/4.8 2014q3/bin/../lib/gcc/arm-none-eabi/4.8.4/armv7e-m\libgcc.a(libunwind.o)
                              c:/program files (x86)/gnu tools arm embedded/4.8 2014q3/bin/../lib/gcc/arm-none-eabi/4.8.4/armv7e-m\libgcc.a(unwind-arm.o) (restore_core_regs)
c:/program files (x86)/gnu tools arm embedded/4.8 2014q3/bin/../lib/gcc/arm-none-eabi/4.8.4/armv7e-m\libgcc.a(pr-support.o)
                              c:/program files (x86)/gnu tools arm embedded/4.8 2014q3/bin/../lib/gcc/arm-none-eabi/4.8.4/armv7e-m\libgcc.a(unwind-arm.o) (__gnu_unwind_execute)
c:/program files (x86)/gnu tools arm embedded/4.8 2014q3/bin/../lib/gcc/arm-none-eabi/4.8.4/../../../../arm-none-eabi/lib/armv7e-m\libc.a(lib_a-abort.o)
                              c:/program files (x86)/gnu tools arm embedded/4.8 2014q3/bin/../lib/gcc/arm-none-eabi/4.8.4/armv7e-m\libgcc.a(unwind-arm.o) (abort)
c:/program files (x86)/gnu tools arm embedded/4.8 2014q3/bin/../lib/gcc/arm-none-eabi/4.8.4/../../../../arm-none-eabi/lib/armv7e-m\libc.a(lib_a-aeabi_atexit.o)
                              ..\obj\main.o (__aeabi_atexit)
c:/program files (x86)/gnu tools arm embedded/4.8 2014q3/bin/../lib/gcc/arm-none-eabi/4.8.4/../../../../arm-none-eabi/lib/armv7e-m\libc.a(lib_a-atoi.o)
                              ..\obj\terminal.o (atoi)
c:/program files (x86)/gnu tools arm embedded/4.8 2014q3/bin/../lib/gcc/arm-none-eabi/4.8.4/../../../../arm-none-eabi/lib/armv7e-m\libc.a(lib_a-cxa_atexit.o)
                              c:/program files (x86)/gnu tools arm embedded/4.8 2014q3/bin/../lib/gcc/arm-none-eabi/4.8.4/../../../../arm-none-eabi/lib/armv7e-m\libc.a(lib_a-aeabi_atexit.o) (__cxa_atexit)
c:/program files (x86)/gnu tools arm embedded/4.8 2014q3/bin/../lib/gcc/arm-none-eabi/4.8.4/../../../../arm-none-eabi/lib/armv7e-m\libc.a(lib_a-exit.o)
                              c:/program files (x86)/gnu tools arm embedded/4.8 2014q3/bin/../lib/gcc/arm-none-eabi/4.8.4/../../../../arm-none-eabi/lib/armv7e-m/crt0.o (exit)
c:/program files (x86)/gnu tools arm embedded/4.8 2014q3/bin/../lib/gcc/arm-none-eabi/4.8.4/../../../../arm-none-eabi/lib/armv7e-m\libc.a(lib_a-impure.o)
                              c:/program files (x86)/gnu tools arm embedded/4.8 2014q3/bin/../lib/gcc/arm-none-eabi/4.8.4/../../../../arm-none-eabi/lib/armv7e-m\libc.a(lib_a-exit.o) (_global_impure_ptr)
c:/program files (x86)/gnu tools arm embedded/4.8 2014q3/bin/../lib/gcc/arm-none-eabi/4.8.4/../../../../arm-none-eabi/lib/armv7e-m\libc.a(lib_a-init.o)
                              c:/program files (x86)/gnu tools arm embedded/4.8 2014q3/bin/../lib/gcc/arm-none-eabi/4.8.4/../../../../arm-none-eabi/lib/armv7e-m/crt0.o (__libc_init_array)
c:/program files (x86)/gnu tools arm embedded/4.8 2014q3/bin/../lib/gcc/arm-none-eabi/4.8.4/../../../../arm-none-eabi/lib/armv7e-m\libc.a(lib_a-malloc.o)
                              ..\obj\terminal.o (malloc)
c:/program files (x86)/gnu tools arm embedded/4.8 2014q3/bin/../lib/gcc/arm-none-eabi/4.8.4/../../../../arm-none-eabi/lib/armv7e-m\libc.a(lib_a-mallocr.o)
                              c:/program files (x86)/gnu tools arm embedded/4.8 2014q3/bin/../lib/gcc/arm-none-eabi/4.8.4/../../../../arm-none-eabi/lib/armv7e-m\libc.a(lib_a-malloc.o) (_malloc_r)
c:/program files (x86)/gnu tools arm embedded/4.8 2014q3/bin/../lib/gcc/arm-none-eabi/4.8.4/../../../../arm-none-eabi/lib/armv7e-m\libc.a(lib_a-memcpy.o)
                              ..\obj\xbee.o (memcpy)
[...]
Memory Configuration

Name             Origin             Length             Attributes
FLASH            0x08000000         0x00100000         xr
RAM              0x20000000         0x00020000         xrw
RAM1             0x10000000         0x00010000         xrw
*default*        0x00000000         0xffffffff

Linker script and memory map

LOAD c:/program files (x86)/gnu tools arm embedded/4.8 2014q3/bin/../lib/gcc/arm-none-eabi/4.8.4/armv7e-m/crti.o
LOAD c:/program files (x86)/gnu tools arm embedded/4.8 2014q3/bin/../lib/gcc/arm-none-eabi/4.8.4/armv7e-m/crtbegin.o
LOAD c:/program files (x86)/gnu tools arm embedded/4.8 2014q3/bin/../lib/gcc/arm-none-eabi/4.8.4/../../../../arm-none-eabi/lib/armv7e-m/crt0.o

.text           0x08000000     0x9e78
 *(.isr_vector)
 .isr_vector    0x08000000      0x188 ..\obj\startup_stm32f4xx.o
                0x08000000                g_pfnVectors
 *(.text*)
 .text          0x08000188       0x54 c:/program files (x86)/gnu tools arm embedded/4.8 2014q3/bin/../lib/gcc/arm-none-eabi/4.8.4/armv7e-m/crtbegin.o
 .text          0x080001dc       0x74 c:/program files (x86)/gnu tools arm embedded/4.8 2014q3/bin/../lib/gcc/arm-none-eabi/4.8.4/../../../../arm-none-eabi/lib/armv7e-m/crt0.o
                0x080001dc                _start
                0x080001dc                _mainCRTStartup
 .text._ZN18TemperaturSensorenC2Ev
                0x08000250       0x9c ..\obj\temp_sensors.o
                0x08000250                TemperaturSensoren::TemperaturSensoren()
                0x08000250                TemperaturSensoren::TemperaturSensoren()
 .text._ZN18TemperaturSensoren30startTempMeasurementAllSensorsEv
                0x080002ec       0x5c ..\obj\temp_sensors.o
                0x080002ec                TemperaturSensoren::startTempMeasurementAllSensors()
 .text._ZN18TemperaturSensoren25getAnzahlGefunderSensorenEv
                0x08000348       0x18 ..\obj\temp_sensors.o
                0x08000348                TemperaturSensoren::getAnzahlGefunderSensoren()
 .text._ZN18TemperaturSensoren16getAlleTempWerteEPf
                0x08000360       0x40 ..\obj\temp_sensors.o
                0x08000360                TemperaturSensoren::getAlleTempWerte(float*)
 .text.TM_DS18B20_StartAll
                0x080003a0       0x18 ..\obj\tm_stm32f4_ds18b20.o
                0x080003a0                TM_DS18B20_StartAll
 .text.TM_DS18B20_Read
                0x080003b8      0x19c ..\obj\tm_stm32f4_ds18b20.o
                0x080003b8                TM_DS18B20_Read
 .text.TM_DS18B20_GetResolution
                0x08000554       0x58 ..\obj\tm_stm32f4_ds18b20.o
                0x08000554                TM_DS18B20_GetResolution
 .text.TM_DS18B20_SetResolution
                0x080005ac       0xec ..\obj\tm_stm32f4_ds18b20.o
                0x080005ac                TM_DS18B20_SetResolution
 .text.TM_DS18B20_Is
                0x08000698       0x30 ..\obj\tm_stm32f4_ds18b20.o
                0x08000698                TM_DS18B20_Is
 .text.TM_DS18B20_AllDone
                0x080006c8       0x10 ..\obj\tm_stm32f4_ds18b20.o
                0x080006c8                TM_DS18B20_AllDone
 .text.Audio_MAL_IRQHandler
                0x080006d8       0xf8 ..\obj\stm32f4_discovery_audio_codec.o
 .text.DMA1_Stream7_IRQHandler
                0x080007d0        0xc ..\obj\stm32f4_discovery_audio_codec.o
                0x080007d0                DMA1_Stream7_IRQHandler
 .text.DMA1_Stream0_IRQHandler
                0x080007dc        0xc ..\obj\stm32f4_discovery_audio_codec.o
                0x080007dc                DMA1_Stream0_IRQHandler
 .text.SPI3_IRQHandler
                0x080007e8       0x40 ..\obj\stm32f4_discovery_audio_codec.o
                0x080007e8                SPI3_IRQHandler
 .text.USART_Init
                0x08000828      0x174 ..\obj\stm32f4xx_usart.o
                0x08000828                USART_Init
 .text.USART_Cmd
                0x0800099c       0x40 ..\obj\stm32f4xx_usart.o
                0x0800099c                USART_Cmd
 .text.USART_SendData
                0x080009dc       0x24 ..\obj\stm32f4xx_usart.o
                0x080009dc                USART_SendData
 .text.USART_ReceiveData
                0x08000a00       0x20 ..\obj\stm32f4xx_usart.o
                0x08000a00                USART_ReceiveData
 .text.USART_DMACmd
                0x08000a20       0x48 ..\obj\stm32f4xx_usart.o
                0x08000a20                USART_DMACmd
 .text.USART_ITConfig
                0x08000a68       0x90 ..\obj\stm32f4xx_usart.o
                0x08000a68                USART_ITConfig
 .text.USART_GetFlagStatus
                0x08000af8       0x38 ..\obj\stm32f4xx_usart.o
                0x08000af8                USART_GetFlagStatus
 .text.USART_ClearFlag
                0x08000b30       0x20 ..\obj\stm32f4xx_usart.o
                0x08000b30                USART_ClearFlag
 .text.USART_GetITStatus
                0x08000b50       0xb0 ..\obj\stm32f4xx_usart.o
                0x08000b50                USART_GetITStatus
 .text._ZN17QuadratureEncoderC2Ev
                0x08000c00       0xa0 ..\obj\quadrature_encoder.o
                0x08000c00                QuadratureEncoder::QuadratureEncoder()
                0x08000c00                QuadratureEncoder::QuadratureEncoder()
 .text._ZN17QuadratureEncoder5resetEv
                0x08000ca0       0x24 ..\obj\quadrature_encoder.o
                0x08000ca0                QuadratureEncoder::reset()
 .text._ZN3LedC2Ev
                0x08000cc4       0x18 ..\obj\led.o
                0x08000cc4                Led::Led()
                0x08000cc4                Led::Led()
 .text._ZN3LedD2Ev
                0x08000cdc       0x18 ..\obj\led.o
                0x08000cdc                Led::~Led()
                0x08000cdc                Led::~Led()
 .text._ZN3Led2OnEv
                0x08000cf4       0x14 ..\obj\led.o
                0x08000cf4                Led::On()
 .text._ZN3Led3OffEv
                0x08000d08       0x14 ..\obj\led.o
                0x08000d08                Led::Off()
 .text.DAC_SetChannel1Data
                0x08000d1c       0x34 ..\obj\stm32f4xx_dac.o
                0x08000d1c                DAC_SetChannel1Data
 .text.EXTI9_5_IRQHandler
                0x08000d50       0xb8 ..\obj\rotary.o
                0x08000d50                EXTI9_5_IRQHandler
 .text._ZN7StepperC2Ev
                0x08000e08       0x20 ..\obj\stepper.o
                0x08000e08                Stepper::Stepper()
                0x08000e08                Stepper::Stepper()
 .text._ZN7Stepper4InitEv
                0x08000e28       0x74 ..\obj\stepper.o
                0x08000e28                Stepper::Init()
 .text._ZN7Stepper8LeerlaufEv
                0x08000e9c       0x30 ..\obj\stepper.o
                0x08000e9c                Stepper::Leerlauf()
 .text._ZN7Stepper7RunStepEv
                0x08000ecc       0xb8 ..\obj\stepper.o
                0x08000ecc                Stepper::RunStep()
 .text._ZN7Stepper15EnableSingeltonEv
                0x08000f84       0x1c ..\obj\stepper.o
                0x08000f84                Stepper::EnableSingelton()
 .text.TIM2_IRQHandler
                0x08000fa0       0x6c ..\obj\stepper.o
                0x08000fa0                TIM2_IRQHandler
 .text.Default_Reset_Handler
                0x0800100c       0x5c ..\obj\startup_stm32f4xx.o
                0x0800100c                Default_Reset_Handler
                0x0800100c                Reset_Handler
 .text.Default_Handler
                0x08001068        0x8 ..\obj\startup_stm32f4xx.o
                0x08001068                RTC_Alarm_IRQHandler
                0x08001068                HASH_RNG_IRQHandler
                0x08001068                EXTI2_IRQHandler
                0x08001068                TIM8_CC_IRQHandler
                0x08001068                DebugMon_Handler
                0x08001068                TIM1_CC_IRQHandler
                0x08001068                DMA2_Stream5_IRQHandler
                0x08001068                HardFault_Handler
                0x08001068                PVD_IRQHandler
                0x08001068                SDIO_IRQHandler
                0x08001068                TAMP_STAMP_IRQHandler
                0x08001068                PendSV_Handler
                0x08001068                NMI_Handler
                0x08001068                CAN2_RX1_IRQHandler
                0x08001068                EXTI3_IRQHandler
                0x08001068                TIM8_TRG_COM_TIM14_IRQHandler
                0x08001068                TIM1_UP_TIM10_IRQHandler
                0x08001068                TIM8_UP_TIM13_IRQHandler
                0x08001068                I2C3_ER_IRQHandler
                0x08001068                EXTI0_IRQHandler
                0x08001068                I2C2_EV_IRQHandler
                0x08001068                DMA1_Stream2_IRQHandler
                0x08001068                CAN1_RX0_IRQHandler
                0x08001068                FPU_IRQHandler
                0x08001068                OTG_HS_WKUP_IRQHandler
                0x08001068                UsageFault_Handler
                0x08001068                CAN2_SCE_IRQHandler
                0x08001068                DMA2_Stream2_IRQHandler
                0x08001068                SPI1_IRQHandler
                0x08001068                TIM6_DAC_IRQHandler
                0x08001068                TIM1_BRK_TIM9_IRQHandler
                0x08001068                DCMI_IRQHandler
                0x08001068                CAN2_RX0_IRQHandler
                0x08001068                DMA2_Stream3_IRQHandler
                0x08001068                USART6_IRQHandler
                0x08001068                CRYP_IRQHandler
                0x08001068                CAN1_RX1_IRQHandler
                0x08001068                UART5_IRQHandler
                0x08001068                DMA2_Stream0_IRQHandler
                0x08001068                TIM4_IRQHandler
                0x08001068                I2C1_EV_IRQHandler
                0x08001068                DMA1_Stream6_IRQHandler
                0x08001068                DMA1_Stream1_IRQHandler
                0x08001068                UART4_IRQHandler
                0x08001068                TIM3_IRQHandler
                0x08001068                RCC_IRQHandler
                0x08001068                TIM8_BRK_TIM12_IRQHandler
                0x08001068                EXTI15_10_IRQHandler
                0x08001068                ADC_IRQHandler
                0x08001068                TIM7_IRQHandler
                0x08001068                CAN2_TX_IRQHandler
                0x08001068                TIM5_IRQHandler
                0x08001068                DMA2_Stream7_IRQHandler
                0x08001068                I2C3_EV_IRQHandler
                0x08001068                RTC_WKUP_IRQHandler
                0x08001068                ETH_WKUP_IRQHandler
                0x08001068                SPI2_IRQHandler
                0x08001068                OTG_HS_EP1_IN_IRQHandler
                0x08001068                MemManage_Handler
                0x08001068                CAN1_TX_IRQHandler
                0x08001068                SVC_Handler
                0x08001068                EXTI4_IRQHandler
                0x08001068                FSMC_IRQHandler
                0x08001068                ETH_IRQHandler
                0x08001068                OTG_HS_EP1_OUT_IRQHandler
                0x08001068                WWDG_IRQHandler
                0x08001068                OTG_FS_WKUP_IRQHandler
                0x08001068                TIM1_TRG_COM_TIM11_IRQHandler
                0x08001068                OTG_HS_IRQHandler
                0x08001068                EXTI1_IRQHandler
                0x08001068                I2C2_ER_IRQHandler
                0x08001068                DMA2_Stream1_IRQHandler
                0x08001068                CAN1_SCE_IRQHandler
                0x08001068                FLASH_IRQHandler
                0x08001068                DMA2_Stream4_IRQHandler
                0x08001068                BusFault_Handler
                0x08001068                USART1_IRQHandler
                0x08001068                OTG_FS_IRQHandler
                0x08001068                DMA1_Stream4_IRQHandler
                0x08001068                I2C1_ER_IRQHandler
                0x08001068                DMA2_Stream6_IRQHandler
 .text.STM_EVAL_LEDInit
                0x08001070       0x5c ..\obj\stm32f4_discovery.o
                0x08001070                STM_EVAL_LEDInit
 .text.STM_EVAL_LEDOn
                0x080010cc       0x30 ..\obj\stm32f4_discovery.o
                0x080010cc                STM_EVAL_LEDOn
 .text.STM_EVAL_LEDOff
                0x080010fc       0x30 ..\obj\stm32f4_discovery.o
                0x080010fc                STM_EVAL_LEDOff
 .text.main     0x0800112c      0x204 ..\obj\main.o
                0x0800112c                main
 .text._Z41__static_initialization_and_destruction_0ii
                0x08001330       0x3c ..\obj\main.o
 .text._GLOBAL__sub_I_OutputString
                0x0800136c       0x10 ..\obj\main.o
 .text.RCC_GetClocksFreq
                0x0800137c      0x154 ..\obj\stm32f4xx_rcc.o
                0x0800137c                RCC_GetClocksFreq
 .text.RCC_AHB1PeriphClockCmd
                0x080014d0       0x3c ..\obj\stm32f4xx_rcc.o
                0x080014d0                RCC_AHB1PeriphClockCmd
 .text.RCC_APB1PeriphClockCmd
                0x0800150c       0x3c ..\obj\stm32f4xx_rcc.o
                0x0800150c                RCC_APB1PeriphClockCmd
 .text.RCC_APB2PeriphClockCmd
                0x08001548       0x3c ..\obj\stm32f4xx_rcc.o
                0x08001548                RCC_APB2PeriphClockCmd
 .text.RCC_APB2PeriphResetCmd
                0x08001584       0x3c ..\obj\stm32f4xx_rcc.o
                0x08001584                RCC_APB2PeriphResetCmd
 .text._ZN7Fassade14DisplayMassageEPc
                0x080015c0       0x38 ..\obj\fassade.o
                0x080015c0                Fassade::DisplayMassage(char*)
 .text._ZN10AmpermeterC2Ev
                0x080015f8       0x18 ..\obj\ampermeter.o
                0x080015f8                Ampermeter::Ampermeter()
                0x080015f8                Ampermeter::Ampermeter()
 .text.ADC_DeInit
                0x08001610       0x1c ..\obj\stm32f4xx_adc.o
                0x08001610                ADC_DeInit
 .text.ADC_Init
                0x0800162c       0xa8 ..\obj\stm32f4xx_adc.o
                0x0800162c                ADC_Init
 .text.ADC_CommonInit
                0x080016d4       0x50 ..\obj\stm32f4xx_adc.o
                0x080016d4                ADC_CommonInit
 .text.ADC_Cmd  0x08001724       0x38 ..\obj\stm32f4xx_adc.o
                0x08001724                ADC_Cmd
 .text.ADC_RegularChannelConfig
                0x0800175c      0x188 ..\obj\stm32f4xx_adc.o
                0x0800175c                ADC_RegularChannelConfig
 .text.ADC_SoftwareStartConv
                0x080018e4       0x20 ..\obj\stm32f4xx_adc.o
                0x080018e4                ADC_SoftwareStartConv
 .text.ADC_DMACmd
                0x08001904       0x38 ..\obj\stm32f4xx_adc.o
                0x08001904                ADC_DMACmd
 .text.ADC_DMARequestAfterLastTransferCmd
                0x0800193c       0x38 ..\obj\stm32f4xx_adc.o
                0x0800193c                ADC_DMARequestAfterLastTransferCmd
 .text.NVIC_SetPriority
                0x08001974       0x54 ..\obj\stm32_ub_systick.o
 .text.SysTick_Config
                0x080019c8       0x44 ..\obj\stm32_ub_systick.o
 .text.UB_Systick_Init
                0x08001a0c       0x68 ..\obj\stm32_ub_systick.o
                0x08001a0c                UB_Systick_Init
 .text.UB_Systick_Pause_us
                0x08001a74       0x28 ..\obj\stm32_ub_systick.o
                0x08001a74                UB_Systick_Pause_us
 .text.UB_Systick_Pause_ms
                0x08001a9c       0x2c ..\obj\stm32_ub_systick.o
                0x08001a9c                UB_Systick_Pause_ms
 .text.SysTick_Handler
                0x08001ac8       0x7c ..\obj\stm32_ub_systick.o
                0x08001ac8                SysTick_Handler
 .text._ZN7DisplayC2Ei
                0x08001b44       0x2c ..\obj\display.o
                0x08001b44                Display::Display(int)
                0x08001b44                Display::Display(int)
 .text._ZN7Display4InitEv
                0x08001b70       0xa4 ..\obj\display.o
                0x08001b70                Display::Init()
 .text._ZN7Display11uartPutCharEt
                0x08001c14       0x3c ..\obj\display.o
                0x08001c14                Display::uartPutChar(unsigned short)
 .text._ZN7Display10SendStringEPc
                0x08001c50       0x2c ..\obj\display.o
                0x08001c50                Display::SendString(char*)
 .text._ZN7Display14SpecialCommandEc
                0x08001c7c       0x34 ..\obj\display.o
                0x08001c7c                Display::SpecialCommand(char)
 .text._ZN7Display17SetCursorPositionEc
                0x08001cb0       0x38 ..\obj\display.o
                0x08001cb0                Display::SetCursorPosition(char)
 .text.TM_OneWire_Init
                0x08001ce8       0x40 ..\obj\tm_stm32f4_onewire.o
                0x08001ce8                TM_OneWire_Init
 .text.TM_OneWire_Reset
                0x08001d28       0x5c ..\obj\tm_stm32f4_onewire.o
                0x08001d28                TM_OneWire_Reset
 .text.TM_OneWire_ReadBit
                0x08001d84       0x64 ..\obj\tm_stm32f4_onewire.o
                0x08001d84                TM_OneWire_ReadBit
 .text.TM_OneWire_ReadByte
                0x08001de8       0x3c ..\obj\tm_stm32f4_onewire.o
                0x08001de8                TM_OneWire_ReadByte
 .text.TM_OneWire_WriteBit
                0x08001e24       0x5c ..\obj\tm_stm32f4_onewire.o
                0x08001e24                TM_OneWire_WriteBit
 .text.TM_OneWire_WriteByte
                0x08001e80       0x34 ..\obj\tm_stm32f4_onewire.o
                0x08001e80                TM_OneWire_WriteByte
 .text.TM_OneWire_First
                0x08001eb4       0x14 ..\obj\tm_stm32f4_onewire.o
                0x08001eb4                TM_OneWire_First
 .text.TM_OneWire_Next
                0x08001ec8       0x10 ..\obj\tm_stm32f4_onewire.o
                0x08001ec8                TM_OneWire_Next
 .text.TM_OneWire_ResetSearch
                0x08001ed8       0x2c ..\obj\tm_stm32f4_onewire.o
                0x08001ed8                TM_OneWire_ResetSearch
 .text.TM_OneWire_Search
                0x08001f04      0x180 ..\obj\tm_stm32f4_onewire.o
                0x08001f04                TM_OneWire_Search
 .text.TM_OneWire_SelectWithPointer
                0x08002084       0x34 ..\obj\tm_stm32f4_onewire.o
                0x08002084                TM_OneWire_SelectWithPointer
 .text.TM_OneWire_GetFullROM
                0x080020b8       0x38 ..\obj\tm_stm32f4_onewire.o
                0x080020b8                TM_OneWire_GetFullROM
 .text._ZN8TerminalC2Ei
                0x080020f0       0x74 ..\obj\terminal.o
                0x080020f0                Terminal::Terminal(int)
                0x080020f0                Terminal::Terminal(int)
 .text._ZN8Terminal11buffer_initEv
                0x08002164       0x34 ..\obj\terminal.o
                0x08002164                Terminal::buffer_init()
 .text._ZN8Terminal8BufferInEc
                0x08002198       0x88 ..\obj\terminal.o
                0x08002198                Terminal::BufferIn(char)
 .text._ZN8Terminal13usart3InitDMAEv
                0x08002220       0xc8 ..\obj\terminal.o
                0x08002220                Terminal::usart3InitDMA()
 .text._ZN8Terminal10SendViaDmaEPci
                0x080022e8       0xac ..\obj\terminal.o
                0x080022e8                Terminal::SendViaDma(char*, int)
 .text._ZN8Terminal10usart3InitEv
                0x08002394       0xe0 ..\obj\terminal.o
                0x08002394                Terminal::usart3Init()
 .text._ZN8Terminal11SendMessageEPc
                0x08002474       0x24 ..\obj\terminal.o
                0x08002474                Terminal::SendMessage(char*)
 .text._ZN8Terminal15EnableSingeltonEv
                0x08002498       0x1c ..\obj\terminal.o
                0x08002498                Terminal::EnableSingelton()
 .text.DMA1_Stream3_IRQHandler
                0x080024b4       0x30 ..\obj\terminal.o
                0x080024b4                DMA1_Stream3_IRQHandler
 .text.USART3_IRQHandler
                0x080024e4       0x48 ..\obj\terminal.o
                0x080024e4                USART3_IRQHandler
 .text.GPIO_Init
                0x0800252c      0x11c ..\obj\stm32f4xx_gpio.o
                0x0800252c                GPIO_Init
 .text.GPIO_ReadInputDataBit
                0x08002648       0x34 ..\obj\stm32f4xx_gpio.o
                0x08002648                GPIO_ReadInputDataBit
 .text.GPIO_SetBits
                0x0800267c       0x1c ..\obj\stm32f4xx_gpio.o
                0x0800267c                GPIO_SetBits
 .text.GPIO_ResetBits
                0x08002698       0x1c ..\obj\stm32f4xx_gpio.o
                0x08002698                GPIO_ResetBits
 .text.GPIO_WriteBit
                0x080026b4       0x30 ..\obj\stm32f4xx_gpio.o
                0x080026b4                GPIO_WriteBit
 .text.GPIO_PinAFConfig
                0x080026e4       0x8c ..\obj\stm32f4xx_gpio.o
                0x080026e4                GPIO_PinAFConfig
 .text.SystemInit
                0x08002770       0x58 ..\obj\system_stm32f4xx.o
                0x08002770                SystemInit
 .text.SetSysClock
                0x080027c8       0xf4 ..\obj\system_stm32f4xx.o
 .text.DMA_DeInit
                0x080028bc      0x1a4 ..\obj\stm32f4xx_dma.o
                0x080028bc                DMA_DeInit
 .text.DMA_Init
                0x08002a60       0xac ..\obj\stm32f4xx_dma.o
                0x08002a60                DMA_Init
 .text.DMA_Cmd  0x08002b0c       0x38 ..\obj\stm32f4xx_dma.o
                0x08002b0c                DMA_Cmd
 .text.DMA_GetCmdStatus
                0x08002b44       0x30 ..\obj\stm32f4xx_dma.o
                0x08002b44                DMA_GetCmdStatus
 .text.DMA_GetFlagStatus
                0x08002b74       0x78 ..\obj\stm32f4xx_dma.o
                0x08002b74                DMA_GetFlagStatus
 .text.DMA_ClearFlag
                0x08002bec       0x5c ..\obj\stm32f4xx_dma.o
                0x08002bec                DMA_ClearFlag
 .text.DMA_ITConfig
                0x08002c48       0x74 ..\obj\stm32f4xx_dma.o
                0x08002c48                DMA_ITConfig
 .text.DMA_GetITStatus
                0x08002cbc       0xb0 ..\obj\stm32f4xx_dma.o
                0x08002cbc                DMA_GetITStatus
 .text.DMA_ClearITPendingBit
                0x08002d6c       0x5c ..\obj\stm32f4xx_dma.o
                0x08002d6c                DMA_ClearITPendingBit
 .text._ZN22AnalogDigitalConverterC2Ev
                0x08002dc8      0x154 ..\obj\adc.o
                0x08002dc8                AnalogDigitalConverter::AnalogDigitalConverter()
                0x08002dc8                AnalogDigitalConverter::AnalogDigitalConverter()
 .text.EVAL_AUDIO_TransferComplete_CallBack
                0x08002f1c       0x14 ..\obj\stm32f4_discovery_callbacks.o
                0x08002f1c                EVAL_AUDIO_TransferComplete_CallBack
 .text.EVAL_AUDIO_GetSampleCallBack
                0x08002f30       0x10 ..\obj\stm32f4_discovery_callbacks.o
                0x08002f30                EVAL_AUDIO_GetSampleCallBack
 .text.SPI_I2S_SendData
                0x08002f40       0x1c ..\obj\stm32f4xx_spi.o
                0x08002f40                SPI_I2S_SendData
 .text.SPI_I2S_GetFlagStatus
                0x08002f5c       0x38 ..\obj\stm32f4xx_spi.o
                0x08002f5c                SPI_I2S_GetFlagStatus
 .text.EXTI_GetITStatus
                0x08002f94       0x48 ..\obj\stm32f4xx_exti.o
                0x08002f94                EXTI_GetITStatus
 .text.EXTI_ClearITPendingBit
                0x08002fdc       0x1c ..\obj\stm32f4xx_exti.o
                0x08002fdc                EXTI_ClearITPendingBit
 .text.NVIC_PriorityGroupConfig
                0x08002ff8       0x24 ..\obj\misc.o
                0x08002ff8                NVIC_PriorityGroupConfig
 .text.NVIC_Init
                0x0800301c       0xbc ..\obj\misc.o
                0x0800301c                NVIC_Init
 .text.TIM_SetAutoreload
                0x080030d8       0x1c ..\obj\stm32f4xx_tim.o
                0x080030d8                TIM_SetAutoreload
 .text.TIM_Cmd  0x080030f4       0x40 ..\obj\stm32f4xx_tim.o
                0x080030f4                TIM_Cmd
 .text.TIM_ICInit
                0x08003134       0xa8 ..\obj\stm32f4xx_tim.o
                0x08003134                TIM_ICInit
 .text.TIM_ICStructInit
                0x080031dc       0x30 ..\obj\stm32f4xx_tim.o
                0x080031dc                TIM_ICStructInit
 .text.TIM_SetIC1Prescaler
                0x0800320c       0x38 ..\obj\stm32f4xx_tim.o
                0x0800320c                TIM_SetIC1Prescaler
 .text.TIM_SetIC2Prescaler
                0x08003244       0x3c ..\obj\stm32f4xx_tim.o
                0x08003244                TIM_SetIC2Prescaler
 .text.TIM_SetIC3Prescaler
                0x08003280       0x38 ..\obj\stm32f4xx_tim.o
                0x08003280                TIM_SetIC3Prescaler
 .text.TIM_SetIC4Prescaler
                0x080032b8       0x3c ..\obj\stm32f4xx_tim.o
                0x080032b8                TIM_SetIC4Prescaler
 .text.TIM_ITConfig
                0x080032f4       0x48 ..\obj\stm32f4xx_tim.o
                0x080032f4                TIM_ITConfig
 .text.TIM_GetITStatus
                0x0800333c       0x54 ..\obj\stm32f4xx_tim.o
                0x0800333c                TIM_GetITStatus
 .text.TIM_ClearITPendingBit
                0x08003390       0x20 ..\obj\stm32f4xx_tim.o
                0x08003390                TIM_ClearITPendingBit
 .text.TIM_EncoderInterfaceConfig
                0x080033b0       0x8c ..\obj\stm32f4xx_tim.o
                0x080033b0                TIM_EncoderInterfaceConfig
 .text.TI1_Config
                0x0800343c       0x78 ..\obj\stm32f4xx_tim.o
 .text.TI2_Config
                0x080034b4       0x8c ..\obj\stm32f4xx_tim.o
 .text.TI3_Config
                0x08003540       0x84 ..\obj\stm32f4xx_tim.o
 .text.TI4_Config
                0x080035c4       0x90 ..\obj\stm32f4xx_tim.o
 .text._ZN4XbeeC2Eii
                0x08003654       0x7c ..\obj\xbee.o
                0x08003654                Xbee::Xbee(int, int)
                0x08003654                Xbee::Xbee(int, int)
 .text._ZN4Xbee11buffer_initEv
                0x080036d0       0x34 ..\obj\xbee.o
                0x080036d0                Xbee::buffer_init()
 .text._ZN4Xbee8BufferInEc
                0x08003704       0x88 ..\obj\xbee.o
                0x08003704                Xbee::BufferIn(char)
 .text._ZN4Xbee7InitDMAEv
                0x0800378c       0xc8 ..\obj\xbee.o
                0x0800378c                Xbee::InitDMA()
 .text._ZN4Xbee4InitEv
                0x08003854       0xd0 ..\obj\xbee.o
                0x08003854                Xbee::Init()
 .text._ZN4Xbee7PutCharEt
                0x08003924       0x3c ..\obj\xbee.o
                0x08003924                Xbee::PutChar(unsigned short)
 .text._ZN4Xbee16SendTransmissionEccccPcc
                0x08003960       0xd4 ..\obj\xbee.o
                0x08003960                Xbee::SendTransmission(char, char, char, char, char*, char)
 .text.DMA1_Stream5_IRQHandler
                0x08003a34       0x30 ..\obj\xbee.o
                0x08003a34                DMA1_Stream5_IRQHandler
 .text.USART2_IRQHandler
                0x08003a64       0x48 ..\obj\xbee.o
                0x08003a64                USART2_IRQHandler
 .text          0x08003aac      0x370 c:/program files (x86)/gnu tools arm embedded/4.8 2014q3/bin/../lib/gcc/arm-none-eabi/4.8.4/armv7e-m\libgcc.a(_arm_addsubdf3.o)
                0x08003aac                __aeabi_drsub
                0x08003ab4                __aeabi_dsub
                0x08003ab4                __subdf3
                0x08003ab8                __aeabi_dadd
                0x08003ab8                __adddf3
                0x08003d30                __floatunsidf
                0x08003d30                __aeabi_ui2d
                0x08003d50                __floatsidf
                0x08003d50                __aeabi_i2d
                0x08003d74                __aeabi_f2d
                0x08003d74                __extendsfdf2
                0x08003db0                __floatundidf
                0x08003db0                __aeabi_ul2d
                0x08003dc0                __floatdidf
                0x08003dc0                __aeabi_l2d
 .text          0x08003e1c      0x424 c:/program files (x86)/gnu tools arm embedded/4.8 2014q3/bin/../lib/gcc/arm-none-eabi/4.8.4/armv7e-m\libgcc.a(_arm_muldivdf3.o)
                0x08003e1c                __aeabi_dmul
                0x08003e1c                __muldf3
                0x08004070                __divdf3
                0x08004070                __aeabi_ddiv
 .text          0x08004240       0x50 c:/program files (x86)/gnu tools arm embedded/4.8 2014q3/bin/../lib/gcc/arm-none-eabi/4.8.4/armv7e-m\libgcc.a(_arm_fixdfsi.o)
                0x08004240                __aeabi_d2iz
                0x08004240                __fixdfsi
 .text          0x08004290      0x21c c:/program files (x86)/gnu tools arm embedded/4.8 2014q3/bin/../lib/gcc/arm-none-eabi/4.8.4/armv7e-m\libgcc.a(_arm_addsubsf3.o)
                0x08004290                __aeabi_frsub
                0x08004298                __subsf3
                0x08004298                __aeabi_fsub
                0x0800429c                __aeabi_fadd
                0x0800429c                __addsf3
                0x080043fc                __aeabi_ui2f
                0x080043fc                __floatunsisf
                0x08004404                __aeabi_i2f
                0x08004404                __floatsisf
                0x08004420                __aeabi_ul2f
                0x08004420                __floatundisf
                0x08004430                __aeabi_l2f
                0x08004430                __floatdisf
 .text          0x080044ac      0x2a0 c:/program files (x86)/gnu tools arm embedded/4.8 2014q3/bin/../lib/gcc/arm-none-eabi/4.8.4/armv7e-m\libgcc.a(_arm_muldivsf3.o)
                0x080044ac                __mulsf3
                0x080044ac                __aeabi_fmul
                0x08004614                __aeabi_fdiv
                0x08004614                __divsf3
 .text          0x0800474c      0xa1c c:/program files (x86)/gnu tools arm embedded/4.8 2014q3/bin/../lib/gcc/arm-none-eabi/4.8.4/armv7e-m\libgcc.a(unwind-arm.o)
                0x08004a30                _Unwind_GetCFA
                0x08004a34                __gnu_Unwind_RaiseException
                0x08004a94                __gnu_Unwind_ForcedUnwind
                0x08004aa8                __gnu_Unwind_Resume
                0x08004aec                __gnu_Unwind_Resume_or_Rethrow
                0x08004afc                _Unwind_Complete
                0x08004b00                _Unwind_DeleteException
                0x08004b10                _Unwind_VRS_Get
                0x08004b60                _Unwind_VRS_Set
                0x08004bb0                __gnu_Unwind_Backtrace
                0x08004f04                __aeabi_unwind_cpp_pr0
                0x08004f0c                __aeabi_unwind_cpp_pr1
                0x08004f14                __aeabi_unwind_cpp_pr2
                0x08004f1c                _Unwind_VRS_Pop
 .text          0x08005168      0x1ac c:/program files (x86)/gnu tools arm embedded/4.8 2014q3/bin/../lib/gcc/arm-none-eabi/4.8.4/armv7e-m\libgcc.a(libunwind.o)
                0x08005168                __restore_core_regs
                0x08005168                restore_core_regs
                0x08005180                __gnu_Unwind_Restore_VFP
                0x08005188                __gnu_Unwind_Save_VFP
                0x08005190                __gnu_Unwind_Restore_VFP_D
                0x08005198                __gnu_Unwind_Save_VFP_D
                0x080051a0                __gnu_Unwind_Restore_VFP_D_16_to_31
                0x080051a8                __gnu_Unwind_Save_VFP_D_16_to_31
                0x080051b0                __gnu_Unwind_Restore_WMMXD
                0x080051f4                __gnu_Unwind_Save_WMMXD
                0x08005238                __gnu_Unwind_Restore_WMMXC
                0x0800524c                __gnu_Unwind_Save_WMMXC
                0x08005260                ___Unwind_RaiseException
                0x08005260                _Unwind_RaiseException
                0x08005284                _Unwind_Resume
                0x08005284                ___Unwind_Resume
                0x080052a8                _Unwind_Resume_or_Rethrow
                0x080052a8                ___Unwind_Resume_or_Rethrow
                0x080052cc                _Unwind_ForcedUnwind
                0x080052cc                ___Unwind_ForcedUnwind
                0x080052f0                ___Unwind_Backtrace
                0x080052f0                _Unwind_Backtrace
 .text          0x08005314      0x33c c:/program files (x86)/gnu tools arm embedded/4.8 2014q3/bin/../lib/gcc/arm-none-eabi/4.8.4/armv7e-m\libgcc.a(pr-support.o)
                0x08005368                __gnu_unwind_execute
                0x080055f4                __gnu_unwind_frame
                0x08005620                _Unwind_GetRegionStart
                0x0800562c                _Unwind_GetLanguageSpecificData
                0x08005640                _Unwind_GetDataRelBase
                0x08005648                _Unwind_GetTextRelBase
 .text.abort    0x08005650       0x10 c:/program files (x86)/gnu tools arm embedded/4.8 2014q3/bin/../lib/gcc/arm-none-eabi/4.8.4/../../../../arm-none-eabi/lib/armv7e-m\libc.a(lib_a-abort.o)
                0x08005650                abort
 .text.__aeabi_atexit
                0x08005660        0xc c:/program files (x86)/gnu tools arm embedded/4.8 2014q3/bin/../lib/gcc/arm-none-eabi/4.8.4/../../../../arm-none-eabi/lib/armv7e-m\libc.a(lib_a-aeabi_atexit.o)
                0x08005660                __aeabi_atexit
 .text.__cxa_atexit
                0x0800566c       0x14 c:/program files (x86)/gnu tools arm embedded/4.8 2014q3/bin/../lib/gcc/arm-none-eabi/4.8.4/../../../../arm-none-eabi/lib/armv7e-m\libc.a(lib_a-cxa_atexit.o)
                0x0800566c                __cxa_atexit
 .text.exit     0x08005680       0x20 c:/program files (x86)/gnu tools arm embedded/4.8 2014q3/bin/../lib/gcc/arm-none-eabi/4.8.4/../../../../arm-none-eabi/lib/armv7e-m\libc.a(lib_a-exit.o)
                0x08005680                exit
 .text.__libc_init_array
                0x080056a0       0x50 c:/program files (x86)/gnu tools arm embedded/4.8 2014q3/bin/../lib/gcc/arm-none-eabi/4.8.4/../../../../arm-none-eabi/lib/armv7e-m\libc.a(lib_a-init.o)
                0x080056a0                __libc_init_array
 .text.malloc   0x080056f0       0x10 c:/program files (x86)/gnu tools arm embedded/4.8 2014q3/bin/../lib/gcc/arm-none-eabi/4.8.4/../../../../arm-none-eabi/lib/armv7e-m\libc.a(lib_a-malloc.o)
                0x080056f0                malloc
 .text.free     0x08005700       0x10 c:/program files (x86)/gnu tools arm embedded/4.8 2014q3/bin/../lib/gcc/arm-none-eabi/4.8.4/../../../../arm-none-eabi/lib/armv7e-m\libc.a(lib_a-malloc.o)
                0x08005700                free
 .text._malloc_r
                0x08005710      0x538 c:/program files (x86)/gnu tools arm embedded/4.8 2014q3/bin/../lib/gcc/arm-none-eabi/4.8.4/../../../../arm-none-eabi/lib/armv7e-m\libc.a(lib_a-mallocr.o)
                0x08005710                _malloc_r
 .text          0x08005c48      0x134 c:/program files (x86)/gnu tools arm embedded/4.8 2014q3/bin/../lib/gcc/arm-none-eabi/4.8.4/../../../../arm-none-eabi/lib/armv7e-m\libc.a(lib_a-memcpy.o)
                0x08005c48                memcpy
 .text.memset   0x08005d7c       0x94 c:/program files (x86)/gnu tools arm embedded/4.8 2014q3/bin/../lib/gcc/arm-none-eabi/4.8.4/../../../../arm-none-eabi/lib/armv7e-m\libc.a(lib_a-memset.o)
                0x08005d7c                memset
 .text.__malloc_lock
                0x08005e10        0x4 c:/program files (x86)/gnu tools arm embedded/4.8 2014q3/bin/../lib/gcc/arm-none-eabi/4.8.4/../../../../arm-none-eabi/lib/armv7e-m\libc.a(lib_a-mlock.o)
                0x08005e10                __malloc_lock
 .text.__malloc_unlock
                0x08005e14        0x4 c:/program files (x86)/gnu tools arm embedded/4.8 2014q3/bin/../lib/gcc/arm-none-eabi/4.8.4/../../../../arm-none-eabi/lib/armv7e-m\libc.a(lib_a-mlock.o)
                0x08005e14                __malloc_unlock
 .text._sbrk_r  0x08005e18       0x24 c:/program files (x86)/gnu tools arm embedded/4.8 2014q3/bin/../lib/gcc/arm-none-eabi/4.8.4/../../../../arm-none-eabi/lib/armv7e-m\libc.a(lib_a-sbrkr.o)
                0x08005e18                _sbrk_r
 .text._raise_r
                0x08005e3c       0x58 c:/program files (x86)/gnu tools arm embedded/4.8 2014q3/bin/../lib/gcc/arm-none-eabi/4.8.4/../../../../arm-none-eabi/lib/armv7e-m\libc.a(lib_a-signal.o)
                0x08005e3c                _raise_r
 .text.raise    0x08005e94       0x10 c:/program files (x86)/gnu tools arm embedded/4.8 2014q3/bin/../lib/gcc/arm-none-eabi/4.8.4/../../../../arm-none-eabi/lib/armv7e-m\libc.a(lib_a-signal.o)
                0x08005e94                raise
 .text._kill_r  0x08005ea4       0x28 c:/program files (x86)/gnu tools arm embedded/4.8 2014q3/bin/../lib/gcc/arm-none-eabi/4.8.4/../../../../arm-none-eabi/lib/armv7e-m\libc.a(lib_a-signalr.o)
                0x08005ea4                _kill_r
 .text._getpid_r
                0x08005ecc        0x4 c:/program files (x86)/gnu tools arm embedded/4.8 2014q3/bin/../lib/gcc/arm-none-eabi/4.8.4/../../../../arm-none-eabi/lib/armv7e-m\libc.a(lib_a-signalr.o)
                0x08005ecc                _getpid_r
 .text.sprintf  0x08005ed0       0x4c c:/program files (x86)/gnu tools arm embedded/4.8 2014q3/bin/../lib/gcc/arm-none-eabi/4.8.4/../../../../arm-none-eabi/lib/armv7e-m\libc.a(lib_a-sprintf.o)
                0x08005ed0                sprintf
 .text.strlen   0x08005f1c       0x60 c:/program files (x86)/gnu tools arm embedded/4.8 2014q3/bin/../lib/gcc/arm-none-eabi/4.8.4/../../../../arm-none-eabi/lib/armv7e-m\libc.a(lib_a-strlen.o)
                0x08005f1c                strlen
 .text._svfprintf_r
                0x08005f7c     0x14f8 c:/program files (x86)/gnu tools arm embedded/4.8 2014q3/bin/../lib/gcc/arm-none-eabi/4.8.4/../../../../arm-none-eabi/lib/armv7e-m\libc.a(lib_a-svfprintf.o)
                0x08005f7c                _svfprintf_r
 .text.__register_exitproc
                0x08007474       0xa8 c:/program files (x86)/gnu tools arm embedded/4.8 2014q3/bin/../lib/gcc/arm-none-eabi/4.8.4/../../../../arm-none-eabi/lib/armv7e-m\libc.a(lib_a-__atexit.o)
                0x08007474                __register_exitproc
 .text.startup.register_fini
                0x0800751c       0x14 c:/program files (x86)/gnu tools arm embedded/4.8 2014q3/bin/../lib/gcc/arm-none-eabi/4.8.4/../../../../arm-none-eabi/lib/armv7e-m\libc.a(lib_a-__call_atexit.o)
 .text.__call_exitprocs
                0x08007530       0xf0 c:/program files (x86)/gnu tools arm embedded/4.8 2014q3/bin/../lib/gcc/arm-none-eabi/4.8.4/../../../../arm-none-eabi/lib/armv7e-m\libc.a(lib_a-__call_atexit.o)
                0x08007530                __call_exitprocs
 .text.atexit   0x08007620        0xc c:/program files (x86)/gnu tools arm embedded/4.8 2014q3/bin/../lib/gcc/arm-none-eabi/4.8.4/../../../../arm-none-eabi/lib/armv7e-m\libc.a(lib_a-atexit.o)
                0x08007620                atexit
 .text.quorem   0x0800762c      0x130 c:/program files (x86)/gnu tools arm embedded/4.8 2014q3/bin/../lib/gcc/arm-none-eabi/4.8.4/../../../../arm-none-eabi/lib/armv7e-m\libc.a(lib_a-dtoa.o)
 *fill*         0x0800775c        0x4 
 .text._dtoa_r  0x08007760      0xe38 c:/program files (x86)/gnu tools arm embedded/4.8 2014q3/bin/../lib/gcc/arm-none-eabi/4.8.4/../../../../arm-none-eabi/lib/armv7e-m\libc.a(lib_a-dtoa.o)
                0x08007760                _dtoa_r
 .text.__libc_fini_array
                0x08008598       0x30 c:/program files (x86)/gnu tools arm embedded/4.8 2014q3/bin/../lib/gcc/arm-none-eabi/4.8.4/../../../../arm-none-eabi/lib/armv7e-m\libc.a(lib_a-fini.o)
                0x08008598                __libc_fini_array
 .text._malloc_trim_r
                0x080085c8       0x9c c:/program files (x86)/gnu tools arm embedded/4.8 2014q3/bin/../lib/gcc/arm-none-eabi/4.8.4/../../../../arm-none-eabi/lib/armv7e-m\libc.a(lib_a-freer.o)
                0x080085c8                _malloc_trim_r
 .text._free_r  0x08008664      0x19c c:/program files (x86)/gnu tools arm embedded/4.8 2014q3/bin/../lib/gcc/arm-none-eabi/4.8.4/../../../../arm-none-eabi/lib/armv7e-m\libc.a(lib_a-freer.o)
                0x08008664                _free_r
 .text._localeconv_r
                0x08008800        0x8 c:/program files (x86)/gnu tools arm embedded/4.8 2014q3/bin/../lib/gcc/arm-none-eabi/4.8.4/../../../../arm-none-eabi/lib/armv7e-m\libc.a(lib_a-locale.o)
                0x08008800                _localeconv_r
 .text.memchr   0x08008808       0x90 c:/program files (x86)/gnu tools arm embedded/4.8 2014q3/bin/../lib/gcc/arm-none-eabi/4.8.4/../../../../arm-none-eabi/lib/armv7e-m\libc.a(lib_a-memchr-stub.o)
                0x08008808                memchr
 .text._Balloc  0x08008898       0x4c c:/program files (x86)/gnu tools arm embedded/4.8 2014q3/bin/../lib/gcc/arm-none-eabi/4.8.4/../../../../arm-none-eabi/lib/armv7e-m\libc.a(lib_a-mprec.o)
                0x08008898                _Balloc
 .text._Bfree   0x080088e4       0x14 c:/program files (x86)/gnu tools arm embedded/4.8 2014q3/bin/../lib/gcc/arm-none-eabi/4.8.4/../../../../arm-none-eabi/lib/armv7e-m\libc.a(lib_a-mprec.o)
                0x080088e4                _Bfree
 .text.__multadd
                0x080088f8       0x98 c:/program files (x86)/gnu tools arm embedded/4.8 2014q3/bin/../lib/gcc/arm-none-eabi/4.8.4/../../../../arm-none-eabi/lib/armv7e-m\libc.a(lib_a-mprec.o)
                0x080088f8                __multadd
 .text.__hi0bits
                0x08008990       0x40 c:/program files (x86)/gnu tools arm embedded/4.8 2014q3/bin/../lib/gcc/arm-none-eabi/4.8.4/../../../../arm-none-eabi/lib/armv7e-m\libc.a(lib_a-mprec.o)
                0x08008990                __hi0bits
 .text.__lo0bits
                0x080089d0       0x5c c:/program files (x86)/gnu tools arm embedded/4.8 2014q3/bin/../lib/gcc/arm-none-eabi/4.8.4/../../../../arm-none-eabi/lib/armv7e-m\libc.a(lib_a-mprec.o)
                0x080089d0                __lo0bits
 .text.__i2b    0x08008a2c       0x14 c:/program files (x86)/gnu tools arm embedded/4.8 2014q3/bin/../lib/gcc/arm-none-eabi/4.8.4/../../../../arm-none-eabi/lib/armv7e-m\libc.a(lib_a-mprec.o)
                0x08008a2c                __i2b
 .text.__multiply
                0x08008a40      0x13c c:/program files (x86)/gnu tools arm embedded/4.8 2014q3/bin/../lib/gcc/arm-none-eabi/4.8.4/../../../../arm-none-eabi/lib/armv7e-m\libc.a(lib_a-mprec.o)
                0x08008a40                __multiply
 .text.__pow5mult
                0x08008b7c       0x9c c:/program files (x86)/gnu tools arm embedded/4.8 2014q3/bin/../lib/gcc/arm-none-eabi/4.8.4/../../../../arm-none-eabi/lib/armv7e-m\libc.a(lib_a-mprec.o)
                0x08008b7c                __pow5mult
 .text.__lshift
                0x08008c18       0xbc c:/program files (x86)/gnu tools arm embedded/4.8 2014q3/bin/../lib/gcc/arm-none-eabi/4.8.4/../../../../arm-none-eabi/lib/armv7e-m\libc.a(lib_a-mprec.o)
                0x08008c18                __lshift
 .text.__mcmp   0x08008cd4       0x48 c:/program files (x86)/gnu tools arm embedded/4.8 2014q3/bin/../lib/gcc/arm-none-eabi/4.8.4/../../../../arm-none-eabi/lib/armv7e-m\libc.a(lib_a-mprec.o)
                0x08008cd4                __mcmp
 .text.__mdiff  0x08008d1c       0xd4 c:/program files (x86)/gnu tools arm embedded/4.8 2014q3/bin/../lib/gcc/arm-none-eabi/4.8.4/../../../../arm-none-eabi/lib/armv7e-m\libc.a(lib_a-mprec.o)
                0x08008d1c                __mdiff
 .text.__d2b    0x08008df0       0xbc c:/program files (x86)/gnu tools arm embedded/4.8 2014q3/bin/../lib/gcc/arm-none-eabi/4.8.4/../../../../arm-none-eabi/lib/armv7e-m\libc.a(lib_a-mprec.o)
                0x08008df0                __d2b
 .text.__fpclassifyd
                0x08008eac       0x50 c:/program files (x86)/gnu tools arm embedded/4.8 2014q3/bin/../lib/gcc/arm-none-eabi/4.8.4/../../../../arm-none-eabi/lib/armv7e-m\libc.a(lib_a-s_fpclassify.o)
                0x08008eac                __fpclassifyd
 .text.__ssprint_r
                0x08008efc      0x100 c:/program files (x86)/gnu tools arm embedded/4.8 2014q3/bin/../lib/gcc/arm-none-eabi/4.8.4/../../../../arm-none-eabi/lib/armv7e-m\libc.a(lib_a-svfiprintf.o)
                0x08008efc                __ssprint_r
 .text._calloc_r
                0x08008ffc       0x60 c:/program files (x86)/gnu tools arm embedded/4.8 2014q3/bin/../lib/gcc/arm-none-eabi/4.8.4/../../../../arm-none-eabi/lib/armv7e-m\libc.a(lib_a-callocr.o)
                0x08008ffc                _calloc_r
 .text.memmove  0x0800905c       0xc0 c:/program files (x86)/gnu tools arm embedded/4.8 2014q3/bin/../lib/gcc/arm-none-eabi/4.8.4/../../../../arm-none-eabi/lib/armv7e-m\libc.a(lib_a-memmove.o)
                0x0800905c                memmove
 .text._realloc_r
                0x0800911c      0x3cc c:/program files (x86)/gnu tools arm embedded/4.8 2014q3/bin/../lib/gcc/arm-none-eabi/4.8.4/../../../../arm-none-eabi/lib/armv7e-m\libc.a(lib_a-reallocr.o)
                0x0800911c                _realloc_r
 .text._getpid  0x080094e8       0x10 c:/program files (x86)/gnu tools arm embedded/4.8 2014q3/bin/../lib/gcc/arm-none-eabi/4.8.4/../../../../arm-none-eabi/lib/armv7e-m\libnosys.a(getpid.o)
                0x080094e8                _getpid
 .text._kill    0x080094f8       0x10 c:/program files (x86)/gnu tools arm embedded/4.8 2014q3/bin/../lib/gcc/arm-none-eabi/4.8.4/../../../../arm-none-eabi/lib/armv7e-m\libnosys.a(kill.o)
                0x080094f8                _kill
 .text._sbrk    0x08009508       0x34 c:/program files (x86)/gnu tools arm embedded/4.8 2014q3/bin/../lib/gcc/arm-none-eabi/4.8.4/../../../../arm-none-eabi/lib/armv7e-m\libnosys.a(sbrk.o)
                0x08009508                _sbrk
 .text._exit    0x0800953c        0x4 c:/program files (x86)/gnu tools arm embedded/4.8 2014q3/bin/../lib/gcc/arm-none-eabi/4.8.4/../../../../arm-none-eabi/lib/armv7e-m\libnosys.a(_exit.o)
                0x0800953c                _exit
 .text          0x08009540      0x110 c:/program files (x86)/gnu tools arm embedded/4.8 2014q3/bin/../lib/gcc/arm-none-eabi/4.8.4/armv7e-m\libgcc.a(_arm_cmpdf2.o)
                0x08009540                __gtdf2
                0x08009540                __gedf2
                0x08009548                __ltdf2
                0x08009548                __ledf2
                0x08009550                __nedf2
                0x08009550                __eqdf2
                0x08009550                __cmpdf2
                0x080095cc                __aeabi_cdrcmple
                0x080095dc                __aeabi_cdcmpeq
                0x080095dc                __aeabi_cdcmple
                0x080095ec                __aeabi_dcmpeq
                0x08009600                __aeabi_dcmplt
                0x08009614                __aeabi_dcmple
                0x08009628                __aeabi_dcmpge
                0x0800963c                __aeabi_dcmpgt
 .text          0x08009650       0x2c c:/program files (x86)/gnu tools arm embedded/4.8 2014q3/bin/../lib/gcc/arm-none-eabi/4.8.4/armv7e-m\libgcc.a(_aeabi_uldivmod.o)
                0x08009650                __aeabi_uldivmod
 .text          0x0800967c       0x60 c:/program files (x86)/gnu tools arm embedded/4.8 2014q3/bin/../lib/gcc/arm-none-eabi/4.8.4/armv7e-m\libgcc.a(bpabi.o)
                0x0800967c                __gnu_ldivmod_helper
                0x080096ac                __gnu_uldivmod_helper
 .text          0x080096dc        0x4 c:/program files (x86)/gnu tools arm embedded/4.8 2014q3/bin/../lib/gcc/arm-none-eabi/4.8.4/armv7e-m\libgcc.a(_dvmd_tls.o)
                0x080096dc                __aeabi_idiv0
                0x080096dc                __aeabi_ldiv0
 .text          0x080096e0      0x298 c:/program files (x86)/gnu tools arm embedded/4.8 2014q3/bin/../lib/gcc/arm-none-eabi/4.8.4/armv7e-m\libgcc.a(_divdi3.o)
                0x080096e0                __divdi3
 .text          0x08009978      0x284 c:/program files (x86)/gnu tools arm embedded/4.8 2014q3/bin/../lib/gcc/arm-none-eabi/4.8.4/armv7e-m\libgcc.a(_udivdi3.o)
                0x08009978                __udivdi3
 *(.init)
 .init          0x08009bfc        0x4 c:/program files (x86)/gnu tools arm embedded/4.8 2014q3/bin/../lib/gcc/arm-none-eabi/4.8.4/armv7e-m/crti.o
                0x08009bfc                _init
 .init          0x08009c00        0x8 c:/program files (x86)/gnu tools arm embedded/4.8 2014q3/bin/../lib/gcc/arm-none-eabi/4.8.4/armv7e-m/crtn.o
 *(.fini)
 .fini          0x08009c08        0x4 c:/program files (x86)/gnu tools arm embedded/4.8 2014q3/bin/../lib/gcc/arm-none-eabi/4.8.4/armv7e-m/crti.o
                0x08009c08                _fini
 .fini          0x08009c0c        0x8 c:/program files (x86)/gnu tools arm embedded/4.8 2014q3/bin/../lib/gcc/arm-none-eabi/4.8.4/armv7e-m/crtn.o
 *crtbegin.o(.ctors)
 *crtbegin?.o(.ctors)
 *(EXCLUDE_FILE(*crtend.o *crtend?.o) .ctors)
 *(SORT(.ctors.*))
 *(.ctors)
 *crtbegin.o(.dtors)
 *crtbegin?.o(.dtors)
 *(EXCLUDE_FILE(*crtend.o *crtend?.o) .dtors)
 *(SORT(.dtors.*))
 *(.dtors)
 *(.rodata*)
 .rodata        0x08009c14       0x40 ..\obj\stepper.o
 .rodata        0x08009c54       0x30 ..\obj\stm32f4_discovery.o
                0x08009c54                GPIO_PIN
                0x08009c5c                GPIO_CLK
                0x08009c6c                BUTTON_PIN
                0x08009c70                BUTTON_CLK
                0x08009c74                BUTTON_EXTI_LINE
                0x08009c78                BUTTON_PORT_SOURCE
                0x08009c7c                BUTTON_PIN_SOURCE
                0x08009c80                BUTTON_IRQn
 .rodata        0x08009c84       0x6c ..\obj\main.o
 .rodata.str1.4
                0x08009cf0        0x2 c:/program files (x86)/gnu tools arm embedded/4.8 2014q3/bin/../lib/gcc/arm-none-eabi/4.8.4/../../../../arm-none-eabi/lib/armv7e-m\libc.a(lib_a-impure.o)
                                  0x4 (size before relaxing)
 *fill*         0x08009cf2        0x2 
 .rodata._global_impure_ptr
                0x08009cf4        0x4 c:/program files (x86)/gnu tools arm embedded/4.8 2014q3/bin/../lib/gcc/arm-none-eabi/4.8.4/../../../../arm-none-eabi/lib/armv7e-m\libc.a(lib_a-impure.o)
                0x08009cf4                _global_impure_ptr
 .rodata.zeroes.6763
                0x08009cf8       0x10 c:/program files (x86)/gnu tools arm embedded/4.8 2014q3/bin/../lib/gcc/arm-none-eabi/4.8.4/../../../../arm-none-eabi/lib/armv7e-m\libc.a(lib_a-svfprintf.o)
 .rodata.str1.4
                0x08009d08       0x42 c:/program files (x86)/gnu tools arm embedded/4.8 2014q3/bin/../lib/gcc/arm-none-eabi/4.8.4/../../../../arm-none-eabi/lib/armv7e-m\libc.a(lib_a-svfprintf.o)
                                 0x44 (size before relaxing)
 *fill*         0x08009d4a        0x2 
 .rodata.blanks.6762
                0x08009d4c       0x10 c:/program files (x86)/gnu tools arm embedded/4.8 2014q3/bin/../lib/gcc/arm-none-eabi/4.8.4/../../../../arm-none-eabi/lib/armv7e-m\libc.a(lib_a-svfprintf.o)
 .rodata.str1.4
                0x08009d5c       0x10 c:/program files (x86)/gnu tools arm embedded/4.8 2014q3/bin/../lib/gcc/arm-none-eabi/4.8.4/../../../../arm-none-eabi/lib/armv7e-m\libc.a(lib_a-dtoa.o)
                                 0x14 (size before relaxing)
 .rodata.str1.4
                0x08009d6c        0xc c:/program files (x86)/gnu tools arm embedded/4.8 2014q3/bin/../lib/gcc/arm-none-eabi/4.8.4/../../../../arm-none-eabi/lib/armv7e-m\libc.a(lib_a-locale.o)
                                 0x14 (size before relaxing)
 .rodata.__mprec_tens
                0x08009d78       0xc8 c:/program files (x86)/gnu tools arm embedded/4.8 2014q3/bin/../lib/gcc/arm-none-eabi/4.8.4/../../../../arm-none-eabi/lib/armv7e-m\libc.a(lib_a-mprec.o)
                0x08009d78                __mprec_tens
 .rodata.__mprec_bigtens
                0x08009e40       0x28 c:/program files (x86)/gnu tools arm embedded/4.8 2014q3/bin/../lib/gcc/arm-none-eabi/4.8.4/../../../../arm-none-eabi/lib/armv7e-m\libc.a(lib_a-mprec.o)
                0x08009e40                __mprec_bigtens
 .rodata.p05.5269
                0x08009e68        0xc c:/program files (x86)/gnu tools arm embedded/4.8 2014q3/bin/../lib/gcc/arm-none-eabi/4.8.4/../../../../arm-none-eabi/lib/armv7e-m\libc.a(lib_a-mprec.o)
 *(.eh_frame*)
 .eh_frame      0x08009e74        0x0 c:/program files (x86)/gnu tools arm embedded/4.8 2014q3/bin/../lib/gcc/arm-none-eabi/4.8.4/armv7e-m/crtbegin.o
 .eh_frame      0x08009e74        0x4 c:/program files (x86)/gnu tools arm embedded/4.8 2014q3/bin/../lib/gcc/arm-none-eabi/4.8.4/armv7e-m/crtend.o

.glue_7         0x08009e78        0x0
 .glue_7        0x00000000        0x0 linker stubs

.glue_7t        0x08009e78        0x0
 .glue_7t       0x00000000        0x0 linker stubs

.vfp11_veneer   0x08009e78        0x0
 .vfp11_veneer  0x00000000        0x0 linker stubs

.v4_bx          0x08009e78        0x0
 .v4_bx         0x00000000        0x0 linker stubs

.iplt           0x08009e78        0x0
 .iplt          0x00000000        0x0 c:/program files (x86)/gnu tools arm embedded/4.8 2014q3/bin/../lib/gcc/arm-none-eabi/4.8.4/armv7e-m/crtbegin.o

.ARM.extab      0x08009e78      0x1a4
 *(.ARM.extab* .gnu.linkonce.armextab.*)
 .ARM.extab.text._ZN18TemperaturSensorenC2Ev
                0x08009e78        0xc ..\obj\temp_sensors.o
 .ARM.extab.text._ZN18TemperaturSensoren30startTempMeasurementAllSensorsEv
                0x08009e84        0xc ..\obj\temp_sensors.o
 .ARM.extab.text._ZN17QuadratureEncoderC2Ev
                0x08009e90        0xc ..\obj\quadrature_encoder.o
 .ARM.extab.text._ZN3LedC2Ev
                0x08009e9c        0xc ..\obj\led.o
 .ARM.extab.text._ZN3Led2OnEv
                0x08009ea8        0xc ..\obj\led.o
 .ARM.extab.text._ZN3Led3OffEv
                0x08009eb4        0xc ..\obj\led.o
 .ARM.extab.text.EXTI9_5_IRQHandler
                0x08009ec0        0xc ..\obj\rotary.o
 .ARM.extab.text._ZN7StepperC2Ev
                0x08009ecc        0xc ..\obj\stepper.o
 .ARM.extab.text._ZN7Stepper4InitEv
                0x08009ed8        0xc ..\obj\stepper.o
 .ARM.extab.text._ZN7Stepper8LeerlaufEv
                0x08009ee4        0xc ..\obj\stepper.o
 .ARM.extab.text._ZN7Stepper7RunStepEv
                0x08009ef0        0xc ..\obj\stepper.o
 .ARM.extab.text.main
                0x08009efc        0xc ..\obj\main.o
 .ARM.extab.text._ZN7Fassade14DisplayMassageEPc
                0x08009f08        0xc ..\obj\fassade.o
 .ARM.extab.text._ZN7DisplayC2Ei
                0x08009f14        0xc ..\obj\display.o
 .ARM.extab.text._ZN7Display4InitEv
                0x08009f20        0xc ..\obj\display.o
 .ARM.extab.text._ZN7Display11uartPutCharEt
                0x08009f2c        0xc ..\obj\display.o
 .ARM.extab.text._ZN7Display10SendStringEPc
                0x08009f38        0xc ..\obj\display.o
 .ARM.extab.text._ZN7Display14SpecialCommandEc
                0x08009f44        0xc ..\obj\display.o
 .ARM.extab.text._ZN7Display17SetCursorPositionEc
                0x08009f50        0xc ..\obj\display.o
 .ARM.extab.text._ZN8TerminalC2Ei
                0x08009f5c        0xc ..\obj\terminal.o
 .ARM.extab.text._ZN8Terminal13usart3InitDMAEv
                0x08009f68        0xc ..\obj\terminal.o
 .ARM.extab.text._ZN8Terminal10SendViaDmaEPci
                0x08009f74        0xc ..\obj\terminal.o
 .ARM.extab.text._ZN8Terminal10usart3InitEv
                0x08009f80        0xc ..\obj\terminal.o
 .ARM.extab.text._ZN8Terminal11SendMessageEPc
                0x08009f8c        0xc ..\obj\terminal.o
 .ARM.extab.text.USART3_IRQHandler
                0x08009f98        0xc ..\obj\terminal.o
 .ARM.extab.text._ZN22AnalogDigitalConverterC2Ev
                0x08009fa4        0xc ..\obj\adc.o
 .ARM.extab.text._ZN4XbeeC2Eii
                0x08009fb0        0xc ..\obj\xbee.o
 .ARM.extab.text._ZN4Xbee7InitDMAEv
                0x08009fbc        0xc ..\obj\xbee.o
 .ARM.extab.text._ZN4Xbee4InitEv
                0x08009fc8        0xc ..\obj\xbee.o
 .ARM.extab.text._ZN4Xbee7PutCharEt
                0x08009fd4        0xc ..\obj\xbee.o
 .ARM.extab.text._ZN4Xbee16SendTransmissionEccccPcc
                0x08009fe0        0xc ..\obj\xbee.o
 .ARM.extab.text.USART2_IRQHandler
                0x08009fec        0xc ..\obj\xbee.o
 .ARM.extab     0x08009ff8        0xc c:/program files (x86)/gnu tools arm embedded/4.8 2014q3/bin/../lib/gcc/arm-none-eabi/4.8.4/armv7e-m\libgcc.a(unwind-arm.o)
 .ARM.extab     0x0800a004       0x18 c:/program files (x86)/gnu tools arm embedded/4.8 2014q3/bin/../lib/gcc/arm-none-eabi/4.8.4/armv7e-m\libgcc.a(pr-support.o)
                0x0800a01c                __exidx_start = .

.ARM.exidx      0x0800a01c      0x258
 *(.ARM.exidx* .gnu.linkonce.armexidx.*)
 .ARM.exidx     0x0800a01c        0x8 c:/program files (x86)/gnu tools arm embedded/4.8 2014q3/bin/../lib/gcc/arm-none-eabi/4.8.4/../../../../arm-none-eabi/lib/armv7e-m/crt0.o
 .ARM.exidx.text._ZN18TemperaturSensorenC2Ev
                0x0800a024        0x8 ..\obj\temp_sensors.o
 .ARM.exidx.text._ZN18TemperaturSensoren30startTempMeasurementAllSensorsEv
                0x0800a02c        0x8 ..\obj\temp_sensors.o
 .ARM.exidx.text._ZN18TemperaturSensoren25getAnzahlGefunderSensorenEv
                0x0800a034        0x8 ..\obj\temp_sensors.o
 .ARM.exidx.text._ZN18TemperaturSensoren16getAlleTempWerteEPf
                0x0800a03c        0x0 ..\obj\temp_sensors.o
                                  0x8 (size before relaxing)
 .ARM.exidx.text._ZN17QuadratureEncoderC2Ev
                0x0800a03c        0x8 ..\obj\quadrature_encoder.o
 .ARM.exidx.text._ZN17QuadratureEncoder5resetEv
                0x0800a044        0x8 ..\obj\quadrature_encoder.o
 .ARM.exidx.text._ZN3LedC2Ev
                0x0800a04c        0x8 ..\obj\led.o
 .ARM.exidx.text._ZN3LedD2Ev
                0x0800a054        0x8 ..\obj\led.o
 .ARM.exidx.text._ZN3Led2OnEv
                0x0800a05c        0x8 ..\obj\led.o
 .ARM.exidx.text._ZN3Led3OffEv
                0x0800a064       0x10 ..\obj\led.o
                                  0x8 (size before relaxing)
 .ARM.exidx.text.EXTI9_5_IRQHandler
                0x0800a074        0x8 ..\obj\rotary.o
 .ARM.exidx.text._ZN7StepperC2Ev
                0x0800a07c        0x8 ..\obj\stepper.o
 .ARM.exidx.text._ZN7Stepper4InitEv
                0x0800a084        0x8 ..\obj\stepper.o
 .ARM.exidx.text._ZN7Stepper8LeerlaufEv
                0x0800a08c        0x8 ..\obj\stepper.o
 .ARM.exidx.text._ZN7Stepper7RunStepEv
                0x0800a094        0x8 ..\obj\stepper.o
 .ARM.exidx.text._ZN7Stepper15EnableSingeltonEv
                0x0800a09c        0x8 ..\obj\stepper.o
 .ARM.exidx.text.TIM2_IRQHandler
                0x0800a0a4       0x10 ..\obj\stepper.o
                                  0x8 (size before relaxing)
 .ARM.exidx.text.main
                0x0800a0b4        0x8 ..\obj\main.o
 .ARM.exidx.text._Z41__static_initialization_and_destruction_0ii
                0x0800a0bc        0x8 ..\obj\main.o
 .ARM.exidx.text._GLOBAL__sub_I_OutputString
                0x0800a0c4        0x0 ..\obj\main.o
                                  0x8 (size before relaxing)
 .ARM.exidx.text._ZN7Fassade14DisplayMassageEPc
                0x0800a0c4        0x8 ..\obj\fassade.o
 .ARM.exidx.text._ZN10AmpermeterC2Ev
                0x0800a0cc        0x8 ..\obj\ampermeter.o
 .ARM.exidx.text._ZN7DisplayC2Ei
                0x0800a0d4        0x8 ..\obj\display.o
 .ARM.exidx.text._ZN7Display4InitEv
                0x0800a0dc        0x8 ..\obj\display.o
 .ARM.exidx.text._ZN7Display11uartPutCharEt
                0x0800a0e4        0x8 ..\obj\display.o
 .ARM.exidx.text._ZN7Display10SendStringEPc
                0x0800a0ec        0x8 ..\obj\display.o
 .ARM.exidx.text._ZN7Display14SpecialCommandEc
                0x0800a0f4        0x8 ..\obj\display.o
 .ARM.exidx.text._ZN7Display17SetCursorPositionEc
                0x0800a0fc       0x10 ..\obj\display.o
                                  0x8 (size before relaxing)
 .ARM.exidx.text._ZN8TerminalC2Ei
                0x0800a10c        0x8 ..\obj\terminal.o
 .ARM.exidx.text._ZN8Terminal11buffer_initEv
                0x0800a114        0x8 ..\obj\terminal.o
 .ARM.exidx.text._ZN8Terminal8BufferInEc
                0x0800a11c        0x0 ..\obj\terminal.o
                                  0x8 (size before relaxing)
 .ARM.exidx.text._ZN8Terminal13usart3InitDMAEv
                0x0800a11c        0x8 ..\obj\terminal.o
 .ARM.exidx.text._ZN8Terminal10SendViaDmaEPci
                0x0800a124        0x8 ..\obj\terminal.o
 .ARM.exidx.text._ZN8Terminal10usart3InitEv
                0x0800a12c        0x8 ..\obj\terminal.o
 .ARM.exidx.text._ZN8Terminal11SendMessageEPc
                0x0800a134        0x8 ..\obj\terminal.o
 .ARM.exidx.text._ZN8Terminal15EnableSingeltonEv
                0x0800a13c        0x8 ..\obj\terminal.o
 .ARM.exidx.text.DMA1_Stream3_IRQHandler
                0x0800a144        0x8 ..\obj\terminal.o
 .ARM.exidx.text.USART3_IRQHandler
                0x0800a14c       0x10 ..\obj\terminal.o
                                  0x8 (size before relaxing)
 .ARM.exidx.text._ZN22AnalogDigitalConverterC2Ev
                0x0800a15c       0x10 ..\obj\adc.o
                                  0x8 (size before relaxing)
 .ARM.exidx.text._ZN4XbeeC2Eii
                0x0800a16c        0x8 ..\obj\xbee.o
 .ARM.exidx.text._ZN4Xbee11buffer_initEv
                0x0800a174        0x8 ..\obj\xbee.o
 .ARM.exidx.text._ZN4Xbee8BufferInEc
                0x0800a17c        0x0 ..\obj\xbee.o
                                  0x8 (size before relaxing)
 .ARM.exidx.text._ZN4Xbee7InitDMAEv
                0x0800a17c        0x8 ..\obj\xbee.o
 .ARM.exidx.text._ZN4Xbee4InitEv
                0x0800a184        0x8 ..\obj\xbee.o
 .ARM.exidx.text._ZN4Xbee7PutCharEt
                0x0800a18c        0x8 ..\obj\xbee.o
 .ARM.exidx.text._ZN4Xbee16SendTransmissionEccccPcc
                0x0800a194        0x8 ..\obj\xbee.o
 .ARM.exidx.text.DMA1_Stream5_IRQHandler
                0x0800a19c        0x8 ..\obj\xbee.o
 .ARM.exidx.text.USART2_IRQHandler
                0x0800a1a4       0x10 ..\obj\xbee.o
                                  0x8 (size before relaxing)
 .ARM.exidx     0x0800a1b4       0x88 c:/program files (x86)/gnu tools arm embedded/4.8 2014q3/bin/../lib/gcc/arm-none-eabi/4.8.4/armv7e-m\libgcc.a(unwind-arm.o)
                                 0xd8 (size before relaxing)
 .ARM.exidx     0x0800a23c       0x38 c:/program files (x86)/gnu tools arm embedded/4.8 2014q3/bin/../lib/gcc/arm-none-eabi/4.8.4/armv7e-m\libgcc.a(pr-support.o)
                                 0x48 (size before relaxing)
 .ARM.exidx     0x0800a274        0x0 c:/program files (x86)/gnu tools arm embedded/4.8 2014q3/bin/../lib/gcc/arm-none-eabi/4.8.4/armv7e-m\libgcc.a(_divdi3.o)
                                  0x8 (size before relaxing)
 .ARM.exidx     0x0800a274        0x0 c:/program files (x86)/gnu tools arm embedded/4.8 2014q3/bin/../lib/gcc/arm-none-eabi/4.8.4/armv7e-m\libgcc.a(_udivdi3.o)
                                  0x8 (size before relaxing)
                0x0800a274                __exidx_end = .
                0x0800a274                __etext = .
                0x0800a274                _sidata = __etext

.rel.dyn        0x0800a274        0x0
 .rel.iplt      0x00000000        0x0 c:/program files (x86)/gnu tools arm embedded/4.8 2014q3/bin/../lib/gcc/arm-none-eabi/4.8.4/armv7e-m/crtbegin.o

.data           0x20000000      0x8e8 load address 0x0800a274
                0x20000000                __data_start__ = .
                0x20000000                _sdata = __data_start__
 *(vtable)
 *(.data*)
 .data          0x20000000        0x4 c:/program files (x86)/gnu tools arm embedded/4.8 2014q3/bin/../lib/gcc/arm-none-eabi/4.8.4/armv7e-m/crtbegin.o
                0x20000000                __dso_handle
 .data          0x20000004       0x34 ..\obj\stm32f4_discovery_audio_codec.o
                0x20000004                AudioTotalSize
                0x20000008                AudioRemSize
                0x2000000c                CODECTimeout
                0x20000010                CurrAudioInterface
                0x20000014                AUDIO_MAL_DMA_CLOCK
                0x20000018                AUDIO_MAL_DMA_STREAM
                0x2000001c                AUDIO_MAL_DMA_DREG
                0x20000020                AUDIO_MAL_DMA_IRQ
                0x20000024                AUDIO_MAL_DMA_FLAG_TC
                0x20000028                AUDIO_MAL_DMA_FLAG_HT
                0x2000002c                AUDIO_MAL_DMA_FLAG_FE
                0x20000030                AUDIO_MAL_DMA_FLAG_TE
                0x20000034                AUDIO_MAL_DMA_FLAG_DME
 .data          0x20000038       0x14 ..\obj\stm32f4_discovery.o
                0x20000038                GPIO_PORT
                0x20000048                BUTTON_PORT
 .data          0x2000004c       0x10 ..\obj\stm32f4xx_rcc.o
 *fill*         0x2000005c        0x4 
 .data.impure_data
                0x20000060      0x428 c:/program files (x86)/gnu tools arm embedded/4.8 2014q3/bin/../lib/gcc/arm-none-eabi/4.8.4/../../../../arm-none-eabi/lib/armv7e-m\libc.a(lib_a-impure.o)
 .data._impure_ptr
                0x20000488        0x4 c:/program files (x86)/gnu tools arm embedded/4.8 2014q3/bin/../lib/gcc/arm-none-eabi/4.8.4/../../../../arm-none-eabi/lib/armv7e-m\libc.a(lib_a-impure.o)
                0x20000488                _impure_ptr
 .data.__malloc_av_
                0x2000048c      0x408 c:/program files (x86)/gnu tools arm embedded/4.8 2014q3/bin/../lib/gcc/arm-none-eabi/4.8.4/../../../../arm-none-eabi/lib/armv7e-m\libc.a(lib_a-mallocr.o)
                0x2000048c                __malloc_av_
 .data.__malloc_trim_threshold
                0x20000894        0x4 c:/program files (x86)/gnu tools arm embedded/4.8 2014q3/bin/../lib/gcc/arm-none-eabi/4.8.4/../../../../arm-none-eabi/lib/armv7e-m\libc.a(lib_a-mallocr.o)
                0x20000894                __malloc_trim_threshold
 .data.__malloc_sbrk_base
                0x20000898        0x4 c:/program files (x86)/gnu tools arm embedded/4.8 2014q3/bin/../lib/gcc/arm-none-eabi/4.8.4/../../../../arm-none-eabi/lib/armv7e-m\libc.a(lib_a-mallocr.o)
                0x20000898                __malloc_sbrk_base
 .data.lconv    0x2000089c       0x38 c:/program files (x86)/gnu tools arm embedded/4.8 2014q3/bin/../lib/gcc/arm-none-eabi/4.8.4/../../../../arm-none-eabi/lib/armv7e-m\libc.a(lib_a-locale.o)
                0x200008d4                . = ALIGN (0x4)
                0x200008d4                PROVIDE (__preinit_array_start, .)
 *(.preinit_array)
                0x200008d4                PROVIDE (__preinit_array_end, .)
                0x200008d4                . = ALIGN (0x4)
                0x200008d4                PROVIDE (__init_array_start, .)
 *(SORT(.init_array.*))
 .init_array.00000
                0x200008d4        0x4 c:/program files (x86)/gnu tools arm embedded/4.8 2014q3/bin/../lib/gcc/arm-none-eabi/4.8.4/../../../../arm-none-eabi/lib/armv7e-m\libc.a(lib_a-__call_atexit.o)
 *(.init_array)
 .init_array    0x200008d8        0x4 c:/program files (x86)/gnu tools arm embedded/4.8 2014q3/bin/../lib/gcc/arm-none-eabi/4.8.4/armv7e-m/crtbegin.o
 .init_array    0x200008dc        0x4 ..\obj\main.o
                0x200008e0                PROVIDE (__init_array_end, .)
                0x200008e0                . = ALIGN (0x4)
                0x200008e0                PROVIDE (__fini_array_start, .)
 *(SORT(.fini_array.*))
 *(.fini_array)
 .fini_array    0x200008e0        0x4 c:/program files (x86)/gnu tools arm embedded/4.8 2014q3/bin/../lib/gcc/arm-none-eabi/4.8.4/armv7e-m/crtbegin.o
                0x200008e4                PROVIDE (__fini_array_end, .)
 *(.jcr*)
 .jcr           0x200008e4        0x0 c:/program files (x86)/gnu tools arm embedded/4.8 2014q3/bin/../lib/gcc/arm-none-eabi/4.8.4/armv7e-m/crtbegin.o
 .jcr           0x200008e4        0x4 c:/program files (x86)/gnu tools arm embedded/4.8 2014q3/bin/../lib/gcc/arm-none-eabi/4.8.4/armv7e-m/crtend.o
                0x200008e8                . = ALIGN (0x4)
                0x200008e8                __data_end__ = .
                0x200008e8                _edata = __data_end__

.igot.plt       0x200008e8        0x0 load address 0x0800ab5c
 .igot.plt      0x00000000        0x0 c:/program files (x86)/gnu tools arm embedded/4.8 2014q3/bin/../lib/gcc/arm-none-eabi/4.8.4/armv7e-m/crtbegin.o

.bss            0x200008e8      0x23c load address 0x0800ab5c
                0x200008e8                . = ALIGN (0x4)
                0x200008e8                __bss_start__ = .
                0x200008e8                _sbss = __bss_start__
 *(.bss*)
 .bss           0x200008e8       0x1c c:/program files (x86)/gnu tools arm embedded/4.8 2014q3/bin/../lib/gcc/arm-none-eabi/4.8.4/armv7e-m/crtbegin.o
 .bss           0x20000904        0x4 ..\obj\temp_sensors.o
                0x20000904                TemperaturSensorenInstance
 .bss           0x20000908        0x4 ..\obj\rotary.o
                0x20000908                RotaryInstance
 .bss           0x2000090c        0x4 ..\obj\stepper.o
                0x2000090c                StepperInstance
 .bss           0x20000910       0x8c ..\obj\main.o
                0x20000910                OutputString
                0x20000914                buff
                0x20000998                led
 .bss           0x2000099c       0x88 ..\obj\fassade.o
                0x2000099c                buffer
                0x20000a20                FassadeInstance
 .bss           0x20000a24       0x1c ..\obj\stm32_ub_systick.o
 .bss           0x20000a40        0x4 ..\obj\display.o
                0x20000a40                DisplayInstance
 .bss           0x20000a44        0x4 ..\obj\terminal.o
                0x20000a44                TerminalInstance
 .bss           0x20000a48        0x8 ..\obj\adc.o
                0x20000a48                ADC_BUFF
                0x20000a4c                AnalogDigitalConverterInstance
 .bss           0x20000a50        0x4 ..\obj\xbee.o
                0x20000a50                XbeeInstance
 .bss.__malloc_max_total_mem
                0x20000a54        0x4 c:/program files (x86)/gnu tools arm embedded/4.8 2014q3/bin/../lib/gcc/arm-none-eabi/4.8.4/../../../../arm-none-eabi/lib/armv7e-m\libc.a(lib_a-mallocr.o)
                0x20000a54                __malloc_max_total_mem
 .bss.__malloc_max_sbrked_mem
                0x20000a58        0x4 c:/program files (x86)/gnu tools arm embedded/4.8 2014q3/bin/../lib/gcc/arm-none-eabi/4.8.4/../../../../arm-none-eabi/lib/armv7e-m\libc.a(lib_a-mallocr.o)
                0x20000a58                __malloc_max_sbrked_mem
 .bss.__malloc_top_pad
                0x20000a5c        0x4 c:/program files (x86)/gnu tools arm embedded/4.8 2014q3/bin/../lib/gcc/arm-none-eabi/4.8.4/../../../../arm-none-eabi/lib/armv7e-m\libc.a(lib_a-mallocr.o)
                0x20000a5c                __malloc_top_pad
 .bss.__malloc_current_mallinfo
                0x20000a60       0x28 c:/program files (x86)/gnu tools arm embedded/4.8 2014q3/bin/../lib/gcc/arm-none-eabi/4.8.4/../../../../arm-none-eabi/lib/armv7e-m\libc.a(lib_a-mallocr.o)
                0x20000a60                __malloc_current_mallinfo
 .bss.heap_end.4246
                0x20000a88        0x4 c:/program files (x86)/gnu tools arm embedded/4.8 2014q3/bin/../lib/gcc/arm-none-eabi/4.8.4/../../../../arm-none-eabi/lib/armv7e-m\libnosys.a(sbrk.o)
 *(COMMON)
 COMMON         0x20000a8c       0x7c ..\obj\stm32f4_discovery_audio_codec.o
                0x20000a8c                CurrentPos
                0x20000a90                AUDIO_MAL_DMA_InitStructure
                0x20000acc                DMA_InitStructure
 COMMON         0x20000b08       0x16 ..\obj\tm_stm32f4_onewire.o
                0x20000b08                TM_OneWire_GPIO_InitDef
                0x20000b10                TM_OneWire_LastDeviceFlag
                0x20000b14                TM_OneWire_ROM_NO
                0x20000b1c                TM_OneWire_LastFamilyDiscrepancy
                0x20000b1d                TM_OneWire_LastDiscrepancy
 *fill*         0x20000b1e        0x2 
 COMMON         0x20000b20        0x4 c:/program files (x86)/gnu tools arm embedded/4.8 2014q3/bin/../lib/gcc/arm-none-eabi/4.8.4/../../../../arm-none-eabi/lib/armv7e-m\libc.a(lib_a-reent.o)
                0x20000b20                errno
                0x20000b24                . = ALIGN (0x4)
                0x20000b24                __bss_end__ = .
                0x20000b24                _ebss = __bss_end__

.heap           0x20000b24        0x0
                0x20000b24                __end__ = .
                0x20000b24                _end = __end__
                0x20000b24                end = __end__
 *(.heap*)
                0x20000b24                __HeapLimit = .

.co_stack       0x20000b24      0x804 load address 0x0800ad98
                0x20000b28                . = ALIGN (0x8)
 *fill*         0x20000b24        0x4 
 *(.co_stack .co_stack.*)
 .co_stack      0x20000b28      0x800 ..\obj\startup_stm32f4xx.o
                0x20000b28                pulStack
                0x20020000                __StackTop = (ORIGIN (RAM) + 0x20000)
                0x2001f7fc                __StackLimit = (__StackTop - SIZEOF (.co_stack))
                0x20020000                PROVIDE (__stack, __StackTop)
                0x00000001                ASSERT ((__StackLimit >= __HeapLimit), region RAM overflowed with stack)
LOAD ..\obj\stm32f4xx_syscfg.o
LOAD ..\obj\temp_sensors.o
LOAD ..\obj\tm_stm32f4_ds18b20.o
LOAD ..\obj\stm32f4_discovery_audio_codec.o
LOAD ..\obj\stm32f4xx_usart.o
LOAD ..\obj\stm32f4xx_pwr.o
LOAD ..\obj\rtc.o
LOAD ..\obj\quadrature_encoder.o
LOAD ..\obj\led.o
LOAD ..\obj\stm32f4xx_dac.o
LOAD ..\obj\rotary.o
LOAD ..\obj\stepper.o
LOAD ..\obj\startup_stm32f4xx.o
LOAD ..\obj\stm32f4_discovery.o
LOAD ..\obj\main.o
LOAD ..\obj\stm32f4xx_rcc.o
LOAD ..\obj\fassade.o
LOAD ..\obj\ampermeter.o
LOAD ..\obj\stm32f4xx_adc.o
LOAD ..\obj\stm32_ub_systick.o
LOAD ..\obj\display.o
LOAD ..\obj\tm_stm32f4_onewire.o
LOAD ..\obj\terminal.o
LOAD ..\obj\stm32f4xx_gpio.o
LOAD ..\obj\system_stm32f4xx.o
LOAD ..\obj\stm32f4xx_dma.o
LOAD ..\obj\adc.o
LOAD ..\obj\stm32f4_discovery_callbacks.o
LOAD ..\obj\stm32f4xx_spi.o
LOAD ..\obj\stm32f4xx_i2c.o
LOAD ..\obj\stm32f4xx_exti.o
LOAD ..\obj\misc.o
LOAD ..\obj\stm32f4_discovery_lis302dl.o
LOAD ..\obj\stm32f4xx_rtc.o
LOAD ..\obj\stm32f4xx_tim.o
LOAD ..\obj\xbee.o
LOAD ..\..\..\STM32F4-Discovery\libpdmfilter_gcc.a
LOAD c:/program files (x86)/gnu tools arm embedded/4.8 2014q3/bin/../lib/gcc/arm-none-eabi/4.8.4/../../../../arm-none-eabi/lib/armv7e-m\libm.a
LOAD c:/program files (x86)/gnu tools arm embedded/4.8 2014q3/bin/../lib/gcc/arm-none-eabi/4.8.4/armv7e-m\libgcc.a
LOAD c:/program files (x86)/gnu tools arm embedded/4.8 2014q3/bin/../lib/gcc/arm-none-eabi/4.8.4/../../../../arm-none-eabi/lib/armv7e-m\libc.a
LOAD c:/program files (x86)/gnu tools arm embedded/4.8 2014q3/bin/../lib/gcc/arm-none-eabi/4.8.4/../../../../arm-none-eabi/lib/armv7e-m\libstdc++.a
LOAD c:/program files (x86)/gnu tools arm embedded/4.8 2014q3/bin/../lib/gcc/arm-none-eabi/4.8.4/../../../../arm-none-eabi/lib/armv7e-m\libsupc++.a
LOAD c:/program files (x86)/gnu tools arm embedded/4.8 2014q3/bin/../lib/gcc/arm-none-eabi/4.8.4/../../../../arm-none-eabi/lib/armv7e-m\libnosys.a
START GROUP
LOAD c:/program files (x86)/gnu tools arm embedded/4.8 2014q3/bin/../lib/gcc/arm-none-eabi/4.8.4/armv7e-m\libgcc.a
LOAD c:/program files (x86)/gnu tools arm embedded/4.8 2014q3/bin/../lib/gcc/arm-none-eabi/4.8.4/../../../../arm-none-eabi/lib/armv7e-m\libg.a
LOAD c:/program files (x86)/gnu tools arm embedded/4.8 2014q3/bin/../lib/gcc/arm-none-eabi/4.8.4/../../../../arm-none-eabi/lib/armv7e-m\libc.a
END GROUP
LOAD c:/program files (x86)/gnu tools arm embedded/4.8 2014q3/bin/../lib/gcc/arm-none-eabi/4.8.4/armv7e-m/crtend.o
LOAD c:/program files (x86)/gnu tools arm embedded/4.8 2014q3/bin/../lib/gcc/arm-none-eabi/4.8.4/armv7e-m/crtn.o
OUTPUT(Gewaechshaus.elf elf32-littlearm)

.ARM.attributes
                0x00000000       0x2a
 .ARM.attributes
                0x00000000       0x1e c:/program files (x86)/gnu tools arm embedded/4.8 2014q3/bin/../lib/gcc/arm-none-eabi/4.8.4/armv7e-m/crti.o
 .ARM.attributes
                0x0000001e       0x2e c:/program files (x86)/gnu tools arm embedded/4.8 2014q3/bin/../lib/gcc/arm-none-eabi/4.8.4/armv7e-m/crtbegin.o
 .ARM.attributes
                0x0000004c       0x1c c:/program files (x86)/gnu tools arm embedded/4.8 2014q3/bin/../lib/gcc/arm-none-eabi/4.8.4/../../../../arm-none-eabi/lib/armv7e-m/crt0.o
 .ARM.attributes
                0x00000068       0x33 ..\obj\temp_sensors.o
 .ARM.attributes
                0x0000009b       0x33 ..\obj\tm_stm32f4_ds18b20.o
 .ARM.attributes
                0x000000ce       0x33 ..\obj\stm32f4_discovery_audio_codec.o
 .ARM.attributes
                0x00000101       0x33 ..\obj\stm32f4xx_usart.o
 .ARM.attributes
                0x00000134       0x33 ..\obj\quadrature_encoder.o
 .ARM.attributes
                0x00000167       0x33 ..\obj\led.o
 .ARM.attributes
                0x0000019a       0x33 ..\obj\stm32f4xx_dac.o
 .ARM.attributes
                0x000001cd       0x33 ..\obj\rotary.o
 .ARM.attributes
                0x00000200       0x33 ..\obj\stepper.o
 .ARM.attributes
                0x00000233       0x33 ..\obj\startup_stm32f4xx.o
 .ARM.attributes
                0x00000266       0x33 ..\obj\stm32f4_discovery.o
 .ARM.attributes
                0x00000299       0x33 ..\obj\main.o
 .ARM.attributes
                0x000002cc       0x33 ..\obj\stm32f4xx_rcc.o
 .ARM.attributes
                0x000002ff       0x33 ..\obj\fassade.o
 .ARM.attributes
                0x00000332       0x33 ..\obj\ampermeter.o
 .ARM.attributes
                0x00000365       0x33 ..\obj\stm32f4xx_adc.o
 .ARM.attributes
                0x00000398       0x33 ..\obj\stm32_ub_systick.o
 .ARM.attributes
                0x000003cb       0x33 ..\obj\display.o
 .ARM.attributes
                0x000003fe       0x33 ..\obj\tm_stm32f4_onewire.o
 .ARM.attributes
                0x00000431       0x33 ..\obj\terminal.o
 .ARM.attributes
                0x00000464       0x33 ..\obj\stm32f4xx_gpio.o
 .ARM.attributes
                0x00000497       0x33 ..\obj\system_stm32f4xx.o
 .ARM.attributes
                0x000004ca       0x33 ..\obj\stm32f4xx_dma.o
 .ARM.attributes
                0x000004fd       0x33 ..\obj\adc.o
 .ARM.attributes
                0x00000530       0x33 ..\obj\stm32f4_discovery_callbacks.o
 .ARM.attributes
                0x00000563       0x33 ..\obj\stm32f4xx_spi.o
 .ARM.attributes
                0x00000596       0x33 ..\obj\stm32f4xx_exti.o
 .ARM.attributes
                0x000005c9       0x33 ..\obj\misc.o
 .ARM.attributes
                0x000005fc       0x33 ..\obj\stm32f4xx_tim.o
 .ARM.attributes
                0x0000062f       0x33 ..\obj\xbee.o
 .ARM.attributes
                0x00000662       0x1e c:/program files (x86)/gnu tools arm embedded/4.8 2014q3/bin/../lib/gcc/arm-none-eabi/4.8.4/armv7e-m\libgcc.a(_arm_addsubdf3.o)
 .ARM.attributes
                0x00000680       0x1e c:/program files (x86)/gnu tools arm embedded/4.8 2014q3/bin/../lib/gcc/arm-none-eabi/4.8.4/armv7e-m\libgcc.a(_arm_muldivdf3.o)
 .ARM.attributes
                0x0000069e       0x1e c:/program files (x86)/gnu tools arm embedded/4.8 2014q3/bin/../lib/gcc/arm-none-eabi/4.8.4/armv7e-m\libgcc.a(_arm_fixdfsi.o)
 .ARM.attributes
                0x000006bc       0x1e c:/program files (x86)/gnu tools arm embedded/4.8 2014q3/bin/../lib/gcc/arm-none-eabi/4.8.4/armv7e-m\libgcc.a(_arm_addsubsf3.o)
 .ARM.attributes
                0x000006da       0x1e c:/program files (x86)/gnu tools arm embedded/4.8 2014q3/bin/../lib/gcc/arm-none-eabi/4.8.4/armv7e-m\libgcc.a(_arm_muldivsf3.o)
 .ARM.attributes
                0x000006f8       0x2e c:/program files (x86)/gnu tools arm embedded/4.8 2014q3/bin/../lib/gcc/arm-none-eabi/4.8.4/../../../../arm-none-eabi/lib/armv7e-m\libc.a(lib_a-aeabi_atexit.o)
 .ARM.attributes
                0x00000726       0x2e c:/program files (x86)/gnu tools arm embedded/4.8 2014q3/bin/../lib/gcc/arm-none-eabi/4.8.4/../../../../arm-none-eabi/lib/armv7e-m\libc.a(lib_a-cxa_atexit.o)
 .ARM.attributes
                0x00000754       0x2e c:/program files (x86)/gnu tools arm embedded/4.8 2014q3/bin/../lib/gcc/arm-none-eabi/4.8.4/../../../../arm-none-eabi/lib/armv7e-m\libc.a(lib_a-exit.o)
 .ARM.attributes
                0x00000782       0x2e c:/program files (x86)/gnu tools arm embedded/4.8 2014q3/bin/../lib/gcc/arm-none-eabi/4.8.4/../../../../arm-none-eabi/lib/armv7e-m\libc.a(lib_a-impure.o)
 .ARM.attributes
                0x000007b0       0x2e c:/program files (x86)/gnu tools arm embedded/4.8 2014q3/bin/../lib/gcc/arm-none-eabi/4.8.4/../../../../arm-none-eabi/lib/armv7e-m\libc.a(lib_a-init.o)
 .ARM.attributes
                0x000007de       0x2e c:/program files (x86)/gnu tools arm embedded/4.8 2014q3/bin/../lib/gcc/arm-none-eabi/4.8.4/../../../../arm-none-eabi/lib/armv7e-m\libc.a(lib_a-malloc.o)
 .ARM.attributes
                0x0000080c       0x2e c:/program files (x86)/gnu tools arm embedded/4.8 2014q3/bin/../lib/gcc/arm-none-eabi/4.8.4/../../../../arm-none-eabi/lib/armv7e-m\libc.a(lib_a-mallocr.o)
 .ARM.attributes
                0x0000083a       0x1c c:/program files (x86)/gnu tools arm embedded/4.8 2014q3/bin/../lib/gcc/arm-none-eabi/4.8.4/../../../../arm-none-eabi/lib/armv7e-m\libc.a(lib_a-memcpy.o)
 .ARM.attributes
                0x00000856       0x2e c:/program files (x86)/gnu tools arm embedded/4.8 2014q3/bin/../lib/gcc/arm-none-eabi/4.8.4/../../../../arm-none-eabi/lib/armv7e-m\libc.a(lib_a-memset.o)
 .ARM.attributes
                0x00000884       0x2e c:/program files (x86)/gnu tools arm embedded/4.8 2014q3/bin/../lib/gcc/arm-none-eabi/4.8.4/../../../../arm-none-eabi/lib/armv7e-m\libc.a(lib_a-mlock.o)
 .ARM.attributes
                0x000008b2       0x2e c:/program files (x86)/gnu tools arm embedded/4.8 2014q3/bin/../lib/gcc/arm-none-eabi/4.8.4/../../../../arm-none-eabi/lib/armv7e-m\libc.a(lib_a-sbrkr.o)
 .ARM.attributes
                0x000008e0       0x2e c:/program files (x86)/gnu tools arm embedded/4.8 2014q3/bin/../lib/gcc/arm-none-eabi/4.8.4/../../../../arm-none-eabi/lib/armv7e-m\libc.a(lib_a-sprintf.o)
 .ARM.attributes
                0x0000090e       0x2e c:/program files (x86)/gnu tools arm embedded/4.8 2014q3/bin/../lib/gcc/arm-none-eabi/4.8.4/../../../../arm-none-eabi/lib/armv7e-m\libc.a(lib_a-strlen.o)
 .ARM.attributes
                0x0000093c       0x2e c:/program files (x86)/gnu tools arm embedded/4.8 2014q3/bin/../lib/gcc/arm-none-eabi/4.8.4/../../../../arm-none-eabi/lib/armv7e-m\libc.a(lib_a-svfprintf.o)
 .ARM.attributes
                0x0000096a       0x2e c:/program files (x86)/gnu tools arm embedded/4.8 2014q3/bin/../lib/gcc/arm-none-eabi/4.8.4/../../../../arm-none-eabi/lib/armv7e-m\libc.a(lib_a-__atexit.o)
 .ARM.attributes
                0x00000998       0x2e c:/program files (x86)/gnu tools arm embedded/4.8 2014q3/bin/../lib/gcc/arm-none-eabi/4.8.4/../../../../arm-none-eabi/lib/armv7e-m\libc.a(lib_a-__call_atexit.o)
 .ARM.attributes
                0x000009c6       0x2e c:/program files (x86)/gnu tools arm embedded/4.8 2014q3/bin/../lib/gcc/arm-none-eabi/4.8.4/../../../../arm-none-eabi/lib/armv7e-m\libc.a(lib_a-atexit.o)
 .ARM.attributes
                0x000009f4       0x2e c:/program files (x86)/gnu tools arm embedded/4.8 2014q3/bin/../lib/gcc/arm-none-eabi/4.8.4/../../../../arm-none-eabi/lib/armv7e-m\libc.a(lib_a-dtoa.o)
 .ARM.attributes
                0x00000a22       0x2e c:/program files (x86)/gnu tools arm embedded/4.8 2014q3/bin/../lib/gcc/arm-none-eabi/4.8.4/../../../../arm-none-eabi/lib/armv7e-m\libc.a(lib_a-fini.o)
 .ARM.attributes
                0x00000a50       0x2e c:/program files (x86)/gnu tools arm embedded/4.8 2014q3/bin/../lib/gcc/arm-none-eabi/4.8.4/../../../../arm-none-eabi/lib/armv7e-m\libc.a(lib_a-freer.o)
 .ARM.attributes
                0x00000a7e       0x2e c:/program files (x86)/gnu tools arm embedded/4.8 2014q3/bin/../lib/gcc/arm-none-eabi/4.8.4/../../../../arm-none-eabi/lib/armv7e-m\libc.a(lib_a-locale.o)
 .ARM.attributes
                0x00000aac       0x2e c:/program files (x86)/gnu tools arm embedded/4.8 2014q3/bin/../lib/gcc/arm-none-eabi/4.8.4/../../../../arm-none-eabi/lib/armv7e-m\libc.a(lib_a-memchr-stub.o)
 .ARM.attributes
                0x00000ada       0x2e c:/program files (x86)/gnu tools arm embedded/4.8 2014q3/bin/../lib/gcc/arm-none-eabi/4.8.4/../../../../arm-none-eabi/lib/armv7e-m\libc.a(lib_a-mprec.o)
 .ARM.attributes
                0x00000b08       0x2e c:/program files (x86)/gnu tools arm embedded/4.8 2014q3/bin/../lib/gcc/arm-none-eabi/4.8.4/../../../../arm-none-eabi/lib/armv7e-m\libc.a(lib_a-reent.o)
 .ARM.attributes
                0x00000b36       0x2e c:/program files (x86)/gnu tools arm embedded/4.8 2014q3/bin/../lib/gcc/arm-none-eabi/4.8.4/../../../../arm-none-eabi/lib/armv7e-m\libc.a(lib_a-s_fpclassify.o)
 .ARM.attributes
                0x00000b64       0x2e c:/program files (x86)/gnu tools arm embedded/4.8 2014q3/bin/../lib/gcc/arm-none-eabi/4.8.4/../../../../arm-none-eabi/lib/armv7e-m\libc.a(lib_a-svfiprintf.o)
 .ARM.attributes
                0x00000b92       0x2e c:/program files (x86)/gnu tools arm embedded/4.8 2014q3/bin/../lib/gcc/arm-none-eabi/4.8.4/../../../../arm-none-eabi/lib/armv7e-m\libc.a(lib_a-callocr.o)
 .ARM.attributes
                0x00000bc0       0x2e c:/program files (x86)/gnu tools arm embedded/4.8 2014q3/bin/../lib/gcc/arm-none-eabi/4.8.4/../../../../arm-none-eabi/lib/armv7e-m\libc.a(lib_a-memmove.o)
 .ARM.attributes
                0x00000bee       0x2e c:/program files (x86)/gnu tools arm embedded/4.8 2014q3/bin/../lib/gcc/arm-none-eabi/4.8.4/../../../../arm-none-eabi/lib/armv7e-m\libc.a(lib_a-reallocr.o)
 .ARM.attributes
                0x00000c1c       0x2e c:/program files (x86)/gnu tools arm embedded/4.8 2014q3/bin/../lib/gcc/arm-none-eabi/4.8.4/../../../../arm-none-eabi/lib/armv7e-m\libnosys.a(sbrk.o)
 .ARM.attributes
                0x00000c4a       0x2e c:/program files (x86)/gnu tools arm embedded/4.8 2014q3/bin/../lib/gcc/arm-none-eabi/4.8.4/../../../../arm-none-eabi/lib/armv7e-m\libnosys.a(_exit.o)
 .ARM.attributes
                0x00000c78       0x1e c:/program files (x86)/gnu tools arm embedded/4.8 2014q3/bin/../lib/gcc/arm-none-eabi/4.8.4/armv7e-m\libgcc.a(_arm_cmpdf2.o)
 .ARM.attributes
                0x00000c96       0x1e c:/program files (x86)/gnu tools arm embedded/4.8 2014q3/bin/../lib/gcc/arm-none-eabi/4.8.4/armv7e-m\libgcc.a(_aeabi_uldivmod.o)
 .ARM.attributes
                0x00000cb4       0x2e c:/program files (x86)/gnu tools arm embedded/4.8 2014q3/bin/../lib/gcc/arm-none-eabi/4.8.4/armv7e-m\libgcc.a(bpabi.o)
 .ARM.attributes
                0x00000ce2       0x1e c:/program files (x86)/gnu tools arm embedded/4.8 2014q3/bin/../lib/gcc/arm-none-eabi/4.8.4/armv7e-m\libgcc.a(_dvmd_tls.o)
 .ARM.attributes
                0x00000d00       0x2e c:/program files (x86)/gnu tools arm embedded/4.8 2014q3/bin/../lib/gcc/arm-none-eabi/4.8.4/armv7e-m\libgcc.a(_divdi3.o)
 .ARM.attributes
                0x00000d2e       0x2e c:/program files (x86)/gnu tools arm embedded/4.8 2014q3/bin/../lib/gcc/arm-none-eabi/4.8.4/armv7e-m\libgcc.a(_udivdi3.o)
 .ARM.attributes
                0x00000d5c       0x2e c:/program files (x86)/gnu tools arm embedded/4.8 2014q3/bin/../lib/gcc/arm-none-eabi/4.8.4/armv7e-m/crtend.o
 .ARM.attributes
                0x00000d8a       0x1e c:/program files (x86)/gnu tools arm embedded/4.8 2014q3/bin/../lib/gcc/arm-none-eabi/4.8.4/armv7e-m/crtn.o

.comment        0x00000000       0x70
 .comment       0x00000000       0x70 ..\obj\temp_sensors.o
                                 0x71 (size before relaxing)
 .comment       0x00000000       0x71 ..\obj\tm_stm32f4_ds18b20.o
 .comment       0x00000000       0x71 ..\obj\stm32f4_discovery_audio_codec.o
 .comment       0x00000000       0x71 ..\obj\stm32f4xx_usart.o
 .comment       0x00000000       0x71 ..\obj\quadrature_encoder.o
 .comment       0x00000000       0x71 ..\obj\led.o
 .comment       0x00000000       0x71 ..\obj\stm32f4xx_dac.o
 .comment       0x00000000       0x71 ..\obj\rotary.o
 .comment       0x00000000       0x71 ..\obj\stepper.o
 .comment       0x00000000       0x71 ..\obj\startup_stm32f4xx.o
 .comment       0x00000000       0x71 ..\obj\stm32f4_discovery.o
 .comment       0x00000000       0x71 ..\obj\main.o
 .comment       0x00000000       0x71 ..\obj\stm32f4xx_rcc.o
 .comment       0x00000000       0x71 ..\obj\fassade.o
 .comment       0x00000000       0x71 ..\obj\ampermeter.o
 .comment       0x00000000       0x71 ..\obj\stm32f4xx_adc.o
 .comment       0x00000000       0x71 ..\obj\stm32_ub_systick.o
 .comment       0x00000000       0x71 ..\obj\display.o
 .comment       0x00000000       0x71 ..\obj\tm_stm32f4_onewire.o
 .comment       0x00000000       0x71 ..\obj\terminal.o
 .comment       0x00000000       0x71 ..\obj\stm32f4xx_gpio.o
 .comment       0x00000000       0x71 ..\obj\system_stm32f4xx.o
 .comment       0x00000000       0x71 ..\obj\stm32f4xx_dma.o
 .comment       0x00000000       0x71 ..\obj\adc.o
 .comment       0x00000000       0x71 ..\obj\stm32f4_discovery_callbacks.o
 .comment       0x00000000       0x71 ..\obj\stm32f4xx_spi.o
 .comment       0x00000000       0x71 ..\obj\stm32f4xx_exti.o
 .comment       0x00000000       0x71 ..\obj\misc.o
 .comment       0x00000000       0x71 ..\obj\stm32f4xx_tim.o
 .comment       0x00000000       0x71 ..\obj\xbee.o

.debug_info     0x00000000    0x116be
 .debug_info    0x00000000      0x388 ..\obj\temp_sensors.o
 .debug_info    0x00000388      0x3d9 ..\obj\tm_stm32f4_ds18b20.o
 .debug_info    0x00000761     0x1070 ..\obj\stm32f4_discovery_audio_codec.o
 .debug_info    0x000017d1      0x9c2 ..\obj\stm32f4xx_usart.o
 .debug_info    0x00002193      0x674 ..\obj\quadrature_encoder.o
 .debug_info    0x00002807      0x22b ..\obj\led.o
 .debug_info    0x00002a32      0x63a ..\obj\stm32f4xx_dac.o
 .debug_info    0x0000306c      0x85f ..\obj\rotary.o
 .debug_info    0x000038cb      0xbe7 ..\obj\stepper.o
 .debug_info    0x000044b2      0x122 ..\obj\startup_stm32f4xx.o
 .debug_info    0x000045d4      0x889 ..\obj\stm32f4_discovery.o
 .debug_info    0x00004e5d     0x1058 ..\obj\main.o
 .debug_info    0x00005eb5      0xc4d ..\obj\stm32f4xx_rcc.o
 .debug_info    0x00006b02      0xc7d ..\obj\fassade.o
 .debug_info    0x0000777f      0x26c ..\obj\ampermeter.o
 .debug_info    0x000079eb      0xc38 ..\obj\stm32f4xx_adc.o
 .debug_info    0x00008623      0x977 ..\obj\stm32_ub_systick.o
 .debug_info    0x00008f9a      0xcf8 ..\obj\display.o
 .debug_info    0x00009c92      0x63c ..\obj\tm_stm32f4_onewire.o
 .debug_info    0x0000a2ce     0x14d5 ..\obj\terminal.o
 .debug_info    0x0000b7a3      0x602 ..\obj\stm32f4xx_gpio.o
 .debug_info    0x0000bda5      0x592 ..\obj\system_stm32f4xx.o
 .debug_info    0x0000c337      0x739 ..\obj\stm32f4xx_dma.o
 .debug_info    0x0000ca70      0x585 ..\obj\adc.o
 .debug_info    0x0000cff5      0x109 ..\obj\stm32f4_discovery_callbacks.o
 .debug_info    0x0000d0fe      0xb07 ..\obj\stm32f4xx_spi.o
 .debug_info    0x0000dc05      0x347 ..\obj\stm32f4xx_exti.o
 .debug_info    0x0000df4c      0x53d ..\obj\misc.o
 .debug_info    0x0000e489     0x1c61 ..\obj\stm32f4xx_tim.o
 .debug_info    0x000100ea     0x15d4 ..\obj\xbee.o

.debug_abbrev   0x00000000     0x36e9
 .debug_abbrev  0x00000000      0x1ff ..\obj\temp_sensors.o
 .debug_abbrev  0x000001ff      0x16a ..\obj\tm_stm32f4_ds18b20.o
 .debug_abbrev  0x00000369      0x256 ..\obj\stm32f4_discovery_audio_codec.o
 .debug_abbrev  0x000005bf      0x155 ..\obj\stm32f4xx_usart.o
 .debug_abbrev  0x00000714      0x1f7 ..\obj\quadrature_encoder.o
 .debug_abbrev  0x0000090b      0x175 ..\obj\led.o
 .debug_abbrev  0x00000a80      0x17c ..\obj\stm32f4xx_dac.o
 .debug_abbrev  0x00000bfc      0x25e ..\obj\rotary.o
 .debug_abbrev  0x00000e5a      0x25f ..\obj\stepper.o
 .debug_abbrev  0x000010b9       0xce ..\obj\startup_stm32f4xx.o
 .debug_abbrev  0x00001187      0x183 ..\obj\stm32f4_discovery.o
 .debug_abbrev  0x0000130a      0x2b9 ..\obj\main.o
 .debug_abbrev  0x000015c3      0x1e3 ..\obj\stm32f4xx_rcc.o
 .debug_abbrev  0x000017a6      0x237 ..\obj\fassade.o
 .debug_abbrev  0x000019dd      0x182 ..\obj\ampermeter.o
 .debug_abbrev  0x00001b5f      0x196 ..\obj\stm32f4xx_adc.o
 .debug_abbrev  0x00001cf5      0x214 ..\obj\stm32_ub_systick.o
 .debug_abbrev  0x00001f09      0x265 ..\obj\display.o
 .debug_abbrev  0x0000216e      0x259 ..\obj\tm_stm32f4_onewire.o
 .debug_abbrev  0x000023c7      0x365 ..\obj\terminal.o
 .debug_abbrev  0x0000272c      0x1a3 ..\obj\stm32f4xx_gpio.o
 .debug_abbrev  0x000028cf      0x136 ..\obj\system_stm32f4xx.o
 .debug_abbrev  0x00002a05      0x155 ..\obj\stm32f4xx_dma.o
 .debug_abbrev  0x00002b5a      0x1ec ..\obj\adc.o
 .debug_abbrev  0x00002d46       0x90 ..\obj\stm32f4_discovery_callbacks.o
 .debug_abbrev  0x00002dd6      0x167 ..\obj\stm32f4xx_spi.o
 .debug_abbrev  0x00002f3d      0x1a5 ..\obj\stm32f4xx_exti.o
 .debug_abbrev  0x000030e2      0x145 ..\obj\misc.o
 .debug_abbrev  0x00003227      0x187 ..\obj\stm32f4xx_tim.o
 .debug_abbrev  0x000033ae      0x33b ..\obj\xbee.o

.debug_aranges  0x00000000     0x1198
 .debug_aranges