Archive member included because of file (symbol)

c:/program files (x86)/gnu tools arm embedded/4.8 2014q3/bin/../lib/gcc/arm-none-eabi/4.8.4/armv7e-m\libgcc.a(unwind-arm.o)
                              ..\obj\led.o (__aeabi_unwind_cpp_pr1)
c:/program files (x86)/gnu tools arm embedded/4.8 2014q3/bin/../lib/gcc/arm-none-eabi/4.8.4/armv7e-m\libgcc.a(libunwind.o)
                              c:/program files (x86)/gnu tools arm embedded/4.8 2014q3/bin/../lib/gcc/arm-none-eabi/4.8.4/armv7e-m\libgcc.a(unwind-arm.o) (restore_core_regs)
c:/program files (x86)/gnu tools arm embedded/4.8 2014q3/bin/../lib/gcc/arm-none-eabi/4.8.4/armv7e-m\libgcc.a(pr-support.o)
                              c:/program files (x86)/gnu tools arm embedded/4.8 2014q3/bin/../lib/gcc/arm-none-eabi/4.8.4/armv7e-m\libgcc.a(unwind-arm.o) (__gnu_unwind_execute)
c:/program files (x86)/gnu tools arm embedded/4.8 2014q3/bin/../lib/gcc/arm-none-eabi/4.8.4/../../../../arm-none-eabi/lib/armv7e-m\libc.a(lib_a-abort.o)
                              c:/program files (x86)/gnu tools arm embedded/4.8 2014q3/bin/../lib/gcc/arm-none-eabi/4.8.4/armv7e-m\libgcc.a(unwind-arm.o) (abort)
c:/program files (x86)/gnu tools arm embedded/4.8 2014q3/bin/../lib/gcc/arm-none-eabi/4.8.4/../../../../arm-none-eabi/lib/armv7e-m\libc.a(lib_a-aeabi_atexit.o)
                              ..\obj\main.o (__aeabi_atexit)
c:/program files (x86)/gnu tools arm embedded/4.8 2014q3/bin/../lib/gcc/arm-none-eabi/4.8.4/../../../../arm-none-eabi/lib/armv7e-m\libc.a(lib_a-cxa_atexit.o)
                              c:/program files (x86)/gnu tools arm embedded/4.8 2014q3/bin/../lib/gcc/arm-none-eabi/4.8.4/../../../../arm-none-eabi/lib/armv7e-m\libc.a(lib_a-aeabi_atexit.o) (__cxa_atexit)
c:/program files (x86)/gnu tools arm embedded/4.8 2014q3/bin/../lib/gcc/arm-none-eabi/4.8.4/../../../../arm-none-eabi/lib/armv7e-m\libc.a(lib_a-exit.o)
                              c:/program files (x86)/gnu tools arm embedded/4.8 2014q3/bin/../lib/gcc/arm-none-eabi/4.8.4/../../../../arm-none-eabi/lib/armv7e-m/crt0.o (exit)
c:/program files (x86)/gnu tools arm embedded/4.8 2014q3/bin/../lib/gcc/arm-none-eabi/4.8.4/../../../../arm-none-eabi/lib/armv7e-m\libc.a(lib_a-impure.o)
                              c:/program files (x86)/gnu tools arm embedded/4.8 2014q3/bin/../lib/gcc/arm-none-eabi/4.8.4/../../../../arm-none-eabi/lib/armv7e-m\libc.a(lib_a-exit.o) (_global_impure_ptr)
c:/program files (x86)/gnu tools arm embedded/4.8 2014q3/bin/../lib/gcc/arm-none-eabi/4.8.4/../../../../arm-none-eabi/lib/armv7e-m\libc.a(lib_a-init.o)
                              c:/program files (x86)/gnu tools arm embedded/4.8 2014q3/bin/../lib/gcc/arm-none-eabi/4.8.4/../../../../arm-none-eabi/lib/armv7e-m/crt0.o (__libc_init_array)
c:/program files (x86)/gnu tools arm embedded/4.8 2014q3/bin/../lib/gcc/arm-none-eabi/4.8.4/../../../../arm-none-eabi/lib/armv7e-m\libc.a(lib_a-malloc.o)
                              ..\obj\uart.o (malloc)
c:/program files (x86)/gnu tools arm embedded/4.8 2014q3/bin/../lib/gcc/arm-none-eabi/4.8.4/../../../../arm-none-eabi/lib/armv7e-m\libc.a(lib_a-mallocr.o)
                              c:/program files (x86)/gnu tools arm embedded/4.8 2014q3/bin/../lib/gcc/arm-none-eabi/4.8.4/../../../../arm-none-eabi/lib/armv7e-m\libc.a(lib_a-malloc.o) (_malloc_r)
c:/program files (x86)/gnu tools arm embedded/4.8 2014q3/bin/../lib/gcc/arm-none-eabi/4.8.4/../../../../arm-none-eabi/lib/armv7e-m\libc.a(lib_a-memcpy.o)
                              c:/program files (x86)/gnu tools arm embedded/4.8 2014q3/bin/../lib/gcc/arm-none-eabi/4.8.4/armv7e-m\libgcc.a(unwind-arm.o) (memcpy)
c:/program files (x86)/gnu tools arm embedded/4.8 2014q3/bin/../lib/gcc/arm-none-eabi/4.8.4/../../../../arm-none-eabi/lib/armv7e-m\libc.a(lib_a-memset.o)
                              c:/program files (x86)/gnu tools arm embedded/4.8 2014q3/bin/../lib/gcc/arm-none-eabi/4.8.4/../../../../arm-none-eabi/lib/armv7e-m/crt0.o (memset)
c:/program files (x86)/gnu tools arm embedded/4.8 2014q3/bin/../lib/gcc/arm-none-eabi/4.8.4/../../../../arm-none-eabi/lib/armv7e-m\libc.a(lib_a-mlock.o)
                              c:/program files (x86)/gnu tools arm embedded/4.8 2014q3/bin/../lib/gcc/arm-none-eabi/4.8.4/../../../../arm-none-eabi/lib/armv7e-m\libc.a(lib_a-mallocr.o) (__malloc_lock)
c:/program files (x86)/gnu tools arm embedded/4.8 2014q3/bin/../lib/gcc/arm-none-eabi/4.8.4/../../../../arm-none-eabi/lib/armv7e-m\libc.a(lib_a-sbrkr.o)
                              c:/program files (x86)/gnu tools arm embedded/4.8 2014q3/bin/../lib/gcc/arm-none-eabi/4.8.4/../../../../arm-none-eabi/lib/armv7e-m\libc.a(lib_a-mallocr.o) (_sbrk_r)
c:/program files (x86)/gnu tools arm embedded/4.8 2014q3/bin/../lib/gcc/arm-none-eabi/4.8.4/../../../../arm-none-eabi/lib/armv7e-m\libc.a(lib_a-signal.o)
[...]
Memory Configuration

Name             Origin             Length             Attributes
FLASH            0x08000000         0x00100000         xr
RAM              0x20000000         0x00020000         xrw
RAM1             0x10000000         0x00010000         xrw
*default*        0x00000000         0xffffffff

Linker script and memory map

LOAD c:/program files (x86)/gnu tools arm embedded/4.8 2014q3/bin/../lib/gcc/arm-none-eabi/4.8.4/armv7e-m/crti.o
LOAD c:/program files (x86)/gnu tools arm embedded/4.8 2014q3/bin/../lib/gcc/arm-none-eabi/4.8.4/armv7e-m/crtbegin.o
LOAD c:/program files (x86)/gnu tools arm embedded/4.8 2014q3/bin/../lib/gcc/arm-none-eabi/4.8.4/../../../../arm-none-eabi/lib/armv7e-m/crt0.o

.text           0x08000000     0x3084
 *(.isr_vector)
 .isr_vector    0x08000000      0x188 ..\obj\startup_stm32f4xx.o
                0x08000000                g_pfnVectors
 *(.text*)
 .text          0x08000188       0x54 c:/program files (x86)/gnu tools arm embedded/4.8 2014q3/bin/../lib/gcc/arm-none-eabi/4.8.4/armv7e-m/crtbegin.o
 .text          0x080001dc       0x74 c:/program files (x86)/gnu tools arm embedded/4.8 2014q3/bin/../lib/gcc/arm-none-eabi/4.8.4/../../../../arm-none-eabi/lib/armv7e-m/crt0.o
                0x080001dc                _start
                0x080001dc                _mainCRTStartup
 .text.Audio_MAL_IRQHandler
                0x08000250       0xf8 ..\obj\stm32f4_discovery_audio_codec.o
 .text.DMA1_Stream7_IRQHandler
                0x08000348        0xc ..\obj\stm32f4_discovery_audio_codec.o
                0x08000348                DMA1_Stream7_IRQHandler
 .text.DMA1_Stream0_IRQHandler
                0x08000354        0xc ..\obj\stm32f4_discovery_audio_codec.o
                0x08000354                DMA1_Stream0_IRQHandler
 .text.SPI3_IRQHandler
                0x08000360       0x40 ..\obj\stm32f4_discovery_audio_codec.o
                0x08000360                SPI3_IRQHandler
 .text.USART_Init
                0x080003a0      0x174 ..\obj\stm32f4xx_usart.o
                0x080003a0                USART_Init
 .text.USART_Cmd
                0x08000514       0x40 ..\obj\stm32f4xx_usart.o
                0x08000514                USART_Cmd
 .text.USART_ReceiveData
                0x08000554       0x20 ..\obj\stm32f4xx_usart.o
                0x08000554                USART_ReceiveData
 .text.USART_DMACmd
                0x08000574       0x48 ..\obj\stm32f4xx_usart.o
                0x08000574                USART_DMACmd
 .text.USART_ITConfig
                0x080005bc       0x90 ..\obj\stm32f4xx_usart.o
                0x080005bc                USART_ITConfig
 .text.USART_GetITStatus
                0x0800064c       0xb0 ..\obj\stm32f4xx_usart.o
                0x0800064c                USART_GetITStatus
 .text._ZN3LEDC2Ev
                0x080006fc       0x18 ..\obj\led.o
                0x080006fc                LED::LED()
                0x080006fc                LED::LED()
 .text._ZN3LEDD2Ev
                0x08000714       0x18 ..\obj\led.o
                0x08000714                LED::~LED()
                0x08000714                LED::~LED()
 .text.DAC_SetChannel1Data
                0x0800072c       0x34 ..\obj\stm32f4xx_dac.o
                0x0800072c                DAC_SetChannel1Data
 .text._ZN5UsartC2Ei
                0x08000760       0x54 ..\obj\uart.o
                0x08000760                Usart::Usart(int)
                0x08000760                Usart::Usart(int)
 .text._ZN5Usart8BufferInEc
                0x080007b4       0x70 ..\obj\uart.o
                0x080007b4                Usart::BufferIn(char)
 .text._ZN5Usart9BufferOutEPc
                0x08000824       0x54 ..\obj\uart.o
                0x08000824                Usart::BufferOut(char*)
 .text._ZN5Usart10ReadBufferEv
                0x08000878       0x64 ..\obj\uart.o
                0x08000878                Usart::ReadBuffer()
 .text._ZN5Usart13usart3InitDMAEv
                0x080008dc       0x8c ..\obj\uart.o
                0x080008dc                Usart::usart3InitDMA()
 .text._ZN5Usart10SendViaDmaEPci
                0x08000968       0x2c ..\obj\uart.o
                0x08000968                Usart::SendViaDma(char*, int)
 .text._ZN5Usart10usart3InitEv
                0x08000994       0xe8 ..\obj\uart.o
                0x08000994                Usart::usart3Init()
 .text.USART3_IRQHandler
                0x08000a7c       0x48 ..\obj\uart.o
                0x08000a7c                USART3_IRQHandler
 .text.Default_Reset_Handler
                0x08000ac4       0x5c ..\obj\startup_stm32f4xx.o
                0x08000ac4                Default_Reset_Handler
                0x08000ac4                Reset_Handler
 .text.Default_Handler
                0x08000b20        0x8 ..\obj\startup_stm32f4xx.o
                0x08000b20                RTC_Alarm_IRQHandler
                0x08000b20                HASH_RNG_IRQHandler
                0x08000b20                EXTI2_IRQHandler
                0x08000b20                TIM8_CC_IRQHandler
                0x08000b20                DebugMon_Handler
                0x08000b20                TIM1_CC_IRQHandler
                0x08000b20                DMA2_Stream5_IRQHandler
                0x08000b20                HardFault_Handler
                0x08000b20                DMA1_Stream5_IRQHandler
                0x08000b20                SysTick_Handler
                0x08000b20                PVD_IRQHandler
                0x08000b20                SDIO_IRQHandler
                0x08000b20                TAMP_STAMP_IRQHandler
                0x08000b20                PendSV_Handler
                0x08000b20                NMI_Handler
                0x08000b20                CAN2_RX1_IRQHandler
                0x08000b20                EXTI3_IRQHandler
                0x08000b20                TIM8_TRG_COM_TIM14_IRQHandler
                0x08000b20                TIM1_UP_TIM10_IRQHandler
                0x08000b20                TIM8_UP_TIM13_IRQHandler
                0x08000b20                I2C3_ER_IRQHandler
                0x08000b20                EXTI0_IRQHandler
                0x08000b20                I2C2_EV_IRQHandler
                0x08000b20                DMA1_Stream2_IRQHandler
                0x08000b20                CAN1_RX0_IRQHandler
                0x08000b20                FPU_IRQHandler
                0x08000b20                OTG_HS_WKUP_IRQHandler
                0x08000b20                UsageFault_Handler
                0x08000b20                CAN2_SCE_IRQHandler
                0x08000b20                DMA2_Stream2_IRQHandler
                0x08000b20                SPI1_IRQHandler
                0x08000b20                TIM6_DAC_IRQHandler
                0x08000b20                TIM1_BRK_TIM9_IRQHandler
                0x08000b20                DCMI_IRQHandler
                0x08000b20                CAN2_RX0_IRQHandler
                0x08000b20                DMA2_Stream3_IRQHandler
                0x08000b20                USART6_IRQHandler
                0x08000b20                CRYP_IRQHandler
                0x08000b20                CAN1_RX1_IRQHandler
                0x08000b20                UART5_IRQHandler
                0x08000b20                DMA2_Stream0_IRQHandler
                0x08000b20                TIM4_IRQHandler
                0x08000b20                I2C1_EV_IRQHandler
                0x08000b20                DMA1_Stream6_IRQHandler
                0x08000b20                DMA1_Stream1_IRQHandler
                0x08000b20                UART4_IRQHandler
                0x08000b20                TIM3_IRQHandler
                0x08000b20                RCC_IRQHandler
                0x08000b20                TIM8_BRK_TIM12_IRQHandler
                0x08000b20                EXTI15_10_IRQHandler
                0x08000b20                ADC_IRQHandler
                0x08000b20                TIM7_IRQHandler
                0x08000b20                CAN2_TX_IRQHandler
                0x08000b20                TIM5_IRQHandler
                0x08000b20                DMA2_Stream7_IRQHandler
                0x08000b20                I2C3_EV_IRQHandler
                0x08000b20                EXTI9_5_IRQHandler
                0x08000b20                RTC_WKUP_IRQHandler
                0x08000b20                ETH_WKUP_IRQHandler
                0x08000b20                SPI2_IRQHandler
                0x08000b20                OTG_HS_EP1_IN_IRQHandler
                0x08000b20                MemManage_Handler
                0x08000b20                CAN1_TX_IRQHandler
                0x08000b20                SVC_Handler
                0x08000b20                EXTI4_IRQHandler
                0x08000b20                FSMC_IRQHandler
                0x08000b20                ETH_IRQHandler
                0x08000b20                OTG_HS_EP1_OUT_IRQHandler
                0x08000b20                WWDG_IRQHandler
                0x08000b20                TIM2_IRQHandler
                0x08000b20                OTG_FS_WKUP_IRQHandler
                0x08000b20                TIM1_TRG_COM_TIM11_IRQHandler
                0x08000b20                OTG_HS_IRQHandler
                0x08000b20                EXTI1_IRQHandler
                0x08000b20                USART2_IRQHandler
                0x08000b20                I2C2_ER_IRQHandler
                0x08000b20                DMA2_Stream1_IRQHandler
                0x08000b20                CAN1_SCE_IRQHandler
                0x08000b20                FLASH_IRQHandler
                0x08000b20                DMA2_Stream4_IRQHandler
                0x08000b20                BusFault_Handler
                0x08000b20                USART1_IRQHandler
                0x08000b20                OTG_FS_IRQHandler
                0x08000b20                DMA1_Stream4_IRQHandler
                0x08000b20                I2C1_ER_IRQHandler
                0x08000b20                DMA2_Stream6_IRQHandler
                0x08000b20                DMA1_Stream3_IRQHandler
 .text.STM_EVAL_LEDInit
                0x08000b28       0x5c ..\obj\stm32f4_discovery.o
                0x08000b28                STM_EVAL_LEDInit
 .text.main     0x08000b84       0x40 ..\obj\main.o
                0x08000b84                main
 .text._Z41__static_initialization_and_destruction_0ii
                0x08000bc4       0x48 ..\obj\main.o
 .text._GLOBAL__sub_I_buffer
                0x08000c0c       0x10 ..\obj\main.o
 .text.RCC_GetClocksFreq
                0x08000c1c      0x154 ..\obj\stm32f4xx_rcc.o
                0x08000c1c                RCC_GetClocksFreq
 .text.RCC_AHB1PeriphClockCmd
                0x08000d70       0x3c ..\obj\stm32f4xx_rcc.o
                0x08000d70                RCC_AHB1PeriphClockCmd
 .text.RCC_APB1PeriphClockCmd
                0x08000dac       0x3c ..\obj\stm32f4xx_rcc.o
                0x08000dac                RCC_APB1PeriphClockCmd
 .text.GPIO_Init
                0x08000de8      0x11c ..\obj\stm32f4xx_gpio.o
                0x08000de8                GPIO_Init
 .text.GPIO_PinAFConfig
                0x08000f04       0x8c ..\obj\stm32f4xx_gpio.o
                0x08000f04                GPIO_PinAFConfig
 .text.DMA_Init
                0x08000f90       0xac ..\obj\stm32f4xx_dma.o
                0x08000f90                DMA_Init
 .text.DMA_StructInit
                0x0800103c       0x6c ..\obj\stm32f4xx_dma.o
                0x0800103c                DMA_StructInit
 .text.DMA_Cmd  0x080010a8       0x38 ..\obj\stm32f4xx_dma.o
                0x080010a8                DMA_Cmd
 .text.DMA_GetCmdStatus
                0x080010e0       0x30 ..\obj\stm32f4xx_dma.o
                0x080010e0                DMA_GetCmdStatus
 .text.DMA_GetFlagStatus
                0x08001110       0x78 ..\obj\stm32f4xx_dma.o
                0x08001110                DMA_GetFlagStatus
 .text.DMA_ClearFlag
                0x08001188       0x5c ..\obj\stm32f4xx_dma.o
                0x08001188                DMA_ClearFlag
 .text.EVAL_AUDIO_TransferComplete_CallBack
                0x080011e4       0x14 ..\obj\stm32f4_discovery_callbacks.o
                0x080011e4                EVAL_AUDIO_TransferComplete_CallBack
 .text.EVAL_AUDIO_GetSampleCallBack
                0x080011f8       0x10 ..\obj\stm32f4_discovery_callbacks.o
                0x080011f8                EVAL_AUDIO_GetSampleCallBack
 .text.SPI_I2S_SendData
                0x08001208       0x1c ..\obj\stm32f4xx_spi.o
                0x08001208                SPI_I2S_SendData
 .text.SPI_I2S_GetFlagStatus
                0x08001224       0x38 ..\obj\stm32f4xx_spi.o
                0x08001224                SPI_I2S_GetFlagStatus
 .text.NVIC_Init
                0x0800125c       0xbc ..\obj\misc.o
                0x0800125c                NVIC_Init
 .text          0x08001318      0xa1c c:/program files (x86)/gnu tools arm embedded/4.8 2014q3/bin/../lib/gcc/arm-none-eabi/4.8.4/armv7e-m\libgcc.a(unwind-arm.o)
                0x080015fc                _Unwind_GetCFA
                0x08001600                __gnu_Unwind_RaiseException
                0x08001660                __gnu_Unwind_ForcedUnwind
                0x08001674                __gnu_Unwind_Resume
                0x080016b8                __gnu_Unwind_Resume_or_Rethrow
                0x080016c8                _Unwind_Complete
                0x080016cc                _Unwind_DeleteException
                0x080016dc                _Unwind_VRS_Get
                0x0800172c                _Unwind_VRS_Set
                0x0800177c                __gnu_Unwind_Backtrace
                0x08001ad0                __aeabi_unwind_cpp_pr0
                0x08001ad8                __aeabi_unwind_cpp_pr1
                0x08001ae0                __aeabi_unwind_cpp_pr2
                0x08001ae8                _Unwind_VRS_Pop
 .text          0x08001d34      0x1ac c:/program files (x86)/gnu tools arm embedded/4.8 2014q3/bin/../lib/gcc/arm-none-eabi/4.8.4/armv7e-m\libgcc.a(libunwind.o)
                0x08001d34                __restore_core_regs
                0x08001d34                restore_core_regs
                0x08001d4c                __gnu_Unwind_Restore_VFP
                0x08001d54                __gnu_Unwind_Save_VFP
                0x08001d5c                __gnu_Unwind_Restore_VFP_D
                0x08001d64                __gnu_Unwind_Save_VFP_D
                0x08001d6c                __gnu_Unwind_Restore_VFP_D_16_to_31
                0x08001d74                __gnu_Unwind_Save_VFP_D_16_to_31
                0x08001d7c                __gnu_Unwind_Restore_WMMXD
                0x08001dc0                __gnu_Unwind_Save_WMMXD
                0x08001e04                __gnu_Unwind_Restore_WMMXC
                0x08001e18                __gnu_Unwind_Save_WMMXC
                0x08001e2c                ___Unwind_RaiseException
                0x08001e2c                _Unwind_RaiseException
                0x08001e50                _Unwind_Resume
                0x08001e50                ___Unwind_Resume
                0x08001e74                _Unwind_Resume_or_Rethrow
                0x08001e74                ___Unwind_Resume_or_Rethrow
                0x08001e98                _Unwind_ForcedUnwind
                0x08001e98                ___Unwind_ForcedUnwind
                0x08001ebc                ___Unwind_Backtrace
                0x08001ebc                _Unwind_Backtrace
 .text          0x08001ee0      0x33c c:/program files (x86)/gnu tools arm embedded/4.8 2014q3/bin/../lib/gcc/arm-none-eabi/4.8.4/armv7e-m\libgcc.a(pr-support.o)
                0x08001f34                __gnu_unwind_execute
                0x080021c0                __gnu_unwind_frame
                0x080021ec                _Unwind_GetRegionStart
                0x080021f8                _Unwind_GetLanguageSpecificData
                0x0800220c                _Unwind_GetDataRelBase
                0x08002214                _Unwind_GetTextRelBase
 .text.abort    0x0800221c       0x10 c:/program files (x86)/gnu tools arm embedded/4.8 2014q3/bin/../lib/gcc/arm-none-eabi/4.8.4/../../../../arm-none-eabi/lib/armv7e-m\libc.a(lib_a-abort.o)
                0x0800221c                abort
 .text.__aeabi_atexit
                0x0800222c        0xc c:/program files (x86)/gnu tools arm embedded/4.8 2014q3/bin/../lib/gcc/arm-none-eabi/4.8.4/../../../../arm-none-eabi/lib/armv7e-m\libc.a(lib_a-aeabi_atexit.o)
                0x0800222c                __aeabi_atexit
 .text.__cxa_atexit
                0x08002238       0x14 c:/program files (x86)/gnu tools arm embedded/4.8 2014q3/bin/../lib/gcc/arm-none-eabi/4.8.4/../../../../arm-none-eabi/lib/armv7e-m\libc.a(lib_a-cxa_atexit.o)
                0x08002238                __cxa_atexit
 .text.exit     0x0800224c       0x20 c:/program files (x86)/gnu tools arm embedded/4.8 2014q3/bin/../lib/gcc/arm-none-eabi/4.8.4/../../../../arm-none-eabi/lib/armv7e-m\libc.a(lib_a-exit.o)
                0x0800224c                exit
 .text.__libc_init_array
                0x0800226c       0x50 c:/program files (x86)/gnu tools arm embedded/4.8 2014q3/bin/../lib/gcc/arm-none-eabi/4.8.4/../../../../arm-none-eabi/lib/armv7e-m\libc.a(lib_a-init.o)
                0x0800226c                __libc_init_array
 .text.malloc   0x080022bc       0x10 c:/program files (x86)/gnu tools arm embedded/4.8 2014q3/bin/../lib/gcc/arm-none-eabi/4.8.4/../../../../arm-none-eabi/lib/armv7e-m\libc.a(lib_a-malloc.o)
                0x080022bc                malloc
 .text.free     0x080022cc       0x10 c:/program files (x86)/gnu tools arm embedded/4.8 2014q3/bin/../lib/gcc/arm-none-eabi/4.8.4/../../../../arm-none-eabi/lib/armv7e-m\libc.a(lib_a-malloc.o)
                0x080022cc                free
 .text._malloc_r
                0x080022dc      0x538 c:/program files (x86)/gnu tools arm embedded/4.8 2014q3/bin/../lib/gcc/arm-none-eabi/4.8.4/../../../../arm-none-eabi/lib/armv7e-m\libc.a(lib_a-mallocr.o)
                0x080022dc                _malloc_r
 .text          0x08002814      0x134 c:/program files (x86)/gnu tools arm embedded/4.8 2014q3/bin/../lib/gcc/arm-none-eabi/4.8.4/../../../../arm-none-eabi/lib/armv7e-m\libc.a(lib_a-memcpy.o)
                0x08002814                memcpy
 .text.memset   0x08002948       0x94 c:/program files (x86)/gnu tools arm embedded/4.8 2014q3/bin/../lib/gcc/arm-none-eabi/4.8.4/../../../../arm-none-eabi/lib/armv7e-m\libc.a(lib_a-memset.o)
                0x08002948                memset
 .text.__malloc_lock
                0x080029dc        0x4 c:/program files (x86)/gnu tools arm embedded/4.8 2014q3/bin/../lib/gcc/arm-none-eabi/4.8.4/../../../../arm-none-eabi/lib/armv7e-m\libc.a(lib_a-mlock.o)
                0x080029dc                __malloc_lock
 .text.__malloc_unlock
                0x080029e0        0x4 c:/program files (x86)/gnu tools arm embedded/4.8 2014q3/bin/../lib/gcc/arm-none-eabi/4.8.4/../../../../arm-none-eabi/lib/armv7e-m\libc.a(lib_a-mlock.o)
                0x080029e0                __malloc_unlock
 .text._sbrk_r  0x080029e4       0x24 c:/program files (x86)/gnu tools arm embedded/4.8 2014q3/bin/../lib/gcc/arm-none-eabi/4.8.4/../../../../arm-none-eabi/lib/armv7e-m\libc.a(lib_a-sbrkr.o)
                0x080029e4                _sbrk_r
 .text._raise_r
                0x08002a08       0x58 c:/program files (x86)/gnu tools arm embedded/4.8 2014q3/bin/../lib/gcc/arm-none-eabi/4.8.4/../../../../arm-none-eabi/lib/armv7e-m\libc.a(lib_a-signal.o)
                0x08002a08                _raise_r
 .text.raise    0x08002a60       0x10 c:/program files (x86)/gnu tools arm embedded/4.8 2014q3/bin/../lib/gcc/arm-none-eabi/4.8.4/../../../../arm-none-eabi/lib/armv7e-m\libc.a(lib_a-signal.o)
                0x08002a60                raise
 .text._kill_r  0x08002a70       0x28 c:/program files (x86)/gnu tools arm embedded/4.8 2014q3/bin/../lib/gcc/arm-none-eabi/4.8.4/../../../../arm-none-eabi/lib/armv7e-m\libc.a(lib_a-signalr.o)
                0x08002a70                _kill_r
 .text._getpid_r
                0x08002a98        0x4 c:/program files (x86)/gnu tools arm embedded/4.8 2014q3/bin/../lib/gcc/arm-none-eabi/4.8.4/../../../../arm-none-eabi/lib/armv7e-m\libc.a(lib_a-signalr.o)
                0x08002a98                _getpid_r
 .text.strcpy   0x08002a9c       0xbc c:/program files (x86)/gnu tools arm embedded/4.8 2014q3/bin/../lib/gcc/arm-none-eabi/4.8.4/../../../../arm-none-eabi/lib/armv7e-m\libc.a(lib_a-strcpy.o)
                0x08002a9c                strcpy
 .text.strlen   0x08002b58       0x60 c:/program files (x86)/gnu tools arm embedded/4.8 2014q3/bin/../lib/gcc/arm-none-eabi/4.8.4/../../../../arm-none-eabi/lib/armv7e-m\libc.a(lib_a-strlen.o)
                0x08002b58                strlen
 .text.__register_exitproc
                0x08002bb8       0xa8 c:/program files (x86)/gnu tools arm embedded/4.8 2014q3/bin/../lib/gcc/arm-none-eabi/4.8.4/../../../../arm-none-eabi/lib/armv7e-m\libc.a(lib_a-__atexit.o)
                0x08002bb8                __register_exitproc
 .text.startup.register_fini
                0x08002c60       0x14 c:/program files (x86)/gnu tools arm embedded/4.8 2014q3/bin/../lib/gcc/arm-none-eabi/4.8.4/../../../../arm-none-eabi/lib/armv7e-m\libc.a(lib_a-__call_atexit.o)
 .text.__call_exitprocs
                0x08002c74       0xf0 c:/program files (x86)/gnu tools arm embedded/4.8 2014q3/bin/../lib/gcc/arm-none-eabi/4.8.4/../../../../arm-none-eabi/lib/armv7e-m\libc.a(lib_a-__call_atexit.o)
                0x08002c74                __call_exitprocs
 .text.atexit   0x08002d64        0xc c:/program files (x86)/gnu tools arm embedded/4.8 2014q3/bin/../lib/gcc/arm-none-eabi/4.8.4/../../../../arm-none-eabi/lib/armv7e-m\libc.a(lib_a-atexit.o)
                0x08002d64                atexit
 .text.__libc_fini_array
                0x08002d70       0x30 c:/program files (x86)/gnu tools arm embedded/4.8 2014q3/bin/../lib/gcc/arm-none-eabi/4.8.4/../../../../arm-none-eabi/lib/armv7e-m\libc.a(lib_a-fini.o)
                0x08002d70                __libc_fini_array
 .text._malloc_trim_r
                0x08002da0       0x9c c:/program files (x86)/gnu tools arm embedded/4.8 2014q3/bin/../lib/gcc/arm-none-eabi/4.8.4/../../../../arm-none-eabi/lib/armv7e-m\libc.a(lib_a-freer.o)
                0x08002da0                _malloc_trim_r
 .text._free_r  0x08002e3c      0x19c c:/program files (x86)/gnu tools arm embedded/4.8 2014q3/bin/../lib/gcc/arm-none-eabi/4.8.4/../../../../arm-none-eabi/lib/armv7e-m\libc.a(lib_a-freer.o)
                0x08002e3c                _free_r
 .text._getpid  0x08002fd8       0x10 c:/program files (x86)/gnu tools arm embedded/4.8 2014q3/bin/../lib/gcc/arm-none-eabi/4.8.4/../../../../arm-none-eabi/lib/armv7e-m\libnosys.a(getpid.o)
                0x08002fd8                _getpid
 .text._kill    0x08002fe8       0x10 c:/program files (x86)/gnu tools arm embedded/4.8 2014q3/bin/../lib/gcc/arm-none-eabi/4.8.4/../../../../arm-none-eabi/lib/armv7e-m\libnosys.a(kill.o)
                0x08002fe8                _kill
 .text._sbrk    0x08002ff8       0x34 c:/program files (x86)/gnu tools arm embedded/4.8 2014q3/bin/../lib/gcc/arm-none-eabi/4.8.4/../../../../arm-none-eabi/lib/armv7e-m\libnosys.a(sbrk.o)
                0x08002ff8                _sbrk
 .text._exit    0x0800302c        0x4 c:/program files (x86)/gnu tools arm embedded/4.8 2014q3/bin/../lib/gcc/arm-none-eabi/4.8.4/../../../../arm-none-eabi/lib/armv7e-m\libnosys.a(_exit.o)
                0x0800302c                _exit
 *(.init)
 .init          0x08003030        0x4 c:/program files (x86)/gnu tools arm embedded/4.8 2014q3/bin/../lib/gcc/arm-none-eabi/4.8.4/armv7e-m/crti.o
                0x08003030                _init
 .init          0x08003034        0x8 c:/program files (x86)/gnu tools arm embedded/4.8 2014q3/bin/../lib/gcc/arm-none-eabi/4.8.4/armv7e-m/crtn.o
 *(.fini)
 .fini          0x0800303c        0x4 c:/program files (x86)/gnu tools arm embedded/4.8 2014q3/bin/../lib/gcc/arm-none-eabi/4.8.4/armv7e-m/crti.o
                0x0800303c                _fini
 .fini          0x08003040        0x8 c:/program files (x86)/gnu tools arm embedded/4.8 2014q3/bin/../lib/gcc/arm-none-eabi/4.8.4/armv7e-m/crtn.o
 *crtbegin.o(.ctors)
 *crtbegin?.o(.ctors)
 *(EXCLUDE_FILE(*crtend.o *crtend?.o) .ctors)
 *(SORT(.ctors.*))
 *(.ctors)
 *crtbegin.o(.dtors)
 *crtbegin?.o(.dtors)
 *(EXCLUDE_FILE(*crtend.o *crtend?.o) .dtors)
 *(SORT(.dtors.*))
 *(.dtors)
 *(.rodata*)
 .rodata        0x08003048       0x30 ..\obj\stm32f4_discovery.o
                0x08003048                GPIO_PIN
                0x08003050                GPIO_CLK
                0x08003060                BUTTON_PIN
                0x08003064                BUTTON_CLK
                0x08003068                BUTTON_EXTI_LINE
                0x0800306c                BUTTON_PORT_SOURCE
                0x08003070                BUTTON_PIN_SOURCE
                0x08003074                BUTTON_IRQn
 .rodata.str1.4
                0x08003078        0x4 c:/program files (x86)/gnu tools arm embedded/4.8 2014q3/bin/../lib/gcc/arm-none-eabi/4.8.4/../../../../arm-none-eabi/lib/armv7e-m\libc.a(lib_a-impure.o)
 .rodata._global_impure_ptr
                0x0800307c        0x4 c:/program files (x86)/gnu tools arm embedded/4.8 2014q3/bin/../lib/gcc/arm-none-eabi/4.8.4/../../../../arm-none-eabi/lib/armv7e-m\libc.a(lib_a-impure.o)
                0x0800307c                _global_impure_ptr
 *(.eh_frame*)
 .eh_frame      0x08003080        0x0 c:/program files (x86)/gnu tools arm embedded/4.8 2014q3/bin/../lib/gcc/arm-none-eabi/4.8.4/armv7e-m/crtbegin.o
 .eh_frame      0x08003080        0x4 c:/program files (x86)/gnu tools arm embedded/4.8 2014q3/bin/../lib/gcc/arm-none-eabi/4.8.4/armv7e-m/crtend.o

.glue_7         0x08003084        0x0
 .glue_7        0x00000000        0x0 linker stubs

.glue_7t        0x08003084        0x0
 .glue_7t       0x00000000        0x0 linker stubs

.vfp11_veneer   0x08003084        0x0
 .vfp11_veneer  0x00000000        0x0 linker stubs

.v4_bx          0x08003084        0x0
 .v4_bx         0x00000000        0x0 linker stubs

.iplt           0x08003084        0x0
 .iplt          0x00000000        0x0 c:/program files (x86)/gnu tools arm embedded/4.8 2014q3/bin/../lib/gcc/arm-none-eabi/4.8.4/armv7e-m/crtbegin.o

.ARM.extab      0x08003084       0x78
 *(.ARM.extab* .gnu.linkonce.armextab.*)
 .ARM.extab.text._ZN3LEDC2Ev
                0x08003084        0xc ..\obj\led.o
 .ARM.extab.text._ZN5UsartC2Ei
                0x08003090        0xc ..\obj\uart.o
 .ARM.extab.text._ZN5Usart13usart3InitDMAEv
                0x0800309c        0xc ..\obj\uart.o
 .ARM.extab.text._ZN5Usart10SendViaDmaEPci
                0x080030a8        0xc ..\obj\uart.o
 .ARM.extab.text._ZN5Usart10usart3InitEv
                0x080030b4        0xc ..\obj\uart.o
 .ARM.extab.text.USART3_IRQHandler
                0x080030c0        0xc ..\obj\uart.o
 .ARM.extab.text.main
                0x080030cc        0xc ..\obj\main.o
 .ARM.extab     0x080030d8        0xc c:/program files (x86)/gnu tools arm embedded/4.8 2014q3/bin/../lib/gcc/arm-none-eabi/4.8.4/armv7e-m\libgcc.a(unwind-arm.o)
 .ARM.extab     0x080030e4       0x18 c:/program files (x86)/gnu tools arm embedded/4.8 2014q3/bin/../lib/gcc/arm-none-eabi/4.8.4/armv7e-m\libgcc.a(pr-support.o)
                0x080030fc                __exidx_start = .

.ARM.exidx      0x080030fc      0x120
 *(.ARM.exidx* .gnu.linkonce.armexidx.*)
 .ARM.exidx     0x080030fc        0x8 c:/program files (x86)/gnu tools arm embedded/4.8 2014q3/bin/../lib/gcc/arm-none-eabi/4.8.4/../../../../arm-none-eabi/lib/armv7e-m/crt0.o
 .ARM.exidx.text._ZN3LEDC2Ev
                0x08003104        0x8 ..\obj\led.o
 .ARM.exidx.text._ZN3LEDD2Ev
                0x0800310c        0x8 ..\obj\led.o
 .ARM.exidx.text._ZN5UsartC2Ei
                0x08003114        0x8 ..\obj\uart.o
 .ARM.exidx.text._ZN5Usart8BufferInEc
                0x0800311c        0x8 ..\obj\uart.o
 .ARM.exidx.text._ZN5Usart9BufferOutEPc
                0x08003124        0x0 ..\obj\uart.o
                                  0x8 (size before relaxing)
 .ARM.exidx.text._ZN5Usart10ReadBufferEv
                0x08003124        0x0 ..\obj\uart.o
                                  0x8 (size before relaxing)
 .ARM.exidx.text._ZN5Usart13usart3InitDMAEv
                0x08003124        0x8 ..\obj\uart.o
 .ARM.exidx.text._ZN5Usart10SendViaDmaEPci
                0x0800312c        0x8 ..\obj\uart.o
 .ARM.exidx.text._ZN5Usart10usart3InitEv
                0x08003134        0x8 ..\obj\uart.o
 .ARM.exidx.text.USART3_IRQHandler
                0x0800313c       0x10 ..\obj\uart.o
                                  0x8 (size before relaxing)
 .ARM.exidx.text.main
                0x0800314c        0x8 ..\obj\main.o
 .ARM.exidx.text._Z41__static_initialization_and_destruction_0ii
                0x08003154        0x8 ..\obj\main.o
 .ARM.exidx.text._GLOBAL__sub_I_buffer
                0x0800315c        0x0 ..\obj\main.o
                                  0x8 (size before relaxing)
 .ARM.exidx     0x0800315c       0x88 c:/program files (x86)/gnu tools arm embedded/4.8 2014q3/bin/../lib/gcc/arm-none-eabi/4.8.4/armv7e-m\libgcc.a(unwind-arm.o)
                                 0xd8 (size before relaxing)
 .ARM.exidx     0x080031e4       0x38 c:/program files (x86)/gnu tools arm embedded/4.8 2014q3/bin/../lib/gcc/arm-none-eabi/4.8.4/armv7e-m\libgcc.a(pr-support.o)
                                 0x48 (size before relaxing)
                0x0800321c                __exidx_end = .
                0x0800321c                __etext = .
                0x0800321c                _sidata = __etext

.rel.dyn        0x0800321c        0x0
 .rel.iplt      0x00000000        0x0 c:/program files (x86)/gnu tools arm embedded/4.8 2014q3/bin/../lib/gcc/arm-none-eabi/4.8.4/armv7e-m/crtbegin.o

.data           0x20000000      0x8b0 load address 0x0800321c
                0x20000000                __data_start__ = .
                0x20000000                _sdata = __data_start__
 *(vtable)
 *(.data*)
 .data          0x20000000        0x4 c:/program files (x86)/gnu tools arm embedded/4.8 2014q3/bin/../lib/gcc/arm-none-eabi/4.8.4/armv7e-m/crtbegin.o
                0x20000000                __dso_handle
 .data          0x20000004       0x34 ..\obj\stm32f4_discovery_audio_codec.o
                0x20000004                AudioTotalSize
                0x20000008                AudioRemSize
                0x2000000c                CODECTimeout
                0x20000010                CurrAudioInterface
                0x20000014                AUDIO_MAL_DMA_CLOCK
                0x20000018                AUDIO_MAL_DMA_STREAM
                0x2000001c                AUDIO_MAL_DMA_DREG
                0x20000020                AUDIO_MAL_DMA_IRQ
                0x20000024                AUDIO_MAL_DMA_FLAG_TC
                0x20000028                AUDIO_MAL_DMA_FLAG_HT
                0x2000002c                AUDIO_MAL_DMA_FLAG_FE
                0x20000030                AUDIO_MAL_DMA_FLAG_TE
                0x20000034                AUDIO_MAL_DMA_FLAG_DME
 .data          0x20000038       0x14 ..\obj\stm32f4_discovery.o
                0x20000038                GPIO_PORT
                0x20000048                BUTTON_PORT
 .data          0x2000004c       0x10 ..\obj\stm32f4xx_rcc.o
 *fill*         0x2000005c        0x4 
 .data.impure_data
                0x20000060      0x428 c:/program files (x86)/gnu tools arm embedded/4.8 2014q3/bin/../lib/gcc/arm-none-eabi/4.8.4/../../../../arm-none-eabi/lib/armv7e-m\libc.a(lib_a-impure.o)
 .data._impure_ptr
                0x20000488        0x4 c:/program files (x86)/gnu tools arm embedded/4.8 2014q3/bin/../lib/gcc/arm-none-eabi/4.8.4/../../../../arm-none-eabi/lib/armv7e-m\libc.a(lib_a-impure.o)
                0x20000488                _impure_ptr
 .data.__malloc_av_
                0x2000048c      0x408 c:/program files (x86)/gnu tools arm embedded/4.8 2014q3/bin/../lib/gcc/arm-none-eabi/4.8.4/../../../../arm-none-eabi/lib/armv7e-m\libc.a(lib_a-mallocr.o)
                0x2000048c                __malloc_av_
 .data.__malloc_trim_threshold
                0x20000894        0x4 c:/program files (x86)/gnu tools arm embedded/4.8 2014q3/bin/../lib/gcc/arm-none-eabi/4.8.4/../../../../arm-none-eabi/lib/armv7e-m\libc.a(lib_a-mallocr.o)
                0x20000894                __malloc_trim_threshold
 .data.__malloc_sbrk_base
                0x20000898        0x4 c:/program files (x86)/gnu tools arm embedded/4.8 2014q3/bin/../lib/gcc/arm-none-eabi/4.8.4/../../../../arm-none-eabi/lib/armv7e-m\libc.a(lib_a-mallocr.o)
                0x20000898                __malloc_sbrk_base
                0x2000089c                . = ALIGN (0x4)
                0x2000089c                PROVIDE (__preinit_array_start, .)
 *(.preinit_array)
                0x2000089c                PROVIDE (__preinit_array_end, .)
                0x2000089c                . = ALIGN (0x4)
                0x2000089c                PROVIDE (__init_array_start, .)
 *(SORT(.init_array.*))
 .init_array.00000
                0x2000089c        0x4 c:/program files (x86)/gnu tools arm embedded/4.8 2014q3/bin/../lib/gcc/arm-none-eabi/4.8.4/../../../../arm-none-eabi/lib/armv7e-m\libc.a(lib_a-__call_atexit.o)
 *(.init_array)
 .init_array    0x200008a0        0x4 c:/program files (x86)/gnu tools arm embedded/4.8 2014q3/bin/../lib/gcc/arm-none-eabi/4.8.4/armv7e-m/crtbegin.o
 .init_array    0x200008a4        0x4 ..\obj\main.o
                0x200008a8                PROVIDE (__init_array_end, .)
                0x200008a8                . = ALIGN (0x4)
                0x200008a8                PROVIDE (__fini_array_start, .)
 *(SORT(.fini_array.*))
 *(.fini_array)
 .fini_array    0x200008a8        0x4 c:/program files (x86)/gnu tools arm embedded/4.8 2014q3/bin/../lib/gcc/arm-none-eabi/4.8.4/armv7e-m/crtbegin.o
                0x200008ac                PROVIDE (__fini_array_end, .)
 *(.jcr*)
 .jcr           0x200008ac        0x0 c:/program files (x86)/gnu tools arm embedded/4.8 2014q3/bin/../lib/gcc/arm-none-eabi/4.8.4/armv7e-m/crtbegin.o
 .jcr           0x200008ac        0x4 c:/program files (x86)/gnu tools arm embedded/4.8 2014q3/bin/../lib/gcc/arm-none-eabi/4.8.4/armv7e-m/crtend.o
                0x200008b0                . = ALIGN (0x4)
                0x200008b0                __data_end__ = .
                0x200008b0                _edata = __data_end__

.igot.plt       0x200008b0        0x0 load address 0x08003acc
 .igot.plt      0x00000000        0x0 c:/program files (x86)/gnu tools arm embedded/4.8 2014q3/bin/../lib/gcc/arm-none-eabi/4.8.4/armv7e-m/crtbegin.o

.bss            0x200008b0      0x130 load address 0x08003acc
                0x200008b0                . = ALIGN (0x4)
                0x200008b0                __bss_start__ = .
                0x200008b0                _sbss = __bss_start__
 *(.bss*)
 .bss           0x200008b0       0x1c c:/program files (x86)/gnu tools arm embedded/4.8 2014q3/bin/../lib/gcc/arm-none-eabi/4.8.4/armv7e-m/crtbegin.o
 .bss           0x200008cc        0x4 ..\obj\uart.o
                0x200008cc                Usart3Instance
 .bss           0x200008d0       0x58 ..\obj\main.o
                0x200008d0                OutputString
                0x200008d4                LPC1768_LED
                0x200008d8                com3
 .bss.__malloc_max_total_mem
                0x20000928        0x4 c:/program files (x86)/gnu tools arm embedded/4.8 2014q3/bin/../lib/gcc/arm-none-eabi/4.8.4/../../../../arm-none-eabi/lib/armv7e-m\libc.a(lib_a-mallocr.o)
                0x20000928                __malloc_max_total_mem
 .bss.__malloc_max_sbrked_mem
                0x2000092c        0x4 c:/program files (x86)/gnu tools arm embedded/4.8 2014q3/bin/../lib/gcc/arm-none-eabi/4.8.4/../../../../arm-none-eabi/lib/armv7e-m\libc.a(lib_a-mallocr.o)
                0x2000092c                __malloc_max_sbrked_mem
 .bss.__malloc_top_pad
                0x20000930        0x4 c:/program files (x86)/gnu tools arm embedded/4.8 2014q3/bin/../lib/gcc/arm-none-eabi/4.8.4/../../../../arm-none-eabi/lib/armv7e-m\libc.a(lib_a-mallocr.o)
                0x20000930                __malloc_top_pad
 .bss.__malloc_current_mallinfo
                0x20000934       0x28 c:/program files (x86)/gnu tools arm embedded/4.8 2014q3/bin/../lib/gcc/arm-none-eabi/4.8.4/../../../../arm-none-eabi/lib/armv7e-m\libc.a(lib_a-mallocr.o)
                0x20000934                __malloc_current_mallinfo
 .bss.heap_end.4246
                0x2000095c        0x4 c:/program files (x86)/gnu tools arm embedded/4.8 2014q3/bin/../lib/gcc/arm-none-eabi/4.8.4/../../../../arm-none-eabi/lib/armv7e-m\libnosys.a(sbrk.o)
 *(COMMON)
 COMMON         0x20000960       0x7c ..\obj\stm32f4_discovery_audio_codec.o
                0x20000960                CurrentPos
                0x20000964                AUDIO_MAL_DMA_InitStructure
                0x200009a0                DMA_InitStructure
 COMMON         0x200009dc        0x4 c:/program files (x86)/gnu tools arm embedded/4.8 2014q3/bin/../lib/gcc/arm-none-eabi/4.8.4/../../../../arm-none-eabi/lib/armv7e-m\libc.a(lib_a-reent.o)
                0x200009dc                errno
                0x200009e0                . = ALIGN (0x4)
                0x200009e0                __bss_end__ = .
                0x200009e0                _ebss = __bss_end__

.heap           0x200009e0        0x0
                0x200009e0                __end__ = .
                0x200009e0                _end = __end__
                0x200009e0                end = __end__
 *(.heap*)
                0x200009e0                __HeapLimit = .

.co_stack       0x200009e0      0x800 load address 0x08003bfc
                0x200009e0                . = ALIGN (0x8)
 *(.co_stack .co_stack.*)
 .co_stack      0x200009e0      0x800 ..\obj\startup_stm32f4xx.o
                0x200009e0                pulStack
                0x20020000                __StackTop = (ORIGIN (RAM) + 0x20000)
                0x2001f800                __StackLimit = (__StackTop - SIZEOF (.co_stack))
                0x20020000                PROVIDE (__stack, __StackTop)
                0x00000001                ASSERT ((__StackLimit >= __HeapLimit), region RAM overflowed with stack)
LOAD ..\obj\stm32f4xx_syscfg.o
LOAD ..\obj\stm32f4_discovery_audio_codec.o
LOAD ..\obj\stm32f4xx_usart.o
LOAD ..\obj\led.o
LOAD ..\obj\stm32f4xx_dac.o
LOAD ..\obj\uart.o
LOAD ..\obj\startup_stm32f4xx.o
LOAD ..\obj\stm32f4_discovery.o
LOAD ..\obj\main.o
LOAD ..\obj\stm32f4xx_rcc.o
LOAD ..\obj\stm32f4xx_gpio.o
LOAD ..\obj\system_stm32f4xx.o
LOAD ..\obj\stm32f4xx_dma.o
LOAD ..\obj\stm32f4_discovery_callbacks.o
LOAD ..\obj\stm32f4xx_spi.o
LOAD ..\obj\stm32f4xx_i2c.o
LOAD ..\obj\stm32f4xx_exti.o
LOAD ..\obj\misc.o
LOAD ..\obj\stm32f4_discovery_lis302dl.o
LOAD ..\..\..\STM32F4-Discovery\libpdmfilter_gcc.a
LOAD c:/program files (x86)/gnu tools arm embedded/4.8 2014q3/bin/../lib/gcc/arm-none-eabi/4.8.4/../../../../arm-none-eabi/lib/armv7e-m\libm.a
LOAD c:/program files (x86)/gnu tools arm embedded/4.8 2014q3/bin/../lib/gcc/arm-none-eabi/4.8.4/armv7e-m\libgcc.a
LOAD c:/program files (x86)/gnu tools arm embedded/4.8 2014q3/bin/../lib/gcc/arm-none-eabi/4.8.4/../../../../arm-none-eabi/lib/armv7e-m\libc.a
LOAD c:/program files (x86)/gnu tools arm embedded/4.8 2014q3/bin/../lib/gcc/arm-none-eabi/4.8.4/../../../../arm-none-eabi/lib/armv7e-m\libstdc++.a
LOAD c:/program files (x86)/gnu tools arm embedded/4.8 2014q3/bin/../lib/gcc/arm-none-eabi/4.8.4/../../../../arm-none-eabi/lib/armv7e-m\libsupc++.a
LOAD c:/program files (x86)/gnu tools arm embedded/4.8 2014q3/bin/../lib/gcc/arm-none-eabi/4.8.4/../../../../arm-none-eabi/lib/armv7e-m\libnosys.a
START GROUP
LOAD c:/program files (x86)/gnu tools arm embedded/4.8 2014q3/bin/../lib/gcc/arm-none-eabi/4.8.4/armv7e-m\libgcc.a
LOAD c:/program files (x86)/gnu tools arm embedded/4.8 2014q3/bin/../lib/gcc/arm-none-eabi/4.8.4/../../../../arm-none-eabi/lib/armv7e-m\libg.a
LOAD c:/program files (x86)/gnu tools arm embedded/4.8 2014q3/bin/../lib/gcc/arm-none-eabi/4.8.4/../../../../arm-none-eabi/lib/armv7e-m\libc.a
END GROUP
LOAD c:/program files (x86)/gnu tools arm embedded/4.8 2014q3/bin/../lib/gcc/arm-none-eabi/4.8.4/armv7e-m/crtend.o
LOAD c:/program files (x86)/gnu tools arm embedded/4.8 2014q3/bin/../lib/gcc/arm-none-eabi/4.8.4/armv7e-m/crtn.o
OUTPUT(Gewaechshaus.elf elf32-littlearm)

.ARM.attributes
                0x00000000       0x2a
 .ARM.attributes
                0x00000000       0x1e c:/program files (x86)/gnu tools arm embedded/4.8 2014q3/bin/../lib/gcc/arm-none-eabi/4.8.4/armv7e-m/crti.o
 .ARM.attributes
                0x0000001e       0x2e c:/program files (x86)/gnu tools arm embedded/4.8 2014q3/bin/../lib/gcc/arm-none-eabi/4.8.4/armv7e-m/crtbegin.o
 .ARM.attributes
                0x0000004c       0x1c c:/program files (x86)/gnu tools arm embedded/4.8 2014q3/bin/../lib/gcc/arm-none-eabi/4.8.4/../../../../arm-none-eabi/lib/armv7e-m/crt0.o
 .ARM.attributes
                0x00000068       0x33 ..\obj\stm32f4_discovery_audio_codec.o
 .ARM.attributes
                0x0000009b       0x33 ..\obj\stm32f4xx_usart.o
 .ARM.attributes
                0x000000ce       0x33 ..\obj\led.o
 .ARM.attributes
                0x00000101       0x33 ..\obj\stm32f4xx_dac.o
 .ARM.attributes
                0x00000134       0x33 ..\obj\uart.o
 .ARM.attributes
                0x00000167       0x33 ..\obj\startup_stm32f4xx.o
 .ARM.attributes
                0x0000019a       0x33 ..\obj\stm32f4_discovery.o
 .ARM.attributes
                0x000001cd       0x33 ..\obj\main.o
 .ARM.attributes
                0x00000200       0x33 ..\obj\stm32f4xx_rcc.o
 .ARM.attributes
                0x00000233       0x33 ..\obj\stm32f4xx_gpio.o
 .ARM.attributes
                0x00000266       0x33 ..\obj\stm32f4xx_dma.o
 .ARM.attributes
                0x00000299       0x33 ..\obj\stm32f4_discovery_callbacks.o
 .ARM.attributes
                0x000002cc       0x33 ..\obj\stm32f4xx_spi.o
 .ARM.attributes
                0x000002ff       0x33 ..\obj\misc.o
 .ARM.attributes
                0x00000332       0x2e c:/program files (x86)/gnu tools arm embedded/4.8 2014q3/bin/../lib/gcc/arm-none-eabi/4.8.4/../../../../arm-none-eabi/lib/armv7e-m\libc.a(lib_a-aeabi_atexit.o)
 .ARM.attributes
                0x00000360       0x2e c:/program files (x86)/gnu tools arm embedded/4.8 2014q3/bin/../lib/gcc/arm-none-eabi/4.8.4/../../../../arm-none-eabi/lib/armv7e-m\libc.a(lib_a-cxa_atexit.o)
 .ARM.attributes
                0x0000038e       0x2e c:/program files (x86)/gnu tools arm embedded/4.8 2014q3/bin/../lib/gcc/arm-none-eabi/4.8.4/../../../../arm-none-eabi/lib/armv7e-m\libc.a(lib_a-exit.o)
 .ARM.attributes
                0x000003bc       0x2e c:/program files (x86)/gnu tools arm embedded/4.8 2014q3/bin/../lib/gcc/arm-none-eabi/4.8.4/../../../../arm-none-eabi/lib/armv7e-m\libc.a(lib_a-impure.o)
 .ARM.attributes
                0x000003ea       0x2e c:/program files (x86)/gnu tools arm embedded/4.8 2014q3/bin/../lib/gcc/arm-none-eabi/4.8.4/../../../../arm-none-eabi/lib/armv7e-m\libc.a(lib_a-init.o)
 .ARM.attributes
                0x00000418       0x2e c:/program files (x86)/gnu tools arm embedded/4.8 2014q3/bin/../lib/gcc/arm-none-eabi/4.8.4/../../../../arm-none-eabi/lib/armv7e-m\libc.a(lib_a-malloc.o)
 .ARM.attributes
                0x00000446       0x2e c:/program files (x86)/gnu tools arm embedded/4.8 2014q3/bin/../lib/gcc/arm-none-eabi/4.8.4/../../../../arm-none-eabi/lib/armv7e-m\libc.a(lib_a-mallocr.o)
 .ARM.attributes
                0x00000474       0x2e c:/program files (x86)/gnu tools arm embedded/4.8 2014q3/bin/../lib/gcc/arm-none-eabi/4.8.4/../../../../arm-none-eabi/lib/armv7e-m\libc.a(lib_a-memset.o)
 .ARM.attributes
                0x000004a2       0x2e c:/program files (x86)/gnu tools arm embedded/4.8 2014q3/bin/../lib/gcc/arm-none-eabi/4.8.4/../../../../arm-none-eabi/lib/armv7e-m\libc.a(lib_a-mlock.o)
 .ARM.attributes
                0x000004d0       0x2e c:/program files (x86)/gnu tools arm embedded/4.8 2014q3/bin/../lib/gcc/arm-none-eabi/4.8.4/../../../../arm-none-eabi/lib/armv7e-m\libc.a(lib_a-sbrkr.o)
 .ARM.attributes
                0x000004fe       0x2e c:/program files (x86)/gnu tools arm embedded/4.8 2014q3/bin/../lib/gcc/arm-none-eabi/4.8.4/../../../../arm-none-eabi/lib/armv7e-m\libc.a(lib_a-strcpy.o)
 .ARM.attributes
                0x0000052c       0x2e c:/program files (x86)/gnu tools arm embedded/4.8 2014q3/bin/../lib/gcc/arm-none-eabi/4.8.4/../../../../arm-none-eabi/lib/armv7e-m\libc.a(lib_a-strlen.o)
 .ARM.attributes
                0x0000055a       0x2e c:/program files (x86)/gnu tools arm embedded/4.8 2014q3/bin/../lib/gcc/arm-none-eabi/4.8.4/../../../../arm-none-eabi/lib/armv7e-m\libc.a(lib_a-__atexit.o)
 .ARM.attributes
                0x00000588       0x2e c:/program files (x86)/gnu tools arm embedded/4.8 2014q3/bin/../lib/gcc/arm-none-eabi/4.8.4/../../../../arm-none-eabi/lib/armv7e-m\libc.a(lib_a-__call_atexit.o)
 .ARM.attributes
                0x000005b6       0x2e c:/program files (x86)/gnu tools arm embedded/4.8 2014q3/bin/../lib/gcc/arm-none-eabi/4.8.4/../../../../arm-none-eabi/lib/armv7e-m\libc.a(lib_a-atexit.o)
 .ARM.attributes
                0x000005e4       0x2e c:/program files (x86)/gnu tools arm embedded/4.8 2014q3/bin/../lib/gcc/arm-none-eabi/4.8.4/../../../../arm-none-eabi/lib/armv7e-m\libc.a(lib_a-fini.o)
 .ARM.attributes
                0x00000612       0x2e c:/program files (x86)/gnu tools arm embedded/4.8 2014q3/bin/../lib/gcc/arm-none-eabi/4.8.4/../../../../arm-none-eabi/lib/armv7e-m\libc.a(lib_a-freer.o)
 .ARM.attributes
                0x00000640       0x2e c:/program files (x86)/gnu tools arm embedded/4.8 2014q3/bin/../lib/gcc/arm-none-eabi/4.8.4/../../../../arm-none-eabi/lib/armv7e-m\libc.a(lib_a-reent.o)
 .ARM.attributes
                0x0000066e       0x2e c:/program files (x86)/gnu tools arm embedded/4.8 2014q3/bin/../lib/gcc/arm-none-eabi/4.8.4/../../../../arm-none-eabi/lib/armv7e-m\libnosys.a(sbrk.o)
 .ARM.attributes
                0x0000069c       0x2e c:/program files (x86)/gnu tools arm embedded/4.8 2014q3/bin/../lib/gcc/arm-none-eabi/4.8.4/../../../../arm-none-eabi/lib/armv7e-m\libnosys.a(_exit.o)
 .ARM.attributes
                0x000006ca       0x2e c:/program files (x86)/gnu tools arm embedded/4.8 2014q3/bin/../lib/gcc/arm-none-eabi/4.8.4/armv7e-m/crtend.o
 .ARM.attributes
                0x000006f8       0x1e c:/program files (x86)/gnu tools arm embedded/4.8 2014q3/bin/../lib/gcc/arm-none-eabi/4.8.4/armv7e-m/crtn.o

.comment        0x00000000       0x70
 .comment       0x00000000       0x70 ..\obj\stm32f4_discovery_audio_codec.o
                                 0x71 (size before relaxing)
 .comment       0x00000000       0x71 ..\obj\stm32f4xx_usart.o
 .comment       0x00000000       0x71 ..\obj\led.o
 .comment       0x00000000       0x71 ..\obj\stm32f4xx_dac.o
 .comment       0x00000000       0x71 ..\obj\uart.o
 .comment       0x00000000       0x71 ..\obj\startup_stm32f4xx.o
 .comment       0x00000000       0x71 ..\obj\stm32f4_discovery.o
 .comment       0x00000000       0x71 ..\obj\main.o
 .comment       0x00000000       0x71 ..\obj\stm32f4xx_rcc.o
 .comment       0x00000000       0x71 ..\obj\stm32f4xx_gpio.o
 .comment       0x00000000       0x71 ..\obj\stm32f4xx_dma.o
 .comment       0x00000000       0x71 ..\obj\stm32f4_discovery_callbacks.o
 .comment       0x00000000       0x71 ..\obj\stm32f4xx_spi.o
 .comment       0x00000000       0x71 ..\obj\misc.o

.debug_info     0x00000000     0x68ce
 .debug_info    0x00000000     0x1070 ..\obj\stm32f4_discovery_audio_codec.o
 .debug_info    0x00001070      0x9c2 ..\obj\stm32f4xx_usart.o
 .debug_info    0x00001a32      0x22b ..\obj\led.o
 .debug_info    0x00001c5d      0x63a ..\obj\stm32f4xx_dac.o
 .debug_info    0x00002297      0xc7e ..\obj\uart.o
 .debug_info    0x00002f15      0x122 ..\obj\startup_stm32f4xx.o
 .debug_info    0x00003037      0x889 ..\obj\stm32f4_discovery.o
 .debug_info    0x000038c0      0x539 ..\obj\main.o
 .debug_info    0x00003df9      0xc4d ..\obj\stm32f4xx_rcc.o
 .debug_info    0x00004a46      0x602 ..\obj\stm32f4xx_gpio.o
 .debug_info    0x00005048      0x739 ..\obj\stm32f4xx_dma.o
 .debug_info    0x00005781      0x109 ..\obj\stm32f4_discovery_callbacks.o
 .debug_info    0x0000588a      0xb07 ..\obj\stm32f4xx_spi.o
 .debug_info    0x00006391      0x53d ..\obj\misc.o

.debug_abbrev   0x00000000     0x15c1
 .debug_abbrev  0x00000000      0x256 ..\obj\stm32f4_discovery_audio_codec.o
 .debug_abbrev  0x00000256      0x155 ..\obj\stm32f4xx_usart.o
 .debug_abbrev  0x000003ab      0x175 ..\obj\led.o
 .debug_abbrev  0x00000520      0x17c ..\obj\stm32f4xx_dac.o
 .debug_abbrev  0x0000069c      0x287 ..\obj\uart.o
 .debug_abbrev  0x00000923       0xce ..\obj\startup_stm32f4xx.o
 .debug_abbrev  0x000009f1      0x183 ..\obj\stm32f4_discovery.o
 .debug_abbrev  0x00000b74      0x236 ..\obj\main.o
 .debug_abbrev  0x00000daa      0x1e3 ..\obj\stm32f4xx_rcc.o
 .debug_abbrev  0x00000f8d      0x1a3 ..\obj\stm32f4xx_gpio.o
 .debug_abbrev  0x00001130      0x155 ..\obj\stm32f4xx_dma.o
 .debug_abbrev  0x00001285       0x90 ..\obj\stm32f4_discovery_callbacks.o
 .debug_abbrev  0x00001315      0x167 ..\obj\stm32f4xx_spi.o
 .debug_abbrev  0x0000147c      0x145 ..\obj\misc.o

.debug_aranges  0x00000000      0x820
 .debug_aranges
                0x00000000      0x130 ..\obj\stm32f4_discovery_audio_codec.o
 .debug_aranges
                0x00000130      0x100 ..\obj\stm32f4xx_usart.o
 .debug_aranges
                0x00000230       0x38 ..\obj\led.o
 .debug_aranges
                0x00000268       0xa0 ..\obj\stm32f4xx_dac.o
 .debug_aranges
                0x00000308       0x78 ..\obj\uart.o
 .debug_aranges
                0x00000380       0x28 ..\obj\startup_stm32f4xx.o
 .debug_aranges
                0x000003a8       0x48 ..\obj\stm32f4_discovery.o
 .debug_aranges
                0x000003f0       0x38 ..\obj\main.o
 .debug_aranges
                0x00000428      0x178 ..\obj\stm32f4xx_rcc.o
 .debug_aranges
                0x000005a0       0x88 ..\obj\stm32f4xx_gpio.o
 .debug_aranges
                0x00000628       0xb0 ..\obj\stm32f4xx_dma.o
 .debug_aranges
                0x000006d8       0x28 ..\obj\stm32f4_discovery_callbacks.o
 .debug_aranges
                0x00000700       0xe0 ..\obj\stm32f4xx_spi.o
 .debug_aranges
                0x000007e0       0x40 ..\obj\misc.o

.debug_ranges   0x00000000      0x740
 .debug_ranges  0x00000000      0x120 ..\obj\stm32f4_discovery_audio_codec.o
 .debug_ranges  0x00000120       0xf0 ..\obj\stm32f4xx_usart.o
 .debug_ranges  0x00000210       0x28 ..\obj\led.o
 .debug_ranges  0x00000238       0x90 ..\obj\stm32f4xx_dac.o
 .debug_ranges  0x000002c8       0x68 ..\obj\uart.o
 .debug_ranges  0x00000330       0x18 ..\obj\startup_stm32f4xx.o
 .debug_ranges  0x00000348       0x38 ..\obj\stm32f4_discovery.o
 .debug_ranges  0x00000380       0x28 ..\obj\main.o
 .debug_ranges  0x000003a8      0x168 ..\obj\stm32f4xx_rcc.o
 .debug_ranges  0x00000510       0x78 ..\obj\stm32f4xx_gpio.o
 .debug_ranges  0x00000588       0xa0 ..\obj\stm32f4xx_dma.o
 .debug_ranges  0x00000628       0x18 ..\obj\stm32f4_discovery_callbacks.o
 .debug_ranges  0x00000640       0xd0 ..\obj\stm32f4xx_spi.o
 .debug_ranges  0x00000710       0x30 ..\obj\misc.o

.debug_line     0x00000000     0x2e7a
 .debug_line    0x00000000      0x701 ..\obj\stm32f4_discovery_audio_codec.o
 .debug_line    0x00000701      0x49d ..\obj\stm32f4xx_usart.o
 .debug_line    0x00000b9e      0x1e4 ..\obj\led.o
 .debug_line    0x00000d82      0x353 ..\obj\stm32f4xx_dac.o
 .debug_line    0x000010d5      0x347 ..\obj\uart.o
 .debug_line    0x0000141c       0x9c ..\obj\startup_stm32f4xx.o
 .debug_line    0x000014b8      0x2a4 ..\obj\stm32f4_discovery.o
 .debug_line    0x0000175c      0x270 ..\obj\main.o
 .debug_line    0x000019cc      0x595 ..\obj\stm32f4xx_rcc.o
 .debug_line    0x00001f61      0x33a ..\obj\stm32f4xx_gpio.o
 .debug_line    0x0000229b      0x3d7 ..\obj\stm32f4xx_dma.o
 .debug_line    0x00002672      0x17b ..\obj\stm32f4_discovery_callbacks.o
 .debug_line    0x000027ed      0x44d ..\obj\stm32f4xx_spi.o
 .debug_line    0x00002c3a      0x240 ..\obj\misc.o

.debug_str      0x00000000     0x2d32
 .debug_str     0x00000000      0xf24 ..\obj\stm32f4_discovery_audio_codec.o
                               0x106d (size before relaxing)
 .debug_str     0x00000f24      0x47e ..\obj\stm32f4xx_usart.o
                                0x68a (size before relaxing)
 .debug_str     0x000013a2      0x11f ..\obj\led.o
                                0x1d7 (size before relaxing)
 .debug_str     0x000014c1      0x235 ..\obj\stm32f4xx_dac.o
                                0x44e (size before relaxing)
 .debug_str     0x000016f6      0x385 ..\obj\uart.o
                                0xe43 (size before relaxing)
 .debug_str     0x00001a7b       0xbd ..\obj\startup_stm32f4xx.o
                                0x154 (size before relaxing)
 .debug_str     0x00001b38      0x273 ..\obj\stm32f4_discovery.o
                                0xb32 (size before relaxing)
 .debug_str     0x00001dab       0xb4 ..\obj\main.o
                                0x586 (size before relaxing)
 .debug_str     0x00001e5f      0x5c4 ..\obj\stm32f4xx_rcc.o
                                0x84b (size before relaxing)
 .debug_str     0x00002423      0x176 ..\obj\stm32f4xx_gpio.o
                                0x49e (size before relaxing)
 .debug_str     0x00002599      0x253 ..\obj\stm32f4xx_dma.o
                                0x53d (size before relaxing)
 .debug_str     0x000027ec       0x83 ..\obj\stm32f4_discovery_callbacks.o
                                0x1e0 (size before relaxing)
 .debug_str     0x0000286f      0x313 ..\obj\stm32f4xx_spi.o
                                0x685 (size before relaxing)
 .debug_str     0x00002b82      0x1b0 ..\obj\misc.o
                                0x3c9 (size before relaxing)

.debug_frame    0x00000000     0x1cc0
 .debug_frame   0x00000000      0x438 ..\obj\stm32f4_discovery_audio_codec.o
 .debug_frame   0x00000438      0x344 ..\obj\stm32f4xx_usart.o
 .debug_frame   0x0000077c       0x8c ..\obj\led.o
 .debug_frame   0x00000808      0x1ec ..\obj\stm32f4xx_dac.o
 .debug_frame   0x000009f4      0x188 ..\obj\uart.o
 .debug_frame   0x00000b7c       0x48 ..\obj\startup_stm32f4xx.o
 .debug_frame   0x00000bc4       0xc4 ..\obj\stm32f4_discovery.o
 .debug_frame   0x00000c88       0x88 ..\obj\main.o
 .debug_frame   0x00000d10      0x4d8 ..\obj\stm32f4xx_rcc.o
 .debug_frame   0x000011e8      0x19c ..\obj\stm32f4xx_gpio.o
 .debug_frame   0x00001384      0x224 ..\obj\stm32f4xx_dma.o
 .debug_frame   0x000015a8       0x44 ..\obj\stm32f4_discovery_callbacks.o
 .debug_frame   0x000015ec      0x2d0 ..\obj\stm32f4xx_spi.o
 .debug_frame   0x000018bc       0x9c ..\obj\misc.o
 .debug_frame   0x00001958       0x20 c:/program files (x86)/gnu tools arm embedded/4.8 2014q3/bin/../lib/gcc/arm-none-eabi/4.8.4/../../../../arm-none-eabi/lib/armv7e-m\libc.a(lib_a-aeabi_atexit.o)
 .debug_frame   0x00001978       0x28 c:/program files (x86)/gnu tools arm embedded/4.8 2014q3/bin/../lib/gcc/arm-none-eabi/4.8.4/../../../../arm-none-eabi/lib/armv7e-m\libc.a(lib_a-cxa_atexit.o)
 .debug_frame   0x000019a0       0x28 c:/program files (x86)/gnu tools arm embedded/4.8 2014q3/bin/../lib/gcc/arm-none-eabi/4.8.4/../../../../arm-none-eabi/lib/armv7e-m\libc.a(lib_a-exit.o)
 .debug_frame   0x000019c8       0x2c c:/program files (x86)/gnu tools arm embedded/4.8 2014q3/bin/../lib/gcc/arm-none-eabi/4.8.4/../../../../arm-none-eabi/lib/armv7e-m\libc.a(lib_a-init.o)
 .debug_frame   0x000019f4       0x30 c:/program files (x86)/gnu tools arm embedded/4.8 2014q3/bin/../lib/gcc/arm-none-eabi/4.8.4/../../../../arm-none-eabi/lib/armv7e-m\libc.a(lib_a-malloc.o)
 .debug_frame   0x00001a24       0x38 c:/program files (x86)/gnu tools arm embedded/4.8 2014q3/bin/../lib/gcc/arm-none-eabi/4.8.4/../../../../arm-none-eabi/lib/armv7e-m\libc.a(lib_a-mallocr.o)
 .debug_frame   0x00001a5c       0x2c c:/program files (x86)/gnu tools arm embedded/4.8 2014q3/bin/../lib/gcc/arm-none-eabi/4.8.4/../../../../arm-none-eabi/lib/armv7e-m\libc.a(lib_a-memset.o)
 .debug_frame   0x00001a88       0x30 c:/program files (x86)/gnu tools arm embedded/4.8 2014q3/bin/../lib/gcc/arm-none-eabi/4.8.4/../../../../arm-none-eabi/lib/armv7e-m\libc.a(lib_a-mlock.o)
 .debug_frame   0x00001ab8       0x2c c:/program files (x86)/gnu tools arm embedded/4.8 2014q3/bin/../lib/gcc/arm-none-eabi/4.8.4/../../../../arm-none-eabi/lib/armv7e-m\libc.a(lib_a-sbrkr.o)
 .debug_frame   0x00001ae4       0x20 c:/program files (x86)/gnu tools arm embedded/4.8 2014q3/bin/../lib/gcc/arm-none-eabi/4.8.4/../../../../arm-none-eabi/lib/armv7e-m\libc.a(lib_a-strcpy.o)
 .debug_frame   0x00001b04       0x20 c:/program files (x86)/gnu tools arm embedded/4.8 2014q3/bin/../lib/gcc/arm-none-eabi/4.8.4/../../../../arm-none-eabi/lib/armv7e-m\libc.a(lib_a-strlen.o)
 .debug_frame   0x00001b24       0x30 c:/program files (x86)/gnu tools arm embedded/4.8 2014q3/bin/../lib/gcc/arm-none-eabi/4.8.4/../../../../arm-none-eabi/lib/armv7e-m\libc.a(lib_a-__atexit.o)
 .debug_frame   0x00001b54       0x48 c:/program files (x86)/gnu tools arm embedded/4.8 2014q3/bin/../lib/gcc/arm-none-eabi/4.8.4/../../../../arm-none-eabi/lib/armv7e-m\libc.a(lib_a-__call_atexit.o)
 .debug_frame   0x00001b9c       0x20 c:/program files (x86)/gnu tools arm embedded/4.8 2014q3/bin/../lib/gcc/arm-none-eabi/4.8.4/../../../../arm-none-eabi/lib/armv7e-m\libc.a(lib_a-atexit.o)
 .debug_frame   0x00001bbc       0x2c c:/program files (x86)/gnu tools arm embedded/4.8 2014q3/bin/../lib/gcc/arm-none-eabi/4.8.4/../../../../arm-none-eabi/lib/armv7e-m\libc.a(lib_a-fini.o)
 .debug_frame   0x00001be8       0x50 c:/program files (x86)/gnu tools arm embedded/4.8 2014q3/bin/../lib/gcc/arm-none-eabi/4.8.4/../../../../arm-none-eabi/lib/armv7e-m\libc.a(lib_a-freer.o)
 .debug_frame   0x00001c38       0x48 c:/program files (x86)/gnu tools arm embedded/4.8 2014q3/bin/../lib/gcc/arm-none-eabi/4.8.4/../../../../arm-none-eabi/lib/armv7e-m\libc.a(lib_a-reent.o)
 .debug_frame   0x00001c80       0x20 c:/program files (x86)/gnu tools arm embedded/4.8 2014q3/bin/../lib/gcc/arm-none-eabi/4.8.4/../../../../arm-none-eabi/lib/armv7e-m\libnosys.a(sbrk.o)
 .debug_frame   0x00001ca0       0x20 c:/program files (x86)/gnu tools arm embedded/4.8 2014q3/bin/../lib/gcc/arm-none-eabi/4.8.4/../../../../arm-none-eabi/lib/armv7e-m\libnosys.a(_exit.o)

.stabstr        0x00000000       0x76
 .stabstr       0x00000000       0x76 c:/program files (x86)/gnu tools arm embedded/4.8 2014q3/bin/../lib/gcc/arm-none-eabi/4.8.4/../../../../arm-none-eabi/lib/armv7e-m\libnosys.a(getpid.o)
