Archive member included because of file (symbol)

c:/program files (x86)/gnu tools arm embedded/4.8 2014q3/bin/../lib/gcc/arm-none-eabi/4.8.4/armv7e-m\libgcc.a(_arm_addsubdf3.o)
                              ..\obj\ampermeter.o (__aeabi_dsub)
c:/program files (x86)/gnu tools arm embedded/4.8 2014q3/bin/../lib/gcc/arm-none-eabi/4.8.4/armv7e-m\libgcc.a(_arm_muldivdf3.o)
                              ..\obj\fassade.o (__aeabi_dmul)
c:/program files (x86)/gnu tools arm embedded/4.8 2014q3/bin/../lib/gcc/arm-none-eabi/4.8.4/armv7e-m\libgcc.a(_arm_fixdfsi.o)
                              ..\obj\fassade.o (__aeabi_d2iz)
c:/program files (x86)/gnu tools arm embedded/4.8 2014q3/bin/../lib/gcc/arm-none-eabi/4.8.4/armv7e-m\libgcc.a(_arm_truncdfsf2.o)
                              ..\obj\ampermeter.o (__aeabi_d2f)
c:/program files (x86)/gnu tools arm embedded/4.8 2014q3/bin/../lib/gcc/arm-none-eabi/4.8.4/armv7e-m\libgcc.a(_arm_addsubsf3.o)
                              ..\obj\tm_stm32f4_ds18b20.o (__aeabi_fsub)
c:/program files (x86)/gnu tools arm embedded/4.8 2014q3/bin/../lib/gcc/arm-none-eabi/4.8.4/armv7e-m\libgcc.a(_arm_muldivsf3.o)
                              ..\obj\tm_stm32f4_ds18b20.o (__aeabi_fmul)
c:/program files (x86)/gnu tools arm embedded/4.8 2014q3/bin/../lib/gcc/arm-none-eabi/4.8.4/armv7e-m\libgcc.a(unwind-arm.o)
                              ..\obj\stepper.o (__aeabi_unwind_cpp_pr0)
c:/program files (x86)/gnu tools arm embedded/4.8 2014q3/bin/../lib/gcc/arm-none-eabi/4.8.4/armv7e-m\libgcc.a(libunwind.o)
                              c:/program files (x86)/gnu tools arm embedded/4.8 2014q3/bin/../lib/gcc/arm-none-eabi/4.8.4/armv7e-m\libgcc.a(unwind-arm.o) (restore_core_regs)
c:/program files (x86)/gnu tools arm embedded/4.8 2014q3/bin/../lib/gcc/arm-none-eabi/4.8.4/armv7e-m\libgcc.a(pr-support.o)
                              c:/program files (x86)/gnu tools arm embedded/4.8 2014q3/bin/../lib/gcc/arm-none-eabi/4.8.4/armv7e-m\libgcc.a(unwind-arm.o) (__gnu_unwind_execute)
c:/program files (x86)/gnu tools arm embedded/4.8 2014q3/bin/../lib/gcc/arm-none-eabi/4.8.4/../../../../arm-none-eabi/lib/armv7e-m\libc.a(lib_a-abort.o)
                              c:/program files (x86)/gnu tools arm embedded/4.8 2014q3/bin/../lib/gcc/arm-none-eabi/4.8.4/armv7e-m\libgcc.a(unwind-arm.o) (abort)
c:/program files (x86)/gnu tools arm embedded/4.8 2014q3/bin/../lib/gcc/arm-none-eabi/4.8.4/../../../../arm-none-eabi/lib/armv7e-m\libc.a(lib_a-aeabi_atexit.o)
                              ..\obj\main.o (__aeabi_atexit)
c:/program files (x86)/gnu tools arm embedded/4.8 2014q3/bin/../lib/gcc/arm-none-eabi/4.8.4/../../../../arm-none-eabi/lib/armv7e-m\libc.a(lib_a-atoi.o)
                              ..\obj\terminal.o (atoi)
c:/program files (x86)/gnu tools arm embedded/4.8 2014q3/bin/../lib/gcc/arm-none-eabi/4.8.4/../../../../arm-none-eabi/lib/armv7e-m\libc.a(lib_a-cxa_atexit.o)
                              c:/program files (x86)/gnu tools arm embedded/4.8 2014q3/bin/../lib/gcc/arm-none-eabi/4.8.4/../../../../arm-none-eabi/lib/armv7e-m\libc.a(lib_a-aeabi_atexit.o) (__cxa_atexit)
c:/program files (x86)/gnu tools arm embedded/4.8 2014q3/bin/../lib/gcc/arm-none-eabi/4.8.4/../../../../arm-none-eabi/lib/armv7e-m\libc.a(lib_a-exit.o)
                              c:/program files (x86)/gnu tools arm embedded/4.8 2014q3/bin/../lib/gcc/arm-none-eabi/4.8.4/../../../../arm-none-eabi/lib/armv7e-m/crt0.o (exit)
c:/program files (x86)/gnu tools arm embedded/4.8 2014q3/bin/../lib/gcc/arm-none-eabi/4.8.4/../../../../arm-none-eabi/lib/armv7e-m\libc.a(lib_a-impure.o)
                              c:/program files (x86)/gnu tools arm embedded/4.8 2014q3/bin/../lib/gcc/arm-none-eabi/4.8.4/../../../../arm-none-eabi/lib/armv7e-m\libc.a(lib_a-exit.o) (_global_impure_ptr)
c:/program files (x86)/gnu tools arm embedded/4.8 2014q3/bin/../lib/gcc/arm-none-eabi/4.8.4/../../../../arm-none-eabi/lib/armv7e-m\libc.a(lib_a-init.o)
                              c:/program files (x86)/gnu tools arm embedded/4.8 2014q3/bin/../lib/gcc/arm-none-eabi/4.8.4/../../../../arm-none-eabi/lib/armv7e-m/crt0.o (__libc_init_array)
c:/program files (x86)/gnu tools arm embedded/4.8 2014q3/bin/../lib/gcc/arm-none-eabi/4.8.4/../../../../arm-none-eabi/lib/armv7e-m\libc.a(lib_a-malloc.o)
                              ..\obj\terminal.o (malloc)
c:/program files (x86)/gnu tools arm embedded/4.8 2014q3/bin/../lib/gcc/arm-none-eabi/4.8.4/../../../../arm-none-eabi/lib/armv7e-m\libc.a(lib_a-mallocr.o)
                              c:/program files (x86)/gnu tools arm embedded/4.8 2014q3/bin/../lib/gcc/arm-none-eabi/4.8.4/../../../../arm-none-eabi/lib/armv7e-m\libc.a(lib_a-malloc.o) (_malloc_r)
c:/program files (x86)/gnu tools arm embedded/4.8 2014q3/bin/../lib/gcc/arm-none-eabi/4.8.4/../../../../arm-none-eabi/lib/armv7e-m\libc.a(lib_a-memcpy.o)
                              ..\obj\xbee.o (memcpy)
[...]
Memory Configuration

Name             Origin             Length             Attributes
FLASH            0x08000000         0x00100000         xr
RAM              0x20000000         0x00020000         xrw
RAM1             0x10000000         0x00010000         xrw
*default*        0x00000000         0xffffffff

Linker script and memory map

LOAD c:/program files (x86)/gnu tools arm embedded/4.8 2014q3/bin/../lib/gcc/arm-none-eabi/4.8.4/armv7e-m/crti.o
LOAD c:/program files (x86)/gnu tools arm embedded/4.8 2014q3/bin/../lib/gcc/arm-none-eabi/4.8.4/armv7e-m/crtbegin.o
LOAD c:/program files (x86)/gnu tools arm embedded/4.8 2014q3/bin/../lib/gcc/arm-none-eabi/4.8.4/../../../../arm-none-eabi/lib/armv7e-m/crt0.o

.text           0x08000000     0xa960
 *(.isr_vector)
 .isr_vector    0x08000000      0x188 ..\obj\startup_stm32f4xx.o
                0x08000000                g_pfnVectors
 *(.text*)
 .text          0x08000188       0x54 c:/program files (x86)/gnu tools arm embedded/4.8 2014q3/bin/../lib/gcc/arm-none-eabi/4.8.4/armv7e-m/crtbegin.o
 .text          0x080001dc       0x74 c:/program files (x86)/gnu tools arm embedded/4.8 2014q3/bin/../lib/gcc/arm-none-eabi/4.8.4/../../../../arm-none-eabi/lib/armv7e-m/crt0.o
                0x080001dc                _start
                0x080001dc                _mainCRTStartup
 .text._ZN18TemperaturSensorenC2Ev
                0x08000250       0x9c ..\obj\temp_sensors.o
                0x08000250                TemperaturSensoren::TemperaturSensoren()
                0x08000250                TemperaturSensoren::TemperaturSensoren()
 .text._ZN18TemperaturSensoren25getAnzahlGefunderSensorenEv
                0x080002ec       0x18 ..\obj\temp_sensors.o
                0x080002ec                TemperaturSensoren::getAnzahlGefunderSensoren()
 .text.TM_DS18B20_SetResolution
                0x08000304       0xec ..\obj\tm_stm32f4_ds18b20.o
                0x08000304                TM_DS18B20_SetResolution
 .text.TM_DS18B20_Is
                0x080003f0       0x24 ..\obj\tm_stm32f4_ds18b20.o
                0x080003f0                TM_DS18B20_Is
 .text.Audio_MAL_IRQHandler
                0x08000414       0xf8 ..\obj\stm32f4_discovery_audio_codec.o
 .text.DMA1_Stream7_IRQHandler
                0x0800050c        0xc ..\obj\stm32f4_discovery_audio_codec.o
                0x0800050c                DMA1_Stream7_IRQHandler
 .text.DMA1_Stream0_IRQHandler
                0x08000518        0xc ..\obj\stm32f4_discovery_audio_codec.o
                0x08000518                DMA1_Stream0_IRQHandler
 .text.SPI3_IRQHandler
                0x08000524       0x40 ..\obj\stm32f4_discovery_audio_codec.o
                0x08000524                SPI3_IRQHandler
 .text.USART_Init
                0x08000564      0x174 ..\obj\stm32f4xx_usart.o
                0x08000564                USART_Init
 .text.USART_Cmd
                0x080006d8       0x40 ..\obj\stm32f4xx_usart.o
                0x080006d8                USART_Cmd
 .text.USART_SendData
                0x08000718       0x24 ..\obj\stm32f4xx_usart.o
                0x08000718                USART_SendData
 .text.USART_ReceiveData
                0x0800073c       0x20 ..\obj\stm32f4xx_usart.o
                0x0800073c                USART_ReceiveData
 .text.USART_DMACmd
                0x0800075c       0x48 ..\obj\stm32f4xx_usart.o
                0x0800075c                USART_DMACmd
 .text.USART_ITConfig
                0x080007a4       0x90 ..\obj\stm32f4xx_usart.o
                0x080007a4                USART_ITConfig
 .text.USART_GetFlagStatus
                0x08000834       0x38 ..\obj\stm32f4xx_usart.o
                0x08000834                USART_GetFlagStatus
 .text.USART_ClearFlag
                0x0800086c       0x20 ..\obj\stm32f4xx_usart.o
                0x0800086c                USART_ClearFlag
 .text.USART_GetITStatus
                0x0800088c       0xb0 ..\obj\stm32f4xx_usart.o
                0x0800088c                USART_GetITStatus
 .text._ZN17QuadratureEncoderC2Ev
                0x0800093c       0xa0 ..\obj\quadrature_encoder.o
                0x0800093c                QuadratureEncoder::QuadratureEncoder()
                0x0800093c                QuadratureEncoder::QuadratureEncoder()
 .text._ZN17QuadratureEncoder5resetEv
                0x080009dc       0x24 ..\obj\quadrature_encoder.o
                0x080009dc                QuadratureEncoder::reset()
 .text._ZN3LedC2Ev
                0x08000a00       0x18 ..\obj\led.o
                0x08000a00                Led::Led()
                0x08000a00                Led::Led()
 .text._ZN3LedD2Ev
                0x08000a18       0x18 ..\obj\led.o
                0x08000a18                Led::~Led()
                0x08000a18                Led::~Led()
 .text._ZN3Led2OnEv
                0x08000a30       0x14 ..\obj\led.o
                0x08000a30                Led::On()
 .text._ZN3Led3OffEv
                0x08000a44       0x14 ..\obj\led.o
                0x08000a44                Led::Off()
 .text.DAC_SetChannel1Data
                0x08000a58       0x34 ..\obj\stm32f4xx_dac.o
                0x08000a58                DAC_SetChannel1Data
 .text.EXTI9_5_IRQHandler
                0x08000a8c       0xb8 ..\obj\rotary.o
                0x08000a8c                EXTI9_5_IRQHandler
 .text._ZN7StepperC2Ev
                0x08000b44       0x20 ..\obj\stepper.o
                0x08000b44                Stepper::Stepper()
                0x08000b44                Stepper::Stepper()
 .text._ZN7Stepper4InitEv
                0x08000b64       0x74 ..\obj\stepper.o
                0x08000b64                Stepper::Init()
 .text._ZN7Stepper4LeftEii
                0x08000bd8       0x48 ..\obj\stepper.o
                0x08000bd8                Stepper::Left(int, int)
 .text._ZN7Stepper5RightEii
                0x08000c20       0x48 ..\obj\stepper.o
                0x08000c20                Stepper::Right(int, int)
 .text._ZN7Stepper7Go2StepEi
                0x08000c68       0x64 ..\obj\stepper.o
                0x08000c68                Stepper::Go2Step(int)
 .text._ZN7Stepper8LeerlaufEv
                0x08000ccc       0x30 ..\obj\stepper.o
                0x08000ccc                Stepper::Leerlauf()
 .text._ZN7Stepper7RunStepEv
                0x08000cfc       0xb8 ..\obj\stepper.o
                0x08000cfc                Stepper::RunStep()
 .text._ZN7Stepper15EnableSingeltonEv
                0x08000db4       0x1c ..\obj\stepper.o
                0x08000db4                Stepper::EnableSingelton()
 .text._ZN7Stepper8InitTim2Eii
                0x08000dd0       0x70 ..\obj\stepper.o
                0x08000dd0                Stepper::InitTim2(int, int)
 .text.TIM2_IRQHandler
                0x08000e40       0x6c ..\obj\stepper.o
                0x08000e40                TIM2_IRQHandler
 .text.Default_Reset_Handler
                0x08000eac       0x5c ..\obj\startup_stm32f4xx.o
                0x08000eac                Default_Reset_Handler
                0x08000eac                Reset_Handler
 .text.Default_Handler
                0x08000f08        0x8 ..\obj\startup_stm32f4xx.o
                0x08000f08                RTC_Alarm_IRQHandler
                0x08000f08                HASH_RNG_IRQHandler
                0x08000f08                EXTI2_IRQHandler
                0x08000f08                TIM8_CC_IRQHandler
                0x08000f08                DebugMon_Handler
                0x08000f08                TIM1_CC_IRQHandler
                0x08000f08                DMA2_Stream5_IRQHandler
                0x08000f08                HardFault_Handler
                0x08000f08                PVD_IRQHandler
                0x08000f08                SDIO_IRQHandler
                0x08000f08                TAMP_STAMP_IRQHandler
                0x08000f08                PendSV_Handler
                0x08000f08                NMI_Handler
                0x08000f08                CAN2_RX1_IRQHandler
                0x08000f08                EXTI3_IRQHandler
                0x08000f08                TIM8_TRG_COM_TIM14_IRQHandler
                0x08000f08                TIM1_UP_TIM10_IRQHandler
                0x08000f08                TIM8_UP_TIM13_IRQHandler
                0x08000f08                I2C3_ER_IRQHandler
                0x08000f08                EXTI0_IRQHandler
                0x08000f08                I2C2_EV_IRQHandler
                0x08000f08                DMA1_Stream2_IRQHandler
                0x08000f08                CAN1_RX0_IRQHandler
                0x08000f08                FPU_IRQHandler
                0x08000f08                OTG_HS_WKUP_IRQHandler
                0x08000f08                UsageFault_Handler
                0x08000f08                CAN2_SCE_IRQHandler
                0x08000f08                DMA2_Stream2_IRQHandler
                0x08000f08                SPI1_IRQHandler
                0x08000f08                TIM6_DAC_IRQHandler
                0x08000f08                TIM1_BRK_TIM9_IRQHandler
                0x08000f08                DCMI_IRQHandler
                0x08000f08                CAN2_RX0_IRQHandler
                0x08000f08                DMA2_Stream3_IRQHandler
                0x08000f08                USART6_IRQHandler
                0x08000f08                CRYP_IRQHandler
                0x08000f08                CAN1_RX1_IRQHandler
                0x08000f08                UART5_IRQHandler
                0x08000f08                DMA2_Stream0_IRQHandler
                0x08000f08                TIM4_IRQHandler
                0x08000f08                I2C1_EV_IRQHandler
                0x08000f08                DMA1_Stream6_IRQHandler
                0x08000f08                DMA1_Stream1_IRQHandler
                0x08000f08                UART4_IRQHandler
                0x08000f08                TIM3_IRQHandler
                0x08000f08                RCC_IRQHandler
                0x08000f08                TIM8_BRK_TIM12_IRQHandler
                0x08000f08                EXTI15_10_IRQHandler
                0x08000f08                ADC_IRQHandler
                0x08000f08                TIM7_IRQHandler
                0x08000f08                CAN2_TX_IRQHandler
                0x08000f08                TIM5_IRQHandler
                0x08000f08                DMA2_Stream7_IRQHandler
                0x08000f08                I2C3_EV_IRQHandler
                0x08000f08                RTC_WKUP_IRQHandler
                0x08000f08                ETH_WKUP_IRQHandler
                0x08000f08                SPI2_IRQHandler
                0x08000f08                OTG_HS_EP1_IN_IRQHandler
                0x08000f08                MemManage_Handler
                0x08000f08                CAN1_TX_IRQHandler
                0x08000f08                SVC_Handler
                0x08000f08                EXTI4_IRQHandler
                0x08000f08                FSMC_IRQHandler
                0x08000f08                ETH_IRQHandler
                0x08000f08                OTG_HS_EP1_OUT_IRQHandler
                0x08000f08                WWDG_IRQHandler
                0x08000f08                OTG_FS_WKUP_IRQHandler
                0x08000f08                TIM1_TRG_COM_TIM11_IRQHandler
                0x08000f08                OTG_HS_IRQHandler
                0x08000f08                EXTI1_IRQHandler
                0x08000f08                I2C2_ER_IRQHandler
                0x08000f08                DMA2_Stream1_IRQHandler
                0x08000f08                CAN1_SCE_IRQHandler
                0x08000f08                FLASH_IRQHandler
                0x08000f08                DMA2_Stream4_IRQHandler
                0x08000f08                BusFault_Handler
                0x08000f08                USART1_IRQHandler
                0x08000f08                OTG_FS_IRQHandler
                0x08000f08                DMA1_Stream4_IRQHandler
                0x08000f08                I2C1_ER_IRQHandler
                0x08000f08                DMA2_Stream6_IRQHandler
 .text.STM_EVAL_LEDInit
                0x08000f10       0x5c ..\obj\stm32f4_discovery.o
                0x08000f10                STM_EVAL_LEDInit
 .text.STM_EVAL_LEDOn
                0x08000f6c       0x30 ..\obj\stm32f4_discovery.o
                0x08000f6c                STM_EVAL_LEDOn
 .text.STM_EVAL_LEDOff
                0x08000f9c       0x30 ..\obj\stm32f4_discovery.o
                0x08000f9c                STM_EVAL_LEDOff
 .text.main     0x08000fcc      0x130 ..\obj\main.o
                0x08000fcc                main
 .text._Z41__static_initialization_and_destruction_0ii
                0x080010fc       0x3c ..\obj\main.o
 .text._GLOBAL__sub_I_OutputString
                0x08001138       0x10 ..\obj\main.o
 .text.RCC_GetClocksFreq
                0x08001148      0x154 ..\obj\stm32f4xx_rcc.o
                0x08001148                RCC_GetClocksFreq
 .text.RCC_AHB1PeriphClockCmd
                0x0800129c       0x3c ..\obj\stm32f4xx_rcc.o
                0x0800129c                RCC_AHB1PeriphClockCmd
 .text.RCC_APB1PeriphClockCmd
                0x080012d8       0x3c ..\obj\stm32f4xx_rcc.o
                0x080012d8                RCC_APB1PeriphClockCmd
 .text.RCC_APB2PeriphClockCmd
                0x08001314       0x3c ..\obj\stm32f4xx_rcc.o
                0x08001314                RCC_APB2PeriphClockCmd
 .text.RCC_APB2PeriphResetCmd
                0x08001350       0x3c ..\obj\stm32f4xx_rcc.o
                0x08001350                RCC_APB2PeriphResetCmd
 .text._ZN7Fassade16InitGewaechshausEv
                0x0800138c       0x40 ..\obj\fassade.o
                0x0800138c                Fassade::InitGewaechshaus()
 *fill*         0x080013cc        0x4 
 .text._ZN7Fassade15Window2PositionEi
                0x080013d0       0x90 ..\obj\fassade.o
                0x080013d0                Fassade::Window2Position(int)
 .text._ZN7Fassade14DisplayMassageEPc
                0x08001460       0x38 ..\obj\fassade.o
                0x08001460                Fassade::DisplayMassage(char*)
 .text._ZN10AmpermeterC2Ev
                0x08001498       0x18 ..\obj\ampermeter.o
                0x08001498                Ampermeter::Ampermeter()
                0x08001498                Ampermeter::Ampermeter()
 .text._ZN10Ampermeter10getCurrentEv
                0x080014b0       0x70 ..\obj\ampermeter.o
                0x080014b0                Ampermeter::getCurrent()
 .text.ADC_DeInit
                0x08001520       0x1c ..\obj\stm32f4xx_adc.o
                0x08001520                ADC_DeInit
 .text.ADC_Init
                0x0800153c       0xa8 ..\obj\stm32f4xx_adc.o
                0x0800153c                ADC_Init
 .text.ADC_CommonInit
                0x080015e4       0x50 ..\obj\stm32f4xx_adc.o
                0x080015e4                ADC_CommonInit
 .text.ADC_Cmd  0x08001634       0x38 ..\obj\stm32f4xx_adc.o
                0x08001634                ADC_Cmd
 .text.ADC_RegularChannelConfig
                0x0800166c      0x188 ..\obj\stm32f4xx_adc.o
                0x0800166c                ADC_RegularChannelConfig
 .text.ADC_SoftwareStartConv
                0x080017f4       0x20 ..\obj\stm32f4xx_adc.o
                0x080017f4                ADC_SoftwareStartConv
 .text.ADC_DMACmd
                0x08001814       0x38 ..\obj\stm32f4xx_adc.o
                0x08001814                ADC_DMACmd
 .text.ADC_DMARequestAfterLastTransferCmd
                0x0800184c       0x38 ..\obj\stm32f4xx_adc.o
                0x0800184c                ADC_DMARequestAfterLastTransferCmd
 .text.NVIC_SetPriority
                0x08001884       0x54 ..\obj\stm32_ub_systick.o
 .text.SysTick_Config
                0x080018d8       0x44 ..\obj\stm32_ub_systick.o
 .text.UB_Systick_Init
                0x0800191c       0x68 ..\obj\stm32_ub_systick.o
                0x0800191c                UB_Systick_Init
 .text.UB_Systick_Pause_us
                0x08001984       0x28 ..\obj\stm32_ub_systick.o
                0x08001984                UB_Systick_Pause_us
 .text.UB_Systick_Pause_ms
                0x080019ac       0x2c ..\obj\stm32_ub_systick.o
                0x080019ac                UB_Systick_Pause_ms
 .text.SysTick_Handler
                0x080019d8       0x7c ..\obj\stm32_ub_systick.o
                0x080019d8                SysTick_Handler
 .text._ZN7DisplayC2Ei
                0x08001a54       0x2c ..\obj\display.o
                0x08001a54                Display::Display(int)
                0x08001a54                Display::Display(int)
 .text._ZN7Display4InitEv
                0x08001a80       0xa4 ..\obj\display.o
                0x08001a80                Display::Init()
 .text._ZN7Display11uartPutCharEt
                0x08001b24       0x3c ..\obj\display.o
                0x08001b24                Display::uartPutChar(unsigned short)
 .text._ZN7Display10SendStringEPc
                0x08001b60       0x2c ..\obj\display.o
                0x08001b60                Display::SendString(char*)
 .text._ZN7Display8SendByteEPci
                0x08001b8c       0x38 ..\obj\display.o
                0x08001b8c                Display::SendByte(char*, int)
 .text._ZN7Display9BacklightEc
                0x08001bc4       0x3c ..\obj\display.o
                0x08001bc4                Display::Backlight(char)
 .text._ZN7Display14SpecialCommandEc
                0x08001c00       0x34 ..\obj\display.o
                0x08001c00                Display::SpecialCommand(char)
 .text._ZN7Display17SetCursorPositionEc
                0x08001c34       0x38 ..\obj\display.o
                0x08001c34                Display::SetCursorPosition(char)
 .text.TM_OneWire_Init
                0x08001c6c       0x40 ..\obj\tm_stm32f4_onewire.o
                0x08001c6c                TM_OneWire_Init
 .text.TM_OneWire_Reset
                0x08001cac       0x5c ..\obj\tm_stm32f4_onewire.o
                0x08001cac                TM_OneWire_Reset
 .text.TM_OneWire_ReadBit
                0x08001d08       0x64 ..\obj\tm_stm32f4_onewire.o
                0x08001d08                TM_OneWire_ReadBit
 .text.TM_OneWire_ReadByte
                0x08001d6c       0x3c ..\obj\tm_stm32f4_onewire.o
                0x08001d6c                TM_OneWire_ReadByte
 .text.TM_OneWire_WriteBit
                0x08001da8       0x5c ..\obj\tm_stm32f4_onewire.o
                0x08001da8                TM_OneWire_WriteBit
 .text.TM_OneWire_WriteByte
                0x08001e04       0x34 ..\obj\tm_stm32f4_onewire.o
                0x08001e04                TM_OneWire_WriteByte
 .text.TM_OneWire_First
                0x08001e38       0x14 ..\obj\tm_stm32f4_onewire.o
                0x08001e38                TM_OneWire_First
 .text.TM_OneWire_Next
                0x08001e4c       0x10 ..\obj\tm_stm32f4_onewire.o
                0x08001e4c                TM_OneWire_Next
 .text.TM_OneWire_ResetSearch
                0x08001e5c       0x2c ..\obj\tm_stm32f4_onewire.o
                0x08001e5c                TM_OneWire_ResetSearch
 .text.TM_OneWire_Search
                0x08001e88      0x180 ..\obj\tm_stm32f4_onewire.o
                0x08001e88                TM_OneWire_Search
 .text.TM_OneWire_SelectWithPointer
                0x08002008       0x34 ..\obj\tm_stm32f4_onewire.o
                0x08002008                TM_OneWire_SelectWithPointer
 .text.TM_OneWire_GetFullROM
                0x0800203c       0x38 ..\obj\tm_stm32f4_onewire.o
                0x0800203c                TM_OneWire_GetFullROM
 .text._ZN8TerminalC2Ei
                0x08002074       0x74 ..\obj\terminal.o
                0x08002074                Terminal::Terminal(int)
                0x08002074                Terminal::Terminal(int)
 .text._ZN8Terminal11buffer_initEv
                0x080020e8       0x34 ..\obj\terminal.o
                0x080020e8                Terminal::buffer_init()
 .text._ZN8Terminal8BufferInEc
                0x0800211c       0x88 ..\obj\terminal.o
                0x0800211c                Terminal::BufferIn(char)
 .text._ZN8Terminal9BufferOutEPc
                0x080021a4       0x68 ..\obj\terminal.o
                0x080021a4                Terminal::BufferOut(char*)
 .text._ZN8Terminal10ReadBufferEPc
                0x0800220c       0x54 ..\obj\terminal.o
                0x0800220c                Terminal::ReadBuffer(char*)
 .text._ZN8Terminal13usart3InitDMAEv
                0x08002260       0xc8 ..\obj\terminal.o
                0x08002260                Terminal::usart3InitDMA()
 .text._ZN8Terminal10SendViaDmaEPci
                0x08002328       0xac ..\obj\terminal.o
                0x08002328                Terminal::SendViaDma(char*, int)
 .text._ZN8Terminal10usart3InitEv
                0x080023d4       0xe0 ..\obj\terminal.o
                0x080023d4                Terminal::usart3Init()
 .text._ZN8Terminal11uartPutCharEt
                0x080024b4       0x3c ..\obj\terminal.o
                0x080024b4                Terminal::uartPutChar(unsigned short)
 .text._ZN8Terminal14uartSendStringEPc
                0x080024f0       0x2c ..\obj\terminal.o
                0x080024f0                Terminal::uartSendString(char*)
 .text._ZN8Terminal11SendMessageEPc
                0x0800251c       0x24 ..\obj\terminal.o
                0x0800251c                Terminal::SendMessage(char*)
 .text._ZN8Terminal18IsCommandoAvalibleEv
                0x08002540       0x8c ..\obj\terminal.o
                0x08002540                Terminal::IsCommandoAvalible()
 .text._ZN8Terminal15ProzessCommandoEv
                0x080025cc       0x84 ..\obj\terminal.o
                0x080025cc                Terminal::ProzessCommando()
 .text._ZN8Terminal15CommandoProzessEPc
                0x08002650      0x26c ..\obj\terminal.o
                0x08002650                Terminal::CommandoProzess(char*)
 .text._ZN8Terminal15EnableSingeltonEv
                0x080028bc       0x1c ..\obj\terminal.o
                0x080028bc                Terminal::EnableSingelton()
 .text.DMA1_Stream3_IRQHandler
                0x080028d8       0x30 ..\obj\terminal.o
                0x080028d8                DMA1_Stream3_IRQHandler
 .text.USART3_IRQHandler
                0x08002908       0x48 ..\obj\terminal.o
                0x08002908                USART3_IRQHandler
 .text.GPIO_Init
                0x08002950      0x11c ..\obj\stm32f4xx_gpio.o
                0x08002950                GPIO_Init
 .text.GPIO_ReadInputDataBit
                0x08002a6c       0x34 ..\obj\stm32f4xx_gpio.o
                0x08002a6c                GPIO_ReadInputDataBit
 .text.GPIO_SetBits
                0x08002aa0       0x1c ..\obj\stm32f4xx_gpio.o
                0x08002aa0                GPIO_SetBits
 .text.GPIO_ResetBits
                0x08002abc       0x1c ..\obj\stm32f4xx_gpio.o
                0x08002abc                GPIO_ResetBits
 .text.GPIO_WriteBit
                0x08002ad8       0x30 ..\obj\stm32f4xx_gpio.o
                0x08002ad8                GPIO_WriteBit
 .text.GPIO_PinAFConfig
                0x08002b08       0x8c ..\obj\stm32f4xx_gpio.o
                0x08002b08                GPIO_PinAFConfig
 .text.SystemInit
                0x08002b94       0x58 ..\obj\system_stm32f4xx.o
                0x08002b94                SystemInit
 .text.SetSysClock
                0x08002bec       0xf4 ..\obj\system_stm32f4xx.o
 .text.DMA_DeInit
                0x08002ce0      0x1a4 ..\obj\stm32f4xx_dma.o
                0x08002ce0                DMA_DeInit
 .text.DMA_Init
                0x08002e84       0xac ..\obj\stm32f4xx_dma.o
                0x08002e84                DMA_Init
 .text.DMA_Cmd  0x08002f30       0x38 ..\obj\stm32f4xx_dma.o
                0x08002f30                DMA_Cmd
 .text.DMA_GetCmdStatus
                0x08002f68       0x30 ..\obj\stm32f4xx_dma.o
                0x08002f68                DMA_GetCmdStatus
 .text.DMA_GetFlagStatus
                0x08002f98       0x78 ..\obj\stm32f4xx_dma.o
                0x08002f98                DMA_GetFlagStatus
 .text.DMA_ClearFlag
                0x08003010       0x5c ..\obj\stm32f4xx_dma.o
                0x08003010                DMA_ClearFlag
 .text.DMA_ITConfig
                0x0800306c       0x74 ..\obj\stm32f4xx_dma.o
                0x0800306c                DMA_ITConfig
 .text.DMA_GetITStatus
                0x080030e0       0xb0 ..\obj\stm32f4xx_dma.o
                0x080030e0                DMA_GetITStatus
 .text.DMA_ClearITPendingBit
                0x08003190       0x5c ..\obj\stm32f4xx_dma.o
                0x08003190                DMA_ClearITPendingBit
 .text._ZN22AnalogDigitalConverterC2Ev
                0x080031ec      0x154 ..\obj\adc.o
                0x080031ec                AnalogDigitalConverter::AnalogDigitalConverter()
                0x080031ec                AnalogDigitalConverter::AnalogDigitalConverter()
 .text._ZN22AnalogDigitalConverter26getConvertedValueAsVoltageEi
                0x08003340       0x50 ..\obj\adc.o
                0x08003340                AnalogDigitalConverter::getConvertedValueAsVoltage(int)
 .text.EVAL_AUDIO_TransferComplete_CallBack
                0x08003390       0x14 ..\obj\stm32f4_discovery_callbacks.o
                0x08003390                EVAL_AUDIO_TransferComplete_CallBack
 .text.EVAL_AUDIO_GetSampleCallBack
                0x080033a4       0x10 ..\obj\stm32f4_discovery_callbacks.o
                0x080033a4                EVAL_AUDIO_GetSampleCallBack
 .text.SPI_I2S_SendData
                0x080033b4       0x1c ..\obj\stm32f4xx_spi.o
                0x080033b4                SPI_I2S_SendData
 .text.SPI_I2S_GetFlagStatus
                0x080033d0       0x38 ..\obj\stm32f4xx_spi.o
                0x080033d0                SPI_I2S_GetFlagStatus
 .text.EXTI_GetITStatus
                0x08003408       0x48 ..\obj\stm32f4xx_exti.o
                0x08003408                EXTI_GetITStatus
 .text.EXTI_ClearITPendingBit
                0x08003450       0x1c ..\obj\stm32f4xx_exti.o
                0x08003450                EXTI_ClearITPendingBit
 .text.NVIC_PriorityGroupConfig
                0x0800346c       0x24 ..\obj\misc.o
                0x0800346c                NVIC_PriorityGroupConfig
 .text.NVIC_Init
                0x08003490       0xbc ..\obj\misc.o
                0x08003490                NVIC_Init
 .text.TIM_TimeBaseInit
                0x0800354c       0xd4 ..\obj\stm32f4xx_tim.o
                0x0800354c                TIM_TimeBaseInit
 .text.TIM_SetAutoreload
                0x08003620       0x1c ..\obj\stm32f4xx_tim.o
                0x08003620                TIM_SetAutoreload
 .text.TIM_Cmd  0x0800363c       0x40 ..\obj\stm32f4xx_tim.o
                0x0800363c                TIM_Cmd
 .text.TIM_ICInit
                0x0800367c       0xa8 ..\obj\stm32f4xx_tim.o
                0x0800367c                TIM_ICInit
 .text.TIM_ICStructInit
                0x08003724       0x30 ..\obj\stm32f4xx_tim.o
                0x08003724                TIM_ICStructInit
 .text.TIM_SetIC1Prescaler
                0x08003754       0x38 ..\obj\stm32f4xx_tim.o
                0x08003754                TIM_SetIC1Prescaler
 .text.TIM_SetIC2Prescaler
                0x0800378c       0x3c ..\obj\stm32f4xx_tim.o
                0x0800378c                TIM_SetIC2Prescaler
 .text.TIM_SetIC3Prescaler
                0x080037c8       0x38 ..\obj\stm32f4xx_tim.o
                0x080037c8                TIM_SetIC3Prescaler
 .text.TIM_SetIC4Prescaler
                0x08003800       0x3c ..\obj\stm32f4xx_tim.o
                0x08003800                TIM_SetIC4Prescaler
 .text.TIM_ITConfig
                0x0800383c       0x48 ..\obj\stm32f4xx_tim.o
                0x0800383c                TIM_ITConfig
 .text.TIM_GetITStatus
                0x08003884       0x54 ..\obj\stm32f4xx_tim.o
                0x08003884                TIM_GetITStatus
 .text.TIM_ClearITPendingBit
                0x080038d8       0x20 ..\obj\stm32f4xx_tim.o
                0x080038d8                TIM_ClearITPendingBit
 .text.TIM_EncoderInterfaceConfig
                0x080038f8       0x8c ..\obj\stm32f4xx_tim.o
                0x080038f8                TIM_EncoderInterfaceConfig
 .text.TI1_Config
                0x08003984       0x78 ..\obj\stm32f4xx_tim.o
 .text.TI2_Config
                0x080039fc       0x8c ..\obj\stm32f4xx_tim.o
 .text.TI3_Config
                0x08003a88       0x84 ..\obj\stm32f4xx_tim.o
 .text.TI4_Config
                0x08003b0c       0x90 ..\obj\stm32f4xx_tim.o
 .text._ZN4XbeeC2Eii
                0x08003b9c       0x7c ..\obj\xbee.o
                0x08003b9c                Xbee::Xbee(int, int)
                0x08003b9c                Xbee::Xbee(int, int)
 .text._ZN4Xbee11buffer_initEv
                0x08003c18       0x34 ..\obj\xbee.o
                0x08003c18                Xbee::buffer_init()
 .text._ZN4Xbee8BufferInEc
                0x08003c4c       0x88 ..\obj\xbee.o
                0x08003c4c                Xbee::BufferIn(char)
 .text._ZN4Xbee9BufferOutEPc
                0x08003cd4       0x68 ..\obj\xbee.o
                0x08003cd4                Xbee::BufferOut(char*)
 .text._ZN4Xbee10ReadBufferEPc
                0x08003d3c       0x54 ..\obj\xbee.o
                0x08003d3c                Xbee::ReadBuffer(char*)
 .text._ZN4Xbee7InitDMAEv
                0x08003d90       0xc8 ..\obj\xbee.o
                0x08003d90                Xbee::InitDMA()
 .text._ZN4Xbee4InitEv
                0x08003e58       0xd0 ..\obj\xbee.o
                0x08003e58                Xbee::Init()
 .text._ZN4Xbee7PutCharEt
                0x08003f28       0x3c ..\obj\xbee.o
                0x08003f28                Xbee::PutChar(unsigned short)
 .text._ZN4Xbee16SendTransmissionEccccPcc
                0x08003f64       0xd4 ..\obj\xbee.o
                0x08003f64                Xbee::SendTransmission(char, char, char, char, char*, char)
 .text._ZN4Xbee18IsCommandoAvalibleEv
                0x08004038       0x7c ..\obj\xbee.o
                0x08004038                Xbee::IsCommandoAvalible()
 .text._ZN4Xbee15ProzessCommandoEv
                0x080040b4       0x8c ..\obj\xbee.o
                0x080040b4                Xbee::ProzessCommando()
 .text._ZN4Xbee15CommandoProzessEPc
                0x08004140      0x130 ..\obj\xbee.o
                0x08004140                Xbee::CommandoProzess(char*)
 .text.DMA1_Stream5_IRQHandler
                0x08004270       0x30 ..\obj\xbee.o
                0x08004270                DMA1_Stream5_IRQHandler
 .text.USART2_IRQHandler
                0x080042a0       0x48 ..\obj\xbee.o
                0x080042a0                USART2_IRQHandler
 .text          0x080042e8      0x370 c:/program files (x86)/gnu tools arm embedded/4.8 2014q3/bin/../lib/gcc/arm-none-eabi/4.8.4/armv7e-m\libgcc.a(_arm_addsubdf3.o)
                0x080042e8                __aeabi_drsub
                0x080042f0                __aeabi_dsub
                0x080042f0                __subdf3
                0x080042f4                __aeabi_dadd
                0x080042f4                __adddf3
                0x0800456c                __floatunsidf
                0x0800456c                __aeabi_ui2d
                0x0800458c                __floatsidf
                0x0800458c                __aeabi_i2d
                0x080045b0                __aeabi_f2d
                0x080045b0                __extendsfdf2
                0x080045ec                __floatundidf
                0x080045ec                __aeabi_ul2d
                0x080045fc                __floatdidf
                0x080045fc                __aeabi_l2d
 .text          0x08004658      0x424 c:/program files (x86)/gnu tools arm embedded/4.8 2014q3/bin/../lib/gcc/arm-none-eabi/4.8.4/armv7e-m\libgcc.a(_arm_muldivdf3.o)
                0x08004658                __aeabi_dmul
                0x08004658                __muldf3
                0x080048ac                __divdf3
                0x080048ac                __aeabi_ddiv
 .text          0x08004a7c       0x50 c:/program files (x86)/gnu tools arm embedded/4.8 2014q3/bin/../lib/gcc/arm-none-eabi/4.8.4/armv7e-m\libgcc.a(_arm_fixdfsi.o)
                0x08004a7c                __aeabi_d2iz
                0x08004a7c                __fixdfsi
 .text          0x08004acc       0xa0 c:/program files (x86)/gnu tools arm embedded/4.8 2014q3/bin/../lib/gcc/arm-none-eabi/4.8.4/armv7e-m\libgcc.a(_arm_truncdfsf2.o)
                0x08004acc                __truncdfsf2
                0x08004acc                __aeabi_d2f
 .text          0x08004b6c      0xa1c c:/program files (x86)/gnu tools arm embedded/4.8 2014q3/bin/../lib/gcc/arm-none-eabi/4.8.4/armv7e-m\libgcc.a(unwind-arm.o)
                0x08004e50                _Unwind_GetCFA
                0x08004e54                __gnu_Unwind_RaiseException
                0x08004eb4                __gnu_Unwind_ForcedUnwind
                0x08004ec8                __gnu_Unwind_Resume
                0x08004f0c                __gnu_Unwind_Resume_or_Rethrow
                0x08004f1c                _Unwind_Complete
                0x08004f20                _Unwind_DeleteException
                0x08004f30                _Unwind_VRS_Get
                0x08004f80                _Unwind_VRS_Set
                0x08004fd0                __gnu_Unwind_Backtrace
                0x08005324                __aeabi_unwind_cpp_pr0
                0x0800532c                __aeabi_unwind_cpp_pr1
                0x08005334                __aeabi_unwind_cpp_pr2
                0x0800533c                _Unwind_VRS_Pop
 .text          0x08005588      0x1ac c:/program files (x86)/gnu tools arm embedded/4.8 2014q3/bin/../lib/gcc/arm-none-eabi/4.8.4/armv7e-m\libgcc.a(libunwind.o)
                0x08005588                __restore_core_regs
                0x08005588                restore_core_regs
                0x080055a0                __gnu_Unwind_Restore_VFP
                0x080055a8                __gnu_Unwind_Save_VFP
                0x080055b0                __gnu_Unwind_Restore_VFP_D
                0x080055b8                __gnu_Unwind_Save_VFP_D
                0x080055c0                __gnu_Unwind_Restore_VFP_D_16_to_31
                0x080055c8                __gnu_Unwind_Save_VFP_D_16_to_31
                0x080055d0                __gnu_Unwind_Restore_WMMXD
                0x08005614                __gnu_Unwind_Save_WMMXD
                0x08005658                __gnu_Unwind_Restore_WMMXC
                0x0800566c                __gnu_Unwind_Save_WMMXC
                0x08005680                ___Unwind_RaiseException
                0x08005680                _Unwind_RaiseException
                0x080056a4                _Unwind_Resume
                0x080056a4                ___Unwind_Resume
                0x080056c8                _Unwind_Resume_or_Rethrow
                0x080056c8                ___Unwind_Resume_or_Rethrow
                0x080056ec                _Unwind_ForcedUnwind
                0x080056ec                ___Unwind_ForcedUnwind
                0x08005710                ___Unwind_Backtrace
                0x08005710                _Unwind_Backtrace
 .text          0x08005734      0x33c c:/program files (x86)/gnu tools arm embedded/4.8 2014q3/bin/../lib/gcc/arm-none-eabi/4.8.4/armv7e-m\libgcc.a(pr-support.o)
                0x08005788                __gnu_unwind_execute
                0x08005a14                __gnu_unwind_frame
                0x08005a40                _Unwind_GetRegionStart
                0x08005a4c                _Unwind_GetLanguageSpecificData
                0x08005a60                _Unwind_GetDataRelBase
                0x08005a68                _Unwind_GetTextRelBase
 .text.abort    0x08005a70       0x10 c:/program files (x86)/gnu tools arm embedded/4.8 2014q3/bin/../lib/gcc/arm-none-eabi/4.8.4/../../../../arm-none-eabi/lib/armv7e-m\libc.a(lib_a-abort.o)
                0x08005a70                abort
 .text.__aeabi_atexit
                0x08005a80        0xc c:/program files (x86)/gnu tools arm embedded/4.8 2014q3/bin/../lib/gcc/arm-none-eabi/4.8.4/../../../../arm-none-eabi/lib/armv7e-m\libc.a(lib_a-aeabi_atexit.o)
                0x08005a80                __aeabi_atexit
 .text.atoi     0x08005a8c        0x8 c:/program files (x86)/gnu tools arm embedded/4.8 2014q3/bin/../lib/gcc/arm-none-eabi/4.8.4/../../../../arm-none-eabi/lib/armv7e-m\libc.a(lib_a-atoi.o)
                0x08005a8c                atoi
 .text.__cxa_atexit
                0x08005a94       0x14 c:/program files (x86)/gnu tools arm embedded/4.8 2014q3/bin/../lib/gcc/arm-none-eabi/4.8.4/../../../../arm-none-eabi/lib/armv7e-m\libc.a(lib_a-cxa_atexit.o)
                0x08005a94                __cxa_atexit
 .text.exit     0x08005aa8       0x20 c:/program files (x86)/gnu tools arm embedded/4.8 2014q3/bin/../lib/gcc/arm-none-eabi/4.8.4/../../../../arm-none-eabi/lib/armv7e-m\libc.a(lib_a-exit.o)
                0x08005aa8                exit
 .text.__libc_init_array
                0x08005ac8       0x50 c:/program files (x86)/gnu tools arm embedded/4.8 2014q3/bin/../lib/gcc/arm-none-eabi/4.8.4/../../../../arm-none-eabi/lib/armv7e-m\libc.a(lib_a-init.o)
                0x08005ac8                __libc_init_array
 .text.malloc   0x08005b18       0x10 c:/program files (x86)/gnu tools arm embedded/4.8 2014q3/bin/../lib/gcc/arm-none-eabi/4.8.4/../../../../arm-none-eabi/lib/armv7e-m\libc.a(lib_a-malloc.o)
                0x08005b18                malloc
 .text.free     0x08005b28       0x10 c:/program files (x86)/gnu tools arm embedded/4.8 2014q3/bin/../lib/gcc/arm-none-eabi/4.8.4/../../../../arm-none-eabi/lib/armv7e-m\libc.a(lib_a-malloc.o)
                0x08005b28                free
 .text._malloc_r
                0x08005b38      0x538 c:/program files (x86)/gnu tools arm embedded/4.8 2014q3/bin/../lib/gcc/arm-none-eabi/4.8.4/../../../../arm-none-eabi/lib/armv7e-m\libc.a(lib_a-mallocr.o)
                0x08005b38                _malloc_r
 .text          0x08006070      0x134 c:/program files (x86)/gnu tools arm embedded/4.8 2014q3/bin/../lib/gcc/arm-none-eabi/4.8.4/../../../../arm-none-eabi/lib/armv7e-m\libc.a(lib_a-memcpy.o)
                0x08006070                memcpy
 .text.memset   0x080061a4       0x94 c:/program files (x86)/gnu tools arm embedded/4.8 2014q3/bin/../lib/gcc/arm-none-eabi/4.8.4/../../../../arm-none-eabi/lib/armv7e-m\libc.a(lib_a-memset.o)
                0x080061a4                memset
 .text.__malloc_lock
                0x08006238        0x4 c:/program files (x86)/gnu tools arm embedded/4.8 2014q3/bin/../lib/gcc/arm-none-eabi/4.8.4/../../../../arm-none-eabi/lib/armv7e-m\libc.a(lib_a-mlock.o)
                0x08006238                __malloc_lock
 .text.__malloc_unlock
                0x0800623c        0x4 c:/program files (x86)/gnu tools arm embedded/4.8 2014q3/bin/../lib/gcc/arm-none-eabi/4.8.4/../../../../arm-none-eabi/lib/armv7e-m\libc.a(lib_a-mlock.o)
                0x0800623c                __malloc_unlock
 .text._sbrk_r  0x08006240       0x24 c:/program files (x86)/gnu tools arm embedded/4.8 2014q3/bin/../lib/gcc/arm-none-eabi/4.8.4/../../../../arm-none-eabi/lib/armv7e-m\libc.a(lib_a-sbrkr.o)
                0x08006240                _sbrk_r
 .text._raise_r
                0x08006264       0x58 c:/program files (x86)/gnu tools arm embedded/4.8 2014q3/bin/../lib/gcc/arm-none-eabi/4.8.4/../../../../arm-none-eabi/lib/armv7e-m\libc.a(lib_a-signal.o)
                0x08006264                _raise_r
 .text.raise    0x080062bc       0x10 c:/program files (x86)/gnu tools arm embedded/4.8 2014q3/bin/../lib/gcc/arm-none-eabi/4.8.4/../../../../arm-none-eabi/lib/armv7e-m\libc.a(lib_a-signal.o)
                0x080062bc                raise
 .text._kill_r  0x080062cc       0x28 c:/program files (x86)/gnu tools arm embedded/4.8 2014q3/bin/../lib/gcc/arm-none-eabi/4.8.4/../../../../arm-none-eabi/lib/armv7e-m\libc.a(lib_a-signalr.o)
                0x080062cc                _kill_r
 .text._getpid_r
                0x080062f4        0x4 c:/program files (x86)/gnu tools arm embedded/4.8 2014q3/bin/../lib/gcc/arm-none-eabi/4.8.4/../../../../arm-none-eabi/lib/armv7e-m\libc.a(lib_a-signalr.o)
                0x080062f4                _getpid_r
 .text.sprintf  0x080062f8       0x4c c:/program files (x86)/gnu tools arm embedded/4.8 2014q3/bin/../lib/gcc/arm-none-eabi/4.8.4/../../../../arm-none-eabi/lib/armv7e-m\libc.a(lib_a-sprintf.o)
                0x080062f8                sprintf
 .text          0x08006344      0x21c c:/program files (x86)/gnu tools arm embedded/4.8 2014q3/bin/../lib/gcc/arm-none-eabi/4.8.4/../../../../arm-none-eabi/lib/armv7e-m\libc.a(lib_a-strcmp.o)
                0x08006344                strcmp
 .text.strcpy   0x08006560       0xbc c:/program files (x86)/gnu tools arm embedded/4.8 2014q3/bin/../lib/gcc/arm-none-eabi/4.8.4/../../../../arm-none-eabi/lib/armv7e-m\libc.a(lib_a-strcpy.o)
                0x08006560                strcpy
 .text.strlen   0x0800661c       0x60 c:/program files (x86)/gnu tools arm embedded/4.8 2014q3/bin/../lib/gcc/arm-none-eabi/4.8.4/../../../../arm-none-eabi/lib/armv7e-m\libc.a(lib_a-strlen.o)
                0x0800661c                strlen
 .text.strtok   0x0800667c       0x10 c:/program files (x86)/gnu tools arm embedded/4.8 2014q3/bin/../lib/gcc/arm-none-eabi/4.8.4/../../../../arm-none-eabi/lib/armv7e-m\libc.a(lib_a-strtok.o)
                0x0800667c                strtok
 .text.__strtok_r
                0x0800668c       0x64 c:/program files (x86)/gnu tools arm embedded/4.8 2014q3/bin/../lib/gcc/arm-none-eabi/4.8.4/../../../../arm-none-eabi/lib/armv7e-m\libc.a(lib_a-strtok_r.o)
                0x0800668c                __strtok_r
 .text._strtol_r
                0x080066f0      0x114 c:/program files (x86)/gnu tools arm embedded/4.8 2014q3/bin/../lib/gcc/arm-none-eabi/4.8.4/../../../../arm-none-eabi/lib/armv7e-m\libc.a(lib_a-strtol.o)
                0x080066f0                _strtol_r
 .text.strtol   0x08006804       0x18 c:/program files (x86)/gnu tools arm embedded/4.8 2014q3/bin/../lib/gcc/arm-none-eabi/4.8.4/../../../../arm-none-eabi/lib/armv7e-m\libc.a(lib_a-strtol.o)
                0x08006804                strtol
 .text._svfprintf_r
                0x0800681c     0x14f8 c:/program files (x86)/gnu tools arm embedded/4.8 2014q3/bin/../lib/gcc/arm-none-eabi/4.8.4/../../../../arm-none-eabi/lib/armv7e-m\libc.a(lib_a-svfprintf.o)
                0x0800681c                _svfprintf_r
 .text.__register_exitproc
                0x08007d14       0xa8 c:/program files (x86)/gnu tools arm embedded/4.8 2014q3/bin/../lib/gcc/arm-none-eabi/4.8.4/../../../../arm-none-eabi/lib/armv7e-m\libc.a(lib_a-__atexit.o)
                0x08007d14                __register_exitproc
 .text.startup.register_fini
                0x08007dbc       0x14 c:/program files (x86)/gnu tools arm embedded/4.8 2014q3/bin/../lib/gcc/arm-none-eabi/4.8.4/../../../../arm-none-eabi/lib/armv7e-m\libc.a(lib_a-__call_atexit.o)
 .text.__call_exitprocs
                0x08007dd0       0xf0 c:/program files (x86)/gnu tools arm embedded/4.8 2014q3/bin/../lib/gcc/arm-none-eabi/4.8.4/../../../../arm-none-eabi/lib/armv7e-m\libc.a(lib_a-__call_atexit.o)
                0x08007dd0                __call_exitprocs
 .text.atexit   0x08007ec0        0xc c:/program files (x86)/gnu tools arm embedded/4.8 2014q3/bin/../lib/gcc/arm-none-eabi/4.8.4/../../../../arm-none-eabi/lib/armv7e-m\libc.a(lib_a-atexit.o)
                0x08007ec0                atexit
 .text.quorem   0x08007ecc      0x130 c:/program files (x86)/gnu tools arm embedded/4.8 2014q3/bin/../lib/gcc/arm-none-eabi/4.8.4/../../../../arm-none-eabi/lib/armv7e-m\libc.a(lib_a-dtoa.o)
 *fill*         0x08007ffc        0x4 
 .text._dtoa_r  0x08008000      0xe38 c:/program files (x86)/gnu tools arm embedded/4.8 2014q3/bin/../lib/gcc/arm-none-eabi/4.8.4/../../../../arm-none-eabi/lib/armv7e-m\libc.a(lib_a-dtoa.o)
                0x08008000                _dtoa_r
 .text.__libc_fini_array
                0x08008e38       0x30 c:/program files (x86)/gnu tools arm embedded/4.8 2014q3/bin/../lib/gcc/arm-none-eabi/4.8.4/../../../../arm-none-eabi/lib/armv7e-m\libc.a(lib_a-fini.o)
                0x08008e38                __libc_fini_array
 .text._malloc_trim_r
                0x08008e68       0x9c c:/program files (x86)/gnu tools arm embedded/4.8 2014q3/bin/../lib/gcc/arm-none-eabi/4.8.4/../../../../arm-none-eabi/lib/armv7e-m\libc.a(lib_a-freer.o)
                0x08008e68                _malloc_trim_r
 .text._free_r  0x08008f04      0x19c c:/program files (x86)/gnu tools arm embedded/4.8 2014q3/bin/../lib/gcc/arm-none-eabi/4.8.4/../../../../arm-none-eabi/lib/armv7e-m\libc.a(lib_a-freer.o)
                0x08008f04                _free_r
 .text._localeconv_r
                0x080090a0        0x8 c:/program files (x86)/gnu tools arm embedded/4.8 2014q3/bin/../lib/gcc/arm-none-eabi/4.8.4/../../../../arm-none-eabi/lib/armv7e-m\libc.a(lib_a-locale.o)
                0x080090a0                _localeconv_r
 .text.memchr   0x080090a8       0x90 c:/program files (x86)/gnu tools arm embedded/4.8 2014q3/bin/../lib/gcc/arm-none-eabi/4.8.4/../../../../arm-none-eabi/lib/armv7e-m\libc.a(lib_a-memchr-stub.o)
                0x080090a8                memchr
 .text._Balloc  0x08009138       0x4c c:/program files (x86)/gnu tools arm embedded/4.8 2014q3/bin/../lib/gcc/arm-none-eabi/4.8.4/../../../../arm-none-eabi/lib/armv7e-m\libc.a(lib_a-mprec.o)
                0x08009138                _Balloc
 .text._Bfree   0x08009184       0x14 c:/program files (x86)/gnu tools arm embedded/4.8 2014q3/bin/../lib/gcc/arm-none-eabi/4.8.4/../../../../arm-none-eabi/lib/armv7e-m\libc.a(lib_a-mprec.o)
                0x08009184                _Bfree
 .text.__multadd
                0x08009198       0x98 c:/program files (x86)/gnu tools arm embedded/4.8 2014q3/bin/../lib/gcc/arm-none-eabi/4.8.4/../../../../arm-none-eabi/lib/armv7e-m\libc.a(lib_a-mprec.o)
                0x08009198                __multadd
 .text.__hi0bits
                0x08009230       0x40 c:/program files (x86)/gnu tools arm embedded/4.8 2014q3/bin/../lib/gcc/arm-none-eabi/4.8.4/../../../../arm-none-eabi/lib/armv7e-m\libc.a(lib_a-mprec.o)
                0x08009230                __hi0bits
 .text.__lo0bits
                0x08009270       0x5c c:/program files (x86)/gnu tools arm embedded/4.8 2014q3/bin/../lib/gcc/arm-none-eabi/4.8.4/../../../../arm-none-eabi/lib/armv7e-m\libc.a(lib_a-mprec.o)
                0x08009270                __lo0bits
 .text.__i2b    0x080092cc       0x14 c:/program files (x86)/gnu tools arm embedded/4.8 2014q3/bin/../lib/gcc/arm-none-eabi/4.8.4/../../../../arm-none-eabi/lib/armv7e-m\libc.a(lib_a-mprec.o)
                0x080092cc                __i2b
 .text.__multiply
                0x080092e0      0x13c c:/program files (x86)/gnu tools arm embedded/4.8 2014q3/bin/../lib/gcc/arm-none-eabi/4.8.4/../../../../arm-none-eabi/lib/armv7e-m\libc.a(lib_a-mprec.o)
                0x080092e0                __multiply
 .text.__pow5mult
                0x0800941c       0x9c c:/program files (x86)/gnu tools arm embedded/4.8 2014q3/bin/../lib/gcc/arm-none-eabi/4.8.4/../../../../arm-none-eabi/lib/armv7e-m\libc.a(lib_a-mprec.o)
                0x0800941c                __pow5mult
 .text.__lshift
                0x080094b8       0xbc c:/program files (x86)/gnu tools arm embedded/4.8 2014q3/bin/../lib/gcc/arm-none-eabi/4.8.4/../../../../arm-none-eabi/lib/armv7e-m\libc.a(lib_a-mprec.o)
                0x080094b8                __lshift
 .text.__mcmp   0x08009574       0x48 c:/program files (x86)/gnu tools arm embedded/4.8 2014q3/bin/../lib/gcc/arm-none-eabi/4.8.4/../../../../arm-none-eabi/lib/armv7e-m\libc.a(lib_a-mprec.o)
                0x08009574                __mcmp
 .text.__mdiff  0x080095bc       0xd4 c:/program files (x86)/gnu tools arm embedded/4.8 2014q3/bin/../lib/gcc/arm-none-eabi/4.8.4/../../../../arm-none-eabi/lib/armv7e-m\libc.a(lib_a-mprec.o)
                0x080095bc                __mdiff
 .text.__d2b    0x08009690       0xbc c:/program files (x86)/gnu tools arm embedded/4.8 2014q3/bin/../lib/gcc/arm-none-eabi/4.8.4/../../../../arm-none-eabi/lib/armv7e-m\libc.a(lib_a-mprec.o)
                0x08009690                __d2b
 .text.__fpclassifyd
                0x0800974c       0x50 c:/program files (x86)/gnu tools arm embedded/4.8 2014q3/bin/../lib/gcc/arm-none-eabi/4.8.4/../../../../arm-none-eabi/lib/armv7e-m\libc.a(lib_a-s_fpclassify.o)
                0x0800974c                __fpclassifyd
 .text.__ssprint_r
                0x0800979c      0x100 c:/program files (x86)/gnu tools arm embedded/4.8 2014q3/bin/../lib/gcc/arm-none-eabi/4.8.4/../../../../arm-none-eabi/lib/armv7e-m\libc.a(lib_a-svfiprintf.o)
                0x0800979c                __ssprint_r
 .text._calloc_r
                0x0800989c       0x60 c:/program files (x86)/gnu tools arm embedded/4.8 2014q3/bin/../lib/gcc/arm-none-eabi/4.8.4/../../../../arm-none-eabi/lib/armv7e-m\libc.a(lib_a-callocr.o)
                0x0800989c                _calloc_r
 .text.memmove  0x080098fc       0xc0 c:/program files (x86)/gnu tools arm embedded/4.8 2014q3/bin/../lib/gcc/arm-none-eabi/4.8.4/../../../../arm-none-eabi/lib/armv7e-m\libc.a(lib_a-memmove.o)
                0x080098fc                memmove
 .text._realloc_r
                0x080099bc      0x3cc c:/program files (x86)/gnu tools arm embedded/4.8 2014q3/bin/../lib/gcc/arm-none-eabi/4.8.4/../../../../arm-none-eabi/lib/armv7e-m\libc.a(lib_a-reallocr.o)
                0x080099bc                _realloc_r
 .text._getpid  0x08009d88       0x10 c:/program files (x86)/gnu tools arm embedded/4.8 2014q3/bin/../lib/gcc/arm-none-eabi/4.8.4/../../../../arm-none-eabi/lib/armv7e-m\libnosys.a(getpid.o)
                0x08009d88                _getpid
 .text._kill    0x08009d98       0x10 c:/program files (x86)/gnu tools arm embedded/4.8 2014q3/bin/../lib/gcc/arm-none-eabi/4.8.4/../../../../arm-none-eabi/lib/armv7e-m\libnosys.a(kill.o)
                0x08009d98                _kill
 .text._sbrk    0x08009da8       0x34 c:/program files (x86)/gnu tools arm embedded/4.8 2014q3/bin/../lib/gcc/arm-none-eabi/4.8.4/../../../../arm-none-eabi/lib/armv7e-m\libnosys.a(sbrk.o)
                0x08009da8                _sbrk
 .text._exit    0x08009ddc        0x4 c:/program files (x86)/gnu tools arm embedded/4.8 2014q3/bin/../lib/gcc/arm-none-eabi/4.8.4/../../../../arm-none-eabi/lib/armv7e-m\libnosys.a(_exit.o)
                0x08009ddc                _exit
 .text          0x08009de0      0x110 c:/program files (x86)/gnu tools arm embedded/4.8 2014q3/bin/../lib/gcc/arm-none-eabi/4.8.4/armv7e-m\libgcc.a(_arm_cmpdf2.o)
                0x08009de0                __gtdf2
                0x08009de0                __gedf2
                0x08009de8                __ltdf2
                0x08009de8                __ledf2
                0x08009df0                __nedf2
                0x08009df0                __eqdf2
                0x08009df0                __cmpdf2
                0x08009e6c                __aeabi_cdrcmple
                0x08009e7c                __aeabi_cdcmpeq
                0x08009e7c                __aeabi_cdcmple
                0x08009e8c                __aeabi_dcmpeq
                0x08009ea0                __aeabi_dcmplt
                0x08009eb4                __aeabi_dcmple
                0x08009ec8                __aeabi_dcmpge
                0x08009edc                __aeabi_dcmpgt
 .text          0x08009ef0       0x2c c:/program files (x86)/gnu tools arm embedded/4.8 2014q3/bin/../lib/gcc/arm-none-eabi/4.8.4/armv7e-m\libgcc.a(_aeabi_uldivmod.o)
                0x08009ef0                __aeabi_uldivmod
 .text          0x08009f1c       0x60 c:/program files (x86)/gnu tools arm embedded/4.8 2014q3/bin/../lib/gcc/arm-none-eabi/4.8.4/armv7e-m\libgcc.a(bpabi.o)
                0x08009f1c                __gnu_ldivmod_helper
                0x08009f4c                __gnu_uldivmod_helper
 .text          0x08009f7c        0x4 c:/program files (x86)/gnu tools arm embedded/4.8 2014q3/bin/../lib/gcc/arm-none-eabi/4.8.4/armv7e-m\libgcc.a(_dvmd_tls.o)
                0x08009f7c                __aeabi_idiv0
                0x08009f7c                __aeabi_ldiv0
 .text          0x08009f80      0x298 c:/program files (x86)/gnu tools arm embedded/4.8 2014q3/bin/../lib/gcc/arm-none-eabi/4.8.4/armv7e-m\libgcc.a(_divdi3.o)
                0x08009f80                __divdi3
 .text          0x0800a218      0x284 c:/program files (x86)/gnu tools arm embedded/4.8 2014q3/bin/../lib/gcc/arm-none-eabi/4.8.4/armv7e-m\libgcc.a(_udivdi3.o)
                0x0800a218                __udivdi3
 *(.init)
 .init          0x0800a49c        0x4 c:/program files (x86)/gnu tools arm embedded/4.8 2014q3/bin/../lib/gcc/arm-none-eabi/4.8.4/armv7e-m/crti.o
                0x0800a49c                _init
 .init          0x0800a4a0        0x8 c:/program files (x86)/gnu tools arm embedded/4.8 2014q3/bin/../lib/gcc/arm-none-eabi/4.8.4/armv7e-m/crtn.o
 *(.fini)
 .fini          0x0800a4a8        0x4 c:/program files (x86)/gnu tools arm embedded/4.8 2014q3/bin/../lib/gcc/arm-none-eabi/4.8.4/armv7e-m/crti.o
                0x0800a4a8                _fini
 .fini          0x0800a4ac        0x8 c:/program files (x86)/gnu tools arm embedded/4.8 2014q3/bin/../lib/gcc/arm-none-eabi/4.8.4/armv7e-m/crtn.o
 *crtbegin.o(.ctors)
 *crtbegin?.o(.ctors)
 *(EXCLUDE_FILE(*crtend.o *crtend?.o) .ctors)
 *(SORT(.ctors.*))
 *(.ctors)
 *crtbegin.o(.dtors)
 *crtbegin?.o(.dtors)
 *(EXCLUDE_FILE(*crtend.o *crtend?.o) .dtors)
 *(SORT(.dtors.*))
 *(.dtors)
 *(.rodata*)
 .rodata        0x0800a4b4       0x40 ..\obj\stepper.o
 .rodata        0x0800a4f4       0x30 ..\obj\stm32f4_discovery.o
                0x0800a4f4                GPIO_PIN
                0x0800a4fc                GPIO_CLK
                0x0800a50c                BUTTON_PIN
                0x0800a510                BUTTON_CLK
                0x0800a514                BUTTON_EXTI_LINE
                0x0800a518                BUTTON_PORT_SOURCE
                0x0800a51c                BUTTON_PIN_SOURCE
                0x0800a520                BUTTON_IRQn
 .rodata        0x0800a524       0x24 ..\obj\main.o
 .rodata        0x0800a548       0x4c ..\obj\fassade.o
 .rodata        0x0800a594       0xe0 ..\obj\terminal.o
 .rodata        0x0800a674       0x5c ..\obj\xbee.o
 .rodata.str1.4
                0x0800a6d0        0x2 c:/program files (x86)/gnu tools arm embedded/4.8 2014q3/bin/../lib/gcc/arm-none-eabi/4.8.4/../../../../arm-none-eabi/lib/armv7e-m\libc.a(lib_a-impure.o)
                                  0x4 (size before relaxing)
 *fill*         0x0800a6d2        0x2 
 .rodata._global_impure_ptr
                0x0800a6d4        0x4 c:/program files (x86)/gnu tools arm embedded/4.8 2014q3/bin/../lib/gcc/arm-none-eabi/4.8.4/../../../../arm-none-eabi/lib/armv7e-m\libc.a(lib_a-impure.o)
                0x0800a6d4                _global_impure_ptr
 .rodata.zeroes.6763
                0x0800a6d8       0x10 c:/program files (x86)/gnu tools arm embedded/4.8 2014q3/bin/../lib/gcc/arm-none-eabi/4.8.4/../../../../arm-none-eabi/lib/armv7e-m\libc.a(lib_a-svfprintf.o)
 .rodata.str1.4
                0x0800a6e8       0x42 c:/program files (x86)/gnu tools arm embedded/4.8 2014q3/bin/../lib/gcc/arm-none-eabi/4.8.4/../../../../arm-none-eabi/lib/armv7e-m\libc.a(lib_a-svfprintf.o)
                                 0x44 (size before relaxing)
 *fill*         0x0800a72a        0x2 
 .rodata.blanks.6762
                0x0800a72c       0x10 c:/program files (x86)/gnu tools arm embedded/4.8 2014q3/bin/../lib/gcc/arm-none-eabi/4.8.4/../../../../arm-none-eabi/lib/armv7e-m\libc.a(lib_a-svfprintf.o)
 .rodata._ctype_
                0x0800a73c      0x104 c:/program files (x86)/gnu tools arm embedded/4.8 2014q3/bin/../lib/gcc/arm-none-eabi/4.8.4/../../../../arm-none-eabi/lib/armv7e-m\libc.a(lib_a-ctype_.o)
                0x0800a73c                _ctype_
 .rodata.str1.4
                0x0800a840       0x10 c:/program files (x86)/gnu tools arm embedded/4.8 2014q3/bin/../lib/gcc/arm-none-eabi/4.8.4/../../../../arm-none-eabi/lib/armv7e-m\libc.a(lib_a-dtoa.o)
                                 0x14 (size before relaxing)
 .rodata.str1.4
                0x0800a850        0xc c:/program files (x86)/gnu tools arm embedded/4.8 2014q3/bin/../lib/gcc/arm-none-eabi/4.8.4/../../../../arm-none-eabi/lib/armv7e-m\libc.a(lib_a-locale.o)
                                 0x14 (size before relaxing)
 *fill*         0x0800a85c        0x4 
 .rodata.__mprec_tens
                0x0800a860       0xc8 c:/program files (x86)/gnu tools arm embedded/4.8 2014q3/bin/../lib/gcc/arm-none-eabi/4.8.4/../../../../arm-none-eabi/lib/armv7e-m\libc.a(lib_a-mprec.o)
                0x0800a860                __mprec_tens
 .rodata.__mprec_bigtens
                0x0800a928       0x28 c:/program files (x86)/gnu tools arm embedded/4.8 2014q3/bin/../lib/gcc/arm-none-eabi/4.8.4/../../../../arm-none-eabi/lib/armv7e-m\libc.a(lib_a-mprec.o)
                0x0800a928                __mprec_bigtens
 .rodata.p05.5269
                0x0800a950        0xc c:/program files (x86)/gnu tools arm embedded/4.8 2014q3/bin/../lib/gcc/arm-none-eabi/4.8.4/../../../../arm-none-eabi/lib/armv7e-m\libc.a(lib_a-mprec.o)
 *(.eh_frame*)
 .eh_frame      0x0800a95c        0x0 c:/program files (x86)/gnu tools arm embedded/4.8 2014q3/bin/../lib/gcc/arm-none-eabi/4.8.4/armv7e-m/crtbegin.o
 .eh_frame      0x0800a95c        0x4 c:/program files (x86)/gnu tools arm embedded/4.8 2014q3/bin/../lib/gcc/arm-none-eabi/4.8.4/armv7e-m/crtend.o

.glue_7         0x0800a960        0x0
 .glue_7        0x00000000        0x0 linker stubs

.glue_7t        0x0800a960        0x0
 .glue_7t       0x00000000        0x0 linker stubs

.vfp11_veneer   0x0800a960        0x0
 .vfp11_veneer  0x00000000        0x0 linker stubs

.v4_bx          0x0800a960        0x0
 .v4_bx         0x00000000        0x0 linker stubs

.iplt           0x0800a960        0x0
 .iplt          0x00000000        0x0 c:/program files (x86)/gnu tools arm embedded/4.8 2014q3/bin/../lib/gcc/arm-none-eabi/4.8.4/armv7e-m/crtbegin.o

.ARM.extab      0x0800a960      0x258
 *(.ARM.extab* .gnu.linkonce.armextab.*)
 .ARM.extab.text._ZN18TemperaturSensorenC2Ev
                0x0800a960        0xc ..\obj\temp_sensors.o
 .ARM.extab.text._ZN17QuadratureEncoderC2Ev
                0x0800a96c        0xc ..\obj\quadrature_encoder.o
 .ARM.extab.text._ZN3LedC2Ev
                0x0800a978        0xc ..\obj\led.o
 .ARM.extab.text._ZN3Led2OnEv
                0x0800a984        0xc ..\obj\led.o
 .ARM.extab.text._ZN3Led3OffEv
                0x0800a990        0xc ..\obj\led.o
 .ARM.extab.text.EXTI9_5_IRQHandler
                0x0800a99c        0xc ..\obj\rotary.o
 .ARM.extab.text._ZN7StepperC2Ev
                0x0800a9a8        0xc ..\obj\stepper.o
 .ARM.extab.text._ZN7Stepper4InitEv
                0x0800a9b4        0xc ..\obj\stepper.o
 .ARM.extab.text._ZN7Stepper4LeftEii
                0x0800a9c0        0xc ..\obj\stepper.o
 .ARM.extab.text._ZN7Stepper5RightEii
                0x0800a9cc        0xc ..\obj\stepper.o
 .ARM.extab.text._ZN7Stepper7Go2StepEi
                0x0800a9d8        0xc ..\obj\stepper.o
 .ARM.extab.text._ZN7Stepper8LeerlaufEv
                0x0800a9e4        0xc ..\obj\stepper.o
 .ARM.extab.text._ZN7Stepper7RunStepEv
                0x0800a9f0        0xc ..\obj\stepper.o
 .ARM.extab.text._ZN7Stepper8InitTim2Eii
                0x0800a9fc        0xc ..\obj\stepper.o
 .ARM.extab.text.main
                0x0800aa08        0xc ..\obj\main.o
 .ARM.extab.text._ZN7Fassade16InitGewaechshausEv
                0x0800aa14        0xc ..\obj\fassade.o
 .ARM.extab.text._ZN7Fassade15Window2PositionEi
                0x0800aa20        0xc ..\obj\fassade.o
 .ARM.extab.text._ZN7Fassade14DisplayMassageEPc
                0x0800aa2c        0xc ..\obj\fassade.o
 .ARM.extab.text._ZN10Ampermeter10getCurrentEv
                0x0800aa38        0xc ..\obj\ampermeter.o
 .ARM.extab.text._ZN7DisplayC2Ei
                0x0800aa44        0xc ..\obj\display.o
 .ARM.extab.text._ZN7Display4InitEv
                0x0800aa50        0xc ..\obj\display.o
 .ARM.extab.text._ZN7Display11uartPutCharEt
                0x0800aa5c        0xc ..\obj\display.o
 .ARM.extab.text._ZN7Display10SendStringEPc
                0x0800aa68        0xc ..\obj\display.o
 .ARM.extab.text._ZN7Display8SendByteEPci
                0x0800aa74        0xc ..\obj\display.o
 .ARM.extab.text._ZN7Display9BacklightEc
                0x0800aa80        0xc ..\obj\display.o
 .ARM.extab.text._ZN7Display14SpecialCommandEc
                0x0800aa8c        0xc ..\obj\display.o
 .ARM.extab.text._ZN7Display17SetCursorPositionEc
                0x0800aa98        0xc ..\obj\display.o
 .ARM.extab.text._ZN8TerminalC2Ei
                0x0800aaa4        0xc ..\obj\terminal.o
 .ARM.extab.text._ZN8Terminal13usart3InitDMAEv
                0x0800aab0        0xc ..\obj\terminal.o
 .ARM.extab.text._ZN8Terminal10SendViaDmaEPci
                0x0800aabc        0xc ..\obj\terminal.o
 .ARM.extab.text._ZN8Terminal10usart3InitEv
                0x0800aac8        0xc ..\obj\terminal.o
 .ARM.extab.text._ZN8Terminal11uartPutCharEt
                0x0800aad4        0xc ..\obj\terminal.o
 .ARM.extab.text._ZN8Terminal14uartSendStringEPc
                0x0800aae0        0xc ..\obj\terminal.o
 .ARM.extab.text._ZN8Terminal11SendMessageEPc
                0x0800aaec        0xc ..\obj\terminal.o
 .ARM.extab.text._ZN8Terminal18IsCommandoAvalibleEv
                0x0800aaf8        0xc ..\obj\terminal.o
 .ARM.extab.text._ZN8Terminal15ProzessCommandoEv
                0x0800ab04        0xc ..\obj\terminal.o
 .ARM.extab.text._ZN8Terminal15CommandoProzessEPc
                0x0800ab10        0xc ..\obj\terminal.o
 .ARM.extab.text.USART3_IRQHandler
                0x0800ab1c        0xc ..\obj\terminal.o
 .ARM.extab.text._ZN22AnalogDigitalConverterC2Ev
                0x0800ab28        0xc ..\obj\adc.o
 .ARM.extab.text._ZN4XbeeC2Eii
                0x0800ab34        0xc ..\obj\xbee.o
 .ARM.extab.text._ZN4Xbee7InitDMAEv
                0x0800ab40        0xc ..\obj\xbee.o
 .ARM.extab.text._ZN4Xbee4InitEv
                0x0800ab4c        0xc ..\obj\xbee.o
 .ARM.extab.text._ZN4Xbee7PutCharEt
                0x0800ab58        0xc ..\obj\xbee.o
 .ARM.extab.text._ZN4Xbee16SendTransmissionEccccPcc
                0x0800ab64        0xc ..\obj\xbee.o
 .ARM.extab.text._ZN4Xbee15ProzessCommandoEv
                0x0800ab70        0xc ..\obj\xbee.o
 .ARM.extab.text._ZN4Xbee15CommandoProzessEPc
                0x0800ab7c        0xc ..\obj\xbee.o
 .ARM.extab.text.USART2_IRQHandler
                0x0800ab88        0xc ..\obj\xbee.o
 .ARM.extab     0x0800ab94        0xc c:/program files (x86)/gnu tools arm embedded/4.8 2014q3/bin/../lib/gcc/arm-none-eabi/4.8.4/armv7e-m\libgcc.a(unwind-arm.o)
 .ARM.extab     0x0800aba0       0x18 c:/program files (x86)/gnu tools arm embedded/4.8 2014q3/bin/../lib/gcc/arm-none-eabi/4.8.4/armv7e-m\libgcc.a(pr-support.o)
                0x0800abb8                __exidx_start = .

.ARM.exidx      0x0800abb8      0x2e0
 *(.ARM.exidx* .gnu.linkonce.armexidx.*)
 .ARM.exidx     0x0800abb8        0x8 c:/program files (x86)/gnu tools arm embedded/4.8 2014q3/bin/../lib/gcc/arm-none-eabi/4.8.4/../../../../arm-none-eabi/lib/armv7e-m/crt0.o
 .ARM.exidx.text._ZN18TemperaturSensorenC2Ev
                0x0800abc0        0x8 ..\obj\temp_sensors.o
 .ARM.exidx.text._ZN18TemperaturSensoren25getAnzahlGefunderSensorenEv
                0x0800abc8        0x8 ..\obj\temp_sensors.o
 .ARM.exidx.text._ZN17QuadratureEncoderC2Ev
                0x0800abd0        0x8 ..\obj\quadrature_encoder.o
 .ARM.exidx.text._ZN17QuadratureEncoder5resetEv
                0x0800abd8        0x8 ..\obj\quadrature_encoder.o
 .ARM.exidx.text._ZN3LedC2Ev
                0x0800abe0        0x8 ..\obj\led.o
 .ARM.exidx.text._ZN3LedD2Ev
                0x0800abe8        0x8 ..\obj\led.o
 .ARM.exidx.text._ZN3Led2OnEv
                0x0800abf0        0x8 ..\obj\led.o
 .ARM.exidx.text._ZN3Led3OffEv
                0x0800abf8       0x10 ..\obj\led.o
                                  0x8 (size before relaxing)
 .ARM.exidx.text.EXTI9_5_IRQHandler
                0x0800ac08        0x8 ..\obj\rotary.o
 .ARM.exidx.text._ZN7StepperC2Ev
                0x0800ac10        0x8 ..\obj\stepper.o
 .ARM.exidx.text._ZN7Stepper4InitEv
                0x0800ac18        0x8 ..\obj\stepper.o
 .ARM.exidx.text._ZN7Stepper4LeftEii
                0x0800ac20        0x8 ..\obj\stepper.o
 .ARM.exidx.text._ZN7Stepper5RightEii
                0x0800ac28        0x8 ..\obj\stepper.o
 .ARM.exidx.text._ZN7Stepper7Go2StepEi
                0x0800ac30        0x8 ..\obj\stepper.o
 .ARM.exidx.text._ZN7Stepper8LeerlaufEv
                0x0800ac38        0x8 ..\obj\stepper.o
 .ARM.exidx.text._ZN7Stepper7RunStepEv
                0x0800ac40        0x8 ..\obj\stepper.o
 .ARM.exidx.text._ZN7Stepper15EnableSingeltonEv
                0x0800ac48        0x8 ..\obj\stepper.o
 .ARM.exidx.text._ZN7Stepper8InitTim2Eii
                0x0800ac50        0x8 ..\obj\stepper.o
 .ARM.exidx.text.TIM2_IRQHandler
                0x0800ac58       0x10 ..\obj\stepper.o
                                  0x8 (size before relaxing)
 .ARM.exidx.text.main
                0x0800ac68        0x8 ..\obj\main.o
 .ARM.exidx.text._Z41__static_initialization_and_destruction_0ii
                0x0800ac70        0x8 ..\obj\main.o
 .ARM.exidx.text._GLOBAL__sub_I_OutputString
                0x0800ac78        0x0 ..\obj\main.o
                                  0x8 (size before relaxing)
 .ARM.exidx.text._ZN7Fassade16InitGewaechshausEv
                0x0800ac78        0x8 ..\obj\fassade.o
 .ARM.exidx.text._ZN7Fassade15Window2PositionEi
                0x0800ac80        0x8 ..\obj\fassade.o
 .ARM.exidx.text._ZN7Fassade14DisplayMassageEPc
                0x0800ac88        0x8 ..\obj\fassade.o
 .ARM.exidx.text._ZN10AmpermeterC2Ev
                0x0800ac90        0x8 ..\obj\ampermeter.o
 .ARM.exidx.text._ZN10Ampermeter10getCurrentEv
                0x0800ac98       0x10 ..\obj\ampermeter.o
                                  0x8 (size before relaxing)
 .ARM.exidx.text._ZN7DisplayC2Ei
                0x0800aca8        0x8 ..\obj\display.o
 .ARM.exidx.text._ZN7Display4InitEv
                0x0800acb0        0x8 ..\obj\display.o
 .ARM.exidx.text._ZN7Display11uartPutCharEt
                0x0800acb8        0x8 ..\obj\display.o
 .ARM.exidx.text._ZN7Display10SendStringEPc
                0x0800acc0        0x8 ..\obj\display.o
 .ARM.exidx.text._ZN7Display8SendByteEPci
                0x0800acc8        0x8 ..\obj\display.o
 .ARM.exidx.text._ZN7Display9BacklightEc
                0x0800acd0        0x8 ..\obj\display.o
 .ARM.exidx.text._ZN7Display14SpecialCommandEc
                0x0800acd8        0x8 ..\obj\display.o
 .ARM.exidx.text._ZN7Display17SetCursorPositionEc
                0x0800ace0       0x10 ..\obj\display.o
                                  0x8 (size before relaxing)
 .ARM.exidx.text._ZN8TerminalC2Ei
                0x0800acf0        0x8 ..\obj\terminal.o
 .ARM.exidx.text._ZN8Terminal11buffer_initEv
                0x0800acf8        0x8 ..\obj\terminal.o
 .ARM.exidx.text._ZN8Terminal8BufferInEc
                0x0800ad00        0x0 ..\obj\terminal.o
                                  0x8 (size before relaxing)
 .ARM.exidx.text._ZN8Terminal9BufferOutEPc
                0x0800ad00        0x0 ..\obj\terminal.o
                                  0x8 (size before relaxing)
 .ARM.exidx.text._ZN8Terminal10ReadBufferEPc
                0x0800ad00        0x0 ..\obj\terminal.o
                                  0x8 (size before relaxing)
 .ARM.exidx.text._ZN8Terminal13usart3InitDMAEv
                0x0800ad00        0x8 ..\obj\terminal.o
 .ARM.exidx.text._ZN8Terminal10SendViaDmaEPci
                0x0800ad08        0x8 ..\obj\terminal.o
 .ARM.exidx.text._ZN8Terminal10usart3InitEv
                0x0800ad10        0x8 ..\obj\terminal.o
 .ARM.exidx.text._ZN8Terminal11uartPutCharEt
                0x0800ad18        0x8 ..\obj\terminal.o
 .ARM.exidx.text._ZN8Terminal14uartSendStringEPc
                0x0800ad20        0x8 ..\obj\terminal.o
 .ARM.exidx.text._ZN8Terminal11SendMessageEPc
                0x0800ad28        0x8 ..\obj\terminal.o
 .ARM.exidx.text._ZN8Terminal18IsCommandoAvalibleEv
                0x0800ad30        0x8 ..\obj\terminal.o
 .ARM.exidx.text._ZN8Terminal15ProzessCommandoEv
                0x0800ad38        0x8 ..\obj\terminal.o
 .ARM.exidx.text._ZN8Terminal15CommandoProzessEPc
                0x0800ad40        0x8 ..\obj\terminal.o
 .ARM.exidx.text._ZN8Terminal15EnableSingeltonEv
                0x0800ad48        0x8 ..\obj\terminal.o
 .ARM.exidx.text.DMA1_Stream3_IRQHandler
                0x0800ad50        0x8 ..\obj\terminal.o
 .ARM.exidx.text.USART3_IRQHandler
                0x0800ad58       0x10 ..\obj\terminal.o
                                  0x8 (size before relaxing)
 .ARM.exidx.text._ZN22AnalogDigitalConverterC2Ev
                0x0800ad68        0x8 ..\obj\adc.o
 .ARM.exidx.text._ZN22AnalogDigitalConverter26getConvertedValueAsVoltageEi
                0x0800ad70        0x8 ..\obj\adc.o
 .ARM.exidx.text._ZN4XbeeC2Eii
                0x0800ad78        0x8 ..\obj\xbee.o
 .ARM.exidx.text._ZN4Xbee11buffer_initEv
                0x0800ad80        0x8 ..\obj\xbee.o
 .ARM.exidx.text._ZN4Xbee8BufferInEc
                0x0800ad88        0x0 ..\obj\xbee.o
                                  0x8 (size before relaxing)
 .ARM.exidx.text._ZN4Xbee9BufferOutEPc
                0x0800ad88        0x0 ..\obj\xbee.o
                                  0x8 (size before relaxing)
 .ARM.exidx.text._ZN4Xbee10ReadBufferEPc
                0x0800ad88        0x0 ..\obj\xbee.o
                                  0x8 (size before relaxing)
 .ARM.exidx.text._ZN4Xbee7InitDMAEv
                0x0800ad88        0x8 ..\obj\xbee.o
 .ARM.exidx.text._ZN4Xbee4InitEv
                0x0800ad90        0x8 ..\obj\xbee.o
 .ARM.exidx.text._ZN4Xbee7PutCharEt
                0x0800ad98        0x8 ..\obj\xbee.o
 .ARM.exidx.text._ZN4Xbee16SendTransmissionEccccPcc
                0x0800ada0        0x8 ..\obj\xbee.o
 .ARM.exidx.text._ZN4Xbee18IsCommandoAvalibleEv
                0x0800ada8        0x8 ..\obj\xbee.o
 .ARM.exidx.text._ZN4Xbee15ProzessCommandoEv
                0x0800adb0        0x8 ..\obj\xbee.o
 .ARM.exidx.text._ZN4Xbee15CommandoProzessEPc
                0x0800adb8        0x8 ..\obj\xbee.o
 .ARM.exidx.text.DMA1_Stream5_IRQHandler
                0x0800adc0        0x8 ..\obj\xbee.o
 .ARM.exidx.text.USART2_IRQHandler
                0x0800adc8       0x10 ..\obj\xbee.o
                                  0x8 (size before relaxing)
 .ARM.exidx     0x0800add8       0x88 c:/program files (x86)/gnu tools arm embedded/4.8 2014q3/bin/../lib/gcc/arm-none-eabi/4.8.4/armv7e-m\libgcc.a(unwind-arm.o)
                                 0xd8 (size before relaxing)
 .ARM.exidx     0x0800ae60       0x38 c:/program files (x86)/gnu tools arm embedded/4.8 2014q3/bin/../lib/gcc/arm-none-eabi/4.8.4/armv7e-m\libgcc.a(pr-support.o)
                                 0x48 (size before relaxing)
 .ARM.exidx     0x0800ae98        0x0 c:/program files (x86)/gnu tools arm embedded/4.8 2014q3/bin/../lib/gcc/arm-none-eabi/4.8.4/armv7e-m\libgcc.a(_divdi3.o)
                                  0x8 (size before relaxing)
 .ARM.exidx     0x0800ae98        0x0 c:/program files (x86)/gnu tools arm embedded/4.8 2014q3/bin/../lib/gcc/arm-none-eabi/4.8.4/armv7e-m\libgcc.a(_udivdi3.o)
                                  0x8 (size before relaxing)
                0x0800ae98                __exidx_end = .
                0x0800ae98                __etext = .
                0x0800ae98                _sidata = __etext

.rel.dyn        0x0800ae98        0x0
 .rel.iplt      0x00000000        0x0 c:/program files (x86)/gnu tools arm embedded/4.8 2014q3/bin/../lib/gcc/arm-none-eabi/4.8.4/armv7e-m/crtbegin.o

.data           0x20000000      0x9a4 load address 0x0800ae98
                0x20000000                __data_start__ = .
                0x20000000                _sdata = __data_start__
 *(vtable)
 *(.data*)
 .data          0x20000000        0x4 c:/program files (x86)/gnu tools arm embedded/4.8 2014q3/bin/../lib/gcc/arm-none-eabi/4.8.4/armv7e-m/crtbegin.o
                0x20000000                __dso_handle
 .data          0x20000004       0x34 ..\obj\stm32f4_discovery_audio_codec.o
                0x20000004                AudioTotalSize
                0x20000008                AudioRemSize
                0x2000000c                CODECTimeout
                0x20000010                CurrAudioInterface
                0x20000014                AUDIO_MAL_DMA_CLOCK
                0x20000018                AUDIO_MAL_DMA_STREAM
                0x2000001c                AUDIO_MAL_DMA_DREG
                0x20000020                AUDIO_MAL_DMA_IRQ
                0x20000024                AUDIO_MAL_DMA_FLAG_TC
                0x20000028                AUDIO_MAL_DMA_FLAG_HT
                0x2000002c                AUDIO_MAL_DMA_FLAG_FE
                0x20000030                AUDIO_MAL_DMA_FLAG_TE
                0x20000034                AUDIO_MAL_DMA_FLAG_DME
 .data          0x20000038       0x14 ..\obj\stm32f4_discovery.o
                0x20000038                GPIO_PORT
                0x20000048                BUTTON_PORT
 .data          0x2000004c       0x10 ..\obj\stm32f4xx_rcc.o
 .data          0x2000005c       0xb8 ..\obj\terminal.o
 *fill*         0x20000114        0x4 
 .data.impure_data
                0x20000118      0x428 c:/program files (x86)/gnu tools arm embedded/4.8 2014q3/bin/../lib/gcc/arm-none-eabi/4.8.4/../../../../arm-none-eabi/lib/armv7e-m\libc.a(lib_a-impure.o)
 .data._impure_ptr
                0x20000540        0x4 c:/program files (x86)/gnu tools arm embedded/4.8 2014q3/bin/../lib/gcc/arm-none-eabi/4.8.4/../../../../arm-none-eabi/lib/armv7e-m\libc.a(lib_a-impure.o)
                0x20000540                _impure_ptr
 .data.__malloc_av_
                0x20000544      0x408 c:/program files (x86)/gnu tools arm embedded/4.8 2014q3/bin/../lib/gcc/arm-none-eabi/4.8.4/../../../../arm-none-eabi/lib/armv7e-m\libc.a(lib_a-mallocr.o)
                0x20000544                __malloc_av_
 .data.__malloc_trim_threshold
                0x2000094c        0x4 c:/program files (x86)/gnu tools arm embedded/4.8 2014q3/bin/../lib/gcc/arm-none-eabi/4.8.4/../../../../arm-none-eabi/lib/armv7e-m\libc.a(lib_a-mallocr.o)
                0x2000094c                __malloc_trim_threshold
 .data.__malloc_sbrk_base
                0x20000950        0x4 c:/program files (x86)/gnu tools arm embedded/4.8 2014q3/bin/../lib/gcc/arm-none-eabi/4.8.4/../../../../arm-none-eabi/lib/armv7e-m\libc.a(lib_a-mallocr.o)
                0x20000950                __malloc_sbrk_base
 .data.__ctype_ptr__
                0x20000954        0x4 c:/program files (x86)/gnu tools arm embedded/4.8 2014q3/bin/../lib/gcc/arm-none-eabi/4.8.4/../../../../arm-none-eabi/lib/armv7e-m\libc.a(lib_a-ctype_.o)
                0x20000954                __ctype_ptr__
 .data.lconv    0x20000958       0x38 c:/program files (x86)/gnu tools arm embedded/4.8 2014q3/bin/../lib/gcc/arm-none-eabi/4.8.4/../../../../arm-none-eabi/lib/armv7e-m\libc.a(lib_a-locale.o)
                0x20000990                . = ALIGN (0x4)
                0x20000990                PROVIDE (__preinit_array_start, .)
 *(.preinit_array)
                0x20000990                PROVIDE (__preinit_array_end, .)
                0x20000990                . = ALIGN (0x4)
                0x20000990                PROVIDE (__init_array_start, .)
 *(SORT(.init_array.*))
 .init_array.00000
                0x20000990        0x4 c:/program files (x86)/gnu tools arm embedded/4.8 2014q3/bin/../lib/gcc/arm-none-eabi/4.8.4/../../../../arm-none-eabi/lib/armv7e-m\libc.a(lib_a-__call_atexit.o)
 *(.init_array)
 .init_array    0x20000994        0x4 c:/program files (x86)/gnu tools arm embedded/4.8 2014q3/bin/../lib/gcc/arm-none-eabi/4.8.4/armv7e-m/crtbegin.o
 .init_array    0x20000998        0x4 ..\obj\main.o
                0x2000099c                PROVIDE (__init_array_end, .)
                0x2000099c                . = ALIGN (0x4)
                0x2000099c                PROVIDE (__fini_array_start, .)
 *(SORT(.fini_array.*))
 *(.fini_array)
 .fini_array    0x2000099c        0x4 c:/program files (x86)/gnu tools arm embedded/4.8 2014q3/bin/../lib/gcc/arm-none-eabi/4.8.4/armv7e-m/crtbegin.o
                0x200009a0                PROVIDE (__fini_array_end, .)
 *(.jcr*)
 .jcr           0x200009a0        0x0 c:/program files (x86)/gnu tools arm embedded/4.8 2014q3/bin/../lib/gcc/arm-none-eabi/4.8.4/armv7e-m/crtbegin.o
 .jcr           0x200009a0        0x4 c:/program files (x86)/gnu tools arm embedded/4.8 2014q3/bin/../lib/gcc/arm-none-eabi/4.8.4/armv7e-m/crtend.o
                0x200009a4                . = ALIGN (0x4)
                0x200009a4                __data_end__ = .
                0x200009a4                _edata = __data_end__

.igot.plt       0x200009a4        0x0 load address 0x0800b83c
 .igot.plt      0x00000000        0x0 c:/program files (x86)/gnu tools arm embedded/4.8 2014q3/bin/../lib/gcc/arm-none-eabi/4.8.4/armv7e-m/crtbegin.o

.bss            0x200009a4      0x1bc load address 0x0800b83c
                0x200009a4                . = ALIGN (0x4)
                0x200009a4                __bss_start__ = .
                0x200009a4                _sbss = __bss_start__
 *(.bss*)
 .bss           0x200009a4       0x1c c:/program files (x86)/gnu tools arm embedded/4.8 2014q3/bin/../lib/gcc/arm-none-eabi/4.8.4/armv7e-m/crtbegin.o
 .bss           0x200009c0        0x4 ..\obj\temp_sensors.o
                0x200009c0                TemperaturSensorenInstance
 .bss           0x200009c4        0x4 ..\obj\rotary.o
                0x200009c4                RotaryInstance
 .bss           0x200009c8        0x4 ..\obj\stepper.o
                0x200009c8                StepperInstance
 .bss           0x200009cc        0x8 ..\obj\main.o
                0x200009cc                OutputString
                0x200009d0                led
 .bss           0x200009d4       0x88 ..\obj\fassade.o
                0x200009d4                buffer
                0x20000a58                FassadeInstance
 .bss           0x20000a5c        0x4 ..\obj\ampermeter.o
                0x20000a5c                AmpermeterInstance
 .bss           0x20000a60       0x1c ..\obj\stm32_ub_systick.o
 .bss           0x20000a7c        0x4 ..\obj\display.o
                0x20000a7c                DisplayInstance
 .bss           0x20000a80        0x4 ..\obj\terminal.o
                0x20000a80                TerminalInstance
 .bss           0x20000a84        0x8 ..\obj\adc.o
                0x20000a84                ADC_BUFF
                0x20000a88                AnalogDigitalConverterInstance
 .bss           0x20000a8c        0x4 ..\obj\xbee.o
                0x20000a8c                XbeeInstance
 .bss.__malloc_max_total_mem
                0x20000a90        0x4 c:/program files (x86)/gnu tools arm embedded/4.8 2014q3/bin/../lib/gcc/arm-none-eabi/4.8.4/../../../../arm-none-eabi/lib/armv7e-m\libc.a(lib_a-mallocr.o)
                0x20000a90                __malloc_max_total_mem
 .bss.__malloc_max_sbrked_mem
                0x20000a94        0x4 c:/program files (x86)/gnu tools arm embedded/4.8 2014q3/bin/../lib/gcc/arm-none-eabi/4.8.4/../../../../arm-none-eabi/lib/armv7e-m\libc.a(lib_a-mallocr.o)
                0x20000a94                __malloc_max_sbrked_mem
 .bss.__malloc_top_pad
                0x20000a98        0x4 c:/program files (x86)/gnu tools arm embedded/4.8 2014q3/bin/../lib/gcc/arm-none-eabi/4.8.4/../../../../arm-none-eabi/lib/armv7e-m\libc.a(lib_a-mallocr.o)
                0x20000a98                __malloc_top_pad
 .bss.__malloc_current_mallinfo
                0x20000a9c       0x28 c:/program files (x86)/gnu tools arm embedded/4.8 2014q3/bin/../lib/gcc/arm-none-eabi/4.8.4/../../../../arm-none-eabi/lib/armv7e-m\libc.a(lib_a-mallocr.o)
                0x20000a9c                __malloc_current_mallinfo
 .bss.heap_end.4246
                0x20000ac4        0x4 c:/program files (x86)/gnu tools arm embedded/4.8 2014q3/bin/../lib/gcc/arm-none-eabi/4.8.4/../../../../arm-none-eabi/lib/armv7e-m\libnosys.a(sbrk.o)
 *(COMMON)
 COMMON         0x20000ac8       0x7c ..\obj\stm32f4_discovery_audio_codec.o
                0x20000ac8                CurrentPos
                0x20000acc                AUDIO_MAL_DMA_InitStructure
                0x20000b08                DMA_InitStructure
 COMMON         0x20000b44       0x16 ..\obj\tm_stm32f4_onewire.o
                0x20000b44                TM_OneWire_GPIO_InitDef
                0x20000b4c                TM_OneWire_LastDeviceFlag
                0x20000b50                TM_OneWire_ROM_NO
                0x20000b58                TM_OneWire_LastFamilyDiscrepancy
                0x20000b59                TM_OneWire_LastDiscrepancy
 *fill*         0x20000b5a        0x2 
 COMMON         0x20000b5c        0x4 c:/program files (x86)/gnu tools arm embedded/4.8 2014q3/bin/../lib/gcc/arm-none-eabi/4.8.4/../../../../arm-none-eabi/lib/armv7e-m\libc.a(lib_a-reent.o)
                0x20000b5c                errno
                0x20000b60                . = ALIGN (0x4)
                0x20000b60                __bss_end__ = .
                0x20000b60                _ebss = __bss_end__

.heap           0x20000b60        0x0
                0x20000b60                __end__ = .
                0x20000b60                _end = __end__
                0x20000b60                end = __end__
 *(.heap*)
                0x20000b60                __HeapLimit = .

.co_stack       0x20000b60      0x800 load address 0x0800b9f8
                0x20000b60                . = ALIGN (0x8)
 *(.co_stack .co_stack.*)
 .co_stack      0x20000b60      0x800 ..\obj\startup_stm32f4xx.o
                0x20000b60                pulStack
                0x20020000                __StackTop = (ORIGIN (RAM) + 0x20000)
                0x2001f800                __StackLimit = (__StackTop - SIZEOF (.co_stack))
                0x20020000                PROVIDE (__stack, __StackTop)
                0x00000001                ASSERT ((__StackLimit >= __HeapLimit), region RAM overflowed with stack)
LOAD ..\obj\stm32f4xx_syscfg.o
LOAD ..\obj\temp_sensors.o
LOAD ..\obj\tm_stm32f4_ds18b20.o
LOAD ..\obj\stm32f4_discovery_audio_codec.o
LOAD ..\obj\stm32f4xx_usart.o
LOAD ..\obj\stm32f4xx_pwr.o
LOAD ..\obj\rtc.o
LOAD ..\obj\quadrature_encoder.o
LOAD ..\obj\led.o
LOAD ..\obj\stm32f4xx_dac.o
LOAD ..\obj\rotary.o
LOAD ..\obj\stepper.o
LOAD ..\obj\startup_stm32f4xx.o
LOAD ..\obj\stm32f4_discovery.o
LOAD ..\obj\main.o
LOAD ..\obj\stm32f4xx_rcc.o
LOAD ..\obj\fassade.o
LOAD ..\obj\ampermeter.o
LOAD ..\obj\stm32f4xx_adc.o
LOAD ..\obj\stm32_ub_systick.o
LOAD ..\obj\display.o
LOAD ..\obj\tm_stm32f4_onewire.o
LOAD ..\obj\terminal.o
LOAD ..\obj\stm32f4xx_gpio.o
LOAD ..\obj\system_stm32f4xx.o
LOAD ..\obj\stm32f4xx_dma.o
LOAD ..\obj\adc.o
LOAD ..\obj\stm32f4_discovery_callbacks.o
LOAD ..\obj\stm32f4xx_spi.o
LOAD ..\obj\stm32f4xx_i2c.o
LOAD ..\obj\stm32f4xx_exti.o
LOAD ..\obj\misc.o
LOAD ..\obj\stm32f4_discovery_lis302dl.o
LOAD ..\obj\stm32f4xx_rtc.o
LOAD ..\obj\stm32f4xx_tim.o
LOAD ..\obj\xbee.o
LOAD ..\..\..\STM32F4-Discovery\libpdmfilter_gcc.a
LOAD c:/program files (x86)/gnu tools arm embedded/4.8 2014q3/bin/../lib/gcc/arm-none-eabi/4.8.4/../../../../arm-none-eabi/lib/armv7e-m\libm.a
LOAD c:/program files (x86)/gnu tools arm embedded/4.8 2014q3/bin/../lib/gcc/arm-none-eabi/4.8.4/armv7e-m\libgcc.a
LOAD c:/program files (x86)/gnu tools arm embedded/4.8 2014q3/bin/../lib/gcc/arm-none-eabi/4.8.4/../../../../arm-none-eabi/lib/armv7e-m\libc.a
LOAD c:/program files (x86)/gnu tools arm embedded/4.8 2014q3/bin/../lib/gcc/arm-none-eabi/4.8.4/../../../../arm-none-eabi/lib/armv7e-m\libstdc++.a
LOAD c:/program files (x86)/gnu tools arm embedded/4.8 2014q3/bin/../lib/gcc/arm-none-eabi/4.8.4/../../../../arm-none-eabi/lib/armv7e-m\libsupc++.a
LOAD c:/program files (x86)/gnu tools arm embedded/4.8 2014q3/bin/../lib/gcc/arm-none-eabi/4.8.4/../../../../arm-none-eabi/lib/armv7e-m\libnosys.a
START GROUP
LOAD c:/program files (x86)/gnu tools arm embedded/4.8 2014q3/bin/../lib/gcc/arm-none-eabi/4.8.4/armv7e-m\libgcc.a
LOAD c:/program files (x86)/gnu tools arm embedded/4.8 2014q3/bin/../lib/gcc/arm-none-eabi/4.8.4/../../../../arm-none-eabi/lib/armv7e-m\libg.a
LOAD c:/program files (x86)/gnu tools arm embedded/4.8 2014q3/bin/../lib/gcc/arm-none-eabi/4.8.4/../../../../arm-none-eabi/lib/armv7e-m\libc.a
END GROUP
LOAD c:/program files (x86)/gnu tools arm embedded/4.8 2014q3/bin/../lib/gcc/arm-none-eabi/4.8.4/armv7e-m/crtend.o
LOAD c:/program files (x86)/gnu tools arm embedded/4.8 2014q3/bin/../lib/gcc/arm-none-eabi/4.8.4/armv7e-m/crtn.o
OUTPUT(Gewaechshaus.elf elf32-littlearm)

.ARM.attributes
                0x00000000       0x2a
 .ARM.attributes
                0x00000000       0x1e c:/program files (x86)/gnu tools arm embedded/4.8 2014q3/bin/../lib/gcc/arm-none-eabi/4.8.4/armv7e-m/crti.o
 .ARM.attributes
                0x0000001e       0x2e c:/program files (x86)/gnu tools arm embedded/4.8 2014q3/bin/../lib/gcc/arm-none-eabi/4.8.4/armv7e-m/crtbegin.o
 .ARM.attributes
                0x0000004c       0x1c c:/program files (x86)/gnu tools arm embedded/4.8 2014q3/bin/../lib/gcc/arm-none-eabi/4.8.4/../../../../arm-none-eabi/lib/armv7e-m/crt0.o
 .ARM.attributes
                0x00000068       0x33 ..\obj\temp_sensors.o
 .ARM.attributes
                0x0000009b       0x33 ..\obj\tm_stm32f4_ds18b20.o
 .ARM.attributes
                0x000000ce       0x33 ..\obj\stm32f4_discovery_audio_codec.o
 .ARM.attributes
                0x00000101       0x33 ..\obj\stm32f4xx_usart.o
 .ARM.attributes
                0x00000134       0x33 ..\obj\quadrature_encoder.o
 .ARM.attributes
                0x00000167       0x33 ..\obj\led.o
 .ARM.attributes
                0x0000019a       0x33 ..\obj\stm32f4xx_dac.o
 .ARM.attributes
                0x000001cd       0x33 ..\obj\rotary.o
 .ARM.attributes
                0x00000200       0x33 ..\obj\stepper.o
 .ARM.attributes
                0x00000233       0x33 ..\obj\startup_stm32f4xx.o
 .ARM.attributes
                0x00000266       0x33 ..\obj\stm32f4_discovery.o
 .ARM.attributes
                0x00000299       0x33 ..\obj\main.o
 .ARM.attributes
                0x000002cc       0x33 ..\obj\stm32f4xx_rcc.o
 .ARM.attributes
                0x000002ff       0x33 ..\obj\fassade.o
 .ARM.attributes
                0x00000332       0x33 ..\obj\ampermeter.o
 .ARM.attributes
                0x00000365       0x33 ..\obj\stm32f4xx_adc.o
 .ARM.attributes
                0x00000398       0x33 ..\obj\stm32_ub_systick.o
 .ARM.attributes
                0x000003cb       0x33 ..\obj\display.o
 .ARM.attributes
                0x000003fe       0x33 ..\obj\tm_stm32f4_onewire.o
 .ARM.attributes
                0x00000431       0x33 ..\obj\terminal.o
 .ARM.attributes
                0x00000464       0x33 ..\obj\stm32f4xx_gpio.o
 .ARM.attributes
                0x00000497       0x33 ..\obj\system_stm32f4xx.o
 .ARM.attributes
                0x000004ca       0x33 ..\obj\stm32f4xx_dma.o
 .ARM.attributes
                0x000004fd       0x33 ..\obj\adc.o
 .ARM.attributes
                0x00000530       0x33 ..\obj\stm32f4_discovery_callbacks.o
 .ARM.attributes
                0x00000563       0x33 ..\obj\stm32f4xx_spi.o
 .ARM.attributes
                0x00000596       0x33 ..\obj\stm32f4xx_exti.o
 .ARM.attributes
                0x000005c9       0x33 ..\obj\misc.o
 .ARM.attributes
                0x000005fc       0x33 ..\obj\stm32f4xx_tim.o
 .ARM.attributes
                0x0000062f       0x33 ..\obj\xbee.o
 .ARM.attributes
                0x00000662       0x1e c:/program files (x86)/gnu tools arm embedded/4.8 2014q3/bin/../lib/gcc/arm-none-eabi/4.8.4/armv7e-m\libgcc.a(_arm_addsubdf3.o)
 .ARM.attributes
                0x00000680       0x1e c:/program files (x86)/gnu tools arm embedded/4.8 2014q3/bin/../lib/gcc/arm-none-eabi/4.8.4/armv7e-m\libgcc.a(_arm_muldivdf3.o)
 .ARM.attributes
                0x0000069e       0x1e c:/program files (x86)/gnu tools arm embedded/4.8 2014q3/bin/../lib/gcc/arm-none-eabi/4.8.4/armv7e-m\libgcc.a(_arm_fixdfsi.o)
 .ARM.attributes
                0x000006bc       0x1e c:/program files (x86)/gnu tools arm embedded/4.8 2014q3/bin/../lib/gcc/arm-none-eabi/4.8.4/armv7e-m\libgcc.a(_arm_truncdfsf2.o)
 .ARM.attributes
                0x000006da       0x2e c:/program files (x86)/gnu tools arm embedded/4.8 2014q3/bin/../lib/gcc/arm-none-eabi/4.8.4/../../../../arm-none-eabi/lib/armv7e-m\libc.a(lib_a-aeabi_atexit.o)
 .ARM.attributes
                0x00000708       0x2e c:/program files (x86)/gnu tools arm embedded/4.8 2014q3/bin/../lib/gcc/arm-none-eabi/4.8.4/../../../../arm-none-eabi/lib/armv7e-m\libc.a(lib_a-atoi.o)
 .ARM.attributes
                0x00000736       0x2e c:/program files (x86)/gnu tools arm embedded/4.8 2014q3/bin/../lib/gcc/arm-none-eabi/4.8.4/../../../../arm-none-eabi/lib/armv7e-m\libc.a(lib_a-cxa_atexit.o)
 .ARM.attributes
                0x00000764       0x2e c:/program files (x86)/gnu tools arm embedded/4.8 2014q3/bin/../lib/gcc/arm-none-eabi/4.8.4/../../../../arm-none-eabi/lib/armv7e-m\libc.a(lib_a-exit.o)
 .ARM.attributes
                0x00000792       0x2e c:/program files (x86)/gnu tools arm embedded/4.8 2014q3/bin/../lib/gcc/arm-none-eabi/4.8.4/../../../../arm-none-eabi/lib/armv7e-m\libc.a(lib_a-impure.o)
 .ARM.attributes
                0x000007c0       0x2e c:/program files (x86)/gnu tools arm embedded/4.8 2014q3/bin/../lib/gcc/arm-none-eabi/4.8.4/../../../../arm-none-eabi/lib/armv7e-m\libc.a(lib_a-init.o)
 .ARM.attributes
                0x000007ee       0x2e c:/program files (x86)/gnu tools arm embedded/4.8 2014q3/bin/../lib/gcc/arm-none-eabi/4.8.4/../../../../arm-none-eabi/lib/armv7e-m\libc.a(lib_a-malloc.o)
 .ARM.attributes
                0x0000081c       0x2e c:/program files (x86)/gnu tools arm embedded/4.8 2014q3/bin/../lib/gcc/arm-none-eabi/4.8.4/../../../../arm-none-eabi/lib/armv7e-m\libc.a(lib_a-mallocr.o)
 .ARM.attributes
                0x0000084a       0x1c c:/program files (x86)/gnu tools arm embedded/4.8 2014q3/bin/../lib/gcc/arm-none-eabi/4.8.4/../../../../arm-none-eabi/lib/armv7e-m\libc.a(lib_a-memcpy.o)
 .ARM.attributes
                0x00000866       0x2e c:/program files (x86)/gnu tools arm embedded/4.8 2014q3/bin/../lib/gcc/arm-none-eabi/4.8.4/../../../../arm-none-eabi/lib/armv7e-m\libc.a(lib_a-memset.o)
 .ARM.attributes
                0x00000894       0x2e c:/program files (x86)/gnu tools arm embedded/4.8 2014q3/bin/../lib/gcc/arm-none-eabi/4.8.4/../../../../arm-none-eabi/lib/armv7e-m\libc.a(lib_a-mlock.o)
 .ARM.attributes
                0x000008c2       0x2e c:/program files (x86)/gnu tools arm embedded/4.8 2014q3/bin/../lib/gcc/arm-none-eabi/4.8.4/../../../../arm-none-eabi/lib/armv7e-m\libc.a(lib_a-sbrkr.o)
 .ARM.attributes
                0x000008f0       0x2e c:/program files (x86)/gnu tools arm embedded/4.8 2014q3/bin/../lib/gcc/arm-none-eabi/4.8.4/../../../../arm-none-eabi/lib/armv7e-m\libc.a(lib_a-sprintf.o)
 .ARM.attributes
                0x0000091e       0x1c c:/program files (x86)/gnu tools arm embedded/4.8 2014q3/bin/../lib/gcc/arm-none-eabi/4.8.4/../../../../arm-none-eabi/lib/armv7e-m\libc.a(lib_a-strcmp.o)
 .ARM.attributes
                0x0000093a       0x2e c:/program files (x86)/gnu tools arm embedded/4.8 2014q3/bin/../lib/gcc/arm-none-eabi/4.8.4/../../../../arm-none-eabi/lib/armv7e-m\libc.a(lib_a-strcpy.o)
 .ARM.attributes
                0x00000968       0x2e c:/program files (x86)/gnu tools arm embedded/4.8 2014q3/bin/../lib/gcc/arm-none-eabi/4.8.4/../../../../arm-none-eabi/lib/armv7e-m\libc.a(lib_a-strlen.o)
 .ARM.attributes
                0x00000996       0x2e c:/program files (x86)/gnu tools arm embedded/4.8 2014q3/bin/../lib/gcc/arm-none-eabi/4.8.4/../../../../arm-none-eabi/lib/armv7e-m\libc.a(lib_a-strtok.o)
 .ARM.attributes
                0x000009c4       0x2e c:/program files (x86)/gnu tools arm embedded/4.8 2014q3/bin/../lib/gcc/arm-none-eabi/4.8.4/../../../../arm-none-eabi/lib/armv7e-m\libc.a(lib_a-strtok_r.o)
 .ARM.attributes
                0x000009f2       0x2e c:/program files (x86)/gnu tools arm embedded/4.8 2014q3/bin/../lib/gcc/arm-none-eabi/4.8.4/../../../../arm-none-eabi/lib/armv7e-m\libc.a(lib_a-strtol.o)
 .ARM.attributes
                0x00000a20       0x2e c:/program files (x86)/gnu tools arm embedded/4.8 2014q3/bin/../lib/gcc/arm-none-eabi/4.8.4/../../../../arm-none-eabi/lib/armv7e-m\libc.a(lib_a-svfprintf.o)
 .ARM.attributes
                0x00000a4e       0x2e c:/program files (x86)/gnu tools arm embedded/4.8 2014q3/bin/../lib/gcc/arm-none-eabi/4.8.4/../../../../arm-none-eabi/lib/armv7e-m\libc.a(lib_a-__atexit.o)
 .ARM.attributes
                0x00000a7c       0x2e c:/program files (x86)/gnu tools arm embedded/4.8 2014q3/bin/../lib/gcc/arm-none-eabi/4.8.4/../../../../arm-none-eabi/lib/armv7e-m\libc.a(lib_a-__call_atexit.o)
 .ARM.attributes
                0x00000aaa       0x2e c:/program files (x86)/gnu tools arm embedded/4.8 2014q3/bin/../lib/gcc/arm-none-eabi/4.8.4/../../../../arm-none-eabi/lib/armv7e-m\libc.a(lib_a-atexit.o)
 .ARM.attributes
                0x00000ad8       0x2e c:/program files (x86)/gnu tools arm embedded/4.8 2014q3/bin/../lib/gcc/arm-none-eabi/4.8.4/../../../../arm-none-eabi/lib/armv7e-m\libc.a(lib_a-ctype_.o)
 .ARM.attributes
                0x00000b06       0x2e c:/program files (x86)/gnu tools arm embedded/4.8 2014q3/bin/../lib/gcc/arm-none-eabi/4.8.4/../../../../arm-none-eabi/lib/armv7e-m\libc.a(lib_a-dtoa.o)
 .ARM.attributes
                0x00000b34       0x2e c:/program files (x86)/gnu tools arm embedded/4.8 2014q3/bin/../lib/gcc/arm-none-eabi/4.8.4/../../../../arm-none-eabi/lib/armv7e-m\libc.a(lib_a-fini.o)
 .ARM.attributes
                0x00000b62       0x2e c:/program files (x86)/gnu tools arm embedded/4.8 2014q3/bin/../lib/gcc/arm-none-eabi/4.8.4/../../../../arm-none-eabi/lib/armv7e-m\libc.a(lib_a-freer.o)
 .ARM.attributes
                0x00000b90       0x2e c:/program files (x86)/gnu tools arm embedded/4.8 2014q3/bin/../lib/gcc/arm-none-eabi/4.8.4/../../../../arm-none-eabi/lib/armv7e-m\libc.a(lib_a-locale.o)
 .ARM.attributes