Archive member included because of file (symbol)

c:/program files (x86)/gnu tools arm embedded/4.8 2014q3/bin/../lib/gcc/arm-none-eabi/4.8.4/armv7e-m\libgcc.a(_arm_addsubdf3.o)
                              ..\obj\adc.o (__aeabi_i2d)
c:/program files (x86)/gnu tools arm embedded/4.8 2014q3/bin/../lib/gcc/arm-none-eabi/4.8.4/armv7e-m\libgcc.a(_arm_muldivdf3.o)
                              ..\obj\adc.o (__aeabi_dmul)
c:/program files (x86)/gnu tools arm embedded/4.8 2014q3/bin/../lib/gcc/arm-none-eabi/4.8.4/armv7e-m\libgcc.a(_arm_truncdfsf2.o)
                              ..\obj\adc.o (__aeabi_d2f)
c:/program files (x86)/gnu tools arm embedded/4.8 2014q3/bin/../lib/gcc/arm-none-eabi/4.8.4/armv7e-m\libgcc.a(_arm_addsubsf3.o)
                              ..\obj\tm_stm32f4_ds18b20.o (__aeabi_fsub)
c:/program files (x86)/gnu tools arm embedded/4.8 2014q3/bin/../lib/gcc/arm-none-eabi/4.8.4/armv7e-m\libgcc.a(_arm_muldivsf3.o)
                              ..\obj\tm_stm32f4_ds18b20.o (__aeabi_fmul)
c:/program files (x86)/gnu tools arm embedded/4.8 2014q3/bin/../lib/gcc/arm-none-eabi/4.8.4/armv7e-m\libgcc.a(unwind-arm.o)
                              ..\obj\uart.o (__aeabi_unwind_cpp_pr0)
c:/program files (x86)/gnu tools arm embedded/4.8 2014q3/bin/../lib/gcc/arm-none-eabi/4.8.4/armv7e-m\libgcc.a(libunwind.o)
                              c:/program files (x86)/gnu tools arm embedded/4.8 2014q3/bin/../lib/gcc/arm-none-eabi/4.8.4/armv7e-m\libgcc.a(unwind-arm.o) (restore_core_regs)
c:/program files (x86)/gnu tools arm embedded/4.8 2014q3/bin/../lib/gcc/arm-none-eabi/4.8.4/armv7e-m\libgcc.a(pr-support.o)
                              c:/program files (x86)/gnu tools arm embedded/4.8 2014q3/bin/../lib/gcc/arm-none-eabi/4.8.4/armv7e-m\libgcc.a(unwind-arm.o) (__gnu_unwind_execute)
c:/program files (x86)/gnu tools arm embedded/4.8 2014q3/bin/../lib/gcc/arm-none-eabi/4.8.4/../../../../arm-none-eabi/lib/armv7e-m\libc.a(lib_a-abort.o)
                              c:/program files (x86)/gnu tools arm embedded/4.8 2014q3/bin/../lib/gcc/arm-none-eabi/4.8.4/armv7e-m\libgcc.a(unwind-arm.o) (abort)
c:/program files (x86)/gnu tools arm embedded/4.8 2014q3/bin/../lib/gcc/arm-none-eabi/4.8.4/../../../../arm-none-eabi/lib/armv7e-m\libc.a(lib_a-aeabi_atexit.o)
                              ..\obj\main.o (__aeabi_atexit)
c:/program files (x86)/gnu tools arm embedded/4.8 2014q3/bin/../lib/gcc/arm-none-eabi/4.8.4/../../../../arm-none-eabi/lib/armv7e-m\libc.a(lib_a-cxa_atexit.o)
                              c:/program files (x86)/gnu tools arm embedded/4.8 2014q3/bin/../lib/gcc/arm-none-eabi/4.8.4/../../../../arm-none-eabi/lib/armv7e-m\libc.a(lib_a-aeabi_atexit.o) (__cxa_atexit)
c:/program files (x86)/gnu tools arm embedded/4.8 2014q3/bin/../lib/gcc/arm-none-eabi/4.8.4/../../../../arm-none-eabi/lib/armv7e-m\libc.a(lib_a-exit.o)
                              c:/program files (x86)/gnu tools arm embedded/4.8 2014q3/bin/../lib/gcc/arm-none-eabi/4.8.4/../../../../arm-none-eabi/lib/armv7e-m/crt0.o (exit)
c:/program files (x86)/gnu tools arm embedded/4.8 2014q3/bin/../lib/gcc/arm-none-eabi/4.8.4/../../../../arm-none-eabi/lib/armv7e-m\libc.a(lib_a-impure.o)
                              c:/program files (x86)/gnu tools arm embedded/4.8 2014q3/bin/../lib/gcc/arm-none-eabi/4.8.4/../../../../arm-none-eabi/lib/armv7e-m\libc.a(lib_a-exit.o) (_global_impure_ptr)
c:/program files (x86)/gnu tools arm embedded/4.8 2014q3/bin/../lib/gcc/arm-none-eabi/4.8.4/../../../../arm-none-eabi/lib/armv7e-m\libc.a(lib_a-init.o)
                              c:/program files (x86)/gnu tools arm embedded/4.8 2014q3/bin/../lib/gcc/arm-none-eabi/4.8.4/../../../../arm-none-eabi/lib/armv7e-m/crt0.o (__libc_init_array)
c:/program files (x86)/gnu tools arm embedded/4.8 2014q3/bin/../lib/gcc/arm-none-eabi/4.8.4/../../../../arm-none-eabi/lib/armv7e-m\libc.a(lib_a-malloc.o)
                              ..\obj\uart.o (malloc)
c:/program files (x86)/gnu tools arm embedded/4.8 2014q3/bin/../lib/gcc/arm-none-eabi/4.8.4/../../../../arm-none-eabi/lib/armv7e-m\libc.a(lib_a-mallocr.o)
                              c:/program files (x86)/gnu tools arm embedded/4.8 2014q3/bin/../lib/gcc/arm-none-eabi/4.8.4/../../../../arm-none-eabi/lib/armv7e-m\libc.a(lib_a-malloc.o) (_malloc_r)
c:/program files (x86)/gnu tools arm embedded/4.8 2014q3/bin/../lib/gcc/arm-none-eabi/4.8.4/../../../../arm-none-eabi/lib/armv7e-m\libc.a(lib_a-memcpy.o)
                              c:/program files (x86)/gnu tools arm embedded/4.8 2014q3/bin/../lib/gcc/arm-none-eabi/4.8.4/armv7e-m\libgcc.a(unwind-arm.o) (memcpy)
c:/program files (x86)/gnu tools arm embedded/4.8 2014q3/bin/../lib/gcc/arm-none-eabi/4.8.4/../../../../arm-none-eabi/lib/armv7e-m\libc.a(lib_a-memset.o)
                              c:/program files (x86)/gnu tools arm embedded/4.8 2014q3/bin/../lib/gcc/arm-none-eabi/4.8.4/../../../../arm-none-eabi/lib/armv7e-m/crt0.o (memset)
[...]
Memory Configuration

Name             Origin             Length             Attributes
FLASH            0x08000000         0x00100000         xr
RAM              0x20000000         0x00020000         xrw
RAM1             0x10000000         0x00010000         xrw
*default*        0x00000000         0xffffffff

Linker script and memory map

LOAD c:/program files (x86)/gnu tools arm embedded/4.8 2014q3/bin/../lib/gcc/arm-none-eabi/4.8.4/armv7e-m/crti.o
LOAD c:/program files (x86)/gnu tools arm embedded/4.8 2014q3/bin/../lib/gcc/arm-none-eabi/4.8.4/armv7e-m/crtbegin.o
LOAD c:/program files (x86)/gnu tools arm embedded/4.8 2014q3/bin/../lib/gcc/arm-none-eabi/4.8.4/../../../../arm-none-eabi/lib/armv7e-m/crt0.o

.text           0x08000000     0x9b30
 *(.isr_vector)
 .isr_vector    0x08000000      0x188 ..\obj\startup_stm32f4xx.o
                0x08000000                g_pfnVectors
 *(.text*)
 .text          0x08000188       0x54 c:/program files (x86)/gnu tools arm embedded/4.8 2014q3/bin/../lib/gcc/arm-none-eabi/4.8.4/armv7e-m/crtbegin.o
 .text          0x080001dc       0x74 c:/program files (x86)/gnu tools arm embedded/4.8 2014q3/bin/../lib/gcc/arm-none-eabi/4.8.4/../../../../arm-none-eabi/lib/armv7e-m/crt0.o
                0x080001dc                _start
                0x080001dc                _mainCRTStartup
 .text._ZN18TemperaturSensorenC2Ev
                0x08000250       0x94 ..\obj\temp_sensors.o
                0x08000250                TemperaturSensoren::TemperaturSensoren()
                0x08000250                TemperaturSensoren::TemperaturSensoren()
 .text._ZN18TemperaturSensoren30startTempMeasurementAllSensorsEv
                0x080002e4       0x5c ..\obj\temp_sensors.o
                0x080002e4                TemperaturSensoren::startTempMeasurementAllSensors()
 .text._ZN18TemperaturSensoren25getAnzahlGefunderSensorenEv
                0x08000340       0x18 ..\obj\temp_sensors.o
                0x08000340                TemperaturSensoren::getAnzahlGefunderSensoren()
 .text._ZN18TemperaturSensoren21getTempWertFromSensorEh
                0x08000358       0x30 ..\obj\temp_sensors.o
                0x08000358                TemperaturSensoren::getTempWertFromSensor(unsigned char)
 .text.TM_DS18B20_StartAll
                0x08000388       0x18 ..\obj\tm_stm32f4_ds18b20.o
                0x08000388                TM_DS18B20_StartAll
 .text.TM_DS18B20_Read
                0x080003a0      0x18c ..\obj\tm_stm32f4_ds18b20.o
                0x080003a0                TM_DS18B20_Read
 .text.TM_DS18B20_GetResolution
                0x0800052c       0x58 ..\obj\tm_stm32f4_ds18b20.o
                0x0800052c                TM_DS18B20_GetResolution
 .text.TM_DS18B20_SetResolution
                0x08000584       0xec ..\obj\tm_stm32f4_ds18b20.o
                0x08000584                TM_DS18B20_SetResolution
 .text.TM_DS18B20_Is
                0x08000670       0x24 ..\obj\tm_stm32f4_ds18b20.o
                0x08000670                TM_DS18B20_Is
 .text.TM_DS18B20_AllDone
                0x08000694       0x10 ..\obj\tm_stm32f4_ds18b20.o
                0x08000694                TM_DS18B20_AllDone
 .text.Audio_MAL_IRQHandler
                0x080006a4       0xf8 ..\obj\stm32f4_discovery_audio_codec.o
 .text.DMA1_Stream7_IRQHandler
                0x0800079c        0xc ..\obj\stm32f4_discovery_audio_codec.o
                0x0800079c                DMA1_Stream7_IRQHandler
 .text.DMA1_Stream0_IRQHandler
                0x080007a8        0xc ..\obj\stm32f4_discovery_audio_codec.o
                0x080007a8                DMA1_Stream0_IRQHandler
 .text.SPI3_IRQHandler
                0x080007b4       0x40 ..\obj\stm32f4_discovery_audio_codec.o
                0x080007b4                SPI3_IRQHandler
 .text.USART_Init
                0x080007f4      0x174 ..\obj\stm32f4xx_usart.o
                0x080007f4                USART_Init
 .text.USART_Cmd
                0x08000968       0x40 ..\obj\stm32f4xx_usart.o
                0x08000968                USART_Cmd
 .text.USART_SendData
                0x080009a8       0x24 ..\obj\stm32f4xx_usart.o
                0x080009a8                USART_SendData
 .text.USART_ReceiveData
                0x080009cc       0x20 ..\obj\stm32f4xx_usart.o
                0x080009cc                USART_ReceiveData
 .text.USART_DMACmd
                0x080009ec       0x48 ..\obj\stm32f4xx_usart.o
                0x080009ec                USART_DMACmd
 .text.USART_ITConfig
                0x08000a34       0x90 ..\obj\stm32f4xx_usart.o
                0x08000a34                USART_ITConfig
 .text.USART_GetFlagStatus
                0x08000ac4       0x38 ..\obj\stm32f4xx_usart.o
                0x08000ac4                USART_GetFlagStatus
 .text.USART_ClearFlag
                0x08000afc       0x20 ..\obj\stm32f4xx_usart.o
                0x08000afc                USART_ClearFlag
 .text.USART_GetITStatus
                0x08000b1c       0xb0 ..\obj\stm32f4xx_usart.o
                0x08000b1c                USART_GetITStatus
 .text._ZN17QuadratureEncoderC2Ev
                0x08000bcc       0xa0 ..\obj\quadrature_encoder.o
                0x08000bcc                QuadratureEncoder::QuadratureEncoder()
                0x08000bcc                QuadratureEncoder::QuadratureEncoder()
 .text._ZN17QuadratureEncoder5resetEv
                0x08000c6c       0x24 ..\obj\quadrature_encoder.o
                0x08000c6c                QuadratureEncoder::reset()
 .text._ZN17QuadratureEncoder4readEv
                0x08000c90       0x50 ..\obj\quadrature_encoder.o
                0x08000c90                QuadratureEncoder::read()
 .text._ZN17QuadratureEncoder13getRotaryDiffEv
                0x08000ce0       0x1c ..\obj\quadrature_encoder.o
                0x08000ce0                QuadratureEncoder::getRotaryDiff()
 .text._ZN3LEDC2Ev
                0x08000cfc       0x18 ..\obj\led.o
                0x08000cfc                LED::LED()
                0x08000cfc                LED::LED()
 .text._ZN3LEDD2Ev
                0x08000d14       0x18 ..\obj\led.o
                0x08000d14                LED::~LED()
                0x08000d14                LED::~LED()
 .text.DAC_SetChannel1Data
                0x08000d2c       0x34 ..\obj\stm32f4xx_dac.o
                0x08000d2c                DAC_SetChannel1Data
 .text.EXTI9_5_IRQHandler
                0x08000d60       0xb8 ..\obj\rotary.o
                0x08000d60                EXTI9_5_IRQHandler
 .text._ZN5UsartC2Ei
                0x08000e18       0x50 ..\obj\uart.o
                0x08000e18                Usart::Usart(int)
                0x08000e18                Usart::Usart(int)
 .text._ZN5Usart11buffer_initEv
                0x08000e68       0x2c ..\obj\uart.o
                0x08000e68                Usart::buffer_init()
 .text._ZN5Usart8BufferInEc
                0x08000e94       0x70 ..\obj\uart.o
                0x08000e94                Usart::BufferIn(char)
 .text._ZN5Usart9BufferOutEPc
                0x08000f04       0x58 ..\obj\uart.o
                0x08000f04                Usart::BufferOut(char*)
 .text._ZN5Usart10ReadBufferEv
                0x08000f5c       0x70 ..\obj\uart.o
                0x08000f5c                Usart::ReadBuffer()
 .text._ZN5Usart13usart3InitDMAEv
                0x08000fcc       0xb0 ..\obj\uart.o
                0x08000fcc                Usart::usart3InitDMA()
 .text._ZN5Usart10SendViaDmaEPci
                0x0800107c       0x9c ..\obj\uart.o
                0x0800107c                Usart::SendViaDma(char*, int)
 .text._ZN5Usart10usart3InitEv
                0x08001118       0xe0 ..\obj\uart.o
                0x08001118                Usart::usart3Init()
 .text._ZN5Usart11uartPutCharEt
                0x080011f8       0x3c ..\obj\uart.o
                0x080011f8                Usart::uartPutChar(unsigned short)
 .text._ZN5Usart14uartSendStringEPc
                0x08001234       0x2c ..\obj\uart.o
                0x08001234                Usart::uartSendString(char*)
 .text._ZN5Usart15EnableSingeltonEv
                0x08001260       0x1c ..\obj\uart.o
                0x08001260                Usart::EnableSingelton()
 .text.DMA1_Stream3_IRQHandler
                0x0800127c       0x30 ..\obj\uart.o
                0x0800127c                DMA1_Stream3_IRQHandler
 .text.USART3_IRQHandler
                0x080012ac       0x48 ..\obj\uart.o
                0x080012ac                USART3_IRQHandler
 .text._ZN7StepperC2Ev
                0x080012f4       0x24 ..\obj\stepper.o
                0x080012f4                Stepper::Stepper()
                0x080012f4                Stepper::Stepper()
 .text._ZN7Stepper4InitEv
                0x08001318       0x48 ..\obj\stepper.o
                0x08001318                Stepper::Init()
 .text._ZN7Stepper4LeftEii
                0x08001360       0x40 ..\obj\stepper.o
                0x08001360                Stepper::Left(int, int)
 .text._ZN7Stepper5RightEii
                0x080013a0       0x40 ..\obj\stepper.o
                0x080013a0                Stepper::Right(int, int)
 .text._ZN7Stepper8LeerlaufEv
                0x080013e0       0x2c ..\obj\stepper.o
                0x080013e0                Stepper::Leerlauf()
 .text._ZN7Stepper7RunStepEv
                0x0800140c       0x98 ..\obj\stepper.o
                0x0800140c                Stepper::RunStep()
 .text._ZN7Stepper15EnableSingeltonEv
                0x080014a4       0x1c ..\obj\stepper.o
                0x080014a4                Stepper::EnableSingelton()
 .text._ZN7Stepper8InitTim2Eii
                0x080014c0       0x70 ..\obj\stepper.o
                0x080014c0                Stepper::InitTim2(int, int)
 .text.TIM2_IRQHandler
                0x08001530       0x70 ..\obj\stepper.o
                0x08001530                TIM2_IRQHandler
 .text.Default_Reset_Handler
                0x080015a0       0x5c ..\obj\startup_stm32f4xx.o
                0x080015a0                Default_Reset_Handler
                0x080015a0                Reset_Handler
 .text.Default_Handler
                0x080015fc        0x8 ..\obj\startup_stm32f4xx.o
                0x080015fc                RTC_Alarm_IRQHandler
                0x080015fc                HASH_RNG_IRQHandler
                0x080015fc                EXTI2_IRQHandler
                0x080015fc                TIM8_CC_IRQHandler
                0x080015fc                DebugMon_Handler
                0x080015fc                TIM1_CC_IRQHandler
                0x080015fc                DMA2_Stream5_IRQHandler
                0x080015fc                HardFault_Handler
                0x080015fc                DMA1_Stream5_IRQHandler
                0x080015fc                PVD_IRQHandler
                0x080015fc                SDIO_IRQHandler
                0x080015fc                TAMP_STAMP_IRQHandler
                0x080015fc                PendSV_Handler
                0x080015fc                NMI_Handler
                0x080015fc                CAN2_RX1_IRQHandler
                0x080015fc                EXTI3_IRQHandler
                0x080015fc                TIM8_TRG_COM_TIM14_IRQHandler
                0x080015fc                TIM1_UP_TIM10_IRQHandler
                0x080015fc                TIM8_UP_TIM13_IRQHandler
                0x080015fc                I2C3_ER_IRQHandler
                0x080015fc                EXTI0_IRQHandler
                0x080015fc                I2C2_EV_IRQHandler
                0x080015fc                DMA1_Stream2_IRQHandler
                0x080015fc                CAN1_RX0_IRQHandler
                0x080015fc                FPU_IRQHandler
                0x080015fc                OTG_HS_WKUP_IRQHandler
                0x080015fc                UsageFault_Handler
                0x080015fc                CAN2_SCE_IRQHandler
                0x080015fc                DMA2_Stream2_IRQHandler
                0x080015fc                SPI1_IRQHandler
                0x080015fc                TIM6_DAC_IRQHandler
                0x080015fc                TIM1_BRK_TIM9_IRQHandler
                0x080015fc                DCMI_IRQHandler
                0x080015fc                CAN2_RX0_IRQHandler
                0x080015fc                DMA2_Stream3_IRQHandler
                0x080015fc                USART6_IRQHandler
                0x080015fc                CRYP_IRQHandler
                0x080015fc                CAN1_RX1_IRQHandler
                0x080015fc                UART5_IRQHandler
                0x080015fc                DMA2_Stream0_IRQHandler
                0x080015fc                TIM4_IRQHandler
                0x080015fc                I2C1_EV_IRQHandler
                0x080015fc                DMA1_Stream6_IRQHandler
                0x080015fc                DMA1_Stream1_IRQHandler
                0x080015fc                UART4_IRQHandler
                0x080015fc                TIM3_IRQHandler
                0x080015fc                RCC_IRQHandler
                0x080015fc                TIM8_BRK_TIM12_IRQHandler
                0x080015fc                EXTI15_10_IRQHandler
                0x080015fc                ADC_IRQHandler
                0x080015fc                TIM7_IRQHandler
                0x080015fc                CAN2_TX_IRQHandler
                0x080015fc                TIM5_IRQHandler
                0x080015fc                DMA2_Stream7_IRQHandler
                0x080015fc                I2C3_EV_IRQHandler
                0x080015fc                RTC_WKUP_IRQHandler
                0x080015fc                ETH_WKUP_IRQHandler
                0x080015fc                SPI2_IRQHandler
                0x080015fc                OTG_HS_EP1_IN_IRQHandler
                0x080015fc                MemManage_Handler
                0x080015fc                CAN1_TX_IRQHandler
                0x080015fc                SVC_Handler
                0x080015fc                EXTI4_IRQHandler
                0x080015fc                FSMC_IRQHandler
                0x080015fc                ETH_IRQHandler
                0x080015fc                OTG_HS_EP1_OUT_IRQHandler
                0x080015fc                WWDG_IRQHandler
                0x080015fc                OTG_FS_WKUP_IRQHandler
                0x080015fc                TIM1_TRG_COM_TIM11_IRQHandler
                0x080015fc                OTG_HS_IRQHandler
                0x080015fc                EXTI1_IRQHandler
                0x080015fc                USART2_IRQHandler
                0x080015fc                I2C2_ER_IRQHandler
                0x080015fc                DMA2_Stream1_IRQHandler
                0x080015fc                CAN1_SCE_IRQHandler
                0x080015fc                FLASH_IRQHandler
                0x080015fc                DMA2_Stream4_IRQHandler
                0x080015fc                BusFault_Handler
                0x080015fc                USART1_IRQHandler
                0x080015fc                OTG_FS_IRQHandler
                0x080015fc                DMA1_Stream4_IRQHandler
                0x080015fc                I2C1_ER_IRQHandler
                0x080015fc                DMA2_Stream6_IRQHandler
 .text.STM_EVAL_LEDInit
                0x08001604       0x5c ..\obj\stm32f4_discovery.o
                0x08001604                STM_EVAL_LEDInit
 .text.main     0x08001660      0x178 ..\obj\main.o
                0x08001660                main
 .text._Z41__static_initialization_and_destruction_0ii
                0x080017d8       0x3c ..\obj\main.o
 .text._GLOBAL__sub_I_buffer
                0x08001814       0x10 ..\obj\main.o
 .text.RCC_GetClocksFreq
                0x08001824      0x154 ..\obj\stm32f4xx_rcc.o
                0x08001824                RCC_GetClocksFreq
 .text.RCC_AHB1PeriphClockCmd
                0x08001978       0x3c ..\obj\stm32f4xx_rcc.o
                0x08001978                RCC_AHB1PeriphClockCmd
 .text.RCC_APB1PeriphClockCmd
                0x080019b4       0x3c ..\obj\stm32f4xx_rcc.o
                0x080019b4                RCC_APB1PeriphClockCmd
 .text.RCC_APB2PeriphClockCmd
                0x080019f0       0x3c ..\obj\stm32f4xx_rcc.o
                0x080019f0                RCC_APB2PeriphClockCmd
 .text.RCC_APB2PeriphResetCmd
                0x08001a2c       0x3c ..\obj\stm32f4xx_rcc.o
                0x08001a2c                RCC_APB2PeriphResetCmd
 .text.ADC_DeInit
                0x08001a68       0x1c ..\obj\stm32f4xx_adc.o
                0x08001a68                ADC_DeInit
 .text.ADC_Init
                0x08001a84       0xa8 ..\obj\stm32f4xx_adc.o
                0x08001a84                ADC_Init
 .text.ADC_CommonInit
                0x08001b2c       0x50 ..\obj\stm32f4xx_adc.o
                0x08001b2c                ADC_CommonInit
 .text.ADC_Cmd  0x08001b7c       0x38 ..\obj\stm32f4xx_adc.o
                0x08001b7c                ADC_Cmd
 .text.ADC_RegularChannelConfig
                0x08001bb4      0x188 ..\obj\stm32f4xx_adc.o
                0x08001bb4                ADC_RegularChannelConfig
 .text.ADC_SoftwareStartConv
                0x08001d3c       0x20 ..\obj\stm32f4xx_adc.o
                0x08001d3c                ADC_SoftwareStartConv
 .text.ADC_DMACmd
                0x08001d5c       0x38 ..\obj\stm32f4xx_adc.o
                0x08001d5c                ADC_DMACmd
 .text.ADC_DMARequestAfterLastTransferCmd
                0x08001d94       0x38 ..\obj\stm32f4xx_adc.o
                0x08001d94                ADC_DMARequestAfterLastTransferCmd
 .text.NVIC_SetPriority
                0x08001dcc       0x54 ..\obj\stm32_ub_systick.o
 .text.SysTick_Config
                0x08001e20       0x44 ..\obj\stm32_ub_systick.o
 .text.UB_Systick_Init
                0x08001e64       0x68 ..\obj\stm32_ub_systick.o
                0x08001e64                UB_Systick_Init
 .text.UB_Systick_Pause_us
                0x08001ecc       0x28 ..\obj\stm32_ub_systick.o
                0x08001ecc                UB_Systick_Pause_us
 .text.UB_Systick_Pause_ms
                0x08001ef4       0x2c ..\obj\stm32_ub_systick.o
                0x08001ef4                UB_Systick_Pause_ms
 .text.SysTick_Handler
                0x08001f20       0x7c ..\obj\stm32_ub_systick.o
                0x08001f20                SysTick_Handler
 .text.TM_OneWire_Init
                0x08001f9c       0x40 ..\obj\tm_stm32f4_onewire.o
                0x08001f9c                TM_OneWire_Init
 .text.TM_OneWire_Reset
                0x08001fdc       0x5c ..\obj\tm_stm32f4_onewire.o
                0x08001fdc                TM_OneWire_Reset
 .text.TM_OneWire_ReadBit
                0x08002038       0x64 ..\obj\tm_stm32f4_onewire.o
                0x08002038                TM_OneWire_ReadBit
 .text.TM_OneWire_ReadByte
                0x0800209c       0x3c ..\obj\tm_stm32f4_onewire.o
                0x0800209c                TM_OneWire_ReadByte
 .text.TM_OneWire_WriteBit
                0x080020d8       0x5c ..\obj\tm_stm32f4_onewire.o
                0x080020d8                TM_OneWire_WriteBit
 .text.TM_OneWire_WriteByte
                0x08002134       0x34 ..\obj\tm_stm32f4_onewire.o
                0x08002134                TM_OneWire_WriteByte
 .text.TM_OneWire_First
                0x08002168       0x14 ..\obj\tm_stm32f4_onewire.o
                0x08002168                TM_OneWire_First
 .text.TM_OneWire_Next
                0x0800217c       0x10 ..\obj\tm_stm32f4_onewire.o
                0x0800217c                TM_OneWire_Next
 .text.TM_OneWire_ResetSearch
                0x0800218c       0x2c ..\obj\tm_stm32f4_onewire.o
                0x0800218c                TM_OneWire_ResetSearch
 .text.TM_OneWire_Search
                0x080021b8      0x180 ..\obj\tm_stm32f4_onewire.o
                0x080021b8                TM_OneWire_Search
 .text.TM_OneWire_SelectWithPointer
                0x08002338       0x34 ..\obj\tm_stm32f4_onewire.o
                0x08002338                TM_OneWire_SelectWithPointer
 .text.TM_OneWire_GetFullROM
                0x0800236c       0x38 ..\obj\tm_stm32f4_onewire.o
                0x0800236c                TM_OneWire_GetFullROM
 .text.GPIO_Init
                0x080023a4      0x11c ..\obj\stm32f4xx_gpio.o
                0x080023a4                GPIO_Init
 .text.GPIO_ReadInputDataBit
                0x080024c0       0x34 ..\obj\stm32f4xx_gpio.o
                0x080024c0                GPIO_ReadInputDataBit
 .text.GPIO_SetBits
                0x080024f4       0x1c ..\obj\stm32f4xx_gpio.o
                0x080024f4                GPIO_SetBits
 .text.GPIO_ResetBits
                0x08002510       0x1c ..\obj\stm32f4xx_gpio.o
                0x08002510                GPIO_ResetBits
 .text.GPIO_WriteBit
                0x0800252c       0x30 ..\obj\stm32f4xx_gpio.o
                0x0800252c                GPIO_WriteBit
 .text.GPIO_PinAFConfig
                0x0800255c       0x8c ..\obj\stm32f4xx_gpio.o
                0x0800255c                GPIO_PinAFConfig
 .text.SystemInit
                0x080025e8       0x58 ..\obj\system_stm32f4xx.o
                0x080025e8                SystemInit
 .text.SetSysClock
                0x08002640       0xf4 ..\obj\system_stm32f4xx.o
 .text.DMA_DeInit
                0x08002734      0x1a4 ..\obj\stm32f4xx_dma.o
                0x08002734                DMA_DeInit
 .text.DMA_Init
                0x080028d8       0xac ..\obj\stm32f4xx_dma.o
                0x080028d8                DMA_Init
 .text.DMA_Cmd  0x08002984       0x38 ..\obj\stm32f4xx_dma.o
                0x08002984                DMA_Cmd
 .text.DMA_GetCmdStatus
                0x080029bc       0x30 ..\obj\stm32f4xx_dma.o
                0x080029bc                DMA_GetCmdStatus
 .text.DMA_GetFlagStatus
                0x080029ec       0x78 ..\obj\stm32f4xx_dma.o
                0x080029ec                DMA_GetFlagStatus
 .text.DMA_ClearFlag
                0x08002a64       0x5c ..\obj\stm32f4xx_dma.o
                0x08002a64                DMA_ClearFlag
 .text.DMA_ITConfig
                0x08002ac0       0x74 ..\obj\stm32f4xx_dma.o
                0x08002ac0                DMA_ITConfig
 .text.DMA_GetITStatus
                0x08002b34       0xb0 ..\obj\stm32f4xx_dma.o
                0x08002b34                DMA_GetITStatus
 .text.DMA_ClearITPendingBit
                0x08002be4       0x5c ..\obj\stm32f4xx_dma.o
                0x08002be4                DMA_ClearITPendingBit
 .text._ZN22AnalogDigitalConverterC2Ev
                0x08002c40      0x140 ..\obj\adc.o
                0x08002c40                AnalogDigitalConverter::AnalogDigitalConverter()
                0x08002c40                AnalogDigitalConverter::AnalogDigitalConverter()
 .text._ZN22AnalogDigitalConverter17getConvertedValueEv
                0x08002d80       0x1c ..\obj\adc.o
                0x08002d80                AnalogDigitalConverter::getConvertedValue()
 *fill*         0x08002d9c        0x4 
 .text._ZN22AnalogDigitalConverter26getConvertedValueAsVoltageEv
                0x08002da0       0x50 ..\obj\adc.o
                0x08002da0                AnalogDigitalConverter::getConvertedValueAsVoltage()
 .text.EVAL_AUDIO_TransferComplete_CallBack
                0x08002df0       0x14 ..\obj\stm32f4_discovery_callbacks.o
                0x08002df0                EVAL_AUDIO_TransferComplete_CallBack
 .text.EVAL_AUDIO_GetSampleCallBack
                0x08002e04       0x10 ..\obj\stm32f4_discovery_callbacks.o
                0x08002e04                EVAL_AUDIO_GetSampleCallBack
 .text.SPI_I2S_SendData
                0x08002e14       0x1c ..\obj\stm32f4xx_spi.o
                0x08002e14                SPI_I2S_SendData
 .text.SPI_I2S_GetFlagStatus
                0x08002e30       0x38 ..\obj\stm32f4xx_spi.o
                0x08002e30                SPI_I2S_GetFlagStatus
 .text.EXTI_GetITStatus
                0x08002e68       0x48 ..\obj\stm32f4xx_exti.o
                0x08002e68                EXTI_GetITStatus
 .text.EXTI_ClearITPendingBit
                0x08002eb0       0x1c ..\obj\stm32f4xx_exti.o
                0x08002eb0                EXTI_ClearITPendingBit
 .text.NVIC_PriorityGroupConfig
                0x08002ecc       0x24 ..\obj\misc.o
                0x08002ecc                NVIC_PriorityGroupConfig
 .text.NVIC_Init
                0x08002ef0       0xbc ..\obj\misc.o
                0x08002ef0                NVIC_Init
 .text.TIM_TimeBaseInit
                0x08002fac       0xd4 ..\obj\stm32f4xx_tim.o
                0x08002fac                TIM_TimeBaseInit
 .text.TIM_SetAutoreload
                0x08003080       0x1c ..\obj\stm32f4xx_tim.o
                0x08003080                TIM_SetAutoreload
 .text.TIM_GetCounter
                0x0800309c       0x18 ..\obj\stm32f4xx_tim.o
                0x0800309c                TIM_GetCounter
 .text.TIM_Cmd  0x080030b4       0x40 ..\obj\stm32f4xx_tim.o
                0x080030b4                TIM_Cmd
 .text.TIM_ICInit
                0x080030f4       0xa8 ..\obj\stm32f4xx_tim.o
                0x080030f4                TIM_ICInit
 .text.TIM_ICStructInit
                0x0800319c       0x30 ..\obj\stm32f4xx_tim.o
                0x0800319c                TIM_ICStructInit
 .text.TIM_SetIC1Prescaler
                0x080031cc       0x38 ..\obj\stm32f4xx_tim.o
                0x080031cc                TIM_SetIC1Prescaler
 .text.TIM_SetIC2Prescaler
                0x08003204       0x3c ..\obj\stm32f4xx_tim.o
                0x08003204                TIM_SetIC2Prescaler
 .text.TIM_SetIC3Prescaler
                0x08003240       0x38 ..\obj\stm32f4xx_tim.o
                0x08003240                TIM_SetIC3Prescaler
 .text.TIM_SetIC4Prescaler
                0x08003278       0x3c ..\obj\stm32f4xx_tim.o
                0x08003278                TIM_SetIC4Prescaler
 .text.TIM_ITConfig
                0x080032b4       0x48 ..\obj\stm32f4xx_tim.o
                0x080032b4                TIM_ITConfig
 .text.TIM_GetITStatus
                0x080032fc       0x54 ..\obj\stm32f4xx_tim.o
                0x080032fc                TIM_GetITStatus
 .text.TIM_ClearITPendingBit
                0x08003350       0x20 ..\obj\stm32f4xx_tim.o
                0x08003350                TIM_ClearITPendingBit
 .text.TIM_EncoderInterfaceConfig
                0x08003370       0x8c ..\obj\stm32f4xx_tim.o
                0x08003370                TIM_EncoderInterfaceConfig
 .text.TI1_Config
                0x080033fc       0x78 ..\obj\stm32f4xx_tim.o
 .text.TI2_Config
                0x08003474       0x8c ..\obj\stm32f4xx_tim.o
 .text.TI3_Config
                0x08003500       0x84 ..\obj\stm32f4xx_tim.o
 .text.TI4_Config
                0x08003584       0x90 ..\obj\stm32f4xx_tim.o
 .text          0x08003614      0x370 c:/program files (x86)/gnu tools arm embedded/4.8 2014q3/bin/../lib/gcc/arm-none-eabi/4.8.4/armv7e-m\libgcc.a(_arm_addsubdf3.o)
                0x08003614                __aeabi_drsub
                0x0800361c                __aeabi_dsub
                0x0800361c                __subdf3
                0x08003620                __aeabi_dadd
                0x08003620                __adddf3
                0x08003898                __floatunsidf
                0x08003898                __aeabi_ui2d
                0x080038b8                __floatsidf
                0x080038b8                __aeabi_i2d
                0x080038dc                __aeabi_f2d
                0x080038dc                __extendsfdf2
                0x08003918                __floatundidf
                0x08003918                __aeabi_ul2d
                0x08003928                __floatdidf
                0x08003928                __aeabi_l2d
 .text          0x08003984      0x424 c:/program files (x86)/gnu tools arm embedded/4.8 2014q3/bin/../lib/gcc/arm-none-eabi/4.8.4/armv7e-m\libgcc.a(_arm_muldivdf3.o)
                0x08003984                __aeabi_dmul
                0x08003984                __muldf3
                0x08003bd8                __divdf3
                0x08003bd8                __aeabi_ddiv
 .text          0x08003da8       0xa0 c:/program files (x86)/gnu tools arm embedded/4.8 2014q3/bin/../lib/gcc/arm-none-eabi/4.8.4/armv7e-m\libgcc.a(_arm_truncdfsf2.o)
                0x08003da8                __truncdfsf2
                0x08003da8                __aeabi_d2f
 .text          0x08003e48      0x21c c:/program files (x86)/gnu tools arm embedded/4.8 2014q3/bin/../lib/gcc/arm-none-eabi/4.8.4/armv7e-m\libgcc.a(_arm_addsubsf3.o)
                0x08003e48                __aeabi_frsub
                0x08003e50                __subsf3
                0x08003e50                __aeabi_fsub
                0x08003e54                __aeabi_fadd
                0x08003e54                __addsf3
                0x08003fb4                __aeabi_ui2f
                0x08003fb4                __floatunsisf
                0x08003fbc                __aeabi_i2f
                0x08003fbc                __floatsisf
                0x08003fd8                __aeabi_ul2f
                0x08003fd8                __floatundisf
                0x08003fe8                __aeabi_l2f
                0x08003fe8                __floatdisf
 .text          0x08004064      0x2a0 c:/program files (x86)/gnu tools arm embedded/4.8 2014q3/bin/../lib/gcc/arm-none-eabi/4.8.4/armv7e-m\libgcc.a(_arm_muldivsf3.o)
                0x08004064                __mulsf3
                0x08004064                __aeabi_fmul
                0x080041cc                __aeabi_fdiv
                0x080041cc                __divsf3
 .text          0x08004304      0xa1c c:/program files (x86)/gnu tools arm embedded/4.8 2014q3/bin/../lib/gcc/arm-none-eabi/4.8.4/armv7e-m\libgcc.a(unwind-arm.o)
                0x080045e8                _Unwind_GetCFA
                0x080045ec                __gnu_Unwind_RaiseException
                0x0800464c                __gnu_Unwind_ForcedUnwind
                0x08004660                __gnu_Unwind_Resume
                0x080046a4                __gnu_Unwind_Resume_or_Rethrow
                0x080046b4                _Unwind_Complete
                0x080046b8                _Unwind_DeleteException
                0x080046c8                _Unwind_VRS_Get
                0x08004718                _Unwind_VRS_Set
                0x08004768                __gnu_Unwind_Backtrace
                0x08004abc                __aeabi_unwind_cpp_pr0
                0x08004ac4                __aeabi_unwind_cpp_pr1
                0x08004acc                __aeabi_unwind_cpp_pr2
                0x08004ad4                _Unwind_VRS_Pop
 .text          0x08004d20      0x1ac c:/program files (x86)/gnu tools arm embedded/4.8 2014q3/bin/../lib/gcc/arm-none-eabi/4.8.4/armv7e-m\libgcc.a(libunwind.o)
                0x08004d20                __restore_core_regs
                0x08004d20                restore_core_regs
                0x08004d38                __gnu_Unwind_Restore_VFP
                0x08004d40                __gnu_Unwind_Save_VFP
                0x08004d48                __gnu_Unwind_Restore_VFP_D
                0x08004d50                __gnu_Unwind_Save_VFP_D
                0x08004d58                __gnu_Unwind_Restore_VFP_D_16_to_31
                0x08004d60                __gnu_Unwind_Save_VFP_D_16_to_31
                0x08004d68                __gnu_Unwind_Restore_WMMXD
                0x08004dac                __gnu_Unwind_Save_WMMXD
                0x08004df0                __gnu_Unwind_Restore_WMMXC
                0x08004e04                __gnu_Unwind_Save_WMMXC
                0x08004e18                ___Unwind_RaiseException
                0x08004e18                _Unwind_RaiseException
                0x08004e3c                _Unwind_Resume
                0x08004e3c                ___Unwind_Resume
                0x08004e60                _Unwind_Resume_or_Rethrow
                0x08004e60                ___Unwind_Resume_or_Rethrow
                0x08004e84                _Unwind_ForcedUnwind
                0x08004e84                ___Unwind_ForcedUnwind
                0x08004ea8                ___Unwind_Backtrace
                0x08004ea8                _Unwind_Backtrace
 .text          0x08004ecc      0x33c c:/program files (x86)/gnu tools arm embedded/4.8 2014q3/bin/../lib/gcc/arm-none-eabi/4.8.4/armv7e-m\libgcc.a(pr-support.o)
                0x08004f20                __gnu_unwind_execute
                0x080051ac                __gnu_unwind_frame
                0x080051d8                _Unwind_GetRegionStart
                0x080051e4                _Unwind_GetLanguageSpecificData
                0x080051f8                _Unwind_GetDataRelBase
                0x08005200                _Unwind_GetTextRelBase
 .text.abort    0x08005208       0x10 c:/program files (x86)/gnu tools arm embedded/4.8 2014q3/bin/../lib/gcc/arm-none-eabi/4.8.4/../../../../arm-none-eabi/lib/armv7e-m\libc.a(lib_a-abort.o)
                0x08005208                abort
 .text.__aeabi_atexit
                0x08005218        0xc c:/program files (x86)/gnu tools arm embedded/4.8 2014q3/bin/../lib/gcc/arm-none-eabi/4.8.4/../../../../arm-none-eabi/lib/armv7e-m\libc.a(lib_a-aeabi_atexit.o)
                0x08005218                __aeabi_atexit
 .text.__cxa_atexit
                0x08005224       0x14 c:/program files (x86)/gnu tools arm embedded/4.8 2014q3/bin/../lib/gcc/arm-none-eabi/4.8.4/../../../../arm-none-eabi/lib/armv7e-m\libc.a(lib_a-cxa_atexit.o)
                0x08005224                __cxa_atexit
 .text.exit     0x08005238       0x20 c:/program files (x86)/gnu tools arm embedded/4.8 2014q3/bin/../lib/gcc/arm-none-eabi/4.8.4/../../../../arm-none-eabi/lib/armv7e-m\libc.a(lib_a-exit.o)
                0x08005238                exit
 .text.__libc_init_array
                0x08005258       0x50 c:/program files (x86)/gnu tools arm embedded/4.8 2014q3/bin/../lib/gcc/arm-none-eabi/4.8.4/../../../../arm-none-eabi/lib/armv7e-m\libc.a(lib_a-init.o)
                0x08005258                __libc_init_array
 .text.malloc   0x080052a8       0x10 c:/program files (x86)/gnu tools arm embedded/4.8 2014q3/bin/../lib/gcc/arm-none-eabi/4.8.4/../../../../arm-none-eabi/lib/armv7e-m\libc.a(lib_a-malloc.o)
                0x080052a8                malloc
 .text.free     0x080052b8       0x10 c:/program files (x86)/gnu tools arm embedded/4.8 2014q3/bin/../lib/gcc/arm-none-eabi/4.8.4/../../../../arm-none-eabi/lib/armv7e-m\libc.a(lib_a-malloc.o)
                0x080052b8                free
 .text._malloc_r
                0x080052c8      0x538 c:/program files (x86)/gnu tools arm embedded/4.8 2014q3/bin/../lib/gcc/arm-none-eabi/4.8.4/../../../../arm-none-eabi/lib/armv7e-m\libc.a(lib_a-mallocr.o)
                0x080052c8                _malloc_r
 .text          0x08005800      0x134 c:/program files (x86)/gnu tools arm embedded/4.8 2014q3/bin/../lib/gcc/arm-none-eabi/4.8.4/../../../../arm-none-eabi/lib/armv7e-m\libc.a(lib_a-memcpy.o)
                0x08005800                memcpy
 .text.memset   0x08005934       0x94 c:/program files (x86)/gnu tools arm embedded/4.8 2014q3/bin/../lib/gcc/arm-none-eabi/4.8.4/../../../../arm-none-eabi/lib/armv7e-m\libc.a(lib_a-memset.o)
                0x08005934                memset
 .text.__malloc_lock
                0x080059c8        0x4 c:/program files (x86)/gnu tools arm embedded/4.8 2014q3/bin/../lib/gcc/arm-none-eabi/4.8.4/../../../../arm-none-eabi/lib/armv7e-m\libc.a(lib_a-mlock.o)
                0x080059c8                __malloc_lock
 .text.__malloc_unlock
                0x080059cc        0x4 c:/program files (x86)/gnu tools arm embedded/4.8 2014q3/bin/../lib/gcc/arm-none-eabi/4.8.4/../../../../arm-none-eabi/lib/armv7e-m\libc.a(lib_a-mlock.o)
                0x080059cc                __malloc_unlock
 .text._sbrk_r  0x080059d0       0x24 c:/program files (x86)/gnu tools arm embedded/4.8 2014q3/bin/../lib/gcc/arm-none-eabi/4.8.4/../../../../arm-none-eabi/lib/armv7e-m\libc.a(lib_a-sbrkr.o)
                0x080059d0                _sbrk_r
 .text._raise_r
                0x080059f4       0x58 c:/program files (x86)/gnu tools arm embedded/4.8 2014q3/bin/../lib/gcc/arm-none-eabi/4.8.4/../../../../arm-none-eabi/lib/armv7e-m\libc.a(lib_a-signal.o)
                0x080059f4                _raise_r
 .text.raise    0x08005a4c       0x10 c:/program files (x86)/gnu tools arm embedded/4.8 2014q3/bin/../lib/gcc/arm-none-eabi/4.8.4/../../../../arm-none-eabi/lib/armv7e-m\libc.a(lib_a-signal.o)
                0x08005a4c                raise
 .text._kill_r  0x08005a5c       0x28 c:/program files (x86)/gnu tools arm embedded/4.8 2014q3/bin/../lib/gcc/arm-none-eabi/4.8.4/../../../../arm-none-eabi/lib/armv7e-m\libc.a(lib_a-signalr.o)
                0x08005a5c                _kill_r
 .text._getpid_r
                0x08005a84        0x4 c:/program files (x86)/gnu tools arm embedded/4.8 2014q3/bin/../lib/gcc/arm-none-eabi/4.8.4/../../../../arm-none-eabi/lib/armv7e-m\libc.a(lib_a-signalr.o)
                0x08005a84                _getpid_r
 .text.sprintf  0x08005a88       0x4c c:/program files (x86)/gnu tools arm embedded/4.8 2014q3/bin/../lib/gcc/arm-none-eabi/4.8.4/../../../../arm-none-eabi/lib/armv7e-m\libc.a(lib_a-sprintf.o)
                0x08005a88                sprintf
 .text.strcpy   0x08005ad4       0xbc c:/program files (x86)/gnu tools arm embedded/4.8 2014q3/bin/../lib/gcc/arm-none-eabi/4.8.4/../../../../arm-none-eabi/lib/armv7e-m\libc.a(lib_a-strcpy.o)
                0x08005ad4                strcpy
 .text.strlen   0x08005b90       0x60 c:/program files (x86)/gnu tools arm embedded/4.8 2014q3/bin/../lib/gcc/arm-none-eabi/4.8.4/../../../../arm-none-eabi/lib/armv7e-m\libc.a(lib_a-strlen.o)
                0x08005b90                strlen
 .text._svfprintf_r
                0x08005bf0     0x14f8 c:/program files (x86)/gnu tools arm embedded/4.8 2014q3/bin/../lib/gcc/arm-none-eabi/4.8.4/../../../../arm-none-eabi/lib/armv7e-m\libc.a(lib_a-svfprintf.o)
                0x08005bf0                _svfprintf_r
 .text.__register_exitproc
                0x080070e8       0xa8 c:/program files (x86)/gnu tools arm embedded/4.8 2014q3/bin/../lib/gcc/arm-none-eabi/4.8.4/../../../../arm-none-eabi/lib/armv7e-m\libc.a(lib_a-__atexit.o)
                0x080070e8                __register_exitproc
 .text.startup.register_fini
                0x08007190       0x14 c:/program files (x86)/gnu tools arm embedded/4.8 2014q3/bin/../lib/gcc/arm-none-eabi/4.8.4/../../../../arm-none-eabi/lib/armv7e-m\libc.a(lib_a-__call_atexit.o)
 .text.__call_exitprocs
                0x080071a4       0xf0 c:/program files (x86)/gnu tools arm embedded/4.8 2014q3/bin/../lib/gcc/arm-none-eabi/4.8.4/../../../../arm-none-eabi/lib/armv7e-m\libc.a(lib_a-__call_atexit.o)
                0x080071a4                __call_exitprocs
 .text.atexit   0x08007294        0xc c:/program files (x86)/gnu tools arm embedded/4.8 2014q3/bin/../lib/gcc/arm-none-eabi/4.8.4/../../../../arm-none-eabi/lib/armv7e-m\libc.a(lib_a-atexit.o)
                0x08007294                atexit
 .text.quorem   0x080072a0      0x130 c:/program files (x86)/gnu tools arm embedded/4.8 2014q3/bin/../lib/gcc/arm-none-eabi/4.8.4/../../../../arm-none-eabi/lib/armv7e-m\libc.a(lib_a-dtoa.o)
 .text._dtoa_r  0x080073d0      0xe38 c:/program files (x86)/gnu tools arm embedded/4.8 2014q3/bin/../lib/gcc/arm-none-eabi/4.8.4/../../../../arm-none-eabi/lib/armv7e-m\libc.a(lib_a-dtoa.o)
                0x080073d0                _dtoa_r
 .text.__libc_fini_array
                0x08008208       0x30 c:/program files (x86)/gnu tools arm embedded/4.8 2014q3/bin/../lib/gcc/arm-none-eabi/4.8.4/../../../../arm-none-eabi/lib/armv7e-m\libc.a(lib_a-fini.o)
                0x08008208                __libc_fini_array
 .text._malloc_trim_r
                0x08008238       0x9c c:/program files (x86)/gnu tools arm embedded/4.8 2014q3/bin/../lib/gcc/arm-none-eabi/4.8.4/../../../../arm-none-eabi/lib/armv7e-m\libc.a(lib_a-freer.o)
                0x08008238                _malloc_trim_r
 .text._free_r  0x080082d4      0x19c c:/program files (x86)/gnu tools arm embedded/4.8 2014q3/bin/../lib/gcc/arm-none-eabi/4.8.4/../../../../arm-none-eabi/lib/armv7e-m\libc.a(lib_a-freer.o)
                0x080082d4                _free_r
 .text._localeconv_r
                0x08008470        0x8 c:/program files (x86)/gnu tools arm embedded/4.8 2014q3/bin/../lib/gcc/arm-none-eabi/4.8.4/../../../../arm-none-eabi/lib/armv7e-m\libc.a(lib_a-locale.o)
                0x08008470                _localeconv_r
 .text.memchr   0x08008478       0x90 c:/program files (x86)/gnu tools arm embedded/4.8 2014q3/bin/../lib/gcc/arm-none-eabi/4.8.4/../../../../arm-none-eabi/lib/armv7e-m\libc.a(lib_a-memchr-stub.o)
                0x08008478                memchr
 .text._Balloc  0x08008508       0x4c c:/program files (x86)/gnu tools arm embedded/4.8 2014q3/bin/../lib/gcc/arm-none-eabi/4.8.4/../../../../arm-none-eabi/lib/armv7e-m\libc.a(lib_a-mprec.o)
                0x08008508                _Balloc
 .text._Bfree   0x08008554       0x14 c:/program files (x86)/gnu tools arm embedded/4.8 2014q3/bin/../lib/gcc/arm-none-eabi/4.8.4/../../../../arm-none-eabi/lib/armv7e-m\libc.a(lib_a-mprec.o)
                0x08008554                _Bfree
 .text.__multadd
                0x08008568       0x98 c:/program files (x86)/gnu tools arm embedded/4.8 2014q3/bin/../lib/gcc/arm-none-eabi/4.8.4/../../../../arm-none-eabi/lib/armv7e-m\libc.a(lib_a-mprec.o)
                0x08008568                __multadd
 .text.__hi0bits
                0x08008600       0x40 c:/program files (x86)/gnu tools arm embedded/4.8 2014q3/bin/../lib/gcc/arm-none-eabi/4.8.4/../../../../arm-none-eabi/lib/armv7e-m\libc.a(lib_a-mprec.o)
                0x08008600                __hi0bits
 .text.__lo0bits
                0x08008640       0x5c c:/program files (x86)/gnu tools arm embedded/4.8 2014q3/bin/../lib/gcc/arm-none-eabi/4.8.4/../../../../arm-none-eabi/lib/armv7e-m\libc.a(lib_a-mprec.o)
                0x08008640                __lo0bits
 .text.__i2b    0x0800869c       0x14 c:/program files (x86)/gnu tools arm embedded/4.8 2014q3/bin/../lib/gcc/arm-none-eabi/4.8.4/../../../../arm-none-eabi/lib/armv7e-m\libc.a(lib_a-mprec.o)
                0x0800869c                __i2b
 .text.__multiply
                0x080086b0      0x13c c:/program files (x86)/gnu tools arm embedded/4.8 2014q3/bin/../lib/gcc/arm-none-eabi/4.8.4/../../../../arm-none-eabi/lib/armv7e-m\libc.a(lib_a-mprec.o)
                0x080086b0                __multiply
 .text.__pow5mult
                0x080087ec       0x9c c:/program files (x86)/gnu tools arm embedded/4.8 2014q3/bin/../lib/gcc/arm-none-eabi/4.8.4/../../../../arm-none-eabi/lib/armv7e-m\libc.a(lib_a-mprec.o)
                0x080087ec                __pow5mult
 .text.__lshift
                0x08008888       0xbc c:/program files (x86)/gnu tools arm embedded/4.8 2014q3/bin/../lib/gcc/arm-none-eabi/4.8.4/../../../../arm-none-eabi/lib/armv7e-m\libc.a(lib_a-mprec.o)
                0x08008888                __lshift
 .text.__mcmp   0x08008944       0x48 c:/program files (x86)/gnu tools arm embedded/4.8 2014q3/bin/../lib/gcc/arm-none-eabi/4.8.4/../../../../arm-none-eabi/lib/armv7e-m\libc.a(lib_a-mprec.o)
                0x08008944                __mcmp
 .text.__mdiff  0x0800898c       0xd4 c:/program files (x86)/gnu tools arm embedded/4.8 2014q3/bin/../lib/gcc/arm-none-eabi/4.8.4/../../../../arm-none-eabi/lib/armv7e-m\libc.a(lib_a-mprec.o)
                0x0800898c                __mdiff
 .text.__d2b    0x08008a60       0xbc c:/program files (x86)/gnu tools arm embedded/4.8 2014q3/bin/../lib/gcc/arm-none-eabi/4.8.4/../../../../arm-none-eabi/lib/armv7e-m\libc.a(lib_a-mprec.o)
                0x08008a60                __d2b
 .text.__fpclassifyd
                0x08008b1c       0x50 c:/program files (x86)/gnu tools arm embedded/4.8 2014q3/bin/../lib/gcc/arm-none-eabi/4.8.4/../../../../arm-none-eabi/lib/armv7e-m\libc.a(lib_a-s_fpclassify.o)
                0x08008b1c                __fpclassifyd
 .text.__ssprint_r
                0x08008b6c      0x100 c:/program files (x86)/gnu tools arm embedded/4.8 2014q3/bin/../lib/gcc/arm-none-eabi/4.8.4/../../../../arm-none-eabi/lib/armv7e-m\libc.a(lib_a-svfiprintf.o)
                0x08008b6c                __ssprint_r
 .text._calloc_r
                0x08008c6c       0x60 c:/program files (x86)/gnu tools arm embedded/4.8 2014q3/bin/../lib/gcc/arm-none-eabi/4.8.4/../../../../arm-none-eabi/lib/armv7e-m\libc.a(lib_a-callocr.o)
                0x08008c6c                _calloc_r
 .text.memmove  0x08008ccc       0xc0 c:/program files (x86)/gnu tools arm embedded/4.8 2014q3/bin/../lib/gcc/arm-none-eabi/4.8.4/../../../../arm-none-eabi/lib/armv7e-m\libc.a(lib_a-memmove.o)
                0x08008ccc                memmove
 .text._realloc_r
                0x08008d8c      0x3cc c:/program files (x86)/gnu tools arm embedded/4.8 2014q3/bin/../lib/gcc/arm-none-eabi/4.8.4/../../../../arm-none-eabi/lib/armv7e-m\libc.a(lib_a-reallocr.o)
                0x08008d8c                _realloc_r
 .text._getpid  0x08009158       0x10 c:/program files (x86)/gnu tools arm embedded/4.8 2014q3/bin/../lib/gcc/arm-none-eabi/4.8.4/../../../../arm-none-eabi/lib/armv7e-m\libnosys.a(getpid.o)
                0x08009158                _getpid
 .text._kill    0x08009168       0x10 c:/program files (x86)/gnu tools arm embedded/4.8 2014q3/bin/../lib/gcc/arm-none-eabi/4.8.4/../../../../arm-none-eabi/lib/armv7e-m\libnosys.a(kill.o)
                0x08009168                _kill
 .text._sbrk    0x08009178       0x34 c:/program files (x86)/gnu tools arm embedded/4.8 2014q3/bin/../lib/gcc/arm-none-eabi/4.8.4/../../../../arm-none-eabi/lib/armv7e-m\libnosys.a(sbrk.o)
                0x08009178                _sbrk
 .text._exit    0x080091ac        0x4 c:/program files (x86)/gnu tools arm embedded/4.8 2014q3/bin/../lib/gcc/arm-none-eabi/4.8.4/../../../../arm-none-eabi/lib/armv7e-m\libnosys.a(_exit.o)
                0x080091ac                _exit
 .text          0x080091b0      0x110 c:/program files (x86)/gnu tools arm embedded/4.8 2014q3/bin/../lib/gcc/arm-none-eabi/4.8.4/armv7e-m\libgcc.a(_arm_cmpdf2.o)
                0x080091b0                __gtdf2
                0x080091b0                __gedf2
                0x080091b8                __ltdf2
                0x080091b8                __ledf2
                0x080091c0                __nedf2
                0x080091c0                __eqdf2
                0x080091c0                __cmpdf2
                0x0800923c                __aeabi_cdrcmple
                0x0800924c                __aeabi_cdcmpeq
                0x0800924c                __aeabi_cdcmple
                0x0800925c                __aeabi_dcmpeq
                0x08009270                __aeabi_dcmplt
                0x08009284                __aeabi_dcmple
                0x08009298                __aeabi_dcmpge
                0x080092ac                __aeabi_dcmpgt
 .text          0x080092c0       0x50 c:/program files (x86)/gnu tools arm embedded/4.8 2014q3/bin/../lib/gcc/arm-none-eabi/4.8.4/armv7e-m\libgcc.a(_arm_fixdfsi.o)
                0x080092c0                __aeabi_d2iz
                0x080092c0                __fixdfsi
 .text          0x08009310       0x2c c:/program files (x86)/gnu tools arm embedded/4.8 2014q3/bin/../lib/gcc/arm-none-eabi/4.8.4/armv7e-m\libgcc.a(_aeabi_uldivmod.o)
                0x08009310                __aeabi_uldivmod
 .text          0x0800933c       0x60 c:/program files (x86)/gnu tools arm embedded/4.8 2014q3/bin/../lib/gcc/arm-none-eabi/4.8.4/armv7e-m\libgcc.a(bpabi.o)
                0x0800933c                __gnu_ldivmod_helper
                0x0800936c                __gnu_uldivmod_helper
 .text          0x0800939c        0x4 c:/program files (x86)/gnu tools arm embedded/4.8 2014q3/bin/../lib/gcc/arm-none-eabi/4.8.4/armv7e-m\libgcc.a(_dvmd_tls.o)
                0x0800939c                __aeabi_idiv0
                0x0800939c                __aeabi_ldiv0
 .text          0x080093a0      0x298 c:/program files (x86)/gnu tools arm embedded/4.8 2014q3/bin/../lib/gcc/arm-none-eabi/4.8.4/armv7e-m\libgcc.a(_divdi3.o)
                0x080093a0                __divdi3
 .text          0x08009638      0x284 c:/program files (x86)/gnu tools arm embedded/4.8 2014q3/bin/../lib/gcc/arm-none-eabi/4.8.4/armv7e-m\libgcc.a(_udivdi3.o)
                0x08009638                __udivdi3
 *(.init)
 .init          0x080098bc        0x4 c:/program files (x86)/gnu tools arm embedded/4.8 2014q3/bin/../lib/gcc/arm-none-eabi/4.8.4/armv7e-m/crti.o
                0x080098bc                _init
 .init          0x080098c0        0x8 c:/program files (x86)/gnu tools arm embedded/4.8 2014q3/bin/../lib/gcc/arm-none-eabi/4.8.4/armv7e-m/crtn.o
 *(.fini)
 .fini          0x080098c8        0x4 c:/program files (x86)/gnu tools arm embedded/4.8 2014q3/bin/../lib/gcc/arm-none-eabi/4.8.4/armv7e-m/crti.o
                0x080098c8                _fini
 .fini          0x080098cc        0x8 c:/program files (x86)/gnu tools arm embedded/4.8 2014q3/bin/../lib/gcc/arm-none-eabi/4.8.4/armv7e-m/crtn.o
 *crtbegin.o(.ctors)
 *crtbegin?.o(.ctors)
 *(EXCLUDE_FILE(*crtend.o *crtend?.o) .ctors)
 *(SORT(.ctors.*))
 *(.ctors)
 *crtbegin.o(.dtors)
 *crtbegin?.o(.dtors)
 *(EXCLUDE_FILE(*crtend.o *crtend?.o) .dtors)
 *(SORT(.dtors.*))
 *(.dtors)
 *(.rodata*)
 .rodata        0x080098d4       0x40 ..\obj\stepper.o
 .rodata        0x08009914       0x30 ..\obj\stm32f4_discovery.o
                0x08009914                GPIO_PIN
                0x0800991c                GPIO_CLK
                0x0800992c                BUTTON_PIN
                0x08009930                BUTTON_CLK
                0x08009934                BUTTON_EXTI_LINE
                0x08009938                BUTTON_PORT_SOURCE
                0x0800993c                BUTTON_PIN_SOURCE
                0x08009940                BUTTON_IRQn
 .rodata        0x08009944       0x64 ..\obj\main.o
 .rodata.str1.4
                0x080099a8        0x2 c:/program files (x86)/gnu tools arm embedded/4.8 2014q3/bin/../lib/gcc/arm-none-eabi/4.8.4/../../../../arm-none-eabi/lib/armv7e-m\libc.a(lib_a-impure.o)
                                  0x4 (size before relaxing)
 *fill*         0x080099aa        0x2 
 .rodata._global_impure_ptr
                0x080099ac        0x4 c:/program files (x86)/gnu tools arm embedded/4.8 2014q3/bin/../lib/gcc/arm-none-eabi/4.8.4/../../../../arm-none-eabi/lib/armv7e-m\libc.a(lib_a-impure.o)
                0x080099ac                _global_impure_ptr
 .rodata.zeroes.6763
                0x080099b0       0x10 c:/program files (x86)/gnu tools arm embedded/4.8 2014q3/bin/../lib/gcc/arm-none-eabi/4.8.4/../../../../arm-none-eabi/lib/armv7e-m\libc.a(lib_a-svfprintf.o)
 .rodata.str1.4
                0x080099c0       0x42 c:/program files (x86)/gnu tools arm embedded/4.8 2014q3/bin/../lib/gcc/arm-none-eabi/4.8.4/../../../../arm-none-eabi/lib/armv7e-m\libc.a(lib_a-svfprintf.o)
                                 0x44 (size before relaxing)
 *fill*         0x08009a02        0x2 
 .rodata.blanks.6762
                0x08009a04       0x10 c:/program files (x86)/gnu tools arm embedded/4.8 2014q3/bin/../lib/gcc/arm-none-eabi/4.8.4/../../../../arm-none-eabi/lib/armv7e-m\libc.a(lib_a-svfprintf.o)
 .rodata.str1.4
                0x08009a14       0x10 c:/program files (x86)/gnu tools arm embedded/4.8 2014q3/bin/../lib/gcc/arm-none-eabi/4.8.4/../../../../arm-none-eabi/lib/armv7e-m\libc.a(lib_a-dtoa.o)
                                 0x14 (size before relaxing)
 .rodata.str1.4
                0x08009a24        0xc c:/program files (x86)/gnu tools arm embedded/4.8 2014q3/bin/../lib/gcc/arm-none-eabi/4.8.4/../../../../arm-none-eabi/lib/armv7e-m\libc.a(lib_a-locale.o)
                                 0x14 (size before relaxing)
 .rodata.__mprec_tens
                0x08009a30       0xc8 c:/program files (x86)/gnu tools arm embedded/4.8 2014q3/bin/../lib/gcc/arm-none-eabi/4.8.4/../../../../arm-none-eabi/lib/armv7e-m\libc.a(lib_a-mprec.o)
                0x08009a30                __mprec_tens
 .rodata.__mprec_bigtens
                0x08009af8       0x28 c:/program files (x86)/gnu tools arm embedded/4.8 2014q3/bin/../lib/gcc/arm-none-eabi/4.8.4/../../../../arm-none-eabi/lib/armv7e-m\libc.a(lib_a-mprec.o)
                0x08009af8                __mprec_bigtens
 .rodata.p05.5269
                0x08009b20        0xc c:/program files (x86)/gnu tools arm embedded/4.8 2014q3/bin/../lib/gcc/arm-none-eabi/4.8.4/../../../../arm-none-eabi/lib/armv7e-m\libc.a(lib_a-mprec.o)
 *(.eh_frame*)
 .eh_frame      0x08009b2c        0x0 c:/program files (x86)/gnu tools arm embedded/4.8 2014q3/bin/../lib/gcc/arm-none-eabi/4.8.4/armv7e-m/crtbegin.o
 .eh_frame      0x08009b2c        0x4 c:/program files (x86)/gnu tools arm embedded/4.8 2014q3/bin/../lib/gcc/arm-none-eabi/4.8.4/armv7e-m/crtend.o

.glue_7         0x08009b30        0x0
 .glue_7        0x00000000        0x0 linker stubs

.glue_7t        0x08009b30        0x0
 .glue_7t       0x00000000        0x0 linker stubs

.vfp11_veneer   0x08009b30        0x0
 .vfp11_veneer  0x00000000        0x0 linker stubs

.v4_bx          0x08009b30        0x0
 .v4_bx         0x00000000        0x0 linker stubs

.iplt           0x08009b30        0x0
 .iplt          0x00000000        0x0 c:/program files (x86)/gnu tools arm embedded/4.8 2014q3/bin/../lib/gcc/arm-none-eabi/4.8.4/armv7e-m/crtbegin.o

.ARM.extab      0x08009b30      0x12c
 *(.ARM.extab* .gnu.linkonce.armextab.*)
 .ARM.extab.text._ZN18TemperaturSensorenC2Ev
                0x08009b30        0xc ..\obj\temp_sensors.o
 .ARM.extab.text._ZN18TemperaturSensoren30startTempMeasurementAllSensorsEv
                0x08009b3c        0xc ..\obj\temp_sensors.o
 .ARM.extab.text._ZN17QuadratureEncoderC2Ev
                0x08009b48        0xc ..\obj\quadrature_encoder.o
 .ARM.extab.text._ZN17QuadratureEncoder4readEv
                0x08009b54        0xc ..\obj\quadrature_encoder.o
 .ARM.extab.text._ZN17QuadratureEncoder13getRotaryDiffEv
                0x08009b60        0xc ..\obj\quadrature_encoder.o
 .ARM.extab.text._ZN3LEDC2Ev
                0x08009b6c        0xc ..\obj\led.o
 .ARM.extab.text.EXTI9_5_IRQHandler
                0x08009b78        0xc ..\obj\rotary.o
 .ARM.extab.text._ZN5UsartC2Ei
                0x08009b84        0xc ..\obj\uart.o
 .ARM.extab.text._ZN5Usart13usart3InitDMAEv
                0x08009b90        0xc ..\obj\uart.o
 .ARM.extab.text._ZN5Usart10SendViaDmaEPci
                0x08009b9c        0xc ..\obj\uart.o
 .ARM.extab.text._ZN5Usart10usart3InitEv
                0x08009ba8        0xc ..\obj\uart.o
 .ARM.extab.text._ZN5Usart11uartPutCharEt
                0x08009bb4        0xc ..\obj\uart.o
 .ARM.extab.text._ZN5Usart14uartSendStringEPc
                0x08009bc0        0xc ..\obj\uart.o
 .ARM.extab.text.USART3_IRQHandler
                0x08009bcc        0xc ..\obj\uart.o
 .ARM.extab.text._ZN7StepperC2Ev
                0x08009bd8        0xc ..\obj\stepper.o
 .ARM.extab.text._ZN7Stepper4InitEv
                0x08009be4        0xc ..\obj\stepper.o
 .ARM.extab.text._ZN7Stepper4LeftEii
                0x08009bf0        0xc ..\obj\stepper.o
 .ARM.extab.text._ZN7Stepper5RightEii
                0x08009bfc        0xc ..\obj\stepper.o
 .ARM.extab.text._ZN7Stepper8LeerlaufEv
                0x08009c08        0xc ..\obj\stepper.o
 .ARM.extab.text._ZN7Stepper7RunStepEv
                0x08009c14        0xc ..\obj\stepper.o
 .ARM.extab.text._ZN7Stepper8InitTim2Eii
                0x08009c20        0xc ..\obj\stepper.o
 .ARM.extab.text._ZN22AnalogDigitalConverterC2Ev
                0x08009c2c        0xc ..\obj\adc.o
 .ARM.extab     0x08009c38        0xc c:/program files (x86)/gnu tools arm embedded/4.8 2014q3/bin/../lib/gcc/arm-none-eabi/4.8.4/armv7e-m\libgcc.a(unwind-arm.o)
 .ARM.extab     0x08009c44       0x18 c:/program files (x86)/gnu tools arm embedded/4.8 2014q3/bin/../lib/gcc/arm-none-eabi/4.8.4/armv7e-m\libgcc.a(pr-support.o)
                0x08009c5c                __exidx_start = .

.ARM.exidx      0x08009c5c      0x1d8
 *(.ARM.exidx* .gnu.linkonce.armexidx.*)
 .ARM.exidx     0x08009c5c        0x8 c:/program files (x86)/gnu tools arm embedded/4.8 2014q3/bin/../lib/gcc/arm-none-eabi/4.8.4/../../../../arm-none-eabi/lib/armv7e-m/crt0.o
 .ARM.exidx.text._ZN18TemperaturSensorenC2Ev
                0x08009c64        0x8 ..\obj\temp_sensors.o
 .ARM.exidx.text._ZN18TemperaturSensoren30startTempMeasurementAllSensorsEv
                0x08009c6c        0x8 ..\obj\temp_sensors.o
 .ARM.exidx.text._ZN18TemperaturSensoren25getAnzahlGefunderSensorenEv
                0x08009c74        0x8 ..\obj\temp_sensors.o
 .ARM.exidx.text._ZN18TemperaturSensoren21getTempWertFromSensorEh
                0x08009c7c        0x0 ..\obj\temp_sensors.o
                                  0x8 (size before relaxing)
 .ARM.exidx.text._ZN17QuadratureEncoderC2Ev
                0x08009c7c        0x8 ..\obj\quadrature_encoder.o
 .ARM.exidx.text._ZN17QuadratureEncoder5resetEv
                0x08009c84        0x8 ..\obj\quadrature_encoder.o
 .ARM.exidx.text._ZN17QuadratureEncoder4readEv
                0x08009c8c        0x8 ..\obj\quadrature_encoder.o
 .ARM.exidx.text._ZN17QuadratureEncoder13getRotaryDiffEv
                0x08009c94        0x8 ..\obj\quadrature_encoder.o
 .ARM.exidx.text._ZN3LEDC2Ev
                0x08009c9c        0x8 ..\obj\led.o
 .ARM.exidx.text._ZN3LEDD2Ev
                0x08009ca4        0x8 ..\obj\led.o
 .ARM.exidx.text.EXTI9_5_IRQHandler
                0x08009cac        0x8 ..\obj\rotary.o
 .ARM.exidx.text._ZN5UsartC2Ei
                0x08009cb4        0x8 ..\obj\uart.o
 .ARM.exidx.text._ZN5Usart11buffer_initEv
                0x08009cbc        0x8 ..\obj\uart.o
 .ARM.exidx.text._ZN5Usart8BufferInEc
                0x08009cc4        0x0 ..\obj\uart.o
                                  0x8 (size before relaxing)
 .ARM.exidx.text._ZN5Usart9BufferOutEPc
                0x08009cc4        0x0 ..\obj\uart.o
                                  0x8 (size before relaxing)
 .ARM.exidx.text._ZN5Usart10ReadBufferEv
                0x08009cc4        0x0 ..\obj\uart.o
                                  0x8 (size before relaxing)
 .ARM.exidx.text._ZN5Usart13usart3InitDMAEv
                0x08009cc4        0x8 ..\obj\uart.o
 .ARM.exidx.text._ZN5Usart10SendViaDmaEPci
                0x08009ccc        0x8 ..\obj\uart.o
 .ARM.exidx.text._ZN5Usart10usart3InitEv
                0x08009cd4        0x8 ..\obj\uart.o
 .ARM.exidx.text._ZN5Usart11uartPutCharEt
                0x08009cdc        0x8 ..\obj\uart.o
 .ARM.exidx.text._ZN5Usart14uartSendStringEPc
                0x08009ce4        0x8 ..\obj\uart.o
 .ARM.exidx.text._ZN5Usart15EnableSingeltonEv
                0x08009cec        0x8 ..\obj\uart.o
 .ARM.exidx.text.DMA1_Stream3_IRQHandler
                0x08009cf4        0x8 ..\obj\uart.o
 .ARM.exidx.text.USART3_IRQHandler
                0x08009cfc        0x8 ..\obj\uart.o
 .ARM.exidx.text._ZN7StepperC2Ev
                0x08009d04        0x8 ..\obj\stepper.o
 .ARM.exidx.text._ZN7Stepper4InitEv
                0x08009d0c        0x8 ..\obj\stepper.o
 .ARM.exidx.text._ZN7Stepper4LeftEii
                0x08009d14        0x8 ..\obj\stepper.o
 .ARM.exidx.text._ZN7Stepper5RightEii
                0x08009d1c        0x8 ..\obj\stepper.o
 .ARM.exidx.text._ZN7Stepper8LeerlaufEv
                0x08009d24        0x8 ..\obj\stepper.o
 .ARM.exidx.text._ZN7Stepper7RunStepEv
                0x08009d2c        0x8 ..\obj\stepper.o
 .ARM.exidx.text._ZN7Stepper15EnableSingeltonEv
                0x08009d34        0x8 ..\obj\stepper.o
 .ARM.exidx.text._ZN7Stepper8InitTim2Eii
                0x08009d3c        0x8 ..\obj\stepper.o
 .ARM.exidx.text.TIM2_IRQHandler
                0x08009d44       0x10 ..\obj\stepper.o
                                  0x8 (size before relaxing)
 .ARM.exidx.text.main
                0x08009d54        0x8 ..\obj\main.o
 .ARM.exidx.text._Z41__static_initialization_and_destruction_0ii
                0x08009d5c        0x8 ..\obj\main.o
 .ARM.exidx.text._GLOBAL__sub_I_buffer
                0x08009d64        0x0 ..\obj\main.o
                                  0x8 (size before relaxing)
 .ARM.exidx.text._ZN22AnalogDigitalConverterC2Ev
                0x08009d64        0x8 ..\obj\adc.o
 .ARM.exidx.text._ZN22AnalogDigitalConverter17getConvertedValueEv
                0x08009d6c        0x8 ..\obj\adc.o
 .ARM.exidx.text._ZN22AnalogDigitalConverter26getConvertedValueAsVoltageEv
                0x08009d74        0x0 ..\obj\adc.o
                                  0x8 (size before relaxing)
 .ARM.exidx     0x08009d74       0x88 c:/program files (x86)/gnu tools arm embedded/4.8 2014q3/bin/../lib/gcc/arm-none-eabi/4.8.4/armv7e-m\libgcc.a(unwind-arm.o)
                                 0xd8 (size before relaxing)
 .ARM.exidx     0x08009dfc       0x38 c:/program files (x86)/gnu tools arm embedded/4.8 2014q3/bin/../lib/gcc/arm-none-eabi/4.8.4/armv7e-m\libgcc.a(pr-support.o)
                                 0x48 (size before relaxing)
 .ARM.exidx     0x08009e34        0x0 c:/program files (x86)/gnu tools arm embedded/4.8 2014q3/bin/../lib/gcc/arm-none-eabi/4.8.4/armv7e-m\libgcc.a(_divdi3.o)
                                  0x8 (size before relaxing)
 .ARM.exidx     0x08009e34        0x0 c:/program files (x86)/gnu tools arm embedded/4.8 2014q3/bin/../lib/gcc/arm-none-eabi/4.8.4/armv7e-m\libgcc.a(_udivdi3.o)
                                  0x8 (size before relaxing)
                0x08009e34                __exidx_end = .
                0x08009e34                __etext = .
                0x08009e34                _sidata = __etext

.rel.dyn        0x08009e34        0x0
 .rel.iplt      0x00000000        0x0 c:/program files (x86)/gnu tools arm embedded/4.8 2014q3/bin/../lib/gcc/arm-none-eabi/4.8.4/armv7e-m/crtbegin.o

.data           0x20000000      0x970 load address 0x08009e34
                0x20000000                __data_start__ = .
                0x20000000                _sdata = __data_start__
 *(vtable)
 *(.data*)
 .data          0x20000000        0x4 c:/program files (x86)/gnu tools arm embedded/4.8 2014q3/bin/../lib/gcc/arm-none-eabi/4.8.4/armv7e-m/crtbegin.o
                0x20000000                __dso_handle
 .data          0x20000004       0x34 ..\obj\stm32f4_discovery_audio_codec.o
                0x20000004                AudioTotalSize
                0x20000008                AudioRemSize
                0x2000000c                CODECTimeout
                0x20000010                CurrAudioInterface
                0x20000014                AUDIO_MAL_DMA_CLOCK
                0x20000018                AUDIO_MAL_DMA_STREAM
                0x2000001c                AUDIO_MAL_DMA_DREG
                0x20000020                AUDIO_MAL_DMA_IRQ
                0x20000024                AUDIO_MAL_DMA_FLAG_TC
                0x20000028                AUDIO_MAL_DMA_FLAG_HT
                0x2000002c                AUDIO_MAL_DMA_FLAG_FE
                0x20000030                AUDIO_MAL_DMA_FLAG_TE
                0x20000034                AUDIO_MAL_DMA_FLAG_DME
 .data          0x20000038        0x4 ..\obj\stepper.o
                0x20000038                direction
 .data          0x2000003c       0x14 ..\obj\stm32f4_discovery.o
                0x2000003c                GPIO_PORT
                0x2000004c                BUTTON_PORT
 .data          0x20000050       0x84 ..\obj\main.o
                0x20000050                buffer
 .data          0x200000d4       0x10 ..\obj\stm32f4xx_rcc.o
 *fill*         0x200000e4        0x4 
 .data.impure_data
                0x200000e8      0x428 c:/program files (x86)/gnu tools arm embedded/4.8 2014q3/bin/../lib/gcc/arm-none-eabi/4.8.4/../../../../arm-none-eabi/lib/armv7e-m\libc.a(lib_a-impure.o)
 .data._impure_ptr
                0x20000510        0x4 c:/program files (x86)/gnu tools arm embedded/4.8 2014q3/bin/../lib/gcc/arm-none-eabi/4.8.4/../../../../arm-none-eabi/lib/armv7e-m\libc.a(lib_a-impure.o)
                0x20000510                _impure_ptr
 .data.__malloc_av_
                0x20000514      0x408 c:/program files (x86)/gnu tools arm embedded/4.8 2014q3/bin/../lib/gcc/arm-none-eabi/4.8.4/../../../../arm-none-eabi/lib/armv7e-m\libc.a(lib_a-mallocr.o)
                0x20000514                __malloc_av_
 .data.__malloc_trim_threshold
                0x2000091c        0x4 c:/program files (x86)/gnu tools arm embedded/4.8 2014q3/bin/../lib/gcc/arm-none-eabi/4.8.4/../../../../arm-none-eabi/lib/armv7e-m\libc.a(lib_a-mallocr.o)
                0x2000091c                __malloc_trim_threshold
 .data.__malloc_sbrk_base
                0x20000920        0x4 c:/program files (x86)/gnu tools arm embedded/4.8 2014q3/bin/../lib/gcc/arm-none-eabi/4.8.4/../../../../arm-none-eabi/lib/armv7e-m\libc.a(lib_a-mallocr.o)
                0x20000920                __malloc_sbrk_base
 .data.lconv    0x20000924       0x38 c:/program files (x86)/gnu tools arm embedded/4.8 2014q3/bin/../lib/gcc/arm-none-eabi/4.8.4/../../../../arm-none-eabi/lib/armv7e-m\libc.a(lib_a-locale.o)
                0x2000095c                . = ALIGN (0x4)
                0x2000095c                PROVIDE (__preinit_array_start, .)
 *(.preinit_array)
                0x2000095c                PROVIDE (__preinit_array_end, .)
                0x2000095c                . = ALIGN (0x4)
                0x2000095c                PROVIDE (__init_array_start, .)
 *(SORT(.init_array.*))
 .init_array.00000
                0x2000095c        0x4 c:/program files (x86)/gnu tools arm embedded/4.8 2014q3/bin/../lib/gcc/arm-none-eabi/4.8.4/../../../../arm-none-eabi/lib/armv7e-m\libc.a(lib_a-__call_atexit.o)
 *(.init_array)
 .init_array    0x20000960        0x4 c:/program files (x86)/gnu tools arm embedded/4.8 2014q3/bin/../lib/gcc/arm-none-eabi/4.8.4/armv7e-m/crtbegin.o
 .init_array    0x20000964        0x4 ..\obj\main.o
                0x20000968                PROVIDE (__init_array_end, .)
                0x20000968                . = ALIGN (0x4)
                0x20000968                PROVIDE (__fini_array_start, .)
 *(SORT(.fini_array.*))
 *(.fini_array)
 .fini_array    0x20000968        0x4 c:/program files (x86)/gnu tools arm embedded/4.8 2014q3/bin/../lib/gcc/arm-none-eabi/4.8.4/armv7e-m/crtbegin.o
                0x2000096c                PROVIDE (__fini_array_end, .)
 *(.jcr*)
 .jcr           0x2000096c        0x0 c:/program files (x86)/gnu tools arm embedded/4.8 2014q3/bin/../lib/gcc/arm-none-eabi/4.8.4/armv7e-m/crtbegin.o
 .jcr           0x2000096c        0x4 c:/program files (x86)/gnu tools arm embedded/4.8 2014q3/bin/../lib/gcc/arm-none-eabi/4.8.4/armv7e-m/crtend.o
                0x20000970                . = ALIGN (0x4)
                0x20000970                __data_end__ = .
                0x20000970                _edata = __data_end__

.igot.plt       0x20000970        0x0 load address 0x0800a7a4
 .igot.plt      0x00000000        0x0 c:/program files (x86)/gnu tools arm embedded/4.8 2014q3/bin/../lib/gcc/arm-none-eabi/4.8.4/armv7e-m/crtbegin.o

.bss            0x20000970      0x128 load address 0x0800a7a4
                0x20000970                . = ALIGN (0x4)
                0x20000970                __bss_start__ = .
                0x20000970                _sbss = __bss_start__
 *(.bss*)
 .bss           0x20000970       0x1c c:/program files (x86)/gnu tools arm embedded/4.8 2014q3/bin/../lib/gcc/arm-none-eabi/4.8.4/armv7e-m/crtbegin.o
 .bss           0x2000098c        0x4 ..\obj\rotary.o
                0x2000098c                RotaryInstance
 .bss           0x20000990        0x4 ..\obj\uart.o
                0x20000990                Usart3Instance
 .bss           0x20000994        0xc ..\obj\stepper.o
                0x20000994                StepperInstance
                0x20000998                currentStep
                0x2000099c                stepperEnd
 .bss           0x200009a0        0x8 ..\obj\main.o
                0x200009a0                OutputString
                0x200009a4                LPC1768_LED
 .bss           0x200009a8       0x1c ..\obj\stm32_ub_systick.o
 .bss           0x200009c4        0x2 ..\obj\adc.o
                0x200009c4                ADC_BUFF
 *fill*         0x200009c6        0x2 
 .bss.__malloc_max_total_mem
                0x200009c8        0x4 c:/program files (x86)/gnu tools arm embedded/4.8 2014q3/bin/../lib/gcc/arm-none-eabi/4.8.4/../../../../arm-none-eabi/lib/armv7e-m\libc.a(lib_a-mallocr.o)
                0x200009c8                __malloc_max_total_mem
 .bss.__malloc_max_sbrked_mem
                0x200009cc        0x4 c:/program files (x86)/gnu tools arm embedded/4.8 2014q3/bin/../lib/gcc/arm-none-eabi/4.8.4/../../../../arm-none-eabi/lib/armv7e-m\libc.a(lib_a-mallocr.o)
                0x200009cc                __malloc_max_sbrked_mem
 .bss.__malloc_top_pad
                0x200009d0        0x4 c:/program files (x86)/gnu tools arm embedded/4.8 2014q3/bin/../lib/gcc/arm-none-eabi/4.8.4/../../../../arm-none-eabi/lib/armv7e-m\libc.a(lib_a-mallocr.o)
                0x200009d0                __malloc_top_pad
 .bss.__malloc_current_mallinfo
                0x200009d4       0x28 c:/program files (x86)/gnu tools arm embedded/4.8 2014q3/bin/../lib/gcc/arm-none-eabi/4.8.4/../../../../arm-none-eabi/lib/armv7e-m\libc.a(lib_a-mallocr.o)
                0x200009d4                __malloc_current_mallinfo
 .bss.heap_end.4246
                0x200009fc        0x4 c:/program files (x86)/gnu tools arm embedded/4.8 2014q3/bin/../lib/gcc/arm-none-eabi/4.8.4/../../../../arm-none-eabi/lib/armv7e-m\libnosys.a(sbrk.o)
 *(COMMON)
 COMMON         0x20000a00       0x7c ..\obj\stm32f4_discovery_audio_codec.o
                0x20000a00                CurrentPos
                0x20000a04                AUDIO_MAL_DMA_InitStructure
                0x20000a40                DMA_InitStructure
 COMMON         0x20000a7c       0x16 ..\obj\tm_stm32f4_onewire.o
                0x20000a7c                TM_OneWire_GPIO_InitDef
                0x20000a84                TM_OneWire_LastDeviceFlag
                0x20000a88                TM_OneWire_ROM_NO
                0x20000a90                TM_OneWire_LastFamilyDiscrepancy
                0x20000a91                TM_OneWire_LastDiscrepancy
 *fill*         0x20000a92        0x2 
 COMMON         0x20000a94        0x4 c:/program files (x86)/gnu tools arm embedded/4.8 2014q3/bin/../lib/gcc/arm-none-eabi/4.8.4/../../../../arm-none-eabi/lib/armv7e-m\libc.a(lib_a-reent.o)
                0x20000a94                errno
                0x20000a98                . = ALIGN (0x4)
                0x20000a98                __bss_end__ = .
                0x20000a98                _ebss = __bss_end__

.heap           0x20000a98        0x0
                0x20000a98                __end__ = .
                0x20000a98                _end = __end__
                0x20000a98                end = __end__
 *(.heap*)
                0x20000a98                __HeapLimit = .

.co_stack       0x20000a98      0x800 load address 0x0800a8cc
                0x20000a98                . = ALIGN (0x8)
 *(.co_stack .co_stack.*)
 .co_stack      0x20000a98      0x800 ..\obj\startup_stm32f4xx.o
                0x20000a98                pulStack
                0x20020000                __StackTop = (ORIGIN (RAM) + 0x20000)
                0x2001f800                __StackLimit = (__StackTop - SIZEOF (.co_stack))
                0x20020000                PROVIDE (__stack, __StackTop)
                0x00000001                ASSERT ((__StackLimit >= __HeapLimit), region RAM overflowed with stack)
LOAD ..\obj\stm32f4xx_syscfg.o
LOAD ..\obj\temp_sensors.o
LOAD ..\obj\tm_stm32f4_ds18b20.o
LOAD ..\obj\stm32f4_discovery_audio_codec.o
LOAD ..\obj\stm32f4xx_usart.o
LOAD ..\obj\quadrature_encoder.o
LOAD ..\obj\led.o
LOAD ..\obj\stm32f4xx_dac.o
LOAD ..\obj\rotary.o
LOAD ..\obj\uart.o
LOAD ..\obj\stepper.o
LOAD ..\obj\startup_stm32f4xx.o
LOAD ..\obj\stm32f4_discovery.o
LOAD ..\obj\main.o
LOAD ..\obj\stm32f4xx_rcc.o
LOAD ..\obj\stm32f4xx_adc.o
LOAD ..\obj\stm32_ub_systick.o
LOAD ..\obj\tm_stm32f4_onewire.o
LOAD ..\obj\stm32f4xx_gpio.o
LOAD ..\obj\system_stm32f4xx.o
LOAD ..\obj\stm32f4xx_dma.o
LOAD ..\obj\adc.o
LOAD ..\obj\stm32f4_discovery_callbacks.o
LOAD ..\obj\stm32f4xx_spi.o
LOAD ..\obj\stm32f4xx_i2c.o
LOAD ..\obj\stm32f4xx_exti.o
LOAD ..\obj\misc.o
LOAD ..\obj\stm32f4_discovery_lis302dl.o
LOAD ..\obj\stm32f4xx_tim.o
LOAD ..\..\..\STM32F4-Discovery\libpdmfilter_gcc.a
LOAD c:/program files (x86)/gnu tools arm embedded/4.8 2014q3/bin/../lib/gcc/arm-none-eabi/4.8.4/../../../../arm-none-eabi/lib/armv7e-m\libm.a
LOAD c:/program files (x86)/gnu tools arm embedded/4.8 2014q3/bin/../lib/gcc/arm-none-eabi/4.8.4/armv7e-m\libgcc.a
LOAD c:/program files (x86)/gnu tools arm embedded/4.8 2014q3/bin/../lib/gcc/arm-none-eabi/4.8.4/../../../../arm-none-eabi/lib/armv7e-m\libc.a
LOAD c:/program files (x86)/gnu tools arm embedded/4.8 2014q3/bin/../lib/gcc/arm-none-eabi/4.8.4/../../../../arm-none-eabi/lib/armv7e-m\libstdc++.a
LOAD c:/program files (x86)/gnu tools arm embedded/4.8 2014q3/bin/../lib/gcc/arm-none-eabi/4.8.4/../../../../arm-none-eabi/lib/armv7e-m\libsupc++.a
LOAD c:/program files (x86)/gnu tools arm embedded/4.8 2014q3/bin/../lib/gcc/arm-none-eabi/4.8.4/../../../../arm-none-eabi/lib/armv7e-m\libnosys.a
START GROUP
LOAD c:/program files (x86)/gnu tools arm embedded/4.8 2014q3/bin/../lib/gcc/arm-none-eabi/4.8.4/armv7e-m\libgcc.a
LOAD c:/program files (x86)/gnu tools arm embedded/4.8 2014q3/bin/../lib/gcc/arm-none-eabi/4.8.4/../../../../arm-none-eabi/lib/armv7e-m\libg.a
LOAD c:/program files (x86)/gnu tools arm embedded/4.8 2014q3/bin/../lib/gcc/arm-none-eabi/4.8.4/../../../../arm-none-eabi/lib/armv7e-m\libc.a
END GROUP
LOAD c:/program files (x86)/gnu tools arm embedded/4.8 2014q3/bin/../lib/gcc/arm-none-eabi/4.8.4/armv7e-m/crtend.o
LOAD c:/program files (x86)/gnu tools arm embedded/4.8 2014q3/bin/../lib/gcc/arm-none-eabi/4.8.4/armv7e-m/crtn.o
OUTPUT(Gewaechshaus.elf elf32-littlearm)

.ARM.attributes
                0x00000000       0x2a
 .ARM.attributes
                0x00000000       0x1e c:/program files (x86)/gnu tools arm embedded/4.8 2014q3/bin/../lib/gcc/arm-none-eabi/4.8.4/armv7e-m/crti.o
 .ARM.attributes
                0x0000001e       0x2e c:/program files (x86)/gnu tools arm embedded/4.8 2014q3/bin/../lib/gcc/arm-none-eabi/4.8.4/armv7e-m/crtbegin.o
 .ARM.attributes
                0x0000004c       0x1c c:/program files (x86)/gnu tools arm embedded/4.8 2014q3/bin/../lib/gcc/arm-none-eabi/4.8.4/../../../../arm-none-eabi/lib/armv7e-m/crt0.o
 .ARM.attributes
                0x00000068       0x33 ..\obj\temp_sensors.o
 .ARM.attributes
                0x0000009b       0x33 ..\obj\tm_stm32f4_ds18b20.o
 .ARM.attributes
                0x000000ce       0x33 ..\obj\stm32f4_discovery_audio_codec.o
 .ARM.attributes
                0x00000101       0x33 ..\obj\stm32f4xx_usart.o
 .ARM.attributes
                0x00000134       0x33 ..\obj\quadrature_encoder.o
 .ARM.attributes
                0x00000167       0x33 ..\obj\led.o
 .ARM.attributes
                0x0000019a       0x33 ..\obj\stm32f4xx_dac.o
 .ARM.attributes
                0x000001cd       0x33 ..\obj\rotary.o
 .ARM.attributes
                0x00000200       0x33 ..\obj\uart.o
 .ARM.attributes
                0x00000233       0x33 ..\obj\stepper.o
 .ARM.attributes
                0x00000266       0x33 ..\obj\startup_stm32f4xx.o
 .ARM.attributes
                0x00000299       0x33 ..\obj\stm32f4_discovery.o
 .ARM.attributes
                0x000002cc       0x33 ..\obj\main.o
 .ARM.attributes
                0x000002ff       0x33 ..\obj\stm32f4xx_rcc.o
 .ARM.attributes
                0x00000332       0x33 ..\obj\stm32f4xx_adc.o
 .ARM.attributes
                0x00000365       0x33 ..\obj\stm32_ub_systick.o
 .ARM.attributes
                0x00000398       0x33 ..\obj\tm_stm32f4_onewire.o
 .ARM.attributes
                0x000003cb       0x33 ..\obj\stm32f4xx_gpio.o
 .ARM.attributes
                0x000003fe       0x33 ..\obj\system_stm32f4xx.o
 .ARM.attributes
                0x00000431       0x33 ..\obj\stm32f4xx_dma.o
 .ARM.attributes
                0x00000464       0x33 ..\obj\adc.o
 .ARM.attributes
                0x00000497       0x33 ..\obj\stm32f4_discovery_callbacks.o
 .ARM.attributes
                0x000004ca       0x33 ..\obj\stm32f4xx_spi.o
 .ARM.attributes
                0x000004fd       0x33 ..\obj\stm32f4xx_exti.o
 .ARM.attributes
                0x00000530       0x33 ..\obj\misc.o
 .ARM.attributes
                0x00000563       0x33 ..\obj\stm32f4xx_tim.o
 .ARM.attributes
                0x00000596       0x1e c:/program files (x86)/gnu tools arm embedded/4.8 2014q3/bin/../lib/gcc/arm-none-eabi/4.8.4/armv7e-m\libgcc.a(_arm_addsubdf3.o)
 .ARM.attributes
                0x000005b4       0x1e c:/program files (x86)/gnu tools arm embedded/4.8 2014q3/bin/../lib/gcc/arm-none-eabi/4.8.4/armv7e-m\libgcc.a(_arm_muldivdf3.o)
 .ARM.attributes
                0x000005d2       0x1e c:/program files (x86)/gnu tools arm embedded/4.8 2014q3/bin/../lib/gcc/arm-none-eabi/4.8.4/armv7e-m\libgcc.a(_arm_truncdfsf2.o)
 .ARM.attributes
                0x000005f0       0x1e c:/program files (x86)/gnu tools arm embedded/4.8 2014q3/bin/../lib/gcc/arm-none-eabi/4.8.4/armv7e-m\libgcc.a(_arm_addsubsf3.o)
 .ARM.attributes
                0x0000060e       0x1e c:/program files (x86)/gnu tools arm embedded/4.8 2014q3/bin/../lib/gcc/arm-none-eabi/4.8.4/armv7e-m\libgcc.a(_arm_muldivsf3.o)
 .ARM.attributes
                0x0000062c       0x2e c:/program files (x86)/gnu tools arm embedded/4.8 2014q3/bin/../lib/gcc/arm-none-eabi/4.8.4/../../../../arm-none-eabi/lib/armv7e-m\libc.a(lib_a-aeabi_atexit.o)
 .ARM.attributes
                0x0000065a       0x2e c:/program files (x86)/gnu tools arm embedded/4.8 2014q3/bin/../lib/gcc/arm-none-eabi/4.8.4/../../../../arm-none-eabi/lib/armv7e-m\libc.a(lib_a-cxa_atexit.o)
 .ARM.attributes
                0x00000688       0x2e c:/program files (x86)/gnu tools arm embedded/4.8 2014q3/bin/../lib/gcc/arm-none-eabi/4.8.4/../../../../arm-none-eabi/lib/armv7e-m\libc.a(lib_a-exit.o)
 .ARM.attributes
                0x000006b6       0x2e c:/program files (x86)/gnu tools arm embedded/4.8 2014q3/bin/../lib/gcc/arm-none-eabi/4.8.4/../../../../arm-none-eabi/lib/armv7e-m\libc.a(lib_a-impure.o)
 .ARM.attributes
                0x000006e4       0x2e c:/program files (x86)/gnu tools arm embedded/4.8 2014q3/bin/../lib/gcc/arm-none-eabi/4.8.4/../../../../arm-none-eabi/lib/armv7e-m\libc.a(lib_a-init.o)
 .ARM.attributes
                0x00000712       0x2e c:/program files (x86)/gnu tools arm embedded/4.8 2014q3/bin/../lib/gcc/arm-none-eabi/4.8.4/../../../../arm-none-eabi/lib/armv7e-m\libc.a(lib_a-malloc.o)
 .ARM.attributes
                0x00000740       0x2e c:/program files (x86)/gnu tools arm embedded/4.8 2014q3/bin/../lib/gcc/arm-none-eabi/4.8.4/../../../../arm-none-eabi/lib/armv7e-m\libc.a(lib_a-mallocr.o)
 .ARM.attributes
                0x0000076e       0x1c c:/program files (x86)/gnu tools arm embedded/4.8 2014q3/bin/../lib/gcc/arm-none-eabi/4.8.4/../../../../arm-none-eabi/lib/armv7e-m\libc.a(lib_a-memcpy.o)
 .ARM.attributes
                0x0000078a       0x2e c:/program files (x86)/gnu tools arm embedded/4.8 2014q3/bin/../lib/gcc/arm-none-eabi/4.8.4/../../../../arm-none-eabi/lib/armv7e-m\libc.a(lib_a-memset.o)
 .ARM.attributes
                0x000007b8       0x2e c:/program files (x86)/gnu tools arm embedded/4.8 2014q3/bin/../lib/gcc/arm-none-eabi/4.8.4/../../../../arm-none-eabi/lib/armv7e-m\libc.a(lib_a-mlock.o)
 .ARM.attributes
                0x000007e6       0x2e c:/program files (x86)/gnu tools arm embedded/4.8 2014q3/bin/../lib/gcc/arm-none-eabi/4.8.4/../../../../arm-none-eabi/lib/armv7e-m\libc.a(lib_a-sbrkr.o)
 .ARM.attributes
                0x00000814       0x2e c:/program files (x86)/gnu tools arm embedded/4.8 2014q3/bin/../lib/gcc/arm-none-eabi/4.8.4/../../../../arm-none-eabi/lib/armv7e-m\libc.a(lib_a-sprintf.o)
 .ARM.attributes
                0x00000842       0x2e c:/program files (x86)/gnu tools arm embedded/4.8 2014q3/bin/../lib/gcc/arm-none-eabi/4.8.4/../../../../arm-none-eabi/lib/armv7e-m\libc.a(lib_a-strcpy.o)
 .ARM.attributes
                0x00000870       0x2e c:/program files (x86)/gnu tools arm embedded/4.8 2014q3/bin/../lib/gcc/arm-none-eabi/4.8.4/../../../../arm-none-eabi/lib/armv7e-m\libc.a(lib_a-strlen.o)
 .ARM.attributes
                0x0000089e       0x2e c:/program files (x86)/gnu tools arm embedded/4.8 2014q3/bin/../lib/gcc/arm-none-eabi/4.8.4/../../../../arm-none-eabi/lib/armv7e-m\libc.a(lib_a-svfprintf.o)
 .ARM.attributes
                0x000008cc       0x2e c:/program files (x86)/gnu tools arm embedded/4.8 2014q3/bin/../lib/gcc/arm-none-eabi/4.8.4/../../../../arm-none-eabi/lib/armv7e-m\libc.a(lib_a-__atexit.o)
 .ARM.attributes
                0x000008fa       0x2e c:/program files (x86)/gnu tools arm embedded/4.8 2014q3/bin/../lib/gcc/arm-none-eabi/4.8.4/../../../../arm-none-eabi/lib/armv7e-m\libc.a(lib_a-__call_atexit.o)
 .ARM.attributes
                0x00000928       0x2e c:/program files (x86)/gnu tools arm embedded/4.8 2014q3/bin/../lib/gcc/arm-none-eabi/4.8.4/../../../../arm-none-eabi/lib/armv7e-m\libc.a(lib_a-atexit.o)
 .ARM.attributes
                0x00000956       0x2e c:/program files (x86)/gnu tools arm embedded/4.8 2014q3/bin/../lib/gcc/arm-none-eabi/4.8.4/../../../../arm-none-eabi/lib/armv7e-m\libc.a(lib_a-dtoa.o)
 .ARM.attributes
                0x00000984       0x2e c:/program files (x86)/gnu tools arm embedded/4.8 2014q3/bin/../lib/gcc/arm-none-eabi/4.8.4/../../../../arm-none-eabi/lib/armv7e-m\libc.a(lib_a-fini.o)
 .ARM.attributes
                0x000009b2       0x2e c:/program files (x86)/gnu tools arm embedded/4.8 2014q3/bin/../lib/gcc/arm-none-eabi/4.8.4/../../../../arm-none-eabi/lib/armv7e-m\libc.a(lib_a-freer.o)
 .ARM.attributes
                0x000009e0       0x2e c:/program files (x86)/gnu tools arm embedded/4.8 2014q3/bin/../lib/gcc/arm-none-eabi/4.8.4/../../../../arm-none-eabi/lib/armv7e-m\libc.a(lib_a-locale.o)
 .ARM.attributes
                0x00000a0e       0x2e c:/program files (x86)/gnu tools arm embedded/4.8 2014q3/bin/../lib/gcc/arm-none-eabi/4.8.4/../../../../arm-none-eabi/lib/armv7e-m\libc.a(lib_a-memchr-stub.o)
 .ARM.attributes
                0x00000a3c       0x2e c:/program files (x86)/gnu tools arm embedded/4.8 2014q3/bin/../lib/gcc/arm-none-eabi/4.8.4/../../../../arm-none-eabi/lib/armv7e-m\libc.a(lib_a-mprec.o)
 .ARM.attributes
                0x00000a6a       0x2e c:/program files (x86)/gnu tools arm embedded/4.8 2014q3/bin/../lib/gcc/arm-none-eabi/4.8.4/../../../../arm-none-eabi/lib/armv7e-m\libc.a(lib_a-reent.o)
 .ARM.attributes
                0x00000a98       0x2e c:/program files (x86)/gnu tools arm embedded/4.8 2014q3/bin/../lib/gcc/arm-none-eabi/4.8.4/../../../../arm-none-eabi/lib/armv7e-m\libc.a(lib_a-s_fpclassify.o)
 .ARM.attributes
                0x00000ac6       0x2e c:/program files (x86)/gnu tools arm embedded/4.8 2014q3/bin/../lib/gcc/arm-none-eabi/4.8.4/../../../../arm-none-eabi/lib/armv7e-m\libc.a(lib_a-svfiprintf.o)
 .ARM.attributes
                0x00000af4       0x2e c:/program files (x86)/gnu tools arm embedded/4.8 2014q3/bin/../lib/gcc/arm-none-eabi/4.8.4/../../../../arm-none-eabi/lib/armv7e-m\libc.a(lib_a-callocr.o)
 .ARM.attributes
                0x00000b22       0x2e c:/program files (x86)/gnu tools arm embedded/4.8 2014q3/bin/../lib/gcc/arm-none-eabi/4.8.4/../../../../arm-none-eabi/lib/armv7e-m\libc.a(lib_a-memmove.o)
 .ARM.attributes
                0x00000b50       0x2e c:/program files (x86)/gnu tools arm embedded/4.8 2014q3/bin/../lib/gcc/arm-none-eabi/4.8.4/../../../../arm-none-eabi/lib/armv7e-m\libc.a(lib_a-reallocr.o)
 .ARM.attributes
                0x00000b7e       0x2e c:/program files (x86)/gnu tools arm embedded/4.8 2014q3/bin/../lib/gcc/arm-none-eabi/4.8.4/../../../../arm-none-eabi/lib/armv7e-m\libnosys.a(sbrk.o)
 .ARM.attributes
                0x00000bac       0x2e c:/program files (x86)/gnu tools arm embedded/4.8 2014q3/bin/../lib/gcc/arm-none-eabi/4.8.4/../../../../arm-none-eabi/lib/armv7e-m\libnosys.a(_exit.o)
 .ARM.attributes
                0x00000bda       0x1e c:/program files (x86)/gnu tools arm embedded/4.8 2014q3/bin/../lib/gcc/arm-none-eabi/4.8.4/armv7e-m\libgcc.a(_arm_cmpdf2.o)
 .ARM.attributes
                0x00000bf8       0x1e c:/program files (x86)/gnu tools arm embedded/4.8 2014q3/bin/../lib/gcc/arm-none-eabi/4.8.4/armv7e-m\libgcc.a(_arm_fixdfsi.o)
 .ARM.attributes
                0x00000c16       0x1e c:/program files (x86)/gnu tools arm embedded/4.8 2014q3/bin/../lib/gcc/arm-none-eabi/4.8.4/armv7e-m\libgcc.a(_aeabi_uldivmod.o)
 .ARM.attributes
                0x00000c34       0x2e c:/program files (x86)/gnu tools arm embedded/4.8 2014q3/bin/../lib/gcc/arm-none-eabi/4.8.4/armv7e-m\libgcc.a(bpabi.o)
 .ARM.attributes
                0x00000c62       0x1e c:/program files (x86)/gnu tools arm embedded/4.8 2014q3/bin/../lib/gcc/arm-none-eabi/4.8.4/armv7e-m\libgcc.a(_dvmd_tls.o)
 .ARM.attributes
                0x00000c80       0x2e c:/program files (x86)/gnu tools arm embedded/4.8 2014q3/bin/../lib/gcc/arm-none-eabi/4.8.4/armv7e-m\libgcc.a(_divdi3.o)
 .ARM.attributes
                0x00000cae       0x2e c:/program files (x86)/gnu tools arm embedded/4.8 2014q3/bin/../lib/gcc/arm-none-eabi/4.8.4/armv7e-m\libgcc.a(_udivdi3.o)
 .ARM.attributes
                0x00000cdc       0x2e c:/program files (x86)/gnu tools arm embedded/4.8 2014q3/bin/../lib/gcc/arm-none-eabi/4.8.4/armv7e-m/crtend.o
 .ARM.attributes
                0x00000d0a       0x1e c:/program files (x86)/gnu tools arm embedded/4.8 2014q3/bin/../lib/gcc/arm-none-eabi/4.8.4/armv7e-m/crtn.o

.comment        0x00000000       0x70
 .comment       0x00000000       0x70 ..\obj\temp_sensors.o
                                 0x71 (size before relaxing)
 .comment       0x00000000       0x71 ..\obj\tm_stm32f4_ds18b20.o
 .comment       0x00000000       0x71 ..\obj\stm32f4_discovery_audio_codec.o
 .comment       0x00000000       0x71 ..\obj\stm32f4xx_usart.o
 .comment       0x00000000       0x71 ..\obj\quadrature_encoder.o
 .comment       0x00000000       0x71 ..\obj\led.o
 .comment       0x00000000       0x71 ..\obj\stm32f4xx_dac.o
 .comment       0x00000000       0x71 ..\obj\rotary.o
 .comment       0x00000000       0x71 ..\obj\uart.o
 .comment       0x00000000       0x71 ..\obj\stepper.o
 .comment       0x00000000       0x71 ..\obj\startup_stm32f4xx.o
 .comment       0x00000000       0x71 ..\obj\stm32f4_discovery.o
 .comment       0x00000000       0x71 ..\obj\main.o
 .comment       0x00000000       0x71 ..\obj\stm32f4xx_rcc.o
 .comment       0x00000000       0x71 ..\obj\stm32f4xx_adc.o
 .comment       0x00000000       0x71 ..\obj\stm32_ub_systick.o
 .comment       0x00000000       0x71 ..\obj\tm_stm32f4_onewire.o
 .comment       0x00000000       0x71 ..\obj\stm32f4xx_gpio.o
 .comment       0x00000000       0x71 ..\obj\system_stm32f4xx.o
 .comment       0x00000000       0x71 ..\obj\stm32f4xx_dma.o
 .comment       0x00000000       0x71 ..\obj\adc.o
 .comment       0x00000000       0x71 ..\obj\stm32f4_discovery_callbacks.o
 .comment       0x00000000       0x71 ..\obj\stm32f4xx_spi.o
 .comment       0x00000000       0x71 ..\obj\stm32f4xx_exti.o
 .comment       0x00000000       0x71 ..\obj\misc.o
 .comment       0x00000000       0x71 ..\obj\stm32f4xx_tim.o

.debug_info     0x00000000     0xd4a0
 .debug_info    0x00000000      0x305 ..\obj\temp_sensors.o
 .debug_info    0x00000305      0x3c5 ..\obj\tm_stm32f4_ds18b20.o
 .debug_info    0x000006ca     0x1070 ..\obj\stm32f4_discovery_audio_codec.o
 .debug_info    0x0000173a      0x9c2 ..\obj\stm32f4xx_usart.o
 .debug_info    0x000020fc      0x674 ..\obj\quadrature_encoder.o
 .debug_info    0x00002770      0x22b ..\obj\led.o
 .debug_info    0x0000299b      0x63a ..\obj\stm32f4xx_dac.o
 .debug_info    0x00002fd5      0x85f ..\obj\rotary.o
 .debug_info    0x00003834      0xd0b ..\obj\uart.o
 .debug_info    0x0000453f      0xb7f ..\obj\stepper.o
 .debug_info    0x000050be      0x122 ..\obj\startup_stm32f4xx.o
 .debug_info    0x000051e0      0x889 ..\obj\stm32f4_discovery.o
 .debug_info    0x00005a69      0x8ff ..\obj\main.o
 .debug_info    0x00006368      0xc4d ..\obj\stm32f4xx_rcc.o
 .debug_info    0x00006fb5      0xc38 ..\obj\stm32f4xx_adc.o
 .debug_info    0x00007bed      0x977 ..\obj\stm32_ub_systick.o
 .debug_info    0x00008564      0x63c ..\obj\tm_stm32f4_onewire.o
 .debug_info    0x00008ba0      0x602 ..\obj\stm32f4xx_gpio.o
 .debug_info    0x000091a2      0x592 ..\obj\system_stm32f4xx.o
 .debug_info    0x00009734      0x739 ..\obj\stm32f4xx_dma.o
 .debug_info    0x00009e6d      0x53e ..\obj\adc.o
 .debug_info    0x0000a3ab      0x109 ..\obj\stm32f4_discovery_callbacks.o
 .debug_info    0x0000a4b4      0xb07 ..\obj\stm32f4xx_spi.o
 .debug_info    0x0000afbb      0x347 ..\obj\stm32f4xx_exti.o
 .debug_info    0x0000b302      0x53d ..\obj\misc.o
 .debug_info    0x0000b83f     0x1c61 ..\obj\stm32f4xx_tim.o

.debug_abbrev   0x00000000     0x2c03
 .debug_abbrev  0x00000000      0x1c0 ..\obj\temp_sensors.o
 .debug_abbrev  0x000001c0      0x15b ..\obj\tm_stm32f4_ds18b20.o
 .debug_abbrev  0x0000031b      0x256 ..\obj\stm32f4_discovery_audio_codec.o
 .debug_abbrev  0x00000571      0x155 ..\obj\stm32f4xx_usart.o
 .debug_abbrev  0x000006c6      0x1f7 ..\obj\quadrature_encoder.o
 .debug_abbrev  0x000008bd      0x175 ..\obj\led.o
 .debug_abbrev  0x00000a32      0x17c ..\obj\stm32f4xx_dac.o
 .debug_abbrev  0x00000bae      0x25e ..\obj\rotary.o
 .debug_abbrev  0x00000e0c      0x2bb ..\obj\uart.o
 .debug_abbrev  0x000010c7      0x250 ..\obj\stepper.o
 .debug_abbrev  0x00001317       0xce ..\obj\startup_stm32f4xx.o
 .debug_abbrev  0x000013e5      0x183 ..\obj\stm32f4_discovery.o
 .debug_abbrev  0x00001568      0x25b ..\obj\main.o
 .debug_abbrev  0x000017c3      0x1e3 ..\obj\stm32f4xx_rcc.o
 .debug_abbrev  0x000019a6      0x196 ..\obj\stm32f4xx_adc.o
 .debug_abbrev  0x00001b3c      0x214 ..\obj\stm32_ub_systick.o
 .debug_abbrev  0x00001d50      0x259 ..\obj\tm_stm32f4_onewire.o
 .debug_abbrev  0x00001fa9      0x1a3 ..\obj\stm32f4xx_gpio.o
 .debug_abbrev  0x0000214c      0x136 ..\obj\system_stm32f4xx.o
 .debug_abbrev  0x00002282      0x155 ..\obj\stm32f4xx_dma.o
 .debug_abbrev  0x000023d7      0x1c4 ..\obj\adc.o
 .debug_abbrev  0x0000259b       0x90 ..\obj\stm32f4_discovery_callbacks.o
 .debug_abbrev  0x0000262b      0x167 ..\obj\stm32f4xx_spi.o
 .debug_abbrev  0x00002792      0x1a5 ..\obj\stm32f4xx_exti.o
 .debug_abbrev  0x00002937      0x145 ..\obj\misc.o
 .debug_abbrev  0x00002a7c      0x187 ..\obj\stm32f4xx_tim.o

.debug_aranges  0x00000000      0xfc8
 .debug_aranges
                0x00000000       0x40 ..\obj\temp_sensors.o
 .debug_aranges
                0x00000040       0x70 ..\obj\tm_stm32f4_ds18b20.o
 .debug_aranges
                0x000000b0      0x130 ..\obj\stm32f4_discovery_audio_codec.o
 .debug_aranges
                0x000001e0      0x100 ..\obj\stm32f4xx_usart.o
 .debug_aranges
                0x000002e0       0x48 ..\obj\quadrature_encoder.o
 .debug_aranges
                0x00000328       0x38 ..\obj\led.o
 .debug_aranges
                0x00000360       0xa0 ..\obj\stm32f4xx_dac.o
 .debug_aranges
                0x00000400       0x40 ..\obj\rotary.o
 .debug_aranges
                0x00000440       0x88 ..\obj\uart.o
 .debug_aranges
                0x000004c8       0x60 ..\obj\stepper.o
 .debug_aranges
                0x00000528       0x28 ..\obj\startup_stm32f4xx.o
 .debug_aranges
                0x00000550       0x48 ..\obj\stm32f4_discovery.o
 .debug_aranges
                0x00000598       0x30 ..\obj\main.o
 .debug_aranges
                0x000005c8      0x178 ..\obj\stm32f4xx_rcc.o
 .debug_aranges
                0x00000740      0x148 ..\obj\stm32f4xx_adc.o
 .debug_aranges
                0x00000888       0x70 ..\obj\stm32_ub_systick.o
 .debug_aranges
                0x000008f8       0xa0 ..\obj\tm_stm32f4_onewire.o
 .debug_aranges
                0x00000998       0x88 ..\obj\stm32f4xx_gpio.o
 .debug_aranges
                0x00000a20       0x30 ..\obj\system_stm32f4xx.o
 .debug_aranges
                0x00000a50       0xb0 ..\obj\stm32f4xx_dma.o
 .debug_aranges
                0x00000b00       0x30 ..\obj\adc.o
 .debug_aranges
                0x00000b30       0x28 ..\obj\stm32f4_discovery_callbacks.o
 .debug_aranges
                0x00000b58       0xe0 ..\obj\stm32f4xx_spi.o
 .debug_aranges
                0x00000c38       0x58 ..\obj\stm32f4xx_exti.o
 .debug_aranges
                0x00000c90       0x40 ..\obj\misc.o
 .debug_aranges
                0x00000cd0      0x2f8 ..\obj\stm32f4xx_tim.o

.debug_ranges   0x00000000      0xe28
 .debug_ranges  0x00000000       0x30 ..\obj\temp_sensors.o
 .debug_ranges  0x00000030       0x60 ..\obj\tm_stm32f4_ds18b20.o
 .debug_ranges  0x00000090      0x120 ..\obj\stm32f4_discovery_audio_codec.o
 .debug_ranges  0x000001b0       0xf0 ..\obj\stm32f4xx_usart.o
 .debug_ranges  0x000002a0       0x38 ..\obj\quadrature_encoder.o
 .debug_ranges  0x000002d8       0x28 ..\obj\led.o
 .debug_ranges  0x00000300       0x90 ..\obj\stm32f4xx_dac.o
 .debug_ranges  0x00000390       0x30 ..\obj\rotary.o
 .debug_ranges  0x000003c0       0x78 ..\obj\uart.o
 .debug_ranges  0x00000438       0x50 ..\obj\stepper.o
 .debug_ranges  0x00000488       0x18 ..\obj\startup_stm32f4xx.o
 .debug_ranges  0x000004a0       0x38 ..\obj\stm32f4_discovery.o
 .debug_ranges  0x000004d8       0x20 ..\obj\main.o
 .debug_ranges  0x000004f8      0x168 ..\obj\stm32f4xx_rcc.o
 .debug_ranges  0x00000660      0x138 ..\obj\stm32f4xx_adc.o
 .debug_ranges  0x00000798       0x60 ..\obj\stm32_ub_systick.o
 .debug_ranges  0x000007f8       0x90 ..\obj\tm_stm32f4_onewire.o
 .debug_ranges  0x00000888       0x78 ..\obj\stm32f4xx_gpio.o
 .debug_ranges  0x00000900       0x20 ..\obj\system_stm32f4xx.o
 .debug_ranges  0x00000920       0xa0 ..\obj\stm32f4xx_dma.o
 .debug_ranges  0x000009c0       0x20 ..\obj\adc.o
 .debug_ranges  0x000009e0       0x18 ..\obj\stm32f4_discovery_callbacks.o
 .debug_ranges  0x000009f8       0xd0 ..\obj\stm32f4xx_spi.o
 .debug_ranges  0x00000ac8       0x48 ..\obj\stm32f4xx_exti.o
 .debug_ranges  0x00000b10       0x30 ..\obj\misc.o
 .debug_ranges  0x00000b40      0x2e8 ..\obj\stm32f4xx_tim.o

.debug_line     0x00000000     0x59e6
 .debug_line    0x00000000      0x20d ..\obj\temp_sensors.o