Archive member included because of file (symbol)

c:/program files (x86)/gnu tools arm embedded/4.8 2014q3/bin/../lib/gcc/arm-none-eabi/4.8.4/armv7e-m\libgcc.a(unwind-arm.o)
                              ..\obj\led.o (__aeabi_unwind_cpp_pr1)
c:/program files (x86)/gnu tools arm embedded/4.8 2014q3/bin/../lib/gcc/arm-none-eabi/4.8.4/armv7e-m\libgcc.a(libunwind.o)
                              c:/program files (x86)/gnu tools arm embedded/4.8 2014q3/bin/../lib/gcc/arm-none-eabi/4.8.4/armv7e-m\libgcc.a(unwind-arm.o) (restore_core_regs)
c:/program files (x86)/gnu tools arm embedded/4.8 2014q3/bin/../lib/gcc/arm-none-eabi/4.8.4/armv7e-m\libgcc.a(pr-support.o)
                              c:/program files (x86)/gnu tools arm embedded/4.8 2014q3/bin/../lib/gcc/arm-none-eabi/4.8.4/armv7e-m\libgcc.a(unwind-arm.o) (__gnu_unwind_execute)
c:/program files (x86)/gnu tools arm embedded/4.8 2014q3/bin/../lib/gcc/arm-none-eabi/4.8.4/../../../../arm-none-eabi/lib/armv7e-m\libc.a(lib_a-abort.o)
                              c:/program files (x86)/gnu tools arm embedded/4.8 2014q3/bin/../lib/gcc/arm-none-eabi/4.8.4/armv7e-m\libgcc.a(unwind-arm.o) (abort)
c:/program files (x86)/gnu tools arm embedded/4.8 2014q3/bin/../lib/gcc/arm-none-eabi/4.8.4/../../../../arm-none-eabi/lib/armv7e-m\libc.a(lib_a-aeabi_atexit.o)
                              ..\obj\main.o (__aeabi_atexit)
c:/program files (x86)/gnu tools arm embedded/4.8 2014q3/bin/../lib/gcc/arm-none-eabi/4.8.4/../../../../arm-none-eabi/lib/armv7e-m\libc.a(lib_a-cxa_atexit.o)
                              c:/program files (x86)/gnu tools arm embedded/4.8 2014q3/bin/../lib/gcc/arm-none-eabi/4.8.4/../../../../arm-none-eabi/lib/armv7e-m\libc.a(lib_a-aeabi_atexit.o) (__cxa_atexit)
c:/program files (x86)/gnu tools arm embedded/4.8 2014q3/bin/../lib/gcc/arm-none-eabi/4.8.4/../../../../arm-none-eabi/lib/armv7e-m\libc.a(lib_a-exit.o)
                              c:/program files (x86)/gnu tools arm embedded/4.8 2014q3/bin/../lib/gcc/arm-none-eabi/4.8.4/../../../../arm-none-eabi/lib/armv7e-m/crt0.o (exit)
c:/program files (x86)/gnu tools arm embedded/4.8 2014q3/bin/../lib/gcc/arm-none-eabi/4.8.4/../../../../arm-none-eabi/lib/armv7e-m\libc.a(lib_a-impure.o)
                              c:/program files (x86)/gnu tools arm embedded/4.8 2014q3/bin/../lib/gcc/arm-none-eabi/4.8.4/../../../../arm-none-eabi/lib/armv7e-m\libc.a(lib_a-exit.o) (_global_impure_ptr)
c:/program files (x86)/gnu tools arm embedded/4.8 2014q3/bin/../lib/gcc/arm-none-eabi/4.8.4/../../../../arm-none-eabi/lib/armv7e-m\libc.a(lib_a-init.o)
                              c:/program files (x86)/gnu tools arm embedded/4.8 2014q3/bin/../lib/gcc/arm-none-eabi/4.8.4/../../../../arm-none-eabi/lib/armv7e-m/crt0.o (__libc_init_array)
c:/program files (x86)/gnu tools arm embedded/4.8 2014q3/bin/../lib/gcc/arm-none-eabi/4.8.4/../../../../arm-none-eabi/lib/armv7e-m\libc.a(lib_a-malloc.o)
                              ..\obj\uart.o (malloc)
c:/program files (x86)/gnu tools arm embedded/4.8 2014q3/bin/../lib/gcc/arm-none-eabi/4.8.4/../../../../arm-none-eabi/lib/armv7e-m\libc.a(lib_a-mallocr.o)
                              c:/program files (x86)/gnu tools arm embedded/4.8 2014q3/bin/../lib/gcc/arm-none-eabi/4.8.4/../../../../arm-none-eabi/lib/armv7e-m\libc.a(lib_a-malloc.o) (_malloc_r)
c:/program files (x86)/gnu tools arm embedded/4.8 2014q3/bin/../lib/gcc/arm-none-eabi/4.8.4/../../../../arm-none-eabi/lib/armv7e-m\libc.a(lib_a-memcpy.o)
                              c:/program files (x86)/gnu tools arm embedded/4.8 2014q3/bin/../lib/gcc/arm-none-eabi/4.8.4/armv7e-m\libgcc.a(unwind-arm.o) (memcpy)
c:/program files (x86)/gnu tools arm embedded/4.8 2014q3/bin/../lib/gcc/arm-none-eabi/4.8.4/../../../../arm-none-eabi/lib/armv7e-m\libc.a(lib_a-memset.o)
                              c:/program files (x86)/gnu tools arm embedded/4.8 2014q3/bin/../lib/gcc/arm-none-eabi/4.8.4/../../../../arm-none-eabi/lib/armv7e-m/crt0.o (memset)
c:/program files (x86)/gnu tools arm embedded/4.8 2014q3/bin/../lib/gcc/arm-none-eabi/4.8.4/../../../../arm-none-eabi/lib/armv7e-m\libc.a(lib_a-mlock.o)
                              c:/program files (x86)/gnu tools arm embedded/4.8 2014q3/bin/../lib/gcc/arm-none-eabi/4.8.4/../../../../arm-none-eabi/lib/armv7e-m\libc.a(lib_a-mallocr.o) (__malloc_lock)
c:/program files (x86)/gnu tools arm embedded/4.8 2014q3/bin/../lib/gcc/arm-none-eabi/4.8.4/../../../../arm-none-eabi/lib/armv7e-m\libc.a(lib_a-sbrkr.o)
                              c:/program files (x86)/gnu tools arm embedded/4.8 2014q3/bin/../lib/gcc/arm-none-eabi/4.8.4/../../../../arm-none-eabi/lib/armv7e-m\libc.a(lib_a-mallocr.o) (_sbrk_r)
c:/program files (x86)/gnu tools arm embedded/4.8 2014q3/bin/../lib/gcc/arm-none-eabi/4.8.4/../../../../arm-none-eabi/lib/armv7e-m\libc.a(lib_a-signal.o)
[...]
Memory Configuration

Name             Origin             Length             Attributes
FLASH            0x08000000         0x00100000         xr
RAM              0x20000000         0x00020000         xrw
RAM1             0x10000000         0x00010000         xrw
*default*        0x00000000         0xffffffff

Linker script and memory map

LOAD c:/program files (x86)/gnu tools arm embedded/4.8 2014q3/bin/../lib/gcc/arm-none-eabi/4.8.4/armv7e-m/crti.o
LOAD c:/program files (x86)/gnu tools arm embedded/4.8 2014q3/bin/../lib/gcc/arm-none-eabi/4.8.4/armv7e-m/crtbegin.o
LOAD c:/program files (x86)/gnu tools arm embedded/4.8 2014q3/bin/../lib/gcc/arm-none-eabi/4.8.4/../../../../arm-none-eabi/lib/armv7e-m/crt0.o

.text           0x08000000     0x2f54
 *(.isr_vector)
 .isr_vector    0x08000000      0x188 ..\obj\startup_stm32f4xx.o
                0x08000000                g_pfnVectors
 *(.text*)
 .text          0x08000188       0x54 c:/program files (x86)/gnu tools arm embedded/4.8 2014q3/bin/../lib/gcc/arm-none-eabi/4.8.4/armv7e-m/crtbegin.o
 .text          0x080001dc       0x74 c:/program files (x86)/gnu tools arm embedded/4.8 2014q3/bin/../lib/gcc/arm-none-eabi/4.8.4/../../../../arm-none-eabi/lib/armv7e-m/crt0.o
                0x080001dc                _start
                0x080001dc                _mainCRTStartup
 .text.Audio_MAL_IRQHandler
                0x08000250       0xf8 ..\obj\stm32f4_discovery_audio_codec.o
 .text.DMA1_Stream7_IRQHandler
                0x08000348        0xc ..\obj\stm32f4_discovery_audio_codec.o
                0x08000348                DMA1_Stream7_IRQHandler
 .text.DMA1_Stream0_IRQHandler
                0x08000354        0xc ..\obj\stm32f4_discovery_audio_codec.o
                0x08000354                DMA1_Stream0_IRQHandler
 .text.SPI3_IRQHandler
                0x08000360       0x40 ..\obj\stm32f4_discovery_audio_codec.o
                0x08000360                SPI3_IRQHandler
 .text.USART_Init
                0x080003a0      0x174 ..\obj\stm32f4xx_usart.o
                0x080003a0                USART_Init
 .text.USART_Cmd
                0x08000514       0x40 ..\obj\stm32f4xx_usart.o
                0x08000514                USART_Cmd
 .text.USART_SendData
                0x08000554       0x24 ..\obj\stm32f4xx_usart.o
                0x08000554                USART_SendData
 .text.USART_ReceiveData
                0x08000578       0x20 ..\obj\stm32f4xx_usart.o
                0x08000578                USART_ReceiveData
 .text.USART_DMACmd
                0x08000598       0x48 ..\obj\stm32f4xx_usart.o
                0x08000598                USART_DMACmd
 .text.USART_ITConfig
                0x080005e0       0x90 ..\obj\stm32f4xx_usart.o
                0x080005e0                USART_ITConfig
 .text.USART_GetFlagStatus
                0x08000670       0x38 ..\obj\stm32f4xx_usart.o
                0x08000670                USART_GetFlagStatus
 .text.USART_GetITStatus
                0x080006a8       0xb0 ..\obj\stm32f4xx_usart.o
                0x080006a8                USART_GetITStatus
 .text._ZN3LEDC2Ev
                0x08000758       0x18 ..\obj\led.o
                0x08000758                LED::LED()
                0x08000758                LED::LED()
 .text._ZN3LEDD2Ev
                0x08000770       0x18 ..\obj\led.o
                0x08000770                LED::~LED()
                0x08000770                LED::~LED()
 .text.DAC_SetChannel1Data
                0x08000788       0x34 ..\obj\stm32f4xx_dac.o
                0x08000788                DAC_SetChannel1Data
 .text._ZN5UsartC2Ei
                0x080007bc       0x3c ..\obj\uart.o
                0x080007bc                Usart::Usart(int)
                0x080007bc                Usart::Usart(int)
 .text._ZN5Usart8BufferInEc
                0x080007f8       0x70 ..\obj\uart.o
                0x080007f8                Usart::BufferIn(char)
 .text._ZN5Usart9BufferOutEPc
                0x08000868       0x54 ..\obj\uart.o
                0x08000868                Usart::BufferOut(char*)
 .text._ZN5Usart13usart3InitDMAEPci
                0x080008bc       0x88 ..\obj\uart.o
                0x080008bc                Usart::usart3InitDMA(char*, int)
 .text._ZN5Usart10usart3InitEv
                0x08000944       0xe8 ..\obj\uart.o
                0x08000944                Usart::usart3Init()
 .text._ZN5Usart11uartPutCharEt
                0x08000a2c       0x3c ..\obj\uart.o
                0x08000a2c                Usart::uartPutChar(unsigned short)
 .text.USART3_IRQHandler
                0x08000a68       0x48 ..\obj\uart.o
                0x08000a68                USART3_IRQHandler
 .text.Default_Reset_Handler
                0x08000ab0       0x5c ..\obj\startup_stm32f4xx.o
                0x08000ab0                Default_Reset_Handler
                0x08000ab0                Reset_Handler
 .text.Default_Handler
                0x08000b0c        0x8 ..\obj\startup_stm32f4xx.o
                0x08000b0c                RTC_Alarm_IRQHandler
                0x08000b0c                HASH_RNG_IRQHandler
                0x08000b0c                EXTI2_IRQHandler
                0x08000b0c                TIM8_CC_IRQHandler
                0x08000b0c                DebugMon_Handler
                0x08000b0c                TIM1_CC_IRQHandler
                0x08000b0c                DMA2_Stream5_IRQHandler
                0x08000b0c                HardFault_Handler
                0x08000b0c                DMA1_Stream5_IRQHandler
                0x08000b0c                SysTick_Handler
                0x08000b0c                PVD_IRQHandler
                0x08000b0c                SDIO_IRQHandler
                0x08000b0c                TAMP_STAMP_IRQHandler
                0x08000b0c                PendSV_Handler
                0x08000b0c                NMI_Handler
                0x08000b0c                CAN2_RX1_IRQHandler
                0x08000b0c                EXTI3_IRQHandler
                0x08000b0c                TIM8_TRG_COM_TIM14_IRQHandler
                0x08000b0c                TIM1_UP_TIM10_IRQHandler
                0x08000b0c                TIM8_UP_TIM13_IRQHandler
                0x08000b0c                I2C3_ER_IRQHandler
                0x08000b0c                EXTI0_IRQHandler
                0x08000b0c                I2C2_EV_IRQHandler
                0x08000b0c                DMA1_Stream2_IRQHandler
                0x08000b0c                CAN1_RX0_IRQHandler
                0x08000b0c                FPU_IRQHandler
                0x08000b0c                OTG_HS_WKUP_IRQHandler
                0x08000b0c                UsageFault_Handler
                0x08000b0c                CAN2_SCE_IRQHandler
                0x08000b0c                DMA2_Stream2_IRQHandler
                0x08000b0c                SPI1_IRQHandler
                0x08000b0c                TIM6_DAC_IRQHandler
                0x08000b0c                TIM1_BRK_TIM9_IRQHandler
                0x08000b0c                DCMI_IRQHandler
                0x08000b0c                CAN2_RX0_IRQHandler
                0x08000b0c                DMA2_Stream3_IRQHandler
                0x08000b0c                USART6_IRQHandler
                0x08000b0c                CRYP_IRQHandler
                0x08000b0c                CAN1_RX1_IRQHandler
                0x08000b0c                UART5_IRQHandler
                0x08000b0c                DMA2_Stream0_IRQHandler
                0x08000b0c                TIM4_IRQHandler
                0x08000b0c                I2C1_EV_IRQHandler
                0x08000b0c                DMA1_Stream6_IRQHandler
                0x08000b0c                DMA1_Stream1_IRQHandler
                0x08000b0c                UART4_IRQHandler
                0x08000b0c                TIM3_IRQHandler
                0x08000b0c                RCC_IRQHandler
                0x08000b0c                TIM8_BRK_TIM12_IRQHandler
                0x08000b0c                EXTI15_10_IRQHandler
                0x08000b0c                ADC_IRQHandler
                0x08000b0c                TIM7_IRQHandler
                0x08000b0c                CAN2_TX_IRQHandler
                0x08000b0c                TIM5_IRQHandler
                0x08000b0c                DMA2_Stream7_IRQHandler
                0x08000b0c                I2C3_EV_IRQHandler
                0x08000b0c                EXTI9_5_IRQHandler
                0x08000b0c                RTC_WKUP_IRQHandler
                0x08000b0c                ETH_WKUP_IRQHandler
                0x08000b0c                SPI2_IRQHandler
                0x08000b0c                OTG_HS_EP1_IN_IRQHandler
                0x08000b0c                MemManage_Handler
                0x08000b0c                CAN1_TX_IRQHandler
                0x08000b0c                SVC_Handler
                0x08000b0c                EXTI4_IRQHandler
                0x08000b0c                FSMC_IRQHandler
                0x08000b0c                ETH_IRQHandler
                0x08000b0c                OTG_HS_EP1_OUT_IRQHandler
                0x08000b0c                WWDG_IRQHandler
                0x08000b0c                TIM2_IRQHandler
                0x08000b0c                OTG_FS_WKUP_IRQHandler
                0x08000b0c                TIM1_TRG_COM_TIM11_IRQHandler
                0x08000b0c                OTG_HS_IRQHandler
                0x08000b0c                EXTI1_IRQHandler
                0x08000b0c                USART2_IRQHandler
                0x08000b0c                I2C2_ER_IRQHandler
                0x08000b0c                DMA2_Stream1_IRQHandler
                0x08000b0c                CAN1_SCE_IRQHandler
                0x08000b0c                FLASH_IRQHandler
                0x08000b0c                DMA2_Stream4_IRQHandler
                0x08000b0c                BusFault_Handler
                0x08000b0c                USART1_IRQHandler
                0x08000b0c                OTG_FS_IRQHandler
                0x08000b0c                DMA1_Stream4_IRQHandler
                0x08000b0c                I2C1_ER_IRQHandler
                0x08000b0c                DMA2_Stream6_IRQHandler
                0x08000b0c                DMA1_Stream3_IRQHandler
 .text.STM_EVAL_LEDInit
                0x08000b14       0x5c ..\obj\stm32f4_discovery.o
                0x08000b14                STM_EVAL_LEDInit
 .text.main     0x08000b70       0x40 ..\obj\main.o
                0x08000b70                main
 .text._Z41__static_initialization_and_destruction_0ii
                0x08000bb0       0x48 ..\obj\main.o
 .text._GLOBAL__sub_I_buffer
                0x08000bf8       0x10 ..\obj\main.o
 .text.RCC_GetClocksFreq
                0x08000c08      0x154 ..\obj\stm32f4xx_rcc.o
                0x08000c08                RCC_GetClocksFreq
 .text.RCC_AHB1PeriphClockCmd
                0x08000d5c       0x3c ..\obj\stm32f4xx_rcc.o
                0x08000d5c                RCC_AHB1PeriphClockCmd
 .text.RCC_APB1PeriphClockCmd
                0x08000d98       0x3c ..\obj\stm32f4xx_rcc.o
                0x08000d98                RCC_APB1PeriphClockCmd
 .text.GPIO_Init
                0x08000dd4      0x11c ..\obj\stm32f4xx_gpio.o
                0x08000dd4                GPIO_Init
 .text.GPIO_PinAFConfig
                0x08000ef0       0x8c ..\obj\stm32f4xx_gpio.o
                0x08000ef0                GPIO_PinAFConfig
 .text.DMA_Init
                0x08000f7c       0xac ..\obj\stm32f4xx_dma.o
                0x08000f7c                DMA_Init
 .text.DMA_StructInit
                0x08001028       0x6c ..\obj\stm32f4xx_dma.o
                0x08001028                DMA_StructInit
 .text.DMA_Cmd  0x08001094       0x38 ..\obj\stm32f4xx_dma.o
                0x08001094                DMA_Cmd
 .text.DMA_GetCmdStatus
                0x080010cc       0x30 ..\obj\stm32f4xx_dma.o
                0x080010cc                DMA_GetCmdStatus
 .text.DMA_GetFlagStatus
                0x080010fc       0x78 ..\obj\stm32f4xx_dma.o
                0x080010fc                DMA_GetFlagStatus
 .text.DMA_ClearFlag
                0x08001174       0x5c ..\obj\stm32f4xx_dma.o
                0x08001174                DMA_ClearFlag
 .text.EVAL_AUDIO_TransferComplete_CallBack
                0x080011d0       0x14 ..\obj\stm32f4_discovery_callbacks.o
                0x080011d0                EVAL_AUDIO_TransferComplete_CallBack
 .text.EVAL_AUDIO_GetSampleCallBack
                0x080011e4       0x10 ..\obj\stm32f4_discovery_callbacks.o
                0x080011e4                EVAL_AUDIO_GetSampleCallBack
 .text.SPI_I2S_SendData
                0x080011f4       0x1c ..\obj\stm32f4xx_spi.o
                0x080011f4                SPI_I2S_SendData
 .text.SPI_I2S_GetFlagStatus
                0x08001210       0x38 ..\obj\stm32f4xx_spi.o
                0x08001210                SPI_I2S_GetFlagStatus
 .text.NVIC_Init
                0x08001248       0xbc ..\obj\misc.o
                0x08001248                NVIC_Init
 .text          0x08001304      0xa1c c:/program files (x86)/gnu tools arm embedded/4.8 2014q3/bin/../lib/gcc/arm-none-eabi/4.8.4/armv7e-m\libgcc.a(unwind-arm.o)
                0x080015e8                _Unwind_GetCFA
                0x080015ec                __gnu_Unwind_RaiseException
                0x0800164c                __gnu_Unwind_ForcedUnwind
                0x08001660                __gnu_Unwind_Resume
                0x080016a4                __gnu_Unwind_Resume_or_Rethrow
                0x080016b4                _Unwind_Complete
                0x080016b8                _Unwind_DeleteException
                0x080016c8                _Unwind_VRS_Get
                0x08001718                _Unwind_VRS_Set
                0x08001768                __gnu_Unwind_Backtrace
                0x08001abc                __aeabi_unwind_cpp_pr0
                0x08001ac4                __aeabi_unwind_cpp_pr1
                0x08001acc                __aeabi_unwind_cpp_pr2
                0x08001ad4                _Unwind_VRS_Pop
 .text          0x08001d20      0x1ac c:/program files (x86)/gnu tools arm embedded/4.8 2014q3/bin/../lib/gcc/arm-none-eabi/4.8.4/armv7e-m\libgcc.a(libunwind.o)
                0x08001d20                __restore_core_regs
                0x08001d20                restore_core_regs
                0x08001d38                __gnu_Unwind_Restore_VFP
                0x08001d40                __gnu_Unwind_Save_VFP
                0x08001d48                __gnu_Unwind_Restore_VFP_D
                0x08001d50                __gnu_Unwind_Save_VFP_D
                0x08001d58                __gnu_Unwind_Restore_VFP_D_16_to_31
                0x08001d60                __gnu_Unwind_Save_VFP_D_16_to_31
                0x08001d68                __gnu_Unwind_Restore_WMMXD
                0x08001dac                __gnu_Unwind_Save_WMMXD
                0x08001df0                __gnu_Unwind_Restore_WMMXC
                0x08001e04                __gnu_Unwind_Save_WMMXC
                0x08001e18                ___Unwind_RaiseException
                0x08001e18                _Unwind_RaiseException
                0x08001e3c                _Unwind_Resume
                0x08001e3c                ___Unwind_Resume
                0x08001e60                _Unwind_Resume_or_Rethrow
                0x08001e60                ___Unwind_Resume_or_Rethrow
                0x08001e84                _Unwind_ForcedUnwind
                0x08001e84                ___Unwind_ForcedUnwind
                0x08001ea8                ___Unwind_Backtrace
                0x08001ea8                _Unwind_Backtrace
 .text          0x08001ecc      0x33c c:/program files (x86)/gnu tools arm embedded/4.8 2014q3/bin/../lib/gcc/arm-none-eabi/4.8.4/armv7e-m\libgcc.a(pr-support.o)
                0x08001f20                __gnu_unwind_execute
                0x080021ac                __gnu_unwind_frame
                0x080021d8                _Unwind_GetRegionStart
                0x080021e4                _Unwind_GetLanguageSpecificData
                0x080021f8                _Unwind_GetDataRelBase
                0x08002200                _Unwind_GetTextRelBase
 .text.abort    0x08002208       0x10 c:/program files (x86)/gnu tools arm embedded/4.8 2014q3/bin/../lib/gcc/arm-none-eabi/4.8.4/../../../../arm-none-eabi/lib/armv7e-m\libc.a(lib_a-abort.o)
                0x08002208                abort
 .text.__aeabi_atexit
                0x08002218        0xc c:/program files (x86)/gnu tools arm embedded/4.8 2014q3/bin/../lib/gcc/arm-none-eabi/4.8.4/../../../../arm-none-eabi/lib/armv7e-m\libc.a(lib_a-aeabi_atexit.o)
                0x08002218                __aeabi_atexit
 .text.__cxa_atexit
                0x08002224       0x14 c:/program files (x86)/gnu tools arm embedded/4.8 2014q3/bin/../lib/gcc/arm-none-eabi/4.8.4/../../../../arm-none-eabi/lib/armv7e-m\libc.a(lib_a-cxa_atexit.o)
                0x08002224                __cxa_atexit
 .text.exit     0x08002238       0x20 c:/program files (x86)/gnu tools arm embedded/4.8 2014q3/bin/../lib/gcc/arm-none-eabi/4.8.4/../../../../arm-none-eabi/lib/armv7e-m\libc.a(lib_a-exit.o)
                0x08002238                exit
 .text.__libc_init_array
                0x08002258       0x50 c:/program files (x86)/gnu tools arm embedded/4.8 2014q3/bin/../lib/gcc/arm-none-eabi/4.8.4/../../../../arm-none-eabi/lib/armv7e-m\libc.a(lib_a-init.o)
                0x08002258                __libc_init_array
 .text.malloc   0x080022a8       0x10 c:/program files (x86)/gnu tools arm embedded/4.8 2014q3/bin/../lib/gcc/arm-none-eabi/4.8.4/../../../../arm-none-eabi/lib/armv7e-m\libc.a(lib_a-malloc.o)
                0x080022a8                malloc
 .text.free     0x080022b8       0x10 c:/program files (x86)/gnu tools arm embedded/4.8 2014q3/bin/../lib/gcc/arm-none-eabi/4.8.4/../../../../arm-none-eabi/lib/armv7e-m\libc.a(lib_a-malloc.o)
                0x080022b8                free
 .text._malloc_r
                0x080022c8      0x538 c:/program files (x86)/gnu tools arm embedded/4.8 2014q3/bin/../lib/gcc/arm-none-eabi/4.8.4/../../../../arm-none-eabi/lib/armv7e-m\libc.a(lib_a-mallocr.o)
                0x080022c8                _malloc_r
 .text          0x08002800      0x134 c:/program files (x86)/gnu tools arm embedded/4.8 2014q3/bin/../lib/gcc/arm-none-eabi/4.8.4/../../../../arm-none-eabi/lib/armv7e-m\libc.a(lib_a-memcpy.o)
                0x08002800                memcpy
 .text.memset   0x08002934       0x94 c:/program files (x86)/gnu tools arm embedded/4.8 2014q3/bin/../lib/gcc/arm-none-eabi/4.8.4/../../../../arm-none-eabi/lib/armv7e-m\libc.a(lib_a-memset.o)
                0x08002934                memset
 .text.__malloc_lock
                0x080029c8        0x4 c:/program files (x86)/gnu tools arm embedded/4.8 2014q3/bin/../lib/gcc/arm-none-eabi/4.8.4/../../../../arm-none-eabi/lib/armv7e-m\libc.a(lib_a-mlock.o)
                0x080029c8                __malloc_lock
 .text.__malloc_unlock
                0x080029cc        0x4 c:/program files (x86)/gnu tools arm embedded/4.8 2014q3/bin/../lib/gcc/arm-none-eabi/4.8.4/../../../../arm-none-eabi/lib/armv7e-m\libc.a(lib_a-mlock.o)
                0x080029cc                __malloc_unlock
 .text._sbrk_r  0x080029d0       0x24 c:/program files (x86)/gnu tools arm embedded/4.8 2014q3/bin/../lib/gcc/arm-none-eabi/4.8.4/../../../../arm-none-eabi/lib/armv7e-m\libc.a(lib_a-sbrkr.o)
                0x080029d0                _sbrk_r
 .text._raise_r
                0x080029f4       0x58 c:/program files (x86)/gnu tools arm embedded/4.8 2014q3/bin/../lib/gcc/arm-none-eabi/4.8.4/../../../../arm-none-eabi/lib/armv7e-m\libc.a(lib_a-signal.o)
                0x080029f4                _raise_r
 .text.raise    0x08002a4c       0x10 c:/program files (x86)/gnu tools arm embedded/4.8 2014q3/bin/../lib/gcc/arm-none-eabi/4.8.4/../../../../arm-none-eabi/lib/armv7e-m\libc.a(lib_a-signal.o)
                0x08002a4c                raise
 .text._kill_r  0x08002a5c       0x28 c:/program files (x86)/gnu tools arm embedded/4.8 2014q3/bin/../lib/gcc/arm-none-eabi/4.8.4/../../../../arm-none-eabi/lib/armv7e-m\libc.a(lib_a-signalr.o)
                0x08002a5c                _kill_r
 .text._getpid_r
                0x08002a84        0x4 c:/program files (x86)/gnu tools arm embedded/4.8 2014q3/bin/../lib/gcc/arm-none-eabi/4.8.4/../../../../arm-none-eabi/lib/armv7e-m\libc.a(lib_a-signalr.o)
                0x08002a84                _getpid_r
 .text.__register_exitproc
                0x08002a88       0xa8 c:/program files (x86)/gnu tools arm embedded/4.8 2014q3/bin/../lib/gcc/arm-none-eabi/4.8.4/../../../../arm-none-eabi/lib/armv7e-m\libc.a(lib_a-__atexit.o)
                0x08002a88                __register_exitproc
 .text.startup.register_fini
                0x08002b30       0x14 c:/program files (x86)/gnu tools arm embedded/4.8 2014q3/bin/../lib/gcc/arm-none-eabi/4.8.4/../../../../arm-none-eabi/lib/armv7e-m\libc.a(lib_a-__call_atexit.o)
 .text.__call_exitprocs
                0x08002b44       0xf0 c:/program files (x86)/gnu tools arm embedded/4.8 2014q3/bin/../lib/gcc/arm-none-eabi/4.8.4/../../../../arm-none-eabi/lib/armv7e-m\libc.a(lib_a-__call_atexit.o)
                0x08002b44                __call_exitprocs
 .text.atexit   0x08002c34        0xc c:/program files (x86)/gnu tools arm embedded/4.8 2014q3/bin/../lib/gcc/arm-none-eabi/4.8.4/../../../../arm-none-eabi/lib/armv7e-m\libc.a(lib_a-atexit.o)
                0x08002c34                atexit
 .text.__libc_fini_array
                0x08002c40       0x30 c:/program files (x86)/gnu tools arm embedded/4.8 2014q3/bin/../lib/gcc/arm-none-eabi/4.8.4/../../../../arm-none-eabi/lib/armv7e-m\libc.a(lib_a-fini.o)
                0x08002c40                __libc_fini_array
 .text._malloc_trim_r
                0x08002c70       0x9c c:/program files (x86)/gnu tools arm embedded/4.8 2014q3/bin/../lib/gcc/arm-none-eabi/4.8.4/../../../../arm-none-eabi/lib/armv7e-m\libc.a(lib_a-freer.o)
                0x08002c70                _malloc_trim_r
 .text._free_r  0x08002d0c      0x19c c:/program files (x86)/gnu tools arm embedded/4.8 2014q3/bin/../lib/gcc/arm-none-eabi/4.8.4/../../../../arm-none-eabi/lib/armv7e-m\libc.a(lib_a-freer.o)
                0x08002d0c                _free_r
 .text._getpid  0x08002ea8       0x10 c:/program files (x86)/gnu tools arm embedded/4.8 2014q3/bin/../lib/gcc/arm-none-eabi/4.8.4/../../../../arm-none-eabi/lib/armv7e-m\libnosys.a(getpid.o)
                0x08002ea8                _getpid
 .text._kill    0x08002eb8       0x10 c:/program files (x86)/gnu tools arm embedded/4.8 2014q3/bin/../lib/gcc/arm-none-eabi/4.8.4/../../../../arm-none-eabi/lib/armv7e-m\libnosys.a(kill.o)
                0x08002eb8                _kill
 .text._sbrk    0x08002ec8       0x34 c:/program files (x86)/gnu tools arm embedded/4.8 2014q3/bin/../lib/gcc/arm-none-eabi/4.8.4/../../../../arm-none-eabi/lib/armv7e-m\libnosys.a(sbrk.o)
                0x08002ec8                _sbrk
 .text._exit    0x08002efc        0x4 c:/program files (x86)/gnu tools arm embedded/4.8 2014q3/bin/../lib/gcc/arm-none-eabi/4.8.4/../../../../arm-none-eabi/lib/armv7e-m\libnosys.a(_exit.o)
                0x08002efc                _exit
 *(.init)
 .init          0x08002f00        0x4 c:/program files (x86)/gnu tools arm embedded/4.8 2014q3/bin/../lib/gcc/arm-none-eabi/4.8.4/armv7e-m/crti.o
                0x08002f00                _init
 .init          0x08002f04        0x8 c:/program files (x86)/gnu tools arm embedded/4.8 2014q3/bin/../lib/gcc/arm-none-eabi/4.8.4/armv7e-m/crtn.o
 *(.fini)
 .fini          0x08002f0c        0x4 c:/program files (x86)/gnu tools arm embedded/4.8 2014q3/bin/../lib/gcc/arm-none-eabi/4.8.4/armv7e-m/crti.o
                0x08002f0c                _fini
 .fini          0x08002f10        0x8 c:/program files (x86)/gnu tools arm embedded/4.8 2014q3/bin/../lib/gcc/arm-none-eabi/4.8.4/armv7e-m/crtn.o
 *crtbegin.o(.ctors)
 *crtbegin?.o(.ctors)
 *(EXCLUDE_FILE(*crtend.o *crtend?.o) .ctors)
 *(SORT(.ctors.*))
 *(.ctors)
 *crtbegin.o(.dtors)
 *crtbegin?.o(.dtors)
 *(EXCLUDE_FILE(*crtend.o *crtend?.o) .dtors)
 *(SORT(.dtors.*))
 *(.dtors)
 *(.rodata*)
 .rodata        0x08002f18       0x30 ..\obj\stm32f4_discovery.o
                0x08002f18                GPIO_PIN
                0x08002f20                GPIO_CLK
                0x08002f30                BUTTON_PIN
                0x08002f34                BUTTON_CLK
                0x08002f38                BUTTON_EXTI_LINE
                0x08002f3c                BUTTON_PORT_SOURCE
                0x08002f40                BUTTON_PIN_SOURCE
                0x08002f44                BUTTON_IRQn
 .rodata.str1.4
                0x08002f48        0x4 c:/program files (x86)/gnu tools arm embedded/4.8 2014q3/bin/../lib/gcc/arm-none-eabi/4.8.4/../../../../arm-none-eabi/lib/armv7e-m\libc.a(lib_a-impure.o)
 .rodata._global_impure_ptr
                0x08002f4c        0x4 c:/program files (x86)/gnu tools arm embedded/4.8 2014q3/bin/../lib/gcc/arm-none-eabi/4.8.4/../../../../arm-none-eabi/lib/armv7e-m\libc.a(lib_a-impure.o)
                0x08002f4c                _global_impure_ptr
 *(.eh_frame*)
 .eh_frame      0x08002f50        0x0 c:/program files (x86)/gnu tools arm embedded/4.8 2014q3/bin/../lib/gcc/arm-none-eabi/4.8.4/armv7e-m/crtbegin.o
 .eh_frame      0x08002f50        0x4 c:/program files (x86)/gnu tools arm embedded/4.8 2014q3/bin/../lib/gcc/arm-none-eabi/4.8.4/armv7e-m/crtend.o

.glue_7         0x08002f54        0x0
 .glue_7        0x00000000        0x0 linker stubs

.glue_7t        0x08002f54        0x0
 .glue_7t       0x00000000        0x0 linker stubs

.vfp11_veneer   0x08002f54        0x0
 .vfp11_veneer  0x00000000        0x0 linker stubs

.v4_bx          0x08002f54        0x0
 .v4_bx         0x00000000        0x0 linker stubs

.iplt           0x08002f54        0x0
 .iplt          0x00000000        0x0 c:/program files (x86)/gnu tools arm embedded/4.8 2014q3/bin/../lib/gcc/arm-none-eabi/4.8.4/armv7e-m/crtbegin.o

.ARM.extab      0x08002f54       0x78
 *(.ARM.extab* .gnu.linkonce.armextab.*)
 .ARM.extab.text._ZN3LEDC2Ev
                0x08002f54        0xc ..\obj\led.o
 .ARM.extab.text._ZN5UsartC2Ei
                0x08002f60        0xc ..\obj\uart.o
 .ARM.extab.text._ZN5Usart13usart3InitDMAEPci
                0x08002f6c        0xc ..\obj\uart.o
 .ARM.extab.text._ZN5Usart10usart3InitEv
                0x08002f78        0xc ..\obj\uart.o
 .ARM.extab.text._ZN5Usart11uartPutCharEt
                0x08002f84        0xc ..\obj\uart.o
 .ARM.extab.text.USART3_IRQHandler
                0x08002f90        0xc ..\obj\uart.o
 .ARM.extab.text.main
                0x08002f9c        0xc ..\obj\main.o
 .ARM.extab     0x08002fa8        0xc c:/program files (x86)/gnu tools arm embedded/4.8 2014q3/bin/../lib/gcc/arm-none-eabi/4.8.4/armv7e-m\libgcc.a(unwind-arm.o)
 .ARM.extab     0x08002fb4       0x18 c:/program files (x86)/gnu tools arm embedded/4.8 2014q3/bin/../lib/gcc/arm-none-eabi/4.8.4/armv7e-m\libgcc.a(pr-support.o)
                0x08002fcc                __exidx_start = .

.ARM.exidx      0x08002fcc      0x120
 *(.ARM.exidx* .gnu.linkonce.armexidx.*)
 .ARM.exidx     0x08002fcc        0x8 c:/program files (x86)/gnu tools arm embedded/4.8 2014q3/bin/../lib/gcc/arm-none-eabi/4.8.4/../../../../arm-none-eabi/lib/armv7e-m/crt0.o
 .ARM.exidx.text._ZN3LEDC2Ev
                0x08002fd4        0x8 ..\obj\led.o
 .ARM.exidx.text._ZN3LEDD2Ev
                0x08002fdc        0x8 ..\obj\led.o
 .ARM.exidx.text._ZN5UsartC2Ei
                0x08002fe4        0x8 ..\obj\uart.o
 .ARM.exidx.text._ZN5Usart8BufferInEc
                0x08002fec        0x8 ..\obj\uart.o
 .ARM.exidx.text._ZN5Usart9BufferOutEPc
                0x08002ff4        0x0 ..\obj\uart.o
                                  0x8 (size before relaxing)
 .ARM.exidx.text._ZN5Usart13usart3InitDMAEPci
                0x08002ff4        0x8 ..\obj\uart.o
 .ARM.exidx.text._ZN5Usart10usart3InitEv
                0x08002ffc        0x8 ..\obj\uart.o
 .ARM.exidx.text._ZN5Usart11uartPutCharEt
                0x08003004        0x8 ..\obj\uart.o
 .ARM.exidx.text.USART3_IRQHandler
                0x0800300c       0x10 ..\obj\uart.o
                                  0x8 (size before relaxing)
 .ARM.exidx.text.main
                0x0800301c        0x8 ..\obj\main.o
 .ARM.exidx.text._Z41__static_initialization_and_destruction_0ii
                0x08003024        0x8 ..\obj\main.o
 .ARM.exidx.text._GLOBAL__sub_I_buffer
                0x0800302c        0x0 ..\obj\main.o
                                  0x8 (size before relaxing)
 .ARM.exidx     0x0800302c       0x88 c:/program files (x86)/gnu tools arm embedded/4.8 2014q3/bin/../lib/gcc/arm-none-eabi/4.8.4/armv7e-m\libgcc.a(unwind-arm.o)
                                 0xd8 (size before relaxing)
 .ARM.exidx     0x080030b4       0x38 c:/program files (x86)/gnu tools arm embedded/4.8 2014q3/bin/../lib/gcc/arm-none-eabi/4.8.4/armv7e-m\libgcc.a(pr-support.o)
                                 0x48 (size before relaxing)
                0x080030ec                __exidx_end = .
                0x080030ec                __etext = .
                0x080030ec                _sidata = __etext

.rel.dyn        0x080030ec        0x0
 .rel.iplt      0x00000000        0x0 c:/program files (x86)/gnu tools arm embedded/4.8 2014q3/bin/../lib/gcc/arm-none-eabi/4.8.4/armv7e-m/crtbegin.o

.data           0x20000000      0x930 load address 0x080030ec
                0x20000000                __data_start__ = .
                0x20000000                _sdata = __data_start__
 *(vtable)
 *(.data*)
 .data          0x20000000        0x4 c:/program files (x86)/gnu tools arm embedded/4.8 2014q3/bin/../lib/gcc/arm-none-eabi/4.8.4/armv7e-m/crtbegin.o
                0x20000000                __dso_handle
 .data          0x20000004       0x34 ..\obj\stm32f4_discovery_audio_codec.o
                0x20000004                AudioTotalSize
                0x20000008                AudioRemSize
                0x2000000c                CODECTimeout
                0x20000010                CurrAudioInterface
                0x20000014                AUDIO_MAL_DMA_CLOCK
                0x20000018                AUDIO_MAL_DMA_STREAM
                0x2000001c                AUDIO_MAL_DMA_DREG
                0x20000020                AUDIO_MAL_DMA_IRQ
                0x20000024                AUDIO_MAL_DMA_FLAG_TC
                0x20000028                AUDIO_MAL_DMA_FLAG_HT
                0x2000002c                AUDIO_MAL_DMA_FLAG_FE
                0x20000030                AUDIO_MAL_DMA_FLAG_TE
                0x20000034                AUDIO_MAL_DMA_FLAG_DME
 .data          0x20000038       0x14 ..\obj\stm32f4_discovery.o
                0x20000038                GPIO_PORT
                0x20000048                BUTTON_PORT
 .data          0x2000004c       0x84 ..\obj\main.o
                0x2000004c                buffer
 .data          0x200000d0       0x10 ..\obj\stm32f4xx_rcc.o
 .data.impure_data
                0x200000e0      0x428 c:/program files (x86)/gnu tools arm embedded/4.8 2014q3/bin/../lib/gcc/arm-none-eabi/4.8.4/../../../../arm-none-eabi/lib/armv7e-m\libc.a(lib_a-impure.o)
 .data._impure_ptr
                0x20000508        0x4 c:/program files (x86)/gnu tools arm embedded/4.8 2014q3/bin/../lib/gcc/arm-none-eabi/4.8.4/../../../../arm-none-eabi/lib/armv7e-m\libc.a(lib_a-impure.o)
                0x20000508                _impure_ptr
 .data.__malloc_av_
                0x2000050c      0x408 c:/program files (x86)/gnu tools arm embedded/4.8 2014q3/bin/../lib/gcc/arm-none-eabi/4.8.4/../../../../arm-none-eabi/lib/armv7e-m\libc.a(lib_a-mallocr.o)
                0x2000050c                __malloc_av_
 .data.__malloc_trim_threshold
                0x20000914        0x4 c:/program files (x86)/gnu tools arm embedded/4.8 2014q3/bin/../lib/gcc/arm-none-eabi/4.8.4/../../../../arm-none-eabi/lib/armv7e-m\libc.a(lib_a-mallocr.o)
                0x20000914                __malloc_trim_threshold
 .data.__malloc_sbrk_base
                0x20000918        0x4 c:/program files (x86)/gnu tools arm embedded/4.8 2014q3/bin/../lib/gcc/arm-none-eabi/4.8.4/../../../../arm-none-eabi/lib/armv7e-m\libc.a(lib_a-mallocr.o)
                0x20000918                __malloc_sbrk_base
                0x2000091c                . = ALIGN (0x4)
                0x2000091c                PROVIDE (__preinit_array_start, .)
 *(.preinit_array)
                0x2000091c                PROVIDE (__preinit_array_end, .)
                0x2000091c                . = ALIGN (0x4)
                0x2000091c                PROVIDE (__init_array_start, .)
 *(SORT(.init_array.*))
 .init_array.00000
                0x2000091c        0x4 c:/program files (x86)/gnu tools arm embedded/4.8 2014q3/bin/../lib/gcc/arm-none-eabi/4.8.4/../../../../arm-none-eabi/lib/armv7e-m\libc.a(lib_a-__call_atexit.o)
 *(.init_array)
 .init_array    0x20000920        0x4 c:/program files (x86)/gnu tools arm embedded/4.8 2014q3/bin/../lib/gcc/arm-none-eabi/4.8.4/armv7e-m/crtbegin.o
 .init_array    0x20000924        0x4 ..\obj\main.o
                0x20000928                PROVIDE (__init_array_end, .)
                0x20000928                . = ALIGN (0x4)
                0x20000928                PROVIDE (__fini_array_start, .)
 *(SORT(.fini_array.*))
 *(.fini_array)
 .fini_array    0x20000928        0x4 c:/program files (x86)/gnu tools arm embedded/4.8 2014q3/bin/../lib/gcc/arm-none-eabi/4.8.4/armv7e-m/crtbegin.o
                0x2000092c                PROVIDE (__fini_array_end, .)
 *(.jcr*)
 .jcr           0x2000092c        0x0 c:/program files (x86)/gnu tools arm embedded/4.8 2014q3/bin/../lib/gcc/arm-none-eabi/4.8.4/armv7e-m/crtbegin.o
 .jcr           0x2000092c        0x4 c:/program files (x86)/gnu tools arm embedded/4.8 2014q3/bin/../lib/gcc/arm-none-eabi/4.8.4/armv7e-m/crtend.o
                0x20000930                . = ALIGN (0x4)
                0x20000930                __data_end__ = .
                0x20000930                _edata = __data_end__

.igot.plt       0x20000930        0x0 load address 0x08003a1c
 .igot.plt      0x00000000        0x0 c:/program files (x86)/gnu tools arm embedded/4.8 2014q3/bin/../lib/gcc/arm-none-eabi/4.8.4/armv7e-m/crtbegin.o

.bss            0x20000930       0xec load address 0x08003a1c
                0x20000930                . = ALIGN (0x4)
                0x20000930                __bss_start__ = .
                0x20000930                _sbss = __bss_start__
 *(.bss*)
 .bss           0x20000930       0x1c c:/program files (x86)/gnu tools arm embedded/4.8 2014q3/bin/../lib/gcc/arm-none-eabi/4.8.4/armv7e-m/crtbegin.o
 .bss           0x2000094c        0x4 ..\obj\uart.o
                0x2000094c                Usart3Instance
 .bss           0x20000950       0x14 ..\obj\main.o
                0x20000950                LPC1768_LED
                0x20000954                com3
 .bss.__malloc_max_total_mem
                0x20000964        0x4 c:/program files (x86)/gnu tools arm embedded/4.8 2014q3/bin/../lib/gcc/arm-none-eabi/4.8.4/../../../../arm-none-eabi/lib/armv7e-m\libc.a(lib_a-mallocr.o)
                0x20000964                __malloc_max_total_mem
 .bss.__malloc_max_sbrked_mem
                0x20000968        0x4 c:/program files (x86)/gnu tools arm embedded/4.8 2014q3/bin/../lib/gcc/arm-none-eabi/4.8.4/../../../../arm-none-eabi/lib/armv7e-m\libc.a(lib_a-mallocr.o)
                0x20000968                __malloc_max_sbrked_mem
 .bss.__malloc_top_pad
                0x2000096c        0x4 c:/program files (x86)/gnu tools arm embedded/4.8 2014q3/bin/../lib/gcc/arm-none-eabi/4.8.4/../../../../arm-none-eabi/lib/armv7e-m\libc.a(lib_a-mallocr.o)
                0x2000096c                __malloc_top_pad
 .bss.__malloc_current_mallinfo
                0x20000970       0x28 c:/program files (x86)/gnu tools arm embedded/4.8 2014q3/bin/../lib/gcc/arm-none-eabi/4.8.4/../../../../arm-none-eabi/lib/armv7e-m\libc.a(lib_a-mallocr.o)
                0x20000970                __malloc_current_mallinfo
 .bss.heap_end.4246
                0x20000998        0x4 c:/program files (x86)/gnu tools arm embedded/4.8 2014q3/bin/../lib/gcc/arm-none-eabi/4.8.4/../../../../arm-none-eabi/lib/armv7e-m\libnosys.a(sbrk.o)
 *(COMMON)
 COMMON         0x2000099c       0x7c ..\obj\stm32f4_discovery_audio_codec.o
                0x2000099c                CurrentPos
                0x200009a0                AUDIO_MAL_DMA_InitStructure
                0x200009dc                DMA_InitStructure
 COMMON         0x20000a18        0x4 c:/program files (x86)/gnu tools arm embedded/4.8 2014q3/bin/../lib/gcc/arm-none-eabi/4.8.4/../../../../arm-none-eabi/lib/armv7e-m\libc.a(lib_a-reent.o)
                0x20000a18                errno
                0x20000a1c                . = ALIGN (0x4)
                0x20000a1c                __bss_end__ = .
                0x20000a1c                _ebss = __bss_end__

.heap           0x20000a1c        0x0
                0x20000a1c                __end__ = .
                0x20000a1c                _end = __end__
                0x20000a1c                end = __end__
 *(.heap*)
                0x20000a1c                __HeapLimit = .

.co_stack       0x20000a1c      0x804 load address 0x08003b08
                0x20000a20                . = ALIGN (0x8)
 *fill*         0x20000a1c        0x4 
 *(.co_stack .co_stack.*)
 .co_stack      0x20000a20      0x800 ..\obj\startup_stm32f4xx.o
                0x20000a20                pulStack
                0x20020000                __StackTop = (ORIGIN (RAM) + 0x20000)
                0x2001f7fc                __StackLimit = (__StackTop - SIZEOF (.co_stack))
                0x20020000                PROVIDE (__stack, __StackTop)
                0x00000001                ASSERT ((__StackLimit >= __HeapLimit), region RAM overflowed with stack)
LOAD ..\obj\stm32f4xx_syscfg.o
LOAD ..\obj\stm32f4_discovery_audio_codec.o
LOAD ..\obj\stm32f4xx_usart.o
LOAD ..\obj\led.o
LOAD ..\obj\stm32f4xx_dac.o
LOAD ..\obj\uart.o
LOAD ..\obj\startup_stm32f4xx.o
LOAD ..\obj\stm32f4_discovery.o
LOAD ..\obj\main.o
LOAD ..\obj\stm32f4xx_rcc.o
LOAD ..\obj\stm32f4xx_gpio.o
LOAD ..\obj\system_stm32f4xx.o
LOAD ..\obj\stm32f4xx_dma.o
LOAD ..\obj\stm32f4_discovery_callbacks.o
LOAD ..\obj\stm32f4xx_spi.o
LOAD ..\obj\stm32f4xx_i2c.o
LOAD ..\obj\stm32f4xx_exti.o
LOAD ..\obj\misc.o
LOAD ..\obj\stm32f4_discovery_lis302dl.o
LOAD ..\..\..\STM32F4-Discovery\libpdmfilter_gcc.a
LOAD c:/program files (x86)/gnu tools arm embedded/4.8 2014q3/bin/../lib/gcc/arm-none-eabi/4.8.4/../../../../arm-none-eabi/lib/armv7e-m\libm.a
LOAD c:/program files (x86)/gnu tools arm embedded/4.8 2014q3/bin/../lib/gcc/arm-none-eabi/4.8.4/armv7e-m\libgcc.a
LOAD c:/program files (x86)/gnu tools arm embedded/4.8 2014q3/bin/../lib/gcc/arm-none-eabi/4.8.4/../../../../arm-none-eabi/lib/armv7e-m\libc.a
LOAD c:/program files (x86)/gnu tools arm embedded/4.8 2014q3/bin/../lib/gcc/arm-none-eabi/4.8.4/../../../../arm-none-eabi/lib/armv7e-m\libstdc++.a
LOAD c:/program files (x86)/gnu tools arm embedded/4.8 2014q3/bin/../lib/gcc/arm-none-eabi/4.8.4/../../../../arm-none-eabi/lib/armv7e-m\libsupc++.a
LOAD c:/program files (x86)/gnu tools arm embedded/4.8 2014q3/bin/../lib/gcc/arm-none-eabi/4.8.4/../../../../arm-none-eabi/lib/armv7e-m\libnosys.a
START GROUP
LOAD c:/program files (x86)/gnu tools arm embedded/4.8 2014q3/bin/../lib/gcc/arm-none-eabi/4.8.4/armv7e-m\libgcc.a
LOAD c:/program files (x86)/gnu tools arm embedded/4.8 2014q3/bin/../lib/gcc/arm-none-eabi/4.8.4/../../../../arm-none-eabi/lib/armv7e-m\libg.a
LOAD c:/program files (x86)/gnu tools arm embedded/4.8 2014q3/bin/../lib/gcc/arm-none-eabi/4.8.4/../../../../arm-none-eabi/lib/armv7e-m\libc.a
END GROUP
LOAD c:/program files (x86)/gnu tools arm embedded/4.8 2014q3/bin/../lib/gcc/arm-none-eabi/4.8.4/armv7e-m/crtend.o
LOAD c:/program files (x86)/gnu tools arm embedded/4.8 2014q3/bin/../lib/gcc/arm-none-eabi/4.8.4/armv7e-m/crtn.o
OUTPUT(Gewaechshaus.elf elf32-littlearm)

.ARM.attributes
                0x00000000       0x2a
 .ARM.attributes
                0x00000000       0x1e c:/program files (x86)/gnu tools arm embedded/4.8 2014q3/bin/../lib/gcc/arm-none-eabi/4.8.4/armv7e-m/crti.o
 .ARM.attributes
                0x0000001e       0x2e c:/program files (x86)/gnu tools arm embedded/4.8 2014q3/bin/../lib/gcc/arm-none-eabi/4.8.4/armv7e-m/crtbegin.o
 .ARM.attributes
                0x0000004c       0x1c c:/program files (x86)/gnu tools arm embedded/4.8 2014q3/bin/../lib/gcc/arm-none-eabi/4.8.4/../../../../arm-none-eabi/lib/armv7e-m/crt0.o
 .ARM.attributes
                0x00000068       0x33 ..\obj\stm32f4_discovery_audio_codec.o
 .ARM.attributes
                0x0000009b       0x33 ..\obj\stm32f4xx_usart.o
 .ARM.attributes
                0x000000ce       0x33 ..\obj\led.o
 .ARM.attributes
                0x00000101       0x33 ..\obj\stm32f4xx_dac.o
 .ARM.attributes
                0x00000134       0x33 ..\obj\uart.o
 .ARM.attributes
                0x00000167       0x33 ..\obj\startup_stm32f4xx.o
 .ARM.attributes
                0x0000019a       0x33 ..\obj\stm32f4_discovery.o
 .ARM.attributes
                0x000001cd       0x33 ..\obj\main.o
 .ARM.attributes
                0x00000200       0x33 ..\obj\stm32f4xx_rcc.o
 .ARM.attributes
                0x00000233       0x33 ..\obj\stm32f4xx_gpio.o
 .ARM.attributes
                0x00000266       0x33 ..\obj\stm32f4xx_dma.o
 .ARM.attributes
                0x00000299       0x33 ..\obj\stm32f4_discovery_callbacks.o
 .ARM.attributes
                0x000002cc       0x33 ..\obj\stm32f4xx_spi.o
 .ARM.attributes
                0x000002ff       0x33 ..\obj\misc.o
 .ARM.attributes
                0x00000332       0x2e c:/program files (x86)/gnu tools arm embedded/4.8 2014q3/bin/../lib/gcc/arm-none-eabi/4.8.4/../../../../arm-none-eabi/lib/armv7e-m\libc.a(lib_a-aeabi_atexit.o)
 .ARM.attributes
                0x00000360       0x2e c:/program files (x86)/gnu tools arm embedded/4.8 2014q3/bin/../lib/gcc/arm-none-eabi/4.8.4/../../../../arm-none-eabi/lib/armv7e-m\libc.a(lib_a-cxa_atexit.o)
 .ARM.attributes
                0x0000038e       0x2e c:/program files (x86)/gnu tools arm embedded/4.8 2014q3/bin/../lib/gcc/arm-none-eabi/4.8.4/../../../../arm-none-eabi/lib/armv7e-m\libc.a(lib_a-exit.o)
 .ARM.attributes
                0x000003bc       0x2e c:/program files (x86)/gnu tools arm embedded/4.8 2014q3/bin/../lib/gcc/arm-none-eabi/4.8.4/../../../../arm-none-eabi/lib/armv7e-m\libc.a(lib_a-impure.o)
 .ARM.attributes
                0x000003ea       0x2e c:/program files (x86)/gnu tools arm embedded/4.8 2014q3/bin/../lib/gcc/arm-none-eabi/4.8.4/../../../../arm-none-eabi/lib/armv7e-m\libc.a(lib_a-init.o)
 .ARM.attributes
                0x00000418       0x2e c:/program files (x86)/gnu tools arm embedded/4.8 2014q3/bin/../lib/gcc/arm-none-eabi/4.8.4/../../../../arm-none-eabi/lib/armv7e-m\libc.a(lib_a-malloc.o)
 .ARM.attributes
                0x00000446       0x2e c:/program files (x86)/gnu tools arm embedded/4.8 2014q3/bin/../lib/gcc/arm-none-eabi/4.8.4/../../../../arm-none-eabi/lib/armv7e-m\libc.a(lib_a-mallocr.o)
 .ARM.attributes
                0x00000474       0x2e c:/program files (x86)/gnu tools arm embedded/4.8 2014q3/bin/../lib/gcc/arm-none-eabi/4.8.4/../../../../arm-none-eabi/lib/armv7e-m\libc.a(lib_a-memset.o)
 .ARM.attributes
                0x000004a2       0x2e c:/program files (x86)/gnu tools arm embedded/4.8 2014q3/bin/../lib/gcc/arm-none-eabi/4.8.4/../../../../arm-none-eabi/lib/armv7e-m\libc.a(lib_a-mlock.o)
 .ARM.attributes
                0x000004d0       0x2e c:/program files (x86)/gnu tools arm embedded/4.8 2014q3/bin/../lib/gcc/arm-none-eabi/4.8.4/../../../../arm-none-eabi/lib/armv7e-m\libc.a(lib_a-sbrkr.o)
 .ARM.attributes
                0x000004fe       0x2e c:/program files (x86)/gnu tools arm embedded/4.8 2014q3/bin/../lib/gcc/arm-none-eabi/4.8.4/../../../../arm-none-eabi/lib/armv7e-m\libc.a(lib_a-__atexit.o)
 .ARM.attributes
                0x0000052c       0x2e c:/program files (x86)/gnu tools arm embedded/4.8 2014q3/bin/../lib/gcc/arm-none-eabi/4.8.4/../../../../arm-none-eabi/lib/armv7e-m\libc.a(lib_a-__call_atexit.o)
 .ARM.attributes
                0x0000055a       0x2e c:/program files (x86)/gnu tools arm embedded/4.8 2014q3/bin/../lib/gcc/arm-none-eabi/4.8.4/../../../../arm-none-eabi/lib/armv7e-m\libc.a(lib_a-atexit.o)
 .ARM.attributes
                0x00000588       0x2e c:/program files (x86)/gnu tools arm embedded/4.8 2014q3/bin/../lib/gcc/arm-none-eabi/4.8.4/../../../../arm-none-eabi/lib/armv7e-m\libc.a(lib_a-fini.o)
 .ARM.attributes
                0x000005b6       0x2e c:/program files (x86)/gnu tools arm embedded/4.8 2014q3/bin/../lib/gcc/arm-none-eabi/4.8.4/../../../../arm-none-eabi/lib/armv7e-m\libc.a(lib_a-freer.o)
 .ARM.attributes
                0x000005e4       0x2e c:/program files (x86)/gnu tools arm embedded/4.8 2014q3/bin/../lib/gcc/arm-none-eabi/4.8.4/../../../../arm-none-eabi/lib/armv7e-m\libc.a(lib_a-reent.o)
 .ARM.attributes
                0x00000612       0x2e c:/program files (x86)/gnu tools arm embedded/4.8 2014q3/bin/../lib/gcc/arm-none-eabi/4.8.4/../../../../arm-none-eabi/lib/armv7e-m\libnosys.a(sbrk.o)
 .ARM.attributes
                0x00000640       0x2e c:/program files (x86)/gnu tools arm embedded/4.8 2014q3/bin/../lib/gcc/arm-none-eabi/4.8.4/../../../../arm-none-eabi/lib/armv7e-m\libnosys.a(_exit.o)
 .ARM.attributes
                0x0000066e       0x2e c:/program files (x86)/gnu tools arm embedded/4.8 2014q3/bin/../lib/gcc/arm-none-eabi/4.8.4/armv7e-m/crtend.o
 .ARM.attributes
                0x0000069c       0x1e c:/program files (x86)/gnu tools arm embedded/4.8 2014q3/bin/../lib/gcc/arm-none-eabi/4.8.4/armv7e-m/crtn.o

.comment        0x00000000       0x70
 .comment       0x00000000       0x70 ..\obj\stm32f4_discovery_audio_codec.o
                                 0x71 (size before relaxing)
 .comment       0x00000000       0x71 ..\obj\stm32f4xx_usart.o
 .comment       0x00000000       0x71 ..\obj\led.o
 .comment       0x00000000       0x71 ..\obj\stm32f4xx_dac.o
 .comment       0x00000000       0x71 ..\obj\uart.o
 .comment       0x00000000       0x71 ..\obj\startup_stm32f4xx.o
 .comment       0x00000000       0x71 ..\obj\stm32f4_discovery.o
 .comment       0x00000000       0x71 ..\obj\main.o
 .comment       0x00000000       0x71 ..\obj\stm32f4xx_rcc.o
 .comment       0x00000000       0x71 ..\obj\stm32f4xx_gpio.o
 .comment       0x00000000       0x71 ..\obj\stm32f4xx_dma.o
 .comment       0x00000000       0x71 ..\obj\stm32f4_discovery_callbacks.o
 .comment       0x00000000       0x71 ..\obj\stm32f4xx_spi.o
 .comment       0x00000000       0x71 ..\obj\misc.o

.debug_info     0x00000000     0x66df
 .debug_info    0x00000000     0x1070 ..\obj\stm32f4_discovery_audio_codec.o
 .debug_info    0x00001070      0x9c2 ..\obj\stm32f4xx_usart.o
 .debug_info    0x00001a32      0x22b ..\obj\led.o
 .debug_info    0x00001c5d      0x63a ..\obj\stm32f4xx_dac.o
 .debug_info    0x00002297      0xbd5 ..\obj\uart.o
 .debug_info    0x00002e6c      0x122 ..\obj\startup_stm32f4xx.o
 .debug_info    0x00002f8e      0x889 ..\obj\stm32f4_discovery.o
 .debug_info    0x00003817      0x3f3 ..\obj\main.o
 .debug_info    0x00003c0a      0xc4d ..\obj\stm32f4xx_rcc.o
 .debug_info    0x00004857      0x602 ..\obj\stm32f4xx_gpio.o
 .debug_info    0x00004e59      0x739 ..\obj\stm32f4xx_dma.o
 .debug_info    0x00005592      0x109 ..\obj\stm32f4_discovery_callbacks.o
 .debug_info    0x0000569b      0xb07 ..\obj\stm32f4xx_spi.o
 .debug_info    0x000061a2      0x53d ..\obj\misc.o

.debug_abbrev   0x00000000     0x1594
 .debug_abbrev  0x00000000      0x256 ..\obj\stm32f4_discovery_audio_codec.o
 .debug_abbrev  0x00000256      0x155 ..\obj\stm32f4xx_usart.o
 .debug_abbrev  0x000003ab      0x175 ..\obj\led.o
 .debug_abbrev  0x00000520      0x17c ..\obj\stm32f4xx_dac.o
 .debug_abbrev  0x0000069c      0x278 ..\obj\uart.o
 .debug_abbrev  0x00000914       0xce ..\obj\startup_stm32f4xx.o
 .debug_abbrev  0x000009e2      0x183 ..\obj\stm32f4_discovery.o
 .debug_abbrev  0x00000b65      0x218 ..\obj\main.o
 .debug_abbrev  0x00000d7d      0x1e3 ..\obj\stm32f4xx_rcc.o
 .debug_abbrev  0x00000f60      0x1a3 ..\obj\stm32f4xx_gpio.o
 .debug_abbrev  0x00001103      0x155 ..\obj\stm32f4xx_dma.o
 .debug_abbrev  0x00001258       0x90 ..\obj\stm32f4_discovery_callbacks.o
 .debug_abbrev  0x000012e8      0x167 ..\obj\stm32f4xx_spi.o
 .debug_abbrev  0x0000144f      0x145 ..\obj\misc.o

.debug_aranges  0x00000000      0x810
 .debug_aranges
                0x00000000      0x130 ..\obj\stm32f4_discovery_audio_codec.o
 .debug_aranges
                0x00000130      0x100 ..\obj\stm32f4xx_usart.o
 .debug_aranges
                0x00000230       0x38 ..\obj\led.o
 .debug_aranges
                0x00000268       0xa0 ..\obj\stm32f4xx_dac.o
 .debug_aranges
                0x00000308       0x68 ..\obj\uart.o
 .debug_aranges
                0x00000370       0x28 ..\obj\startup_stm32f4xx.o
 .debug_aranges
                0x00000398       0x48 ..\obj\stm32f4_discovery.o
 .debug_aranges
                0x000003e0       0x38 ..\obj\main.o
 .debug_aranges
                0x00000418      0x178 ..\obj\stm32f4xx_rcc.o
 .debug_aranges
                0x00000590       0x88 ..\obj\stm32f4xx_gpio.o
 .debug_aranges
                0x00000618       0xb0 ..\obj\stm32f4xx_dma.o
 .debug_aranges
                0x000006c8       0x28 ..\obj\stm32f4_discovery_callbacks.o
 .debug_aranges
                0x000006f0       0xe0 ..\obj\stm32f4xx_spi.o
 .debug_aranges
                0x000007d0       0x40 ..\obj\misc.o

.debug_ranges   0x00000000      0x730
 .debug_ranges  0x00000000      0x120 ..\obj\stm32f4_discovery_audio_codec.o
 .debug_ranges  0x00000120       0xf0 ..\obj\stm32f4xx_usart.o
 .debug_ranges  0x00000210       0x28 ..\obj\led.o
 .debug_ranges  0x00000238       0x90 ..\obj\stm32f4xx_dac.o
 .debug_ranges  0x000002c8       0x58 ..\obj\uart.o
 .debug_ranges  0x00000320       0x18 ..\obj\startup_stm32f4xx.o
 .debug_ranges  0x00000338       0x38 ..\obj\stm32f4_discovery.o
 .debug_ranges  0x00000370       0x28 ..\obj\main.o
 .debug_ranges  0x00000398      0x168 ..\obj\stm32f4xx_rcc.o
 .debug_ranges  0x00000500       0x78 ..\obj\stm32f4xx_gpio.o
 .debug_ranges  0x00000578       0xa0 ..\obj\stm32f4xx_dma.o
 .debug_ranges  0x00000618       0x18 ..\obj\stm32f4_discovery_callbacks.o
 .debug_ranges  0x00000630       0xd0 ..\obj\stm32f4xx_spi.o
 .debug_ranges  0x00000700       0x30 ..\obj\misc.o

.debug_line     0x00000000     0x2df2
 .debug_line    0x00000000      0x701 ..\obj\stm32f4_discovery_audio_codec.o
 .debug_line    0x00000701      0x49d ..\obj\stm32f4xx_usart.o
 .debug_line    0x00000b9e      0x1e4 ..\obj\led.o
 .debug_line    0x00000d82      0x353 ..\obj\stm32f4xx_dac.o
 .debug_line    0x000010d5      0x317 ..\obj\uart.o
 .debug_line    0x000013ec       0x9c ..\obj\startup_stm32f4xx.o
 .debug_line    0x00001488      0x2a4 ..\obj\stm32f4_discovery.o
 .debug_line    0x0000172c      0x218 ..\obj\main.o
 .debug_line    0x00001944      0x595 ..\obj\stm32f4xx_rcc.o
 .debug_line    0x00001ed9      0x33a ..\obj\stm32f4xx_gpio.o
 .debug_line    0x00002213      0x3d7 ..\obj\stm32f4xx_dma.o
 .debug_line    0x000025ea      0x17b ..\obj\stm32f4_discovery_callbacks.o
 .debug_line    0x00002765      0x44d ..\obj\stm32f4xx_spi.o
 .debug_line    0x00002bb2      0x240 ..\obj\misc.o

.debug_str      0x00000000     0x2cd9
 .debug_str     0x00000000      0xf24 ..\obj\stm32f4_discovery_audio_codec.o
                               0x106d (size before relaxing)
 .debug_str     0x00000f24      0x47e ..\obj\stm32f4xx_usart.o
                                0x68a (size before relaxing)
 .debug_str     0x000013a2      0x11f ..\obj\led.o
                                0x1d7 (size before relaxing)
 .debug_str     0x000014c1      0x235 ..\obj\stm32f4xx_dac.o
                                0x44e (size before relaxing)
 .debug_str     0x000016f6      0x32c ..\obj\uart.o
                                0xdea (size before relaxing)
 .debug_str     0x00001a22       0xbd ..\obj\startup_stm32f4xx.o
                                0x154 (size before relaxing)
 .debug_str     0x00001adf      0x273 ..\obj\stm32f4_discovery.o
                                0xb32 (size before relaxing)
 .debug_str     0x00001d52       0xb4 ..\obj\main.o
                                0x3c3 (size before relaxing)
 .debug_str     0x00001e06      0x5c4 ..\obj\stm32f4xx_rcc.o
                                0x84b (size before relaxing)
 .debug_str     0x000023ca      0x176 ..\obj\stm32f4xx_gpio.o
                                0x49e (size before relaxing)
 .debug_str     0x00002540      0x253 ..\obj\stm32f4xx_dma.o
                                0x53d (size before relaxing)
 .debug_str     0x00002793       0x83 ..\obj\stm32f4_discovery_callbacks.o
                                0x1e0 (size before relaxing)
 .debug_str     0x00002816      0x313 ..\obj\stm32f4xx_spi.o
                                0x685 (size before relaxing)
 .debug_str     0x00002b29      0x1b0 ..\obj\misc.o
                                0x3c9 (size before relaxing)

.debug_frame    0x00000000     0x1c40
 .debug_frame   0x00000000      0x438 ..\obj\stm32f4_discovery_audio_codec.o
 .debug_frame   0x00000438      0x344 ..\obj\stm32f4xx_usart.o
 .debug_frame   0x0000077c       0x8c ..\obj\led.o
 .debug_frame   0x00000808      0x1ec ..\obj\stm32f4xx_dac.o
 .debug_frame   0x000009f4      0x148 ..\obj\uart.o
 .debug_frame   0x00000b3c       0x48 ..\obj\startup_stm32f4xx.o
 .debug_frame   0x00000b84       0xc4 ..\obj\stm32f4_discovery.o
 .debug_frame   0x00000c48       0x88 ..\obj\main.o
 .debug_frame   0x00000cd0      0x4d8 ..\obj\stm32f4xx_rcc.o
 .debug_frame   0x000011a8      0x19c ..\obj\stm32f4xx_gpio.o
 .debug_frame   0x00001344      0x224 ..\obj\stm32f4xx_dma.o
 .debug_frame   0x00001568       0x44 ..\obj\stm32f4_discovery_callbacks.o
 .debug_frame   0x000015ac      0x2d0 ..\obj\stm32f4xx_spi.o
 .debug_frame   0x0000187c       0x9c ..\obj\misc.o
 .debug_frame   0x00001918       0x20 c:/program files (x86)/gnu tools arm embedded/4.8 2014q3/bin/../lib/gcc/arm-none-eabi/4.8.4/../../../../arm-none-eabi/lib/armv7e-m\libc.a(lib_a-aeabi_atexit.o)
 .debug_frame   0x00001938       0x28 c:/program files (x86)/gnu tools arm embedded/4.8 2014q3/bin/../lib/gcc/arm-none-eabi/4.8.4/../../../../arm-none-eabi/lib/armv7e-m\libc.a(lib_a-cxa_atexit.o)
 .debug_frame   0x00001960       0x28 c:/program files (x86)/gnu tools arm embedded/4.8 2014q3/bin/../lib/gcc/arm-none-eabi/4.8.4/../../../../arm-none-eabi/lib/armv7e-m\libc.a(lib_a-exit.o)
 .debug_frame   0x00001988       0x2c c:/program files (x86)/gnu tools arm embedded/4.8 2014q3/bin/../lib/gcc/arm-none-eabi/4.8.4/../../../../arm-none-eabi/lib/armv7e-m\libc.a(lib_a-init.o)
 .debug_frame   0x000019b4       0x30 c:/program files (x86)/gnu tools arm embedded/4.8 2014q3/bin/../lib/gcc/arm-none-eabi/4.8.4/../../../../arm-none-eabi/lib/armv7e-m\libc.a(lib_a-malloc.o)
 .debug_frame   0x000019e4       0x38 c:/program files (x86)/gnu tools arm embedded/4.8 2014q3/bin/../lib/gcc/arm-none-eabi/4.8.4/../../../../arm-none-eabi/lib/armv7e-m\libc.a(lib_a-mallocr.o)
 .debug_frame   0x00001a1c       0x2c c:/program files (x86)/gnu tools arm embedded/4.8 2014q3/bin/../lib/gcc/arm-none-eabi/4.8.4/../../../../arm-none-eabi/lib/armv7e-m\libc.a(lib_a-memset.o)
 .debug_frame   0x00001a48       0x30 c:/program files (x86)/gnu tools arm embedded/4.8 2014q3/bin/../lib/gcc/arm-none-eabi/4.8.4/../../../../arm-none-eabi/lib/armv7e-m\libc.a(lib_a-mlock.o)
 .debug_frame   0x00001a78       0x2c c:/program files (x86)/gnu tools arm embedded/4.8 2014q3/bin/../lib/gcc/arm-none-eabi/4.8.4/../../../../arm-none-eabi/lib/armv7e-m\libc.a(lib_a-sbrkr.o)
 .debug_frame   0x00001aa4       0x30 c:/program files (x86)/gnu tools arm embedded/4.8 2014q3/bin/../lib/gcc/arm-none-eabi/4.8.4/../../../../arm-none-eabi/lib/armv7e-m\libc.a(lib_a-__atexit.o)
 .debug_frame   0x00001ad4       0x48 c:/program files (x86)/gnu tools arm embedded/4.8 2014q3/bin/../lib/gcc/arm-none-eabi/4.8.4/../../../../arm-none-eabi/lib/armv7e-m\libc.a(lib_a-__call_atexit.o)
 .debug_frame   0x00001b1c       0x20 c:/program files (x86)/gnu tools arm embedded/4.8 2014q3/bin/../lib/gcc/arm-none-eabi/4.8.4/../../../../arm-none-eabi/lib/armv7e-m\libc.a(lib_a-atexit.o)
 .debug_frame   0x00001b3c       0x2c c:/program files (x86)/gnu tools arm embedded/4.8 2014q3/bin/../lib/gcc/arm-none-eabi/4.8.4/../../../../arm-none-eabi/lib/armv7e-m\libc.a(lib_a-fini.o)
 .debug_frame   0x00001b68       0x50 c:/program files (x86)/gnu tools arm embedded/4.8 2014q3/bin/../lib/gcc/arm-none-eabi/4.8.4/../../../../arm-none-eabi/lib/armv7e-m\libc.a(lib_a-freer.o)
 .debug_frame   0x00001bb8       0x48 c:/program files (x86)/gnu tools arm embedded/4.8 2014q3/bin/../lib/gcc/arm-none-eabi/4.8.4/../../../../arm-none-eabi/lib/armv7e-m\libc.a(lib_a-reent.o)
 .debug_frame   0x00001c00       0x20 c:/program files (x86)/gnu tools arm embedded/4.8 2014q3/bin/../lib/gcc/arm-none-eabi/4.8.4/../../../../arm-none-eabi/lib/armv7e-m\libnosys.a(sbrk.o)
 .debug_frame   0x00001c20       0x20 c:/program files (x86)/gnu tools arm embedded/4.8 2014q3/bin/../lib/gcc/arm-none-eabi/4.8.4/../../../../arm-none-eabi/lib/armv7e-m\libnosys.a(_exit.o)

.stabstr        0x00000000       0x76
 .stabstr       0x00000000       0x76 c:/program files (x86)/gnu tools arm embedded/4.8 2014q3/bin/../lib/gcc/arm-none-eabi/4.8.4/../../../../arm-none-eabi/lib/armv7e-m\libnosys.a(getpid.o)
