Archive member included because of file (symbol)

c:/program files (x86)/gnu tools arm embedded/4.8 2014q3/bin/../lib/gcc/arm-none-eabi/4.8.4/armv7e-m\libgcc.a(_arm_addsubdf3.o)
                              ..\obj\adc.o (__aeabi_i2d)
c:/program files (x86)/gnu tools arm embedded/4.8 2014q3/bin/../lib/gcc/arm-none-eabi/4.8.4/armv7e-m\libgcc.a(_arm_muldivdf3.o)
                              ..\obj\adc.o (__aeabi_dmul)
c:/program files (x86)/gnu tools arm embedded/4.8 2014q3/bin/../lib/gcc/arm-none-eabi/4.8.4/armv7e-m\libgcc.a(_arm_truncdfsf2.o)
                              ..\obj\adc.o (__aeabi_d2f)
c:/program files (x86)/gnu tools arm embedded/4.8 2014q3/bin/../lib/gcc/arm-none-eabi/4.8.4/armv7e-m\libgcc.a(_arm_addsubsf3.o)
                              ..\obj\tm_stm32f4_ds18b20.o (__aeabi_fsub)
c:/program files (x86)/gnu tools arm embedded/4.8 2014q3/bin/../lib/gcc/arm-none-eabi/4.8.4/armv7e-m\libgcc.a(_arm_muldivsf3.o)
                              ..\obj\tm_stm32f4_ds18b20.o (__aeabi_fmul)
c:/program files (x86)/gnu tools arm embedded/4.8 2014q3/bin/../lib/gcc/arm-none-eabi/4.8.4/armv7e-m\libgcc.a(unwind-arm.o)
                              ..\obj\uart.o (__aeabi_unwind_cpp_pr0)
c:/program files (x86)/gnu tools arm embedded/4.8 2014q3/bin/../lib/gcc/arm-none-eabi/4.8.4/armv7e-m\libgcc.a(libunwind.o)
                              c:/program files (x86)/gnu tools arm embedded/4.8 2014q3/bin/../lib/gcc/arm-none-eabi/4.8.4/armv7e-m\libgcc.a(unwind-arm.o) (restore_core_regs)
c:/program files (x86)/gnu tools arm embedded/4.8 2014q3/bin/../lib/gcc/arm-none-eabi/4.8.4/armv7e-m\libgcc.a(pr-support.o)
                              c:/program files (x86)/gnu tools arm embedded/4.8 2014q3/bin/../lib/gcc/arm-none-eabi/4.8.4/armv7e-m\libgcc.a(unwind-arm.o) (__gnu_unwind_execute)
c:/program files (x86)/gnu tools arm embedded/4.8 2014q3/bin/../lib/gcc/arm-none-eabi/4.8.4/../../../../arm-none-eabi/lib/armv7e-m\libc.a(lib_a-abort.o)
                              c:/program files (x86)/gnu tools arm embedded/4.8 2014q3/bin/../lib/gcc/arm-none-eabi/4.8.4/armv7e-m\libgcc.a(unwind-arm.o) (abort)
c:/program files (x86)/gnu tools arm embedded/4.8 2014q3/bin/../lib/gcc/arm-none-eabi/4.8.4/../../../../arm-none-eabi/lib/armv7e-m\libc.a(lib_a-aeabi_atexit.o)
                              ..\obj\main.o (__aeabi_atexit)
c:/program files (x86)/gnu tools arm embedded/4.8 2014q3/bin/../lib/gcc/arm-none-eabi/4.8.4/../../../../arm-none-eabi/lib/armv7e-m\libc.a(lib_a-cxa_atexit.o)
                              c:/program files (x86)/gnu tools arm embedded/4.8 2014q3/bin/../lib/gcc/arm-none-eabi/4.8.4/../../../../arm-none-eabi/lib/armv7e-m\libc.a(lib_a-aeabi_atexit.o) (__cxa_atexit)
c:/program files (x86)/gnu tools arm embedded/4.8 2014q3/bin/../lib/gcc/arm-none-eabi/4.8.4/../../../../arm-none-eabi/lib/armv7e-m\libc.a(lib_a-exit.o)
                              c:/program files (x86)/gnu tools arm embedded/4.8 2014q3/bin/../lib/gcc/arm-none-eabi/4.8.4/../../../../arm-none-eabi/lib/armv7e-m/crt0.o (exit)
c:/program files (x86)/gnu tools arm embedded/4.8 2014q3/bin/../lib/gcc/arm-none-eabi/4.8.4/../../../../arm-none-eabi/lib/armv7e-m\libc.a(lib_a-impure.o)
                              c:/program files (x86)/gnu tools arm embedded/4.8 2014q3/bin/../lib/gcc/arm-none-eabi/4.8.4/../../../../arm-none-eabi/lib/armv7e-m\libc.a(lib_a-exit.o) (_global_impure_ptr)
c:/program files (x86)/gnu tools arm embedded/4.8 2014q3/bin/../lib/gcc/arm-none-eabi/4.8.4/../../../../arm-none-eabi/lib/armv7e-m\libc.a(lib_a-init.o)
                              c:/program files (x86)/gnu tools arm embedded/4.8 2014q3/bin/../lib/gcc/arm-none-eabi/4.8.4/../../../../arm-none-eabi/lib/armv7e-m/crt0.o (__libc_init_array)
c:/program files (x86)/gnu tools arm embedded/4.8 2014q3/bin/../lib/gcc/arm-none-eabi/4.8.4/../../../../arm-none-eabi/lib/armv7e-m\libc.a(lib_a-malloc.o)
                              ..\obj\uart.o (malloc)
c:/program files (x86)/gnu tools arm embedded/4.8 2014q3/bin/../lib/gcc/arm-none-eabi/4.8.4/../../../../arm-none-eabi/lib/armv7e-m\libc.a(lib_a-mallocr.o)
                              c:/program files (x86)/gnu tools arm embedded/4.8 2014q3/bin/../lib/gcc/arm-none-eabi/4.8.4/../../../../arm-none-eabi/lib/armv7e-m\libc.a(lib_a-malloc.o) (_malloc_r)
c:/program files (x86)/gnu tools arm embedded/4.8 2014q3/bin/../lib/gcc/arm-none-eabi/4.8.4/../../../../arm-none-eabi/lib/armv7e-m\libc.a(lib_a-memcpy.o)
                              c:/program files (x86)/gnu tools arm embedded/4.8 2014q3/bin/../lib/gcc/arm-none-eabi/4.8.4/armv7e-m\libgcc.a(unwind-arm.o) (memcpy)
c:/program files (x86)/gnu tools arm embedded/4.8 2014q3/bin/../lib/gcc/arm-none-eabi/4.8.4/../../../../arm-none-eabi/lib/armv7e-m\libc.a(lib_a-memset.o)
                              c:/program files (x86)/gnu tools arm embedded/4.8 2014q3/bin/../lib/gcc/arm-none-eabi/4.8.4/../../../../arm-none-eabi/lib/armv7e-m/crt0.o (memset)
[...]
Memory Configuration

Name             Origin             Length             Attributes
FLASH            0x08000000         0x00100000         xr
RAM              0x20000000         0x00020000         xrw
RAM1             0x10000000         0x00010000         xrw
*default*        0x00000000         0xffffffff

Linker script and memory map

LOAD c:/program files (x86)/gnu tools arm embedded/4.8 2014q3/bin/../lib/gcc/arm-none-eabi/4.8.4/armv7e-m/crti.o
LOAD c:/program files (x86)/gnu tools arm embedded/4.8 2014q3/bin/../lib/gcc/arm-none-eabi/4.8.4/armv7e-m/crtbegin.o
LOAD c:/program files (x86)/gnu tools arm embedded/4.8 2014q3/bin/../lib/gcc/arm-none-eabi/4.8.4/../../../../arm-none-eabi/lib/armv7e-m/crt0.o

.text           0x08000000     0x99a8
 *(.isr_vector)
 .isr_vector    0x08000000      0x188 ..\obj\startup_stm32f4xx.o
                0x08000000                g_pfnVectors
 *(.text*)
 .text          0x08000188       0x54 c:/program files (x86)/gnu tools arm embedded/4.8 2014q3/bin/../lib/gcc/arm-none-eabi/4.8.4/armv7e-m/crtbegin.o
 .text          0x080001dc       0x74 c:/program files (x86)/gnu tools arm embedded/4.8 2014q3/bin/../lib/gcc/arm-none-eabi/4.8.4/../../../../arm-none-eabi/lib/armv7e-m/crt0.o
                0x080001dc                _start
                0x080001dc                _mainCRTStartup
 .text._ZN18TemperaturSensorenC2Ev
                0x08000250       0x94 ..\obj\temp_sensors.o
                0x08000250                TemperaturSensoren::TemperaturSensoren()
                0x08000250                TemperaturSensoren::TemperaturSensoren()
 .text._ZN18TemperaturSensoren30startTempMeasurementAllSensorsEv
                0x080002e4       0x5c ..\obj\temp_sensors.o
                0x080002e4                TemperaturSensoren::startTempMeasurementAllSensors()
 .text._ZN18TemperaturSensoren25getAnzahlGefunderSensorenEv
                0x08000340       0x18 ..\obj\temp_sensors.o
                0x08000340                TemperaturSensoren::getAnzahlGefunderSensoren()
 .text._ZN18TemperaturSensoren21getTempWertFromSensorEh
                0x08000358       0x30 ..\obj\temp_sensors.o
                0x08000358                TemperaturSensoren::getTempWertFromSensor(unsigned char)
 .text.TM_DS18B20_StartAll
                0x08000388       0x18 ..\obj\tm_stm32f4_ds18b20.o
                0x08000388                TM_DS18B20_StartAll
 .text.TM_DS18B20_Read
                0x080003a0      0x18c ..\obj\tm_stm32f4_ds18b20.o
                0x080003a0                TM_DS18B20_Read
 .text.TM_DS18B20_GetResolution
                0x0800052c       0x58 ..\obj\tm_stm32f4_ds18b20.o
                0x0800052c                TM_DS18B20_GetResolution
 .text.TM_DS18B20_SetResolution
                0x08000584       0xec ..\obj\tm_stm32f4_ds18b20.o
                0x08000584                TM_DS18B20_SetResolution
 .text.TM_DS18B20_Is
                0x08000670       0x24 ..\obj\tm_stm32f4_ds18b20.o
                0x08000670                TM_DS18B20_Is
 .text.TM_DS18B20_AllDone
                0x08000694       0x10 ..\obj\tm_stm32f4_ds18b20.o
                0x08000694                TM_DS18B20_AllDone
 .text.Audio_MAL_IRQHandler
                0x080006a4       0xf8 ..\obj\stm32f4_discovery_audio_codec.o
 .text.DMA1_Stream7_IRQHandler
                0x0800079c        0xc ..\obj\stm32f4_discovery_audio_codec.o
                0x0800079c                DMA1_Stream7_IRQHandler
 .text.DMA1_Stream0_IRQHandler
                0x080007a8        0xc ..\obj\stm32f4_discovery_audio_codec.o
                0x080007a8                DMA1_Stream0_IRQHandler
 .text.SPI3_IRQHandler
                0x080007b4       0x40 ..\obj\stm32f4_discovery_audio_codec.o
                0x080007b4                SPI3_IRQHandler
 .text.USART_Init
                0x080007f4      0x174 ..\obj\stm32f4xx_usart.o
                0x080007f4                USART_Init
 .text.USART_Cmd
                0x08000968       0x40 ..\obj\stm32f4xx_usart.o
                0x08000968                USART_Cmd
 .text.USART_SendData
                0x080009a8       0x24 ..\obj\stm32f4xx_usart.o
                0x080009a8                USART_SendData
 .text.USART_ReceiveData
                0x080009cc       0x20 ..\obj\stm32f4xx_usart.o
                0x080009cc                USART_ReceiveData
 .text.USART_DMACmd
                0x080009ec       0x48 ..\obj\stm32f4xx_usart.o
                0x080009ec                USART_DMACmd
 .text.USART_ITConfig
                0x08000a34       0x90 ..\obj\stm32f4xx_usart.o
                0x08000a34                USART_ITConfig
 .text.USART_GetFlagStatus
                0x08000ac4       0x38 ..\obj\stm32f4xx_usart.o
                0x08000ac4                USART_GetFlagStatus
 .text.USART_ClearFlag
                0x08000afc       0x20 ..\obj\stm32f4xx_usart.o
                0x08000afc                USART_ClearFlag
 .text.USART_GetITStatus
                0x08000b1c       0xb0 ..\obj\stm32f4xx_usart.o
                0x08000b1c                USART_GetITStatus
 .text._ZN17QuadratureEncoderC2Ev
                0x08000bcc       0xa0 ..\obj\quadrature_encoder.o
                0x08000bcc                QuadratureEncoder::QuadratureEncoder()
                0x08000bcc                QuadratureEncoder::QuadratureEncoder()
 .text._ZN17QuadratureEncoder5resetEv
                0x08000c6c       0x24 ..\obj\quadrature_encoder.o
                0x08000c6c                QuadratureEncoder::reset()
 .text._ZN17QuadratureEncoder4readEv
                0x08000c90       0x50 ..\obj\quadrature_encoder.o
                0x08000c90                QuadratureEncoder::read()
 .text._ZN17QuadratureEncoder13getRotaryDiffEv
                0x08000ce0       0x1c ..\obj\quadrature_encoder.o
                0x08000ce0                QuadratureEncoder::getRotaryDiff()
 .text._ZN3LEDC2Ev
                0x08000cfc       0x18 ..\obj\led.o
                0x08000cfc                LED::LED()
                0x08000cfc                LED::LED()
 .text._ZN3LEDD2Ev
                0x08000d14       0x18 ..\obj\led.o
                0x08000d14                LED::~LED()
                0x08000d14                LED::~LED()
 .text.DAC_SetChannel1Data
                0x08000d2c       0x34 ..\obj\stm32f4xx_dac.o
                0x08000d2c                DAC_SetChannel1Data
 .text.EXTI9_5_IRQHandler
                0x08000d60       0xb8 ..\obj\rotary.o
                0x08000d60                EXTI9_5_IRQHandler
 .text._ZN5UsartC2Ei
                0x08000e18       0x50 ..\obj\uart.o
                0x08000e18                Usart::Usart(int)
                0x08000e18                Usart::Usart(int)
 .text._ZN5Usart11buffer_initEv
                0x08000e68       0x2c ..\obj\uart.o
                0x08000e68                Usart::buffer_init()
 .text._ZN5Usart8BufferInEc
                0x08000e94       0x70 ..\obj\uart.o
                0x08000e94                Usart::BufferIn(char)
 .text._ZN5Usart9BufferOutEPc
                0x08000f04       0x58 ..\obj\uart.o
                0x08000f04                Usart::BufferOut(char*)
 .text._ZN5Usart10ReadBufferEv
                0x08000f5c       0x70 ..\obj\uart.o
                0x08000f5c                Usart::ReadBuffer()
 .text._ZN5Usart13usart3InitDMAEv
                0x08000fcc       0xb0 ..\obj\uart.o
                0x08000fcc                Usart::usart3InitDMA()
 .text._ZN5Usart10SendViaDmaEPci
                0x0800107c       0x9c ..\obj\uart.o
                0x0800107c                Usart::SendViaDma(char*, int)
 .text._ZN5Usart10usart3InitEv
                0x08001118       0xe0 ..\obj\uart.o
                0x08001118                Usart::usart3Init()
 .text._ZN5Usart11uartPutCharEt
                0x080011f8       0x3c ..\obj\uart.o
                0x080011f8                Usart::uartPutChar(unsigned short)
 .text._ZN5Usart14uartSendStringEPc
                0x08001234       0x2c ..\obj\uart.o
                0x08001234                Usart::uartSendString(char*)
 .text._ZN5Usart15EnableSingeltonEv
                0x08001260       0x1c ..\obj\uart.o
                0x08001260                Usart::EnableSingelton()
 .text.DMA1_Stream3_IRQHandler
                0x0800127c       0x30 ..\obj\uart.o
                0x0800127c                DMA1_Stream3_IRQHandler
 .text.USART3_IRQHandler
                0x080012ac       0x48 ..\obj\uart.o
                0x080012ac                USART3_IRQHandler
 .text._ZN7StepperC2Ev
                0x080012f4       0x20 ..\obj\stepper.o
                0x080012f4                Stepper::Stepper()
                0x080012f4                Stepper::Stepper()
 .text._ZN7Stepper4InitEv
                0x08001314       0x3c ..\obj\stepper.o
                0x08001314                Stepper::Init()
 .text._ZN7Stepper4LeftEii
                0x08001350       0x34 ..\obj\stepper.o
                0x08001350                Stepper::Left(int, int)
 .text._ZN7Stepper7RunStepEv
                0x08001384       0x8c ..\obj\stepper.o
                0x08001384                Stepper::RunStep()
 .text._ZN7Stepper15EnableSingeltonEv
                0x08001410       0x1c ..\obj\stepper.o
                0x08001410                Stepper::EnableSingelton()
 .text._ZN7Stepper8InitTim2Eii
                0x0800142c       0x64 ..\obj\stepper.o
                0x0800142c                Stepper::InitTim2(int, int)
 .text.TIM2_IRQHandler
                0x08001490       0x58 ..\obj\stepper.o
                0x08001490                TIM2_IRQHandler
 .text.Default_Reset_Handler
                0x080014e8       0x5c ..\obj\startup_stm32f4xx.o
                0x080014e8                Default_Reset_Handler
                0x080014e8                Reset_Handler
 .text.Default_Handler
                0x08001544        0x8 ..\obj\startup_stm32f4xx.o
                0x08001544                RTC_Alarm_IRQHandler
                0x08001544                HASH_RNG_IRQHandler
                0x08001544                EXTI2_IRQHandler
                0x08001544                TIM8_CC_IRQHandler
                0x08001544                DebugMon_Handler
                0x08001544                TIM1_CC_IRQHandler
                0x08001544                DMA2_Stream5_IRQHandler
                0x08001544                HardFault_Handler
                0x08001544                DMA1_Stream5_IRQHandler
                0x08001544                PVD_IRQHandler
                0x08001544                SDIO_IRQHandler
                0x08001544                TAMP_STAMP_IRQHandler
                0x08001544                PendSV_Handler
                0x08001544                NMI_Handler
                0x08001544                CAN2_RX1_IRQHandler
                0x08001544                EXTI3_IRQHandler
                0x08001544                TIM8_TRG_COM_TIM14_IRQHandler
                0x08001544                TIM1_UP_TIM10_IRQHandler
                0x08001544                TIM8_UP_TIM13_IRQHandler
                0x08001544                I2C3_ER_IRQHandler
                0x08001544                EXTI0_IRQHandler
                0x08001544                I2C2_EV_IRQHandler
                0x08001544                DMA1_Stream2_IRQHandler
                0x08001544                CAN1_RX0_IRQHandler
                0x08001544                FPU_IRQHandler
                0x08001544                OTG_HS_WKUP_IRQHandler
                0x08001544                UsageFault_Handler
                0x08001544                CAN2_SCE_IRQHandler
                0x08001544                DMA2_Stream2_IRQHandler
                0x08001544                SPI1_IRQHandler
                0x08001544                TIM6_DAC_IRQHandler
                0x08001544                TIM1_BRK_TIM9_IRQHandler
                0x08001544                DCMI_IRQHandler
                0x08001544                CAN2_RX0_IRQHandler
                0x08001544                DMA2_Stream3_IRQHandler
                0x08001544                USART6_IRQHandler
                0x08001544                CRYP_IRQHandler
                0x08001544                CAN1_RX1_IRQHandler
                0x08001544                UART5_IRQHandler
                0x08001544                DMA2_Stream0_IRQHandler
                0x08001544                TIM4_IRQHandler
                0x08001544                I2C1_EV_IRQHandler
                0x08001544                DMA1_Stream6_IRQHandler
                0x08001544                DMA1_Stream1_IRQHandler
                0x08001544                UART4_IRQHandler
                0x08001544                TIM3_IRQHandler
                0x08001544                RCC_IRQHandler
                0x08001544                TIM8_BRK_TIM12_IRQHandler
                0x08001544                EXTI15_10_IRQHandler
                0x08001544                ADC_IRQHandler
                0x08001544                TIM7_IRQHandler
                0x08001544                CAN2_TX_IRQHandler
                0x08001544                TIM5_IRQHandler
                0x08001544                DMA2_Stream7_IRQHandler
                0x08001544                I2C3_EV_IRQHandler
                0x08001544                RTC_WKUP_IRQHandler
                0x08001544                ETH_WKUP_IRQHandler
                0x08001544                SPI2_IRQHandler
                0x08001544                OTG_HS_EP1_IN_IRQHandler
                0x08001544                MemManage_Handler
                0x08001544                CAN1_TX_IRQHandler
                0x08001544                SVC_Handler
                0x08001544                EXTI4_IRQHandler
                0x08001544                FSMC_IRQHandler
                0x08001544                ETH_IRQHandler
                0x08001544                OTG_HS_EP1_OUT_IRQHandler
                0x08001544                WWDG_IRQHandler
                0x08001544                OTG_FS_WKUP_IRQHandler
                0x08001544                TIM1_TRG_COM_TIM11_IRQHandler
                0x08001544                OTG_HS_IRQHandler
                0x08001544                EXTI1_IRQHandler
                0x08001544                USART2_IRQHandler
                0x08001544                I2C2_ER_IRQHandler
                0x08001544                DMA2_Stream1_IRQHandler
                0x08001544                CAN1_SCE_IRQHandler
                0x08001544                FLASH_IRQHandler
                0x08001544                DMA2_Stream4_IRQHandler
                0x08001544                BusFault_Handler
                0x08001544                USART1_IRQHandler
                0x08001544                OTG_FS_IRQHandler
                0x08001544                DMA1_Stream4_IRQHandler
                0x08001544                I2C1_ER_IRQHandler
                0x08001544                DMA2_Stream6_IRQHandler
 .text.STM_EVAL_LEDInit
                0x0800154c       0x5c ..\obj\stm32f4_discovery.o
                0x0800154c                STM_EVAL_LEDInit
 .text.main     0x080015a8      0x150 ..\obj\main.o
                0x080015a8                main
 .text._Z41__static_initialization_and_destruction_0ii
                0x080016f8       0x3c ..\obj\main.o
 .text._GLOBAL__sub_I_buffer
                0x08001734       0x10 ..\obj\main.o
 .text.RCC_GetClocksFreq
                0x08001744      0x154 ..\obj\stm32f4xx_rcc.o
                0x08001744                RCC_GetClocksFreq
 .text.RCC_AHB1PeriphClockCmd
                0x08001898       0x3c ..\obj\stm32f4xx_rcc.o
                0x08001898                RCC_AHB1PeriphClockCmd
 .text.RCC_APB1PeriphClockCmd
                0x080018d4       0x3c ..\obj\stm32f4xx_rcc.o
                0x080018d4                RCC_APB1PeriphClockCmd
 .text.RCC_APB2PeriphClockCmd
                0x08001910       0x3c ..\obj\stm32f4xx_rcc.o
                0x08001910                RCC_APB2PeriphClockCmd
 .text.RCC_APB2PeriphResetCmd
                0x0800194c       0x3c ..\obj\stm32f4xx_rcc.o
                0x0800194c                RCC_APB2PeriphResetCmd
 .text.ADC_DeInit
                0x08001988       0x1c ..\obj\stm32f4xx_adc.o
                0x08001988                ADC_DeInit
 .text.ADC_Init
                0x080019a4       0xa8 ..\obj\stm32f4xx_adc.o
                0x080019a4                ADC_Init
 .text.ADC_CommonInit
                0x08001a4c       0x50 ..\obj\stm32f4xx_adc.o
                0x08001a4c                ADC_CommonInit
 .text.ADC_Cmd  0x08001a9c       0x38 ..\obj\stm32f4xx_adc.o
                0x08001a9c                ADC_Cmd
 .text.ADC_RegularChannelConfig
                0x08001ad4      0x188 ..\obj\stm32f4xx_adc.o
                0x08001ad4                ADC_RegularChannelConfig
 .text.ADC_SoftwareStartConv
                0x08001c5c       0x20 ..\obj\stm32f4xx_adc.o
                0x08001c5c                ADC_SoftwareStartConv
 .text.ADC_DMACmd
                0x08001c7c       0x38 ..\obj\stm32f4xx_adc.o
                0x08001c7c                ADC_DMACmd
 .text.ADC_DMARequestAfterLastTransferCmd
                0x08001cb4       0x38 ..\obj\stm32f4xx_adc.o
                0x08001cb4                ADC_DMARequestAfterLastTransferCmd
 .text.NVIC_SetPriority
                0x08001cec       0x54 ..\obj\stm32_ub_systick.o
 .text.SysTick_Config
                0x08001d40       0x44 ..\obj\stm32_ub_systick.o
 .text.UB_Systick_Init
                0x08001d84       0x68 ..\obj\stm32_ub_systick.o
                0x08001d84                UB_Systick_Init
 .text.UB_Systick_Pause_us
                0x08001dec       0x28 ..\obj\stm32_ub_systick.o
                0x08001dec                UB_Systick_Pause_us
 .text.UB_Systick_Pause_ms
                0x08001e14       0x2c ..\obj\stm32_ub_systick.o
                0x08001e14                UB_Systick_Pause_ms
 .text.SysTick_Handler
                0x08001e40       0x7c ..\obj\stm32_ub_systick.o
                0x08001e40                SysTick_Handler
 .text.TM_OneWire_Init
                0x08001ebc       0x40 ..\obj\tm_stm32f4_onewire.o
                0x08001ebc                TM_OneWire_Init
 .text.TM_OneWire_Reset
                0x08001efc       0x5c ..\obj\tm_stm32f4_onewire.o
                0x08001efc                TM_OneWire_Reset
 .text.TM_OneWire_ReadBit
                0x08001f58       0x64 ..\obj\tm_stm32f4_onewire.o
                0x08001f58                TM_OneWire_ReadBit
 .text.TM_OneWire_ReadByte
                0x08001fbc       0x3c ..\obj\tm_stm32f4_onewire.o
                0x08001fbc                TM_OneWire_ReadByte
 .text.TM_OneWire_WriteBit
                0x08001ff8       0x5c ..\obj\tm_stm32f4_onewire.o
                0x08001ff8                TM_OneWire_WriteBit
 .text.TM_OneWire_WriteByte
                0x08002054       0x34 ..\obj\tm_stm32f4_onewire.o
                0x08002054                TM_OneWire_WriteByte
 .text.TM_OneWire_First
                0x08002088       0x14 ..\obj\tm_stm32f4_onewire.o
                0x08002088                TM_OneWire_First
 .text.TM_OneWire_Next
                0x0800209c       0x10 ..\obj\tm_stm32f4_onewire.o
                0x0800209c                TM_OneWire_Next
 .text.TM_OneWire_ResetSearch
                0x080020ac       0x2c ..\obj\tm_stm32f4_onewire.o
                0x080020ac                TM_OneWire_ResetSearch
 .text.TM_OneWire_Search
                0x080020d8      0x180 ..\obj\tm_stm32f4_onewire.o
                0x080020d8                TM_OneWire_Search
 .text.TM_OneWire_SelectWithPointer
                0x08002258       0x34 ..\obj\tm_stm32f4_onewire.o
                0x08002258                TM_OneWire_SelectWithPointer
 .text.TM_OneWire_GetFullROM
                0x0800228c       0x38 ..\obj\tm_stm32f4_onewire.o
                0x0800228c                TM_OneWire_GetFullROM
 .text.GPIO_Init
                0x080022c4      0x11c ..\obj\stm32f4xx_gpio.o
                0x080022c4                GPIO_Init
 .text.GPIO_ReadInputDataBit
                0x080023e0       0x34 ..\obj\stm32f4xx_gpio.o
                0x080023e0                GPIO_ReadInputDataBit
 .text.GPIO_SetBits
                0x08002414       0x1c ..\obj\stm32f4xx_gpio.o
                0x08002414                GPIO_SetBits
 .text.GPIO_ResetBits
                0x08002430       0x1c ..\obj\stm32f4xx_gpio.o
                0x08002430                GPIO_ResetBits
 .text.GPIO_PinAFConfig
                0x0800244c       0x8c ..\obj\stm32f4xx_gpio.o
                0x0800244c                GPIO_PinAFConfig
 .text.SystemInit
                0x080024d8       0x58 ..\obj\system_stm32f4xx.o
                0x080024d8                SystemInit
 .text.SetSysClock
                0x08002530       0xf4 ..\obj\system_stm32f4xx.o
 .text.DMA_DeInit
                0x08002624      0x1a4 ..\obj\stm32f4xx_dma.o
                0x08002624                DMA_DeInit
 .text.DMA_Init
                0x080027c8       0xac ..\obj\stm32f4xx_dma.o
                0x080027c8                DMA_Init
 .text.DMA_Cmd  0x08002874       0x38 ..\obj\stm32f4xx_dma.o
                0x08002874                DMA_Cmd
 .text.DMA_GetCmdStatus
                0x080028ac       0x30 ..\obj\stm32f4xx_dma.o
                0x080028ac                DMA_GetCmdStatus
 .text.DMA_GetFlagStatus
                0x080028dc       0x78 ..\obj\stm32f4xx_dma.o
                0x080028dc                DMA_GetFlagStatus
 .text.DMA_ClearFlag
                0x08002954       0x5c ..\obj\stm32f4xx_dma.o
                0x08002954                DMA_ClearFlag
 .text.DMA_ITConfig
                0x080029b0       0x74 ..\obj\stm32f4xx_dma.o
                0x080029b0                DMA_ITConfig
 .text.DMA_GetITStatus
                0x08002a24       0xb0 ..\obj\stm32f4xx_dma.o
                0x08002a24                DMA_GetITStatus
 .text.DMA_ClearITPendingBit
                0x08002ad4       0x5c ..\obj\stm32f4xx_dma.o
                0x08002ad4                DMA_ClearITPendingBit
 .text._ZN22AnalogDigitalConverterC2Ev
                0x08002b30      0x140 ..\obj\adc.o
                0x08002b30                AnalogDigitalConverter::AnalogDigitalConverter()
                0x08002b30                AnalogDigitalConverter::AnalogDigitalConverter()
 .text._ZN22AnalogDigitalConverter17getConvertedValueEv
                0x08002c70       0x1c ..\obj\adc.o
                0x08002c70                AnalogDigitalConverter::getConvertedValue()
 *fill*         0x08002c8c        0x4 
 .text._ZN22AnalogDigitalConverter26getConvertedValueAsVoltageEv
                0x08002c90       0x50 ..\obj\adc.o
                0x08002c90                AnalogDigitalConverter::getConvertedValueAsVoltage()
 .text.EVAL_AUDIO_TransferComplete_CallBack
                0x08002ce0       0x14 ..\obj\stm32f4_discovery_callbacks.o
                0x08002ce0                EVAL_AUDIO_TransferComplete_CallBack
 .text.EVAL_AUDIO_GetSampleCallBack
                0x08002cf4       0x10 ..\obj\stm32f4_discovery_callbacks.o
                0x08002cf4                EVAL_AUDIO_GetSampleCallBack
 .text.SPI_I2S_SendData
                0x08002d04       0x1c ..\obj\stm32f4xx_spi.o
                0x08002d04                SPI_I2S_SendData
 .text.SPI_I2S_GetFlagStatus
                0x08002d20       0x38 ..\obj\stm32f4xx_spi.o
                0x08002d20                SPI_I2S_GetFlagStatus
 .text.EXTI_GetITStatus
                0x08002d58       0x48 ..\obj\stm32f4xx_exti.o
                0x08002d58                EXTI_GetITStatus
 .text.EXTI_ClearITPendingBit
                0x08002da0       0x1c ..\obj\stm32f4xx_exti.o
                0x08002da0                EXTI_ClearITPendingBit
 .text.NVIC_PriorityGroupConfig
                0x08002dbc       0x24 ..\obj\misc.o
                0x08002dbc                NVIC_PriorityGroupConfig
 .text.NVIC_Init
                0x08002de0       0xbc ..\obj\misc.o
                0x08002de0                NVIC_Init
 .text.TIM_TimeBaseInit
                0x08002e9c       0xd4 ..\obj\stm32f4xx_tim.o
                0x08002e9c                TIM_TimeBaseInit
 .text.TIM_SetAutoreload
                0x08002f70       0x1c ..\obj\stm32f4xx_tim.o
                0x08002f70                TIM_SetAutoreload
 .text.TIM_GetCounter
                0x08002f8c       0x18 ..\obj\stm32f4xx_tim.o
                0x08002f8c                TIM_GetCounter
 .text.TIM_Cmd  0x08002fa4       0x40 ..\obj\stm32f4xx_tim.o
                0x08002fa4                TIM_Cmd
 .text.TIM_ICInit
                0x08002fe4       0xa8 ..\obj\stm32f4xx_tim.o
                0x08002fe4                TIM_ICInit
 .text.TIM_ICStructInit
                0x0800308c       0x30 ..\obj\stm32f4xx_tim.o
                0x0800308c                TIM_ICStructInit
 .text.TIM_SetIC1Prescaler
                0x080030bc       0x38 ..\obj\stm32f4xx_tim.o
                0x080030bc                TIM_SetIC1Prescaler
 .text.TIM_SetIC2Prescaler
                0x080030f4       0x3c ..\obj\stm32f4xx_tim.o
                0x080030f4                TIM_SetIC2Prescaler
 .text.TIM_SetIC3Prescaler
                0x08003130       0x38 ..\obj\stm32f4xx_tim.o
                0x08003130                TIM_SetIC3Prescaler
 .text.TIM_SetIC4Prescaler
                0x08003168       0x3c ..\obj\stm32f4xx_tim.o
                0x08003168                TIM_SetIC4Prescaler
 .text.TIM_GetITStatus
                0x080031a4       0x54 ..\obj\stm32f4xx_tim.o
                0x080031a4                TIM_GetITStatus
 .text.TIM_ClearITPendingBit
                0x080031f8       0x20 ..\obj\stm32f4xx_tim.o
                0x080031f8                TIM_ClearITPendingBit
 .text.TIM_EncoderInterfaceConfig
                0x08003218       0x8c ..\obj\stm32f4xx_tim.o
                0x08003218                TIM_EncoderInterfaceConfig
 .text.TI1_Config
                0x080032a4       0x78 ..\obj\stm32f4xx_tim.o
 .text.TI2_Config
                0x0800331c       0x8c ..\obj\stm32f4xx_tim.o
 .text.TI3_Config
                0x080033a8       0x84 ..\obj\stm32f4xx_tim.o
 .text.TI4_Config
                0x0800342c       0x90 ..\obj\stm32f4xx_tim.o
 .text          0x080034bc      0x370 c:/program files (x86)/gnu tools arm embedded/4.8 2014q3/bin/../lib/gcc/arm-none-eabi/4.8.4/armv7e-m\libgcc.a(_arm_addsubdf3.o)
                0x080034bc                __aeabi_drsub
                0x080034c4                __aeabi_dsub
                0x080034c4                __subdf3
                0x080034c8                __aeabi_dadd
                0x080034c8                __adddf3
                0x08003740                __floatunsidf
                0x08003740                __aeabi_ui2d
                0x08003760                __floatsidf
                0x08003760                __aeabi_i2d
                0x08003784                __aeabi_f2d
                0x08003784                __extendsfdf2
                0x080037c0                __floatundidf
                0x080037c0                __aeabi_ul2d
                0x080037d0                __floatdidf
                0x080037d0                __aeabi_l2d
 .text          0x0800382c      0x424 c:/program files (x86)/gnu tools arm embedded/4.8 2014q3/bin/../lib/gcc/arm-none-eabi/4.8.4/armv7e-m\libgcc.a(_arm_muldivdf3.o)
                0x0800382c                __aeabi_dmul
                0x0800382c                __muldf3
                0x08003a80                __divdf3
                0x08003a80                __aeabi_ddiv
 .text          0x08003c50       0xa0 c:/program files (x86)/gnu tools arm embedded/4.8 2014q3/bin/../lib/gcc/arm-none-eabi/4.8.4/armv7e-m\libgcc.a(_arm_truncdfsf2.o)
                0x08003c50                __truncdfsf2
                0x08003c50                __aeabi_d2f
 .text          0x08003cf0      0x21c c:/program files (x86)/gnu tools arm embedded/4.8 2014q3/bin/../lib/gcc/arm-none-eabi/4.8.4/armv7e-m\libgcc.a(_arm_addsubsf3.o)
                0x08003cf0                __aeabi_frsub
                0x08003cf8                __subsf3
                0x08003cf8                __aeabi_fsub
                0x08003cfc                __aeabi_fadd
                0x08003cfc                __addsf3
                0x08003e5c                __aeabi_ui2f
                0x08003e5c                __floatunsisf
                0x08003e64                __aeabi_i2f
                0x08003e64                __floatsisf
                0x08003e80                __aeabi_ul2f
                0x08003e80                __floatundisf
                0x08003e90                __aeabi_l2f
                0x08003e90                __floatdisf
 .text          0x08003f0c      0x2a0 c:/program files (x86)/gnu tools arm embedded/4.8 2014q3/bin/../lib/gcc/arm-none-eabi/4.8.4/armv7e-m\libgcc.a(_arm_muldivsf3.o)
                0x08003f0c                __mulsf3
                0x08003f0c                __aeabi_fmul
                0x08004074                __aeabi_fdiv
                0x08004074                __divsf3
 .text          0x080041ac      0xa1c c:/program files (x86)/gnu tools arm embedded/4.8 2014q3/bin/../lib/gcc/arm-none-eabi/4.8.4/armv7e-m\libgcc.a(unwind-arm.o)
                0x08004490                _Unwind_GetCFA
                0x08004494                __gnu_Unwind_RaiseException
                0x080044f4                __gnu_Unwind_ForcedUnwind
                0x08004508                __gnu_Unwind_Resume
                0x0800454c                __gnu_Unwind_Resume_or_Rethrow
                0x0800455c                _Unwind_Complete
                0x08004560                _Unwind_DeleteException
                0x08004570                _Unwind_VRS_Get
                0x080045c0                _Unwind_VRS_Set
                0x08004610                __gnu_Unwind_Backtrace
                0x08004964                __aeabi_unwind_cpp_pr0
                0x0800496c                __aeabi_unwind_cpp_pr1
                0x08004974                __aeabi_unwind_cpp_pr2
                0x0800497c                _Unwind_VRS_Pop
 .text          0x08004bc8      0x1ac c:/program files (x86)/gnu tools arm embedded/4.8 2014q3/bin/../lib/gcc/arm-none-eabi/4.8.4/armv7e-m\libgcc.a(libunwind.o)
                0x08004bc8                __restore_core_regs
                0x08004bc8                restore_core_regs
                0x08004be0                __gnu_Unwind_Restore_VFP
                0x08004be8                __gnu_Unwind_Save_VFP
                0x08004bf0                __gnu_Unwind_Restore_VFP_D
                0x08004bf8                __gnu_Unwind_Save_VFP_D
                0x08004c00                __gnu_Unwind_Restore_VFP_D_16_to_31
                0x08004c08                __gnu_Unwind_Save_VFP_D_16_to_31
                0x08004c10                __gnu_Unwind_Restore_WMMXD
                0x08004c54                __gnu_Unwind_Save_WMMXD
                0x08004c98                __gnu_Unwind_Restore_WMMXC
                0x08004cac                __gnu_Unwind_Save_WMMXC
                0x08004cc0                ___Unwind_RaiseException
                0x08004cc0                _Unwind_RaiseException
                0x08004ce4                _Unwind_Resume
                0x08004ce4                ___Unwind_Resume
                0x08004d08                _Unwind_Resume_or_Rethrow
                0x08004d08                ___Unwind_Resume_or_Rethrow
                0x08004d2c                _Unwind_ForcedUnwind
                0x08004d2c                ___Unwind_ForcedUnwind
                0x08004d50                ___Unwind_Backtrace
                0x08004d50                _Unwind_Backtrace
 .text          0x08004d74      0x33c c:/program files (x86)/gnu tools arm embedded/4.8 2014q3/bin/../lib/gcc/arm-none-eabi/4.8.4/armv7e-m\libgcc.a(pr-support.o)
                0x08004dc8                __gnu_unwind_execute
                0x08005054                __gnu_unwind_frame
                0x08005080                _Unwind_GetRegionStart
                0x0800508c                _Unwind_GetLanguageSpecificData
                0x080050a0                _Unwind_GetDataRelBase
                0x080050a8                _Unwind_GetTextRelBase
 .text.abort    0x080050b0       0x10 c:/program files (x86)/gnu tools arm embedded/4.8 2014q3/bin/../lib/gcc/arm-none-eabi/4.8.4/../../../../arm-none-eabi/lib/armv7e-m\libc.a(lib_a-abort.o)
                0x080050b0                abort
 .text.__aeabi_atexit
                0x080050c0        0xc c:/program files (x86)/gnu tools arm embedded/4.8 2014q3/bin/../lib/gcc/arm-none-eabi/4.8.4/../../../../arm-none-eabi/lib/armv7e-m\libc.a(lib_a-aeabi_atexit.o)
                0x080050c0                __aeabi_atexit
 .text.__cxa_atexit
                0x080050cc       0x14 c:/program files (x86)/gnu tools arm embedded/4.8 2014q3/bin/../lib/gcc/arm-none-eabi/4.8.4/../../../../arm-none-eabi/lib/armv7e-m\libc.a(lib_a-cxa_atexit.o)
                0x080050cc                __cxa_atexit
 .text.exit     0x080050e0       0x20 c:/program files (x86)/gnu tools arm embedded/4.8 2014q3/bin/../lib/gcc/arm-none-eabi/4.8.4/../../../../arm-none-eabi/lib/armv7e-m\libc.a(lib_a-exit.o)
                0x080050e0                exit
 .text.__libc_init_array
                0x08005100       0x50 c:/program files (x86)/gnu tools arm embedded/4.8 2014q3/bin/../lib/gcc/arm-none-eabi/4.8.4/../../../../arm-none-eabi/lib/armv7e-m\libc.a(lib_a-init.o)
                0x08005100                __libc_init_array
 .text.malloc   0x08005150       0x10 c:/program files (x86)/gnu tools arm embedded/4.8 2014q3/bin/../lib/gcc/arm-none-eabi/4.8.4/../../../../arm-none-eabi/lib/armv7e-m\libc.a(lib_a-malloc.o)
                0x08005150                malloc
 .text.free     0x08005160       0x10 c:/program files (x86)/gnu tools arm embedded/4.8 2014q3/bin/../lib/gcc/arm-none-eabi/4.8.4/../../../../arm-none-eabi/lib/armv7e-m\libc.a(lib_a-malloc.o)
                0x08005160                free
 .text._malloc_r
                0x08005170      0x538 c:/program files (x86)/gnu tools arm embedded/4.8 2014q3/bin/../lib/gcc/arm-none-eabi/4.8.4/../../../../arm-none-eabi/lib/armv7e-m\libc.a(lib_a-mallocr.o)
                0x08005170                _malloc_r
 .text          0x080056a8      0x134 c:/program files (x86)/gnu tools arm embedded/4.8 2014q3/bin/../lib/gcc/arm-none-eabi/4.8.4/../../../../arm-none-eabi/lib/armv7e-m\libc.a(lib_a-memcpy.o)
                0x080056a8                memcpy
 .text.memset   0x080057dc       0x94 c:/program files (x86)/gnu tools arm embedded/4.8 2014q3/bin/../lib/gcc/arm-none-eabi/4.8.4/../../../../arm-none-eabi/lib/armv7e-m\libc.a(lib_a-memset.o)
                0x080057dc                memset
 .text.__malloc_lock
                0x08005870        0x4 c:/program files (x86)/gnu tools arm embedded/4.8 2014q3/bin/../lib/gcc/arm-none-eabi/4.8.4/../../../../arm-none-eabi/lib/armv7e-m\libc.a(lib_a-mlock.o)
                0x08005870                __malloc_lock
 .text.__malloc_unlock
                0x08005874        0x4 c:/program files (x86)/gnu tools arm embedded/4.8 2014q3/bin/../lib/gcc/arm-none-eabi/4.8.4/../../../../arm-none-eabi/lib/armv7e-m\libc.a(lib_a-mlock.o)
                0x08005874                __malloc_unlock
 .text._sbrk_r  0x08005878       0x24 c:/program files (x86)/gnu tools arm embedded/4.8 2014q3/bin/../lib/gcc/arm-none-eabi/4.8.4/../../../../arm-none-eabi/lib/armv7e-m\libc.a(lib_a-sbrkr.o)
                0x08005878                _sbrk_r
 .text._raise_r
                0x0800589c       0x58 c:/program files (x86)/gnu tools arm embedded/4.8 2014q3/bin/../lib/gcc/arm-none-eabi/4.8.4/../../../../arm-none-eabi/lib/armv7e-m\libc.a(lib_a-signal.o)
                0x0800589c                _raise_r
 .text.raise    0x080058f4       0x10 c:/program files (x86)/gnu tools arm embedded/4.8 2014q3/bin/../lib/gcc/arm-none-eabi/4.8.4/../../../../arm-none-eabi/lib/armv7e-m\libc.a(lib_a-signal.o)
                0x080058f4                raise
 .text._kill_r  0x08005904       0x28 c:/program files (x86)/gnu tools arm embedded/4.8 2014q3/bin/../lib/gcc/arm-none-eabi/4.8.4/../../../../arm-none-eabi/lib/armv7e-m\libc.a(lib_a-signalr.o)
                0x08005904                _kill_r
 .text._getpid_r
                0x0800592c        0x4 c:/program files (x86)/gnu tools arm embedded/4.8 2014q3/bin/../lib/gcc/arm-none-eabi/4.8.4/../../../../arm-none-eabi/lib/armv7e-m\libc.a(lib_a-signalr.o)
                0x0800592c                _getpid_r
 .text.sprintf  0x08005930       0x4c c:/program files (x86)/gnu tools arm embedded/4.8 2014q3/bin/../lib/gcc/arm-none-eabi/4.8.4/../../../../arm-none-eabi/lib/armv7e-m\libc.a(lib_a-sprintf.o)
                0x08005930                sprintf
 .text.strcpy   0x0800597c       0xbc c:/program files (x86)/gnu tools arm embedded/4.8 2014q3/bin/../lib/gcc/arm-none-eabi/4.8.4/../../../../arm-none-eabi/lib/armv7e-m\libc.a(lib_a-strcpy.o)
                0x0800597c                strcpy
 .text.strlen   0x08005a38       0x60 c:/program files (x86)/gnu tools arm embedded/4.8 2014q3/bin/../lib/gcc/arm-none-eabi/4.8.4/../../../../arm-none-eabi/lib/armv7e-m\libc.a(lib_a-strlen.o)
                0x08005a38                strlen
 .text._svfprintf_r
                0x08005a98     0x14f8 c:/program files (x86)/gnu tools arm embedded/4.8 2014q3/bin/../lib/gcc/arm-none-eabi/4.8.4/../../../../arm-none-eabi/lib/armv7e-m\libc.a(lib_a-svfprintf.o)
                0x08005a98                _svfprintf_r
 .text.__register_exitproc
                0x08006f90       0xa8 c:/program files (x86)/gnu tools arm embedded/4.8 2014q3/bin/../lib/gcc/arm-none-eabi/4.8.4/../../../../arm-none-eabi/lib/armv7e-m\libc.a(lib_a-__atexit.o)
                0x08006f90                __register_exitproc
 .text.startup.register_fini
                0x08007038       0x14 c:/program files (x86)/gnu tools arm embedded/4.8 2014q3/bin/../lib/gcc/arm-none-eabi/4.8.4/../../../../arm-none-eabi/lib/armv7e-m\libc.a(lib_a-__call_atexit.o)
 .text.__call_exitprocs
                0x0800704c       0xf0 c:/program files (x86)/gnu tools arm embedded/4.8 2014q3/bin/../lib/gcc/arm-none-eabi/4.8.4/../../../../arm-none-eabi/lib/armv7e-m\libc.a(lib_a-__call_atexit.o)
                0x0800704c                __call_exitprocs
 .text.atexit   0x0800713c        0xc c:/program files (x86)/gnu tools arm embedded/4.8 2014q3/bin/../lib/gcc/arm-none-eabi/4.8.4/../../../../arm-none-eabi/lib/armv7e-m\libc.a(lib_a-atexit.o)
                0x0800713c                atexit
 .text.quorem   0x08007148      0x130 c:/program files (x86)/gnu tools arm embedded/4.8 2014q3/bin/../lib/gcc/arm-none-eabi/4.8.4/../../../../arm-none-eabi/lib/armv7e-m\libc.a(lib_a-dtoa.o)
 .text._dtoa_r  0x08007278      0xe38 c:/program files (x86)/gnu tools arm embedded/4.8 2014q3/bin/../lib/gcc/arm-none-eabi/4.8.4/../../../../arm-none-eabi/lib/armv7e-m\libc.a(lib_a-dtoa.o)
                0x08007278                _dtoa_r
 .text.__libc_fini_array
                0x080080b0       0x30 c:/program files (x86)/gnu tools arm embedded/4.8 2014q3/bin/../lib/gcc/arm-none-eabi/4.8.4/../../../../arm-none-eabi/lib/armv7e-m\libc.a(lib_a-fini.o)
                0x080080b0                __libc_fini_array
 .text._malloc_trim_r
                0x080080e0       0x9c c:/program files (x86)/gnu tools arm embedded/4.8 2014q3/bin/../lib/gcc/arm-none-eabi/4.8.4/../../../../arm-none-eabi/lib/armv7e-m\libc.a(lib_a-freer.o)
                0x080080e0                _malloc_trim_r
 .text._free_r  0x0800817c      0x19c c:/program files (x86)/gnu tools arm embedded/4.8 2014q3/bin/../lib/gcc/arm-none-eabi/4.8.4/../../../../arm-none-eabi/lib/armv7e-m\libc.a(lib_a-freer.o)
                0x0800817c                _free_r
 .text._localeconv_r
                0x08008318        0x8 c:/program files (x86)/gnu tools arm embedded/4.8 2014q3/bin/../lib/gcc/arm-none-eabi/4.8.4/../../../../arm-none-eabi/lib/armv7e-m\libc.a(lib_a-locale.o)
                0x08008318                _localeconv_r
 .text.memchr   0x08008320       0x90 c:/program files (x86)/gnu tools arm embedded/4.8 2014q3/bin/../lib/gcc/arm-none-eabi/4.8.4/../../../../arm-none-eabi/lib/armv7e-m\libc.a(lib_a-memchr-stub.o)
                0x08008320                memchr
 .text._Balloc  0x080083b0       0x4c c:/program files (x86)/gnu tools arm embedded/4.8 2014q3/bin/../lib/gcc/arm-none-eabi/4.8.4/../../../../arm-none-eabi/lib/armv7e-m\libc.a(lib_a-mprec.o)
                0x080083b0                _Balloc
 .text._Bfree   0x080083fc       0x14 c:/program files (x86)/gnu tools arm embedded/4.8 2014q3/bin/../lib/gcc/arm-none-eabi/4.8.4/../../../../arm-none-eabi/lib/armv7e-m\libc.a(lib_a-mprec.o)
                0x080083fc                _Bfree
 .text.__multadd
                0x08008410       0x98 c:/program files (x86)/gnu tools arm embedded/4.8 2014q3/bin/../lib/gcc/arm-none-eabi/4.8.4/../../../../arm-none-eabi/lib/armv7e-m\libc.a(lib_a-mprec.o)
                0x08008410                __multadd
 .text.__hi0bits
                0x080084a8       0x40 c:/program files (x86)/gnu tools arm embedded/4.8 2014q3/bin/../lib/gcc/arm-none-eabi/4.8.4/../../../../arm-none-eabi/lib/armv7e-m\libc.a(lib_a-mprec.o)
                0x080084a8                __hi0bits
 .text.__lo0bits
                0x080084e8       0x5c c:/program files (x86)/gnu tools arm embedded/4.8 2014q3/bin/../lib/gcc/arm-none-eabi/4.8.4/../../../../arm-none-eabi/lib/armv7e-m\libc.a(lib_a-mprec.o)
                0x080084e8                __lo0bits
 .text.__i2b    0x08008544       0x14 c:/program files (x86)/gnu tools arm embedded/4.8 2014q3/bin/../lib/gcc/arm-none-eabi/4.8.4/../../../../arm-none-eabi/lib/armv7e-m\libc.a(lib_a-mprec.o)
                0x08008544                __i2b
 .text.__multiply
                0x08008558      0x13c c:/program files (x86)/gnu tools arm embedded/4.8 2014q3/bin/../lib/gcc/arm-none-eabi/4.8.4/../../../../arm-none-eabi/lib/armv7e-m\libc.a(lib_a-mprec.o)
                0x08008558                __multiply
 .text.__pow5mult
                0x08008694       0x9c c:/program files (x86)/gnu tools arm embedded/4.8 2014q3/bin/../lib/gcc/arm-none-eabi/4.8.4/../../../../arm-none-eabi/lib/armv7e-m\libc.a(lib_a-mprec.o)
                0x08008694                __pow5mult
 .text.__lshift
                0x08008730       0xbc c:/program files (x86)/gnu tools arm embedded/4.8 2014q3/bin/../lib/gcc/arm-none-eabi/4.8.4/../../../../arm-none-eabi/lib/armv7e-m\libc.a(lib_a-mprec.o)
                0x08008730                __lshift
 .text.__mcmp   0x080087ec       0x48 c:/program files (x86)/gnu tools arm embedded/4.8 2014q3/bin/../lib/gcc/arm-none-eabi/4.8.4/../../../../arm-none-eabi/lib/armv7e-m\libc.a(lib_a-mprec.o)
                0x080087ec                __mcmp
 .text.__mdiff  0x08008834       0xd4 c:/program files (x86)/gnu tools arm embedded/4.8 2014q3/bin/../lib/gcc/arm-none-eabi/4.8.4/../../../../arm-none-eabi/lib/armv7e-m\libc.a(lib_a-mprec.o)
                0x08008834                __mdiff
 .text.__d2b    0x08008908       0xbc c:/program files (x86)/gnu tools arm embedded/4.8 2014q3/bin/../lib/gcc/arm-none-eabi/4.8.4/../../../../arm-none-eabi/lib/armv7e-m\libc.a(lib_a-mprec.o)
                0x08008908                __d2b
 .text.__fpclassifyd
                0x080089c4       0x50 c:/program files (x86)/gnu tools arm embedded/4.8 2014q3/bin/../lib/gcc/arm-none-eabi/4.8.4/../../../../arm-none-eabi/lib/armv7e-m\libc.a(lib_a-s_fpclassify.o)
                0x080089c4                __fpclassifyd
 .text.__ssprint_r
                0x08008a14      0x100 c:/program files (x86)/gnu tools arm embedded/4.8 2014q3/bin/../lib/gcc/arm-none-eabi/4.8.4/../../../../arm-none-eabi/lib/armv7e-m\libc.a(lib_a-svfiprintf.o)
                0x08008a14                __ssprint_r
 .text._calloc_r
                0x08008b14       0x60 c:/program files (x86)/gnu tools arm embedded/4.8 2014q3/bin/../lib/gcc/arm-none-eabi/4.8.4/../../../../arm-none-eabi/lib/armv7e-m\libc.a(lib_a-callocr.o)
                0x08008b14                _calloc_r
 .text.memmove  0x08008b74       0xc0 c:/program files (x86)/gnu tools arm embedded/4.8 2014q3/bin/../lib/gcc/arm-none-eabi/4.8.4/../../../../arm-none-eabi/lib/armv7e-m\libc.a(lib_a-memmove.o)
                0x08008b74                memmove
 .text._realloc_r
                0x08008c34      0x3cc c:/program files (x86)/gnu tools arm embedded/4.8 2014q3/bin/../lib/gcc/arm-none-eabi/4.8.4/../../../../arm-none-eabi/lib/armv7e-m\libc.a(lib_a-reallocr.o)
                0x08008c34                _realloc_r
 .text._getpid  0x08009000       0x10 c:/program files (x86)/gnu tools arm embedded/4.8 2014q3/bin/../lib/gcc/arm-none-eabi/4.8.4/../../../../arm-none-eabi/lib/armv7e-m\libnosys.a(getpid.o)
                0x08009000                _getpid
 .text._kill    0x08009010       0x10 c:/program files (x86)/gnu tools arm embedded/4.8 2014q3/bin/../lib/gcc/arm-none-eabi/4.8.4/../../../../arm-none-eabi/lib/armv7e-m\libnosys.a(kill.o)
                0x08009010                _kill
 .text._sbrk    0x08009020       0x34 c:/program files (x86)/gnu tools arm embedded/4.8 2014q3/bin/../lib/gcc/arm-none-eabi/4.8.4/../../../../arm-none-eabi/lib/armv7e-m\libnosys.a(sbrk.o)
                0x08009020                _sbrk
 .text._exit    0x08009054        0x4 c:/program files (x86)/gnu tools arm embedded/4.8 2014q3/bin/../lib/gcc/arm-none-eabi/4.8.4/../../../../arm-none-eabi/lib/armv7e-m\libnosys.a(_exit.o)
                0x08009054                _exit
 .text          0x08009058      0x110 c:/program files (x86)/gnu tools arm embedded/4.8 2014q3/bin/../lib/gcc/arm-none-eabi/4.8.4/armv7e-m\libgcc.a(_arm_cmpdf2.o)
                0x08009058                __gtdf2
                0x08009058                __gedf2
                0x08009060                __ltdf2
                0x08009060                __ledf2
                0x08009068                __nedf2
                0x08009068                __eqdf2
                0x08009068                __cmpdf2
                0x080090e4                __aeabi_cdrcmple
                0x080090f4                __aeabi_cdcmpeq
                0x080090f4                __aeabi_cdcmple
                0x08009104                __aeabi_dcmpeq
                0x08009118                __aeabi_dcmplt
                0x0800912c                __aeabi_dcmple
                0x08009140                __aeabi_dcmpge
                0x08009154                __aeabi_dcmpgt
 .text          0x08009168       0x50 c:/program files (x86)/gnu tools arm embedded/4.8 2014q3/bin/../lib/gcc/arm-none-eabi/4.8.4/armv7e-m\libgcc.a(_arm_fixdfsi.o)
                0x08009168                __aeabi_d2iz
                0x08009168                __fixdfsi
 .text          0x080091b8       0x2c c:/program files (x86)/gnu tools arm embedded/4.8 2014q3/bin/../lib/gcc/arm-none-eabi/4.8.4/armv7e-m\libgcc.a(_aeabi_uldivmod.o)
                0x080091b8                __aeabi_uldivmod
 .text          0x080091e4       0x60 c:/program files (x86)/gnu tools arm embedded/4.8 2014q3/bin/../lib/gcc/arm-none-eabi/4.8.4/armv7e-m\libgcc.a(bpabi.o)
                0x080091e4                __gnu_ldivmod_helper
                0x08009214                __gnu_uldivmod_helper
 .text          0x08009244        0x4 c:/program files (x86)/gnu tools arm embedded/4.8 2014q3/bin/../lib/gcc/arm-none-eabi/4.8.4/armv7e-m\libgcc.a(_dvmd_tls.o)
                0x08009244                __aeabi_idiv0
                0x08009244                __aeabi_ldiv0
 .text          0x08009248      0x298 c:/program files (x86)/gnu tools arm embedded/4.8 2014q3/bin/../lib/gcc/arm-none-eabi/4.8.4/armv7e-m\libgcc.a(_divdi3.o)
                0x08009248                __divdi3
 .text          0x080094e0      0x284 c:/program files (x86)/gnu tools arm embedded/4.8 2014q3/bin/../lib/gcc/arm-none-eabi/4.8.4/armv7e-m\libgcc.a(_udivdi3.o)
                0x080094e0                __udivdi3
 *(.init)
 .init          0x08009764        0x4 c:/program files (x86)/gnu tools arm embedded/4.8 2014q3/bin/../lib/gcc/arm-none-eabi/4.8.4/armv7e-m/crti.o
                0x08009764                _init
 .init          0x08009768        0x8 c:/program files (x86)/gnu tools arm embedded/4.8 2014q3/bin/../lib/gcc/arm-none-eabi/4.8.4/armv7e-m/crtn.o
 *(.fini)
 .fini          0x08009770        0x4 c:/program files (x86)/gnu tools arm embedded/4.8 2014q3/bin/../lib/gcc/arm-none-eabi/4.8.4/armv7e-m/crti.o
                0x08009770                _fini
 .fini          0x08009774        0x8 c:/program files (x86)/gnu tools arm embedded/4.8 2014q3/bin/../lib/gcc/arm-none-eabi/4.8.4/armv7e-m/crtn.o
 *crtbegin.o(.ctors)
 *crtbegin?.o(.ctors)
 *(EXCLUDE_FILE(*crtend.o *crtend?.o) .ctors)
 *(SORT(.ctors.*))
 *(.ctors)
 *crtbegin.o(.dtors)
 *crtbegin?.o(.dtors)
 *(EXCLUDE_FILE(*crtend.o *crtend?.o) .dtors)
 *(SORT(.dtors.*))
 *(.dtors)
 *(.rodata*)
 .rodata        0x0800977c       0x10 ..\obj\stepper.o
 .rodata        0x0800978c       0x30 ..\obj\stm32f4_discovery.o
                0x0800978c                GPIO_PIN
                0x08009794                GPIO_CLK
                0x080097a4                BUTTON_PIN
                0x080097a8                BUTTON_CLK
                0x080097ac                BUTTON_EXTI_LINE
                0x080097b0                BUTTON_PORT_SOURCE
                0x080097b4                BUTTON_PIN_SOURCE
                0x080097b8                BUTTON_IRQn
 .rodata        0x080097bc       0x64 ..\obj\main.o
 .rodata.str1.4
                0x08009820        0x2 c:/program files (x86)/gnu tools arm embedded/4.8 2014q3/bin/../lib/gcc/arm-none-eabi/4.8.4/../../../../arm-none-eabi/lib/armv7e-m\libc.a(lib_a-impure.o)
                                  0x4 (size before relaxing)
 *fill*         0x08009822        0x2 
 .rodata._global_impure_ptr
                0x08009824        0x4 c:/program files (x86)/gnu tools arm embedded/4.8 2014q3/bin/../lib/gcc/arm-none-eabi/4.8.4/../../../../arm-none-eabi/lib/armv7e-m\libc.a(lib_a-impure.o)
                0x08009824                _global_impure_ptr
 .rodata.zeroes.6763
                0x08009828       0x10 c:/program files (x86)/gnu tools arm embedded/4.8 2014q3/bin/../lib/gcc/arm-none-eabi/4.8.4/../../../../arm-none-eabi/lib/armv7e-m\libc.a(lib_a-svfprintf.o)
 .rodata.str1.4
                0x08009838       0x42 c:/program files (x86)/gnu tools arm embedded/4.8 2014q3/bin/../lib/gcc/arm-none-eabi/4.8.4/../../../../arm-none-eabi/lib/armv7e-m\libc.a(lib_a-svfprintf.o)
                                 0x44 (size before relaxing)
 *fill*         0x0800987a        0x2 
 .rodata.blanks.6762
                0x0800987c       0x10 c:/program files (x86)/gnu tools arm embedded/4.8 2014q3/bin/../lib/gcc/arm-none-eabi/4.8.4/../../../../arm-none-eabi/lib/armv7e-m\libc.a(lib_a-svfprintf.o)
 .rodata.str1.4
                0x0800988c       0x10 c:/program files (x86)/gnu tools arm embedded/4.8 2014q3/bin/../lib/gcc/arm-none-eabi/4.8.4/../../../../arm-none-eabi/lib/armv7e-m\libc.a(lib_a-dtoa.o)
                                 0x14 (size before relaxing)
 .rodata.str1.4
                0x0800989c        0xc c:/program files (x86)/gnu tools arm embedded/4.8 2014q3/bin/../lib/gcc/arm-none-eabi/4.8.4/../../../../arm-none-eabi/lib/armv7e-m\libc.a(lib_a-locale.o)
                                 0x14 (size before relaxing)
 .rodata.__mprec_tens
                0x080098a8       0xc8 c:/program files (x86)/gnu tools arm embedded/4.8 2014q3/bin/../lib/gcc/arm-none-eabi/4.8.4/../../../../arm-none-eabi/lib/armv7e-m\libc.a(lib_a-mprec.o)
                0x080098a8                __mprec_tens
 .rodata.__mprec_bigtens
                0x08009970       0x28 c:/program files (x86)/gnu tools arm embedded/4.8 2014q3/bin/../lib/gcc/arm-none-eabi/4.8.4/../../../../arm-none-eabi/lib/armv7e-m\libc.a(lib_a-mprec.o)
                0x08009970                __mprec_bigtens
 .rodata.p05.5269
                0x08009998        0xc c:/program files (x86)/gnu tools arm embedded/4.8 2014q3/bin/../lib/gcc/arm-none-eabi/4.8.4/../../../../arm-none-eabi/lib/armv7e-m\libc.a(lib_a-mprec.o)
 *(.eh_frame*)
 .eh_frame      0x080099a4        0x0 c:/program files (x86)/gnu tools arm embedded/4.8 2014q3/bin/../lib/gcc/arm-none-eabi/4.8.4/armv7e-m/crtbegin.o
 .eh_frame      0x080099a4        0x4 c:/program files (x86)/gnu tools arm embedded/4.8 2014q3/bin/../lib/gcc/arm-none-eabi/4.8.4/armv7e-m/crtend.o

.glue_7         0x080099a8        0x0
 .glue_7        0x00000000        0x0 linker stubs

.glue_7t        0x080099a8        0x0
 .glue_7t       0x00000000        0x0 linker stubs

.vfp11_veneer   0x080099a8        0x0
 .vfp11_veneer  0x00000000        0x0 linker stubs

.v4_bx          0x080099a8        0x0
 .v4_bx         0x00000000        0x0 linker stubs

.iplt           0x080099a8        0x0
 .iplt          0x00000000        0x0 c:/program files (x86)/gnu tools arm embedded/4.8 2014q3/bin/../lib/gcc/arm-none-eabi/4.8.4/armv7e-m/crtbegin.o

.ARM.extab      0x080099a8      0x114
 *(.ARM.extab* .gnu.linkonce.armextab.*)
 .ARM.extab.text._ZN18TemperaturSensorenC2Ev
                0x080099a8        0xc ..\obj\temp_sensors.o
 .ARM.extab.text._ZN18TemperaturSensoren30startTempMeasurementAllSensorsEv
                0x080099b4        0xc ..\obj\temp_sensors.o
 .ARM.extab.text._ZN17QuadratureEncoderC2Ev
                0x080099c0        0xc ..\obj\quadrature_encoder.o
 .ARM.extab.text._ZN17QuadratureEncoder4readEv
                0x080099cc        0xc ..\obj\quadrature_encoder.o
 .ARM.extab.text._ZN17QuadratureEncoder13getRotaryDiffEv
                0x080099d8        0xc ..\obj\quadrature_encoder.o
 .ARM.extab.text._ZN3LEDC2Ev
                0x080099e4        0xc ..\obj\led.o
 .ARM.extab.text.EXTI9_5_IRQHandler
                0x080099f0        0xc ..\obj\rotary.o
 .ARM.extab.text._ZN5UsartC2Ei
                0x080099fc        0xc ..\obj\uart.o
 .ARM.extab.text._ZN5Usart13usart3InitDMAEv
                0x08009a08        0xc ..\obj\uart.o
 .ARM.extab.text._ZN5Usart10SendViaDmaEPci
                0x08009a14        0xc ..\obj\uart.o
 .ARM.extab.text._ZN5Usart10usart3InitEv
                0x08009a20        0xc ..\obj\uart.o
 .ARM.extab.text._ZN5Usart11uartPutCharEt
                0x08009a2c        0xc ..\obj\uart.o
 .ARM.extab.text._ZN5Usart14uartSendStringEPc
                0x08009a38        0xc ..\obj\uart.o
 .ARM.extab.text.USART3_IRQHandler
                0x08009a44        0xc ..\obj\uart.o
 .ARM.extab.text._ZN7StepperC2Ev
                0x08009a50        0xc ..\obj\stepper.o
 .ARM.extab.text._ZN7Stepper4InitEv
                0x08009a5c        0xc ..\obj\stepper.o
 .ARM.extab.text._ZN7Stepper4LeftEii
                0x08009a68        0xc ..\obj\stepper.o
 .ARM.extab.text._ZN7Stepper7RunStepEv
                0x08009a74        0xc ..\obj\stepper.o
 .ARM.extab.text._ZN7Stepper8InitTim2Eii
                0x08009a80        0xc ..\obj\stepper.o
 .ARM.extab.text._ZN22AnalogDigitalConverterC2Ev
                0x08009a8c        0xc ..\obj\adc.o
 .ARM.extab     0x08009a98        0xc c:/program files (x86)/gnu tools arm embedded/4.8 2014q3/bin/../lib/gcc/arm-none-eabi/4.8.4/armv7e-m\libgcc.a(unwind-arm.o)
 .ARM.extab     0x08009aa4       0x18 c:/program files (x86)/gnu tools arm embedded/4.8 2014q3/bin/../lib/gcc/arm-none-eabi/4.8.4/armv7e-m\libgcc.a(pr-support.o)
                0x08009abc                __exidx_start = .

.ARM.exidx      0x08009abc      0x1c8
 *(.ARM.exidx* .gnu.linkonce.armexidx.*)
 .ARM.exidx     0x08009abc        0x8 c:/program files (x86)/gnu tools arm embedded/4.8 2014q3/bin/../lib/gcc/arm-none-eabi/4.8.4/../../../../arm-none-eabi/lib/armv7e-m/crt0.o
 .ARM.exidx.text._ZN18TemperaturSensorenC2Ev
                0x08009ac4        0x8 ..\obj\temp_sensors.o
 .ARM.exidx.text._ZN18TemperaturSensoren30startTempMeasurementAllSensorsEv
                0x08009acc        0x8 ..\obj\temp_sensors.o
 .ARM.exidx.text._ZN18TemperaturSensoren25getAnzahlGefunderSensorenEv
                0x08009ad4        0x8 ..\obj\temp_sensors.o
 .ARM.exidx.text._ZN18TemperaturSensoren21getTempWertFromSensorEh
                0x08009adc        0x0 ..\obj\temp_sensors.o
                                  0x8 (size before relaxing)
 .ARM.exidx.text._ZN17QuadratureEncoderC2Ev
                0x08009adc        0x8 ..\obj\quadrature_encoder.o
 .ARM.exidx.text._ZN17QuadratureEncoder5resetEv
                0x08009ae4        0x8 ..\obj\quadrature_encoder.o
 .ARM.exidx.text._ZN17QuadratureEncoder4readEv
                0x08009aec        0x8 ..\obj\quadrature_encoder.o
 .ARM.exidx.text._ZN17QuadratureEncoder13getRotaryDiffEv
                0x08009af4        0x8 ..\obj\quadrature_encoder.o
 .ARM.exidx.text._ZN3LEDC2Ev
                0x08009afc        0x8 ..\obj\led.o
 .ARM.exidx.text._ZN3LEDD2Ev
                0x08009b04        0x8 ..\obj\led.o
 .ARM.exidx.text.EXTI9_5_IRQHandler
                0x08009b0c        0x8 ..\obj\rotary.o
 .ARM.exidx.text._ZN5UsartC2Ei
                0x08009b14        0x8 ..\obj\uart.o
 .ARM.exidx.text._ZN5Usart11buffer_initEv
                0x08009b1c        0x8 ..\obj\uart.o
 .ARM.exidx.text._ZN5Usart8BufferInEc
                0x08009b24        0x0 ..\obj\uart.o
                                  0x8 (size before relaxing)
 .ARM.exidx.text._ZN5Usart9BufferOutEPc
                0x08009b24        0x0 ..\obj\uart.o
                                  0x8 (size before relaxing)
 .ARM.exidx.text._ZN5Usart10ReadBufferEv
                0x08009b24        0x0 ..\obj\uart.o
                                  0x8 (size before relaxing)
 .ARM.exidx.text._ZN5Usart13usart3InitDMAEv
                0x08009b24        0x8 ..\obj\uart.o
 .ARM.exidx.text._ZN5Usart10SendViaDmaEPci
                0x08009b2c        0x8 ..\obj\uart.o
 .ARM.exidx.text._ZN5Usart10usart3InitEv
                0x08009b34        0x8 ..\obj\uart.o
 .ARM.exidx.text._ZN5Usart11uartPutCharEt
                0x08009b3c        0x8 ..\obj\uart.o
 .ARM.exidx.text._ZN5Usart14uartSendStringEPc
                0x08009b44        0x8 ..\obj\uart.o
 .ARM.exidx.text._ZN5Usart15EnableSingeltonEv
                0x08009b4c        0x8 ..\obj\uart.o
 .ARM.exidx.text.DMA1_Stream3_IRQHandler
                0x08009b54        0x8 ..\obj\uart.o
 .ARM.exidx.text.USART3_IRQHandler
                0x08009b5c        0x8 ..\obj\uart.o
 .ARM.exidx.text._ZN7StepperC2Ev
                0x08009b64        0x8 ..\obj\stepper.o
 .ARM.exidx.text._ZN7Stepper4InitEv
                0x08009b6c        0x8 ..\obj\stepper.o
 .ARM.exidx.text._ZN7Stepper4LeftEii
                0x08009b74        0x8 ..\obj\stepper.o
 .ARM.exidx.text._ZN7Stepper7RunStepEv
                0x08009b7c        0x8 ..\obj\stepper.o
 .ARM.exidx.text._ZN7Stepper15EnableSingeltonEv
                0x08009b84        0x8 ..\obj\stepper.o
 .ARM.exidx.text._ZN7Stepper8InitTim2Eii
                0x08009b8c        0x8 ..\obj\stepper.o
 .ARM.exidx.text.TIM2_IRQHandler
                0x08009b94       0x10 ..\obj\stepper.o
                                  0x8 (size before relaxing)
 .ARM.exidx.text.main
                0x08009ba4        0x8 ..\obj\main.o
 .ARM.exidx.text._Z41__static_initialization_and_destruction_0ii
                0x08009bac        0x8 ..\obj\main.o
 .ARM.exidx.text._GLOBAL__sub_I_buffer
                0x08009bb4        0x0 ..\obj\main.o
                                  0x8 (size before relaxing)
 .ARM.exidx.text._ZN22AnalogDigitalConverterC2Ev
                0x08009bb4        0x8 ..\obj\adc.o
 .ARM.exidx.text._ZN22AnalogDigitalConverter17getConvertedValueEv
                0x08009bbc        0x8 ..\obj\adc.o
 .ARM.exidx.text._ZN22AnalogDigitalConverter26getConvertedValueAsVoltageEv
                0x08009bc4        0x0 ..\obj\adc.o
                                  0x8 (size before relaxing)
 .ARM.exidx     0x08009bc4       0x88 c:/program files (x86)/gnu tools arm embedded/4.8 2014q3/bin/../lib/gcc/arm-none-eabi/4.8.4/armv7e-m\libgcc.a(unwind-arm.o)
                                 0xd8 (size before relaxing)
 .ARM.exidx     0x08009c4c       0x38 c:/program files (x86)/gnu tools arm embedded/4.8 2014q3/bin/../lib/gcc/arm-none-eabi/4.8.4/armv7e-m\libgcc.a(pr-support.o)
                                 0x48 (size before relaxing)
 .ARM.exidx     0x08009c84        0x0 c:/program files (x86)/gnu tools arm embedded/4.8 2014q3/bin/../lib/gcc/arm-none-eabi/4.8.4/armv7e-m\libgcc.a(_divdi3.o)
                                  0x8 (size before relaxing)
 .ARM.exidx     0x08009c84        0x0 c:/program files (x86)/gnu tools arm embedded/4.8 2014q3/bin/../lib/gcc/arm-none-eabi/4.8.4/armv7e-m\libgcc.a(_udivdi3.o)
                                  0x8 (size before relaxing)
                0x08009c84                __exidx_end = .
                0x08009c84                __etext = .
                0x08009c84                _sidata = __etext

.rel.dyn        0x08009c84        0x0
 .rel.iplt      0x00000000        0x0 c:/program files (x86)/gnu tools arm embedded/4.8 2014q3/bin/../lib/gcc/arm-none-eabi/4.8.4/armv7e-m/crtbegin.o

.data           0x20000000      0x970 load address 0x08009c84
                0x20000000                __data_start__ = .
                0x20000000                _sdata = __data_start__
 *(vtable)
 *(.data*)
 .data          0x20000000        0x4 c:/program files (x86)/gnu tools arm embedded/4.8 2014q3/bin/../lib/gcc/arm-none-eabi/4.8.4/armv7e-m/crtbegin.o
                0x20000000                __dso_handle
 .data          0x20000004       0x34 ..\obj\stm32f4_discovery_audio_codec.o
                0x20000004                AudioTotalSize
                0x20000008                AudioRemSize
                0x2000000c                CODECTimeout
                0x20000010                CurrAudioInterface
                0x20000014                AUDIO_MAL_DMA_CLOCK
                0x20000018                AUDIO_MAL_DMA_STREAM
                0x2000001c                AUDIO_MAL_DMA_DREG
                0x20000020                AUDIO_MAL_DMA_IRQ
                0x20000024                AUDIO_MAL_DMA_FLAG_TC
                0x20000028                AUDIO_MAL_DMA_FLAG_HT
                0x2000002c                AUDIO_MAL_DMA_FLAG_FE
                0x20000030                AUDIO_MAL_DMA_FLAG_TE
                0x20000034                AUDIO_MAL_DMA_FLAG_DME
 .data          0x20000038        0x4 ..\obj\stepper.o
                0x20000038                direction
 .data          0x2000003c       0x14 ..\obj\stm32f4_discovery.o
                0x2000003c                GPIO_PORT
                0x2000004c                BUTTON_PORT
 .data          0x20000050       0x84 ..\obj\main.o
                0x20000050                buffer
 .data          0x200000d4       0x10 ..\obj\stm32f4xx_rcc.o
 *fill*         0x200000e4        0x4 
 .data.impure_data
                0x200000e8      0x428 c:/program files (x86)/gnu tools arm embedded/4.8 2014q3/bin/../lib/gcc/arm-none-eabi/4.8.4/../../../../arm-none-eabi/lib/armv7e-m\libc.a(lib_a-impure.o)
 .data._impure_ptr
                0x20000510        0x4 c:/program files (x86)/gnu tools arm embedded/4.8 2014q3/bin/../lib/gcc/arm-none-eabi/4.8.4/../../../../arm-none-eabi/lib/armv7e-m\libc.a(lib_a-impure.o)
                0x20000510                _impure_ptr
 .data.__malloc_av_
                0x20000514      0x408 c:/program files (x86)/gnu tools arm embedded/4.8 2014q3/bin/../lib/gcc/arm-none-eabi/4.8.4/../../../../arm-none-eabi/lib/armv7e-m\libc.a(lib_a-mallocr.o)
                0x20000514                __malloc_av_
 .data.__malloc_trim_threshold
                0x2000091c        0x4 c:/program files (x86)/gnu tools arm embedded/4.8 2014q3/bin/../lib/gcc/arm-none-eabi/4.8.4/../../../../arm-none-eabi/lib/armv7e-m\libc.a(lib_a-mallocr.o)
                0x2000091c                __malloc_trim_threshold
 .data.__malloc_sbrk_base
                0x20000920        0x4 c:/program files (x86)/gnu tools arm embedded/4.8 2014q3/bin/../lib/gcc/arm-none-eabi/4.8.4/../../../../arm-none-eabi/lib/armv7e-m\libc.a(lib_a-mallocr.o)
                0x20000920                __malloc_sbrk_base
 .data.lconv    0x20000924       0x38 c:/program files (x86)/gnu tools arm embedded/4.8 2014q3/bin/../lib/gcc/arm-none-eabi/4.8.4/../../../../arm-none-eabi/lib/armv7e-m\libc.a(lib_a-locale.o)
                0x2000095c                . = ALIGN (0x4)
                0x2000095c                PROVIDE (__preinit_array_start, .)
 *(.preinit_array)
                0x2000095c                PROVIDE (__preinit_array_end, .)
                0x2000095c                . = ALIGN (0x4)
                0x2000095c                PROVIDE (__init_array_start, .)
 *(SORT(.init_array.*))
 .init_array.00000
                0x2000095c        0x4 c:/program files (x86)/gnu tools arm embedded/4.8 2014q3/bin/../lib/gcc/arm-none-eabi/4.8.4/../../../../arm-none-eabi/lib/armv7e-m\libc.a(lib_a-__call_atexit.o)
 *(.init_array)
 .init_array    0x20000960        0x4 c:/program files (x86)/gnu tools arm embedded/4.8 2014q3/bin/../lib/gcc/arm-none-eabi/4.8.4/armv7e-m/crtbegin.o
 .init_array    0x20000964        0x4 ..\obj\main.o
                0x20000968                PROVIDE (__init_array_end, .)
                0x20000968                . = ALIGN (0x4)
                0x20000968                PROVIDE (__fini_array_start, .)
 *(SORT(.fini_array.*))
 *(.fini_array)
 .fini_array    0x20000968        0x4 c:/program files (x86)/gnu tools arm embedded/4.8 2014q3/bin/../lib/gcc/arm-none-eabi/4.8.4/armv7e-m/crtbegin.o
                0x2000096c                PROVIDE (__fini_array_end, .)
 *(.jcr*)
 .jcr           0x2000096c        0x0 c:/program files (x86)/gnu tools arm embedded/4.8 2014q3/bin/../lib/gcc/arm-none-eabi/4.8.4/armv7e-m/crtbegin.o
 .jcr           0x2000096c        0x4 c:/program files (x86)/gnu tools arm embedded/4.8 2014q3/bin/../lib/gcc/arm-none-eabi/4.8.4/armv7e-m/crtend.o
                0x20000970                . = ALIGN (0x4)
                0x20000970                __data_end__ = .
                0x20000970                _edata = __data_end__

.igot.plt       0x20000970        0x0 load address 0x0800a5f4
 .igot.plt      0x00000000        0x0 c:/program files (x86)/gnu tools arm embedded/4.8 2014q3/bin/../lib/gcc/arm-none-eabi/4.8.4/armv7e-m/crtbegin.o

.bss            0x20000970      0x128 load address 0x0800a5f4
                0x20000970                . = ALIGN (0x4)
                0x20000970                __bss_start__ = .
                0x20000970                _sbss = __bss_start__
 *(.bss*)
 .bss           0x20000970       0x1c c:/program files (x86)/gnu tools arm embedded/4.8 2014q3/bin/../lib/gcc/arm-none-eabi/4.8.4/armv7e-m/crtbegin.o
 .bss           0x2000098c        0x4 ..\obj\rotary.o
                0x2000098c                RotaryInstance
 .bss           0x20000990        0x4 ..\obj\uart.o
                0x20000990                Usart3Instance
 .bss           0x20000994        0xc ..\obj\stepper.o
                0x20000994                StepperInstance
                0x20000998                currentStep
                0x2000099c                stepperEnd
 .bss           0x200009a0        0x8 ..\obj\main.o
                0x200009a0                OutputString
                0x200009a4                LPC1768_LED
 .bss           0x200009a8       0x1c ..\obj\stm32_ub_systick.o
 .bss           0x200009c4        0x2 ..\obj\adc.o
                0x200009c4                ADC_BUFF
 *fill*         0x200009c6        0x2 
 .bss.__malloc_max_total_mem
                0x200009c8        0x4 c:/program files (x86)/gnu tools arm embedded/4.8 2014q3/bin/../lib/gcc/arm-none-eabi/4.8.4/../../../../arm-none-eabi/lib/armv7e-m\libc.a(lib_a-mallocr.o)
                0x200009c8                __malloc_max_total_mem
 .bss.__malloc_max_sbrked_mem
                0x200009cc        0x4 c:/program files (x86)/gnu tools arm embedded/4.8 2014q3/bin/../lib/gcc/arm-none-eabi/4.8.4/../../../../arm-none-eabi/lib/armv7e-m\libc.a(lib_a-mallocr.o)
                0x200009cc                __malloc_max_sbrked_mem
 .bss.__malloc_top_pad
                0x200009d0        0x4 c:/program files (x86)/gnu tools arm embedded/4.8 2014q3/bin/../lib/gcc/arm-none-eabi/4.8.4/../../../../arm-none-eabi/lib/armv7e-m\libc.a(lib_a-mallocr.o)
                0x200009d0                __malloc_top_pad
 .bss.__malloc_current_mallinfo
                0x200009d4       0x28 c:/program files (x86)/gnu tools arm embedded/4.8 2014q3/bin/../lib/gcc/arm-none-eabi/4.8.4/../../../../arm-none-eabi/lib/armv7e-m\libc.a(lib_a-mallocr.o)
                0x200009d4                __malloc_current_mallinfo
 .bss.heap_end.4246
                0x200009fc        0x4 c:/program files (x86)/gnu tools arm embedded/4.8 2014q3/bin/../lib/gcc/arm-none-eabi/4.8.4/../../../../arm-none-eabi/lib/armv7e-m\libnosys.a(sbrk.o)
 *(COMMON)
 COMMON         0x20000a00       0x7c ..\obj\stm32f4_discovery_audio_codec.o
                0x20000a00                CurrentPos
                0x20000a04                AUDIO_MAL_DMA_InitStructure
                0x20000a40                DMA_InitStructure
 COMMON         0x20000a7c       0x16 ..\obj\tm_stm32f4_onewire.o
                0x20000a7c                TM_OneWire_GPIO_InitDef
                0x20000a84                TM_OneWire_LastDeviceFlag
                0x20000a88                TM_OneWire_ROM_NO
                0x20000a90                TM_OneWire_LastFamilyDiscrepancy
                0x20000a91                TM_OneWire_LastDiscrepancy
 *fill*         0x20000a92        0x2 
 COMMON         0x20000a94        0x4 c:/program files (x86)/gnu tools arm embedded/4.8 2014q3/bin/../lib/gcc/arm-none-eabi/4.8.4/../../../../arm-none-eabi/lib/armv7e-m\libc.a(lib_a-reent.o)
                0x20000a94                errno
                0x20000a98                . = ALIGN (0x4)
                0x20000a98                __bss_end__ = .
                0x20000a98                _ebss = __bss_end__

.heap           0x20000a98        0x0
                0x20000a98                __end__ = .
                0x20000a98                _end = __end__
                0x20000a98                end = __end__
 *(.heap*)
                0x20000a98                __HeapLimit = .

.co_stack       0x20000a98      0x800 load address 0x0800a71c
                0x20000a98                . = ALIGN (0x8)
 *(.co_stack .co_stack.*)
 .co_stack      0x20000a98      0x800 ..\obj\startup_stm32f4xx.o
                0x20000a98                pulStack
                0x20020000                __StackTop = (ORIGIN (RAM) + 0x20000)
                0x2001f800                __StackLimit = (__StackTop - SIZEOF (.co_stack))
                0x20020000                PROVIDE (__stack, __StackTop)
                0x00000001                ASSERT ((__StackLimit >= __HeapLimit), region RAM overflowed with stack)
LOAD ..\obj\stm32f4xx_syscfg.o
LOAD ..\obj\temp_sensors.o
LOAD ..\obj\tm_stm32f4_ds18b20.o
LOAD ..\obj\stm32f4_discovery_audio_codec.o
LOAD ..\obj\stm32f4xx_usart.o
LOAD ..\obj\quadrature_encoder.o
LOAD ..\obj\led.o
LOAD ..\obj\stm32f4xx_dac.o
LOAD ..\obj\rotary.o
LOAD ..\obj\uart.o
LOAD ..\obj\stepper.o
LOAD ..\obj\startup_stm32f4xx.o
LOAD ..\obj\stm32f4_discovery.o
LOAD ..\obj\main.o
LOAD ..\obj\stm32f4xx_rcc.o
LOAD ..\obj\stm32f4xx_adc.o
LOAD ..\obj\stm32_ub_systick.o
LOAD ..\obj\tm_stm32f4_onewire.o
LOAD ..\obj\stm32f4xx_gpio.o
LOAD ..\obj\system_stm32f4xx.o
LOAD ..\obj\stm32f4xx_dma.o
LOAD ..\obj\adc.o
LOAD ..\obj\stm32f4_discovery_callbacks.o
LOAD ..\obj\stm32f4xx_spi.o
LOAD ..\obj\stm32f4xx_i2c.o
LOAD ..\obj\stm32f4xx_exti.o
LOAD ..\obj\misc.o
LOAD ..\obj\stm32f4_discovery_lis302dl.o
LOAD ..\obj\stm32f4xx_tim.o
LOAD ..\..\..\STM32F4-Discovery\libpdmfilter_gcc.a
LOAD c:/program files (x86)/gnu tools arm embedded/4.8 2014q3/bin/../lib/gcc/arm-none-eabi/4.8.4/../../../../arm-none-eabi/lib/armv7e-m\libm.a
LOAD c:/program files (x86)/gnu tools arm embedded/4.8 2014q3/bin/../lib/gcc/arm-none-eabi/4.8.4/armv7e-m\libgcc.a
LOAD c:/program files (x86)/gnu tools arm embedded/4.8 2014q3/bin/../lib/gcc/arm-none-eabi/4.8.4/../../../../arm-none-eabi/lib/armv7e-m\libc.a
LOAD c:/program files (x86)/gnu tools arm embedded/4.8 2014q3/bin/../lib/gcc/arm-none-eabi/4.8.4/../../../../arm-none-eabi/lib/armv7e-m\libstdc++.a
LOAD c:/program files (x86)/gnu tools arm embedded/4.8 2014q3/bin/../lib/gcc/arm-none-eabi/4.8.4/../../../../arm-none-eabi/lib/armv7e-m\libsupc++.a
LOAD c:/program files (x86)/gnu tools arm embedded/4.8 2014q3/bin/../lib/gcc/arm-none-eabi/4.8.4/../../../../arm-none-eabi/lib/armv7e-m\libnosys.a
START GROUP
LOAD c:/program files (x86)/gnu tools arm embedded/4.8 2014q3/bin/../lib/gcc/arm-none-eabi/4.8.4/armv7e-m\libgcc.a
LOAD c:/program files (x86)/gnu tools arm embedded/4.8 2014q3/bin/../lib/gcc/arm-none-eabi/4.8.4/../../../../arm-none-eabi/lib/armv7e-m\libg.a
LOAD c:/program files (x86)/gnu tools arm embedded/4.8 2014q3/bin/../lib/gcc/arm-none-eabi/4.8.4/../../../../arm-none-eabi/lib/armv7e-m\libc.a
END GROUP
LOAD c:/program files (x86)/gnu tools arm embedded/4.8 2014q3/bin/../lib/gcc/arm-none-eabi/4.8.4/armv7e-m/crtend.o
LOAD c:/program files (x86)/gnu tools arm embedded/4.8 2014q3/bin/../lib/gcc/arm-none-eabi/4.8.4/armv7e-m/crtn.o
OUTPUT(Gewaechshaus.elf elf32-littlearm)

.ARM.attributes
                0x00000000       0x2a
 .ARM.attributes
                0x00000000       0x1e c:/program files (x86)/gnu tools arm embedded/4.8 2014q3/bin/../lib/gcc/arm-none-eabi/4.8.4/armv7e-m/crti.o
 .ARM.attributes
                0x0000001e       0x2e c:/program files (x86)/gnu tools arm embedded/4.8 2014q3/bin/../lib/gcc/arm-none-eabi/4.8.4/armv7e-m/crtbegin.o
 .ARM.attributes
                0x0000004c       0x1c c:/program files (x86)/gnu tools arm embedded/4.8 2014q3/bin/../lib/gcc/arm-none-eabi/4.8.4/../../../../arm-none-eabi/lib/armv7e-m/crt0.o
 .ARM.attributes
                0x00000068       0x33 ..\obj\temp_sensors.o
 .ARM.attributes
                0x0000009b       0x33 ..\obj\tm_stm32f4_ds18b20.o
 .ARM.attributes
                0x000000ce       0x33 ..\obj\stm32f4_discovery_audio_codec.o
 .ARM.attributes
                0x00000101       0x33 ..\obj\stm32f4xx_usart.o
 .ARM.attributes
                0x00000134       0x33 ..\obj\quadrature_encoder.o
 .ARM.attributes
                0x00000167       0x33 ..\obj\led.o
 .ARM.attributes
                0x0000019a       0x33 ..\obj\stm32f4xx_dac.o
 .ARM.attributes
                0x000001cd       0x33 ..\obj\rotary.o
 .ARM.attributes
                0x00000200       0x33 ..\obj\uart.o
 .ARM.attributes
                0x00000233       0x33 ..\obj\stepper.o
 .ARM.attributes
                0x00000266       0x33 ..\obj\startup_stm32f4xx.o
 .ARM.attributes
                0x00000299       0x33 ..\obj\stm32f4_discovery.o
 .ARM.attributes
                0x000002cc       0x33 ..\obj\main.o
 .ARM.attributes
                0x000002ff       0x33 ..\obj\stm32f4xx_rcc.o
 .ARM.attributes
                0x00000332       0x33 ..\obj\stm32f4xx_adc.o
 .ARM.attributes
                0x00000365       0x33 ..\obj\stm32_ub_systick.o
 .ARM.attributes
                0x00000398       0x33 ..\obj\tm_stm32f4_onewire.o
 .ARM.attributes
                0x000003cb       0x33 ..\obj\stm32f4xx_gpio.o
 .ARM.attributes
                0x000003fe       0x33 ..\obj\system_stm32f4xx.o
 .ARM.attributes
                0x00000431       0x33 ..\obj\stm32f4xx_dma.o
 .ARM.attributes
                0x00000464       0x33 ..\obj\adc.o
 .ARM.attributes
                0x00000497       0x33 ..\obj\stm32f4_discovery_callbacks.o
 .ARM.attributes
                0x000004ca       0x33 ..\obj\stm32f4xx_spi.o
 .ARM.attributes
                0x000004fd       0x33 ..\obj\stm32f4xx_exti.o
 .ARM.attributes
                0x00000530       0x33 ..\obj\misc.o
 .ARM.attributes
                0x00000563       0x33 ..\obj\stm32f4xx_tim.o
 .ARM.attributes
                0x00000596       0x1e c:/program files (x86)/gnu tools arm embedded/4.8 2014q3/bin/../lib/gcc/arm-none-eabi/4.8.4/armv7e-m\libgcc.a(_arm_addsubdf3.o)
 .ARM.attributes
                0x000005b4       0x1e c:/program files (x86)/gnu tools arm embedded/4.8 2014q3/bin/../lib/gcc/arm-none-eabi/4.8.4/armv7e-m\libgcc.a(_arm_muldivdf3.o)
 .ARM.attributes
                0x000005d2       0x1e c:/program files (x86)/gnu tools arm embedded/4.8 2014q3/bin/../lib/gcc/arm-none-eabi/4.8.4/armv7e-m\libgcc.a(_arm_truncdfsf2.o)
 .ARM.attributes
                0x000005f0       0x1e c:/program files (x86)/gnu tools arm embedded/4.8 2014q3/bin/../lib/gcc/arm-none-eabi/4.8.4/armv7e-m\libgcc.a(_arm_addsubsf3.o)
 .ARM.attributes
                0x0000060e       0x1e c:/program files (x86)/gnu tools arm embedded/4.8 2014q3/bin/../lib/gcc/arm-none-eabi/4.8.4/armv7e-m\libgcc.a(_arm_muldivsf3.o)
 .ARM.attributes
                0x0000062c       0x2e c:/program files (x86)/gnu tools arm embedded/4.8 2014q3/bin/../lib/gcc/arm-none-eabi/4.8.4/../../../../arm-none-eabi/lib/armv7e-m\libc.a(lib_a-aeabi_atexit.o)
 .ARM.attributes
                0x0000065a       0x2e c:/program files (x86)/gnu tools arm embedded/4.8 2014q3/bin/../lib/gcc/arm-none-eabi/4.8.4/../../../../arm-none-eabi/lib/armv7e-m\libc.a(lib_a-cxa_atexit.o)
 .ARM.attributes
                0x00000688       0x2e c:/program files (x86)/gnu tools arm embedded/4.8 2014q3/bin/../lib/gcc/arm-none-eabi/4.8.4/../../../../arm-none-eabi/lib/armv7e-m\libc.a(lib_a-exit.o)
 .ARM.attributes
                0x000006b6       0x2e c:/program files (x86)/gnu tools arm embedded/4.8 2014q3/bin/../lib/gcc/arm-none-eabi/4.8.4/../../../../arm-none-eabi/lib/armv7e-m\libc.a(lib_a-impure.o)
 .ARM.attributes
                0x000006e4       0x2e c:/program files (x86)/gnu tools arm embedded/4.8 2014q3/bin/../lib/gcc/arm-none-eabi/4.8.4/../../../../arm-none-eabi/lib/armv7e-m\libc.a(lib_a-init.o)
 .ARM.attributes
                0x00000712       0x2e c:/program files (x86)/gnu tools arm embedded/4.8 2014q3/bin/../lib/gcc/arm-none-eabi/4.8.4/../../../../arm-none-eabi/lib/armv7e-m\libc.a(lib_a-malloc.o)
 .ARM.attributes
                0x00000740       0x2e c:/program files (x86)/gnu tools arm embedded/4.8 2014q3/bin/../lib/gcc/arm-none-eabi/4.8.4/../../../../arm-none-eabi/lib/armv7e-m\libc.a(lib_a-mallocr.o)
 .ARM.attributes
                0x0000076e       0x1c c:/program files (x86)/gnu tools arm embedded/4.8 2014q3/bin/../lib/gcc/arm-none-eabi/4.8.4/../../../../arm-none-eabi/lib/armv7e-m\libc.a(lib_a-memcpy.o)
 .ARM.attributes
                0x0000078a       0x2e c:/program files (x86)/gnu tools arm embedded/4.8 2014q3/bin/../lib/gcc/arm-none-eabi/4.8.4/../../../../arm-none-eabi/lib/armv7e-m\libc.a(lib_a-memset.o)
 .ARM.attributes
                0x000007b8       0x2e c:/program files (x86)/gnu tools arm embedded/4.8 2014q3/bin/../lib/gcc/arm-none-eabi/4.8.4/../../../../arm-none-eabi/lib/armv7e-m\libc.a(lib_a-mlock.o)
 .ARM.attributes
                0x000007e6       0x2e c:/program files (x86)/gnu tools arm embedded/4.8 2014q3/bin/../lib/gcc/arm-none-eabi/4.8.4/../../../../arm-none-eabi/lib/armv7e-m\libc.a(lib_a-sbrkr.o)
 .ARM.attributes
                0x00000814       0x2e c:/program files (x86)/gnu tools arm embedded/4.8 2014q3/bin/../lib/gcc/arm-none-eabi/4.8.4/../../../../arm-none-eabi/lib/armv7e-m\libc.a(lib_a-sprintf.o)
 .ARM.attributes
                0x00000842       0x2e c:/program files (x86)/gnu tools arm embedded/4.8 2014q3/bin/../lib/gcc/arm-none-eabi/4.8.4/../../../../arm-none-eabi/lib/armv7e-m\libc.a(lib_a-strcpy.o)
 .ARM.attributes
                0x00000870       0x2e c:/program files (x86)/gnu tools arm embedded/4.8 2014q3/bin/../lib/gcc/arm-none-eabi/4.8.4/../../../../arm-none-eabi/lib/armv7e-m\libc.a(lib_a-strlen.o)
 .ARM.attributes
                0x0000089e       0x2e c:/program files (x86)/gnu tools arm embedded/4.8 2014q3/bin/../lib/gcc/arm-none-eabi/4.8.4/../../../../arm-none-eabi/lib/armv7e-m\libc.a(lib_a-svfprintf.o)
 .ARM.attributes
                0x000008cc       0x2e c:/program files (x86)/gnu tools arm embedded/4.8 2014q3/bin/../lib/gcc/arm-none-eabi/4.8.4/../../../../arm-none-eabi/lib/armv7e-m\libc.a(lib_a-__atexit.o)
 .ARM.attributes
                0x000008fa       0x2e c:/program files (x86)/gnu tools arm embedded/4.8 2014q3/bin/../lib/gcc/arm-none-eabi/4.8.4/../../../../arm-none-eabi/lib/armv7e-m\libc.a(lib_a-__call_atexit.o)
 .ARM.attributes
                0x00000928       0x2e c:/program files (x86)/gnu tools arm embedded/4.8 2014q3/bin/../lib/gcc/arm-none-eabi/4.8.4/../../../../arm-none-eabi/lib/armv7e-m\libc.a(lib_a-atexit.o)
 .ARM.attributes
                0x00000956       0x2e c:/program files (x86)/gnu tools arm embedded/4.8 2014q3/bin/../lib/gcc/arm-none-eabi/4.8.4/../../../../arm-none-eabi/lib/armv7e-m\libc.a(lib_a-dtoa.o)
 .ARM.attributes
                0x00000984       0x2e c:/program files (x86)/gnu tools arm embedded/4.8 2014q3/bin/../lib/gcc/arm-none-eabi/4.8.4/../../../../arm-none-eabi/lib/armv7e-m\libc.a(lib_a-fini.o)
 .ARM.attributes
                0x000009b2       0x2e c:/program files (x86)/gnu tools arm embedded/4.8 2014q3/bin/../lib/gcc/arm-none-eabi/4.8.4/../../../../arm-none-eabi/lib/armv7e-m\libc.a(lib_a-freer.o)
 .ARM.attributes
                0x000009e0       0x2e c:/program files (x86)/gnu tools arm embedded/4.8 2014q3/bin/../lib/gcc/arm-none-eabi/4.8.4/../../../../arm-none-eabi/lib/armv7e-m\libc.a(lib_a-locale.o)
 .ARM.attributes
                0x00000a0e       0x2e c:/program files (x86)/gnu tools arm embedded/4.8 2014q3/bin/../lib/gcc/arm-none-eabi/4.8.4/../../../../arm-none-eabi/lib/armv7e-m\libc.a(lib_a-memchr-stub.o)
 .ARM.attributes
                0x00000a3c       0x2e c:/program files (x86)/gnu tools arm embedded/4.8 2014q3/bin/../lib/gcc/arm-none-eabi/4.8.4/../../../../arm-none-eabi/lib/armv7e-m\libc.a(lib_a-mprec.o)
 .ARM.attributes
                0x00000a6a       0x2e c:/program files (x86)/gnu tools arm embedded/4.8 2014q3/bin/../lib/gcc/arm-none-eabi/4.8.4/../../../../arm-none-eabi/lib/armv7e-m\libc.a(lib_a-reent.o)
 .ARM.attributes
                0x00000a98       0x2e c:/program files (x86)/gnu tools arm embedded/4.8 2014q3/bin/../lib/gcc/arm-none-eabi/4.8.4/../../../../arm-none-eabi/lib/armv7e-m\libc.a(lib_a-s_fpclassify.o)
 .ARM.attributes
                0x00000ac6       0x2e c:/program files (x86)/gnu tools arm embedded/4.8 2014q3/bin/../lib/gcc/arm-none-eabi/4.8.4/../../../../arm-none-eabi/lib/armv7e-m\libc.a(lib_a-svfiprintf.o)
 .ARM.attributes
                0x00000af4       0x2e c:/program files (x86)/gnu tools arm embedded/4.8 2014q3/bin/../lib/gcc/arm-none-eabi/4.8.4/../../../../arm-none-eabi/lib/armv7e-m\libc.a(lib_a-callocr.o)
 .ARM.attributes
                0x00000b22       0x2e c:/program files (x86)/gnu tools arm embedded/4.8 2014q3/bin/../lib/gcc/arm-none-eabi/4.8.4/../../../../arm-none-eabi/lib/armv7e-m\libc.a(lib_a-memmove.o)
 .ARM.attributes
                0x00000b50       0x2e c:/program files (x86)/gnu tools arm embedded/4.8 2014q3/bin/../lib/gcc/arm-none-eabi/4.8.4/../../../../arm-none-eabi/lib/armv7e-m\libc.a(lib_a-reallocr.o)
 .ARM.attributes
                0x00000b7e       0x2e c:/program files (x86)/gnu tools arm embedded/4.8 2014q3/bin/../lib/gcc/arm-none-eabi/4.8.4/../../../../arm-none-eabi/lib/armv7e-m\libnosys.a(sbrk.o)
 .ARM.attributes
                0x00000bac       0x2e c:/program files (x86)/gnu tools arm embedded/4.8 2014q3/bin/../lib/gcc/arm-none-eabi/4.8.4/../../../../arm-none-eabi/lib/armv7e-m\libnosys.a(_exit.o)
 .ARM.attributes
                0x00000bda       0x1e c:/program files (x86)/gnu tools arm embedded/4.8 2014q3/bin/../lib/gcc/arm-none-eabi/4.8.4/armv7e-m\libgcc.a(_arm_cmpdf2.o)
 .ARM.attributes
                0x00000bf8       0x1e c:/program files (x86)/gnu tools arm embedded/4.8 2014q3/bin/../lib/gcc/arm-none-eabi/4.8.4/armv7e-m\libgcc.a(_arm_fixdfsi.o)
 .ARM.attributes
                0x00000c16       0x1e c:/program files (x86)/gnu tools arm embedded/4.8 2014q3/bin/../lib/gcc/arm-none-eabi/4.8.4/armv7e-m\libgcc.a(_aeabi_uldivmod.o)
 .ARM.attributes
                0x00000c34       0x2e c:/program files (x86)/gnu tools arm embedded/4.8 2014q3/bin/../lib/gcc/arm-none-eabi/4.8.4/armv7e-m\libgcc.a(bpabi.o)
 .ARM.attributes
                0x00000c62       0x1e c:/program files (x86)/gnu tools arm embedded/4.8 2014q3/bin/../lib/gcc/arm-none-eabi/4.8.4/armv7e-m\libgcc.a(_dvmd_tls.o)
 .ARM.attributes
                0x00000c80       0x2e c:/program files (x86)/gnu tools arm embedded/4.8 2014q3/bin/../lib/gcc/arm-none-eabi/4.8.4/armv7e-m\libgcc.a(_divdi3.o)
 .ARM.attributes
                0x00000cae       0x2e c:/program files (x86)/gnu tools arm embedded/4.8 2014q3/bin/../lib/gcc/arm-none-eabi/4.8.4/armv7e-m\libgcc.a(_udivdi3.o)
 .ARM.attributes
                0x00000cdc       0x2e c:/program files (x86)/gnu tools arm embedded/4.8 2014q3/bin/../lib/gcc/arm-none-eabi/4.8.4/armv7e-m/crtend.o
 .ARM.attributes
                0x00000d0a       0x1e c:/program files (x86)/gnu tools arm embedded/4.8 2014q3/bin/../lib/gcc/arm-none-eabi/4.8.4/armv7e-m/crtn.o

.comment        0x00000000       0x70
 .comment       0x00000000       0x70 ..\obj\temp_sensors.o
                                 0x71 (size before relaxing)
 .comment       0x00000000       0x71 ..\obj\tm_stm32f4_ds18b20.o
 .comment       0x00000000       0x71 ..\obj\stm32f4_discovery_audio_codec.o
 .comment       0x00000000       0x71 ..\obj\stm32f4xx_usart.o
 .comment       0x00000000       0x71 ..\obj\quadrature_encoder.o
 .comment       0x00000000       0x71 ..\obj\led.o
 .comment       0x00000000       0x71 ..\obj\stm32f4xx_dac.o
 .comment       0x00000000       0x71 ..\obj\rotary.o
 .comment       0x00000000       0x71 ..\obj\uart.o
 .comment       0x00000000       0x71 ..\obj\stepper.o
 .comment       0x00000000       0x71 ..\obj\startup_stm32f4xx.o
 .comment       0x00000000       0x71 ..\obj\stm32f4_discovery.o
 .comment       0x00000000       0x71 ..\obj\main.o
 .comment       0x00000000       0x71 ..\obj\stm32f4xx_rcc.o
 .comment       0x00000000       0x71 ..\obj\stm32f4xx_adc.o
 .comment       0x00000000       0x71 ..\obj\stm32_ub_systick.o
 .comment       0x00000000       0x71 ..\obj\tm_stm32f4_onewire.o
 .comment       0x00000000       0x71 ..\obj\stm32f4xx_gpio.o
 .comment       0x00000000       0x71 ..\obj\system_stm32f4xx.o
 .comment       0x00000000       0x71 ..\obj\stm32f4xx_dma.o
 .comment       0x00000000       0x71 ..\obj\adc.o
 .comment       0x00000000       0x71 ..\obj\stm32f4_discovery_callbacks.o
 .comment       0x00000000       0x71 ..\obj\stm32f4xx_spi.o
 .comment       0x00000000       0x71 ..\obj\stm32f4xx_exti.o
 .comment       0x00000000       0x71 ..\obj\misc.o
 .comment       0x00000000       0x71 ..\obj\stm32f4xx_tim.o

.debug_info     0x00000000     0xd3f4
 .debug_info    0x00000000      0x305 ..\obj\temp_sensors.o
 .debug_info    0x00000305      0x3c5 ..\obj\tm_stm32f4_ds18b20.o
 .debug_info    0x000006ca     0x1070 ..\obj\stm32f4_discovery_audio_codec.o
 .debug_info    0x0000173a      0x9c2 ..\obj\stm32f4xx_usart.o
 .debug_info    0x000020fc      0x674 ..\obj\quadrature_encoder.o
 .debug_info    0x00002770      0x22b ..\obj\led.o
 .debug_info    0x0000299b      0x63a ..\obj\stm32f4xx_dac.o
 .debug_info    0x00002fd5      0x85f ..\obj\rotary.o
 .debug_info    0x00003834      0xd0b ..\obj\uart.o
 .debug_info    0x0000453f      0xb08 ..\obj\stepper.o
 .debug_info    0x00005047      0x122 ..\obj\startup_stm32f4xx.o
 .debug_info    0x00005169      0x889 ..\obj\stm32f4_discovery.o
 .debug_info    0x000059f2      0x8ca ..\obj\main.o
 .debug_info    0x000062bc      0xc4d ..\obj\stm32f4xx_rcc.o
 .debug_info    0x00006f09      0xc38 ..\obj\stm32f4xx_adc.o
 .debug_info    0x00007b41      0x977 ..\obj\stm32_ub_systick.o
 .debug_info    0x000084b8      0x63c ..\obj\tm_stm32f4_onewire.o
 .debug_info    0x00008af4      0x602 ..\obj\stm32f4xx_gpio.o
 .debug_info    0x000090f6      0x592 ..\obj\system_stm32f4xx.o
 .debug_info    0x00009688      0x739 ..\obj\stm32f4xx_dma.o
 .debug_info    0x00009dc1      0x53e ..\obj\adc.o
 .debug_info    0x0000a2ff      0x109 ..\obj\stm32f4_discovery_callbacks.o
 .debug_info    0x0000a408      0xb07 ..\obj\stm32f4xx_spi.o
 .debug_info    0x0000af0f      0x347 ..\obj\stm32f4xx_exti.o
 .debug_info    0x0000b256      0x53d ..\obj\misc.o
 .debug_info    0x0000b793     0x1c61 ..\obj\stm32f4xx_tim.o

.debug_abbrev   0x00000000     0x2bf2
 .debug_abbrev  0x00000000      0x1c0 ..\obj\temp_sensors.o
 .debug_abbrev  0x000001c0      0x15b ..\obj\tm_stm32f4_ds18b20.o
 .debug_abbrev  0x0000031b      0x256 ..\obj\stm32f4_discovery_audio_codec.o
 .debug_abbrev  0x00000571      0x155 ..\obj\stm32f4xx_usart.o
 .debug_abbrev  0x000006c6      0x1f7 ..\obj\quadrature_encoder.o
 .debug_abbrev  0x000008bd      0x175 ..\obj\led.o
 .debug_abbrev  0x00000a32      0x17c ..\obj\stm32f4xx_dac.o
 .debug_abbrev  0x00000bae      0x25e ..\obj\rotary.o
 .debug_abbrev  0x00000e0c      0x2bb ..\obj\uart.o
 .debug_abbrev  0x000010c7      0x23f ..\obj\stepper.o
 .debug_abbrev  0x00001306       0xce ..\obj\startup_stm32f4xx.o
 .debug_abbrev  0x000013d4      0x183 ..\obj\stm32f4_discovery.o
 .debug_abbrev  0x00001557      0x25b ..\obj\main.o
 .debug_abbrev  0x000017b2      0x1e3 ..\obj\stm32f4xx_rcc.o
 .debug_abbrev  0x00001995      0x196 ..\obj\stm32f4xx_adc.o
 .debug_abbrev  0x00001b2b      0x214 ..\obj\stm32_ub_systick.o
 .debug_abbrev  0x00001d3f      0x259 ..\obj\tm_stm32f4_onewire.o
 .debug_abbrev  0x00001f98      0x1a3 ..\obj\stm32f4xx_gpio.o
 .debug_abbrev  0x0000213b      0x136 ..\obj\system_stm32f4xx.o
 .debug_abbrev  0x00002271      0x155 ..\obj\stm32f4xx_dma.o
 .debug_abbrev  0x000023c6      0x1c4 ..\obj\adc.o
 .debug_abbrev  0x0000258a       0x90 ..\obj\stm32f4_discovery_callbacks.o
 .debug_abbrev  0x0000261a      0x167 ..\obj\stm32f4xx_spi.o
 .debug_abbrev  0x00002781      0x1a5 ..\obj\stm32f4xx_exti.o
 .debug_abbrev  0x00002926      0x145 ..\obj\misc.o
 .debug_abbrev  0x00002a6b      0x187 ..\obj\stm32f4xx_tim.o

.debug_aranges  0x00000000      0xfc0
 .debug_aranges
                0x00000000       0x40 ..\obj\temp_sensors.o
 .debug_aranges
                0x00000040       0x70 ..\obj\tm_stm32f4_ds18b20.o
 .debug_aranges
                0x000000b0      0x130 ..\obj\stm32f4_discovery_audio_codec.o
 .debug_aranges
                0x000001e0      0x100 ..\obj\stm32f4xx_usart.o
 .debug_aranges
                0x000002e0       0x48 ..\obj\quadrature_encoder.o
 .debug_aranges
                0x00000328       0x38 ..\obj\led.o
 .debug_aranges
                0x00000360       0xa0 ..\obj\stm32f4xx_dac.o
 .debug_aranges
                0x00000400       0x40 ..\obj\rotary.o
 .debug_aranges
                0x00000440       0x88 ..\obj\uart.o
 .debug_aranges
                0x000004c8       0x58 ..\obj\stepper.o
 .debug_aranges
                0x00000520       0x28 ..\obj\startup_stm32f4xx.o
 .debug_aranges
                0x00000548       0x48 ..\obj\stm32f4_discovery.o
 .debug_aranges
                0x00000590       0x30 ..\obj\main.o
 .debug_aranges
                0x000005c0      0x178 ..\obj\stm32f4xx_rcc.o
 .debug_aranges
                0x00000738      0x148 ..\obj\stm32f4xx_adc.o
 .debug_aranges
                0x00000880       0x70 ..\obj\stm32_ub_systick.o
 .debug_aranges
                0x000008f0       0xa0 ..\obj\tm_stm32f4_onewire.o
 .debug_aranges
                0x00000990       0x88 ..\obj\stm32f4xx_gpio.o
 .debug_aranges
                0x00000a18       0x30 ..\obj\system_stm32f4xx.o
 .debug_aranges
                0x00000a48       0xb0 ..\obj\stm32f4xx_dma.o
 .debug_aranges
                0x00000af8       0x30 ..\obj\adc.o
 .debug_aranges
                0x00000b28       0x28 ..\obj\stm32f4_discovery_callbacks.o
 .debug_aranges
                0x00000b50       0xe0 ..\obj\stm32f4xx_spi.o
 .debug_aranges
                0x00000c30       0x58 ..\obj\stm32f4xx_exti.o
 .debug_aranges
                0x00000c88       0x40 ..\obj\misc.o
 .debug_aranges
                0x00000cc8      0x2f8 ..\obj\stm32f4xx_tim.o

.debug_ranges   0x00000000      0xe20
 .debug_ranges  0x00000000       0x30 ..\obj\temp_sensors.o
 .debug_ranges  0x00000030       0x60 ..\obj\tm_stm32f4_ds18b20.o
 .debug_ranges  0x00000090      0x120 ..\obj\stm32f4_discovery_audio_codec.o
 .debug_ranges  0x000001b0       0xf0 ..\obj\stm32f4xx_usart.o
 .debug_ranges  0x000002a0       0x38 ..\obj\quadrature_encoder.o
 .debug_ranges  0x000002d8       0x28 ..\obj\led.o
 .debug_ranges  0x00000300       0x90 ..\obj\stm32f4xx_dac.o
 .debug_ranges  0x00000390       0x30 ..\obj\rotary.o
 .debug_ranges  0x000003c0       0x78 ..\obj\uart.o
 .debug_ranges  0x00000438       0x48 ..\obj\stepper.o
 .debug_ranges  0x00000480       0x18 ..\obj\startup_stm32f4xx.o
 .debug_ranges  0x00000498       0x38 ..\obj\stm32f4_discovery.o
 .debug_ranges  0x000004d0       0x20 ..\obj\main.o
 .debug_ranges  0x000004f0      0x168 ..\obj\stm32f4xx_rcc.o
 .debug_ranges  0x00000658      0x138 ..\obj\stm32f4xx_adc.o
 .debug_ranges  0x00000790       0x60 ..\obj\stm32_ub_systick.o
 .debug_ranges  0x000007f0       0x90 ..\obj\tm_stm32f4_onewire.o
 .debug_ranges  0x00000880       0x78 ..\obj\stm32f4xx_gpio.o
 .debug_ranges  0x000008f8       0x20 ..\obj\system_stm32f4xx.o
 .debug_ranges  0x00000918       0xa0 ..\obj\stm32f4xx_dma.o
 .debug_ranges  0x000009b8       0x20 ..\obj\adc.o
 .debug_ranges  0x000009d8       0x18 ..\obj\stm32f4_discovery_callbacks.o
 .debug_ranges  0x000009f0       0xd0 ..\obj\stm32f4xx_spi.o
 .debug_ranges  0x00000ac0       0x48 ..\obj\stm32f4xx_exti.o
 .debug_ranges  0x00000b08       0x30 ..\obj\misc.o
 .debug_ranges  0x00000b38      0x2e8 ..\obj\stm32f4xx_tim.o

.debug_line     0x00000000     0x59c4
 .debug_line    0x00000000      0x20d ..\obj\temp_sensors.o
 .debug_line    0x0000020d      0x2d2 ..\obj\tm_stm32f4_ds18b20.o
 .debug_line    0x000004df      0x701 ..\obj\stm32f4_discovery_audio_codec.o
 .debug_line    0x00000be0      0x49d ..\obj\stm32f4xx_usart.o
 .debug_line    0x0000107d      0x2b0 ..\obj\quadrature_encoder.o
 .debug_line    0x0000132d      0x1e4 ..\obj\led.o
 .debug_line    0x00001511      0x353 ..\obj\stm32f4xx_dac.o
 .debug_line    0x00001864      0x29b ..\obj\rotary.o
 .debug_line    0x00001aff      0x382 ..\obj\uart.o
 .debug_line    0x00001e81      0x2b4 ..\obj\stepper.o
 .debug_line    0x00002135       0x9c ..\obj\startup_stm32f4xx.o
 .debug_line    0x000021d1      0x2a4 ..\obj\stm32f4_discovery.o
 .debug_line    0x00002475      0x29d ..\obj\main.o
 .debug_line    0x00002712      0x595 ..\obj\stm32f4xx_rcc.o
 .debug_line    0x00002ca7      0x54d ..\obj\stm32f4xx_adc.o
 .debug_line    0x000031f4      0x364 ..\obj\stm32_ub_systick.o