Archive member included because of file (symbol)

c:/program files (x86)/gnu tools arm embedded/4.8 2014q3/bin/../lib/gcc/arm-none-eabi/4.8.4/armv7e-m\libgcc.a(_arm_addsubdf3.o)
                              ..\obj\stepper.o (__aeabi_dsub)
c:/program files (x86)/gnu tools arm embedded/4.8 2014q3/bin/../lib/gcc/arm-none-eabi/4.8.4/armv7e-m\libgcc.a(_arm_muldivdf3.o)
                              ..\obj\stepper.o (__aeabi_dmul)
c:/program files (x86)/gnu tools arm embedded/4.8 2014q3/bin/../lib/gcc/arm-none-eabi/4.8.4/armv7e-m\libgcc.a(_arm_fixdfsi.o)
                              ..\obj\stepper.o (__aeabi_d2iz)
c:/program files (x86)/gnu tools arm embedded/4.8 2014q3/bin/../lib/gcc/arm-none-eabi/4.8.4/armv7e-m\libgcc.a(_arm_truncdfsf2.o)
                              ..\obj\ampermeter.o (__aeabi_d2f)
c:/program files (x86)/gnu tools arm embedded/4.8 2014q3/bin/../lib/gcc/arm-none-eabi/4.8.4/armv7e-m\libgcc.a(_arm_addsubsf3.o)
                              ..\obj\tm_stm32f4_ds18b20.o (__aeabi_fsub)
c:/program files (x86)/gnu tools arm embedded/4.8 2014q3/bin/../lib/gcc/arm-none-eabi/4.8.4/armv7e-m\libgcc.a(_arm_muldivsf3.o)
                              ..\obj\tm_stm32f4_ds18b20.o (__aeabi_fmul)
c:/program files (x86)/gnu tools arm embedded/4.8 2014q3/bin/../lib/gcc/arm-none-eabi/4.8.4/armv7e-m\libgcc.a(_arm_cmpsf2.o)
                              ..\obj\fassade.o (__aeabi_fcmplt)
c:/program files (x86)/gnu tools arm embedded/4.8 2014q3/bin/../lib/gcc/arm-none-eabi/4.8.4/armv7e-m\libgcc.a(_arm_fixsfsi.o)
                              ..\obj\fassade.o (__aeabi_f2iz)
c:/program files (x86)/gnu tools arm embedded/4.8 2014q3/bin/../lib/gcc/arm-none-eabi/4.8.4/armv7e-m\libgcc.a(unwind-arm.o)
                              ..\obj\quadrature_encoder.o (__aeabi_unwind_cpp_pr0)
c:/program files (x86)/gnu tools arm embedded/4.8 2014q3/bin/../lib/gcc/arm-none-eabi/4.8.4/armv7e-m\libgcc.a(libunwind.o)
                              c:/program files (x86)/gnu tools arm embedded/4.8 2014q3/bin/../lib/gcc/arm-none-eabi/4.8.4/armv7e-m\libgcc.a(unwind-arm.o) (restore_core_regs)
c:/program files (x86)/gnu tools arm embedded/4.8 2014q3/bin/../lib/gcc/arm-none-eabi/4.8.4/armv7e-m\libgcc.a(pr-support.o)
                              c:/program files (x86)/gnu tools arm embedded/4.8 2014q3/bin/../lib/gcc/arm-none-eabi/4.8.4/armv7e-m\libgcc.a(unwind-arm.o) (__gnu_unwind_execute)
c:/program files (x86)/gnu tools arm embedded/4.8 2014q3/bin/../lib/gcc/arm-none-eabi/4.8.4/../../../../arm-none-eabi/lib/armv7e-m\libc.a(lib_a-abort.o)
                              c:/program files (x86)/gnu tools arm embedded/4.8 2014q3/bin/../lib/gcc/arm-none-eabi/4.8.4/armv7e-m\libgcc.a(unwind-arm.o) (abort)
c:/program files (x86)/gnu tools arm embedded/4.8 2014q3/bin/../lib/gcc/arm-none-eabi/4.8.4/../../../../arm-none-eabi/lib/armv7e-m\libc.a(lib_a-aeabi_atexit.o)
                              ..\obj\main.o (__aeabi_atexit)
c:/program files (x86)/gnu tools arm embedded/4.8 2014q3/bin/../lib/gcc/arm-none-eabi/4.8.4/../../../../arm-none-eabi/lib/armv7e-m\libc.a(lib_a-atoff.o)
                              ..\obj\xbee.o (atoff)
c:/program files (x86)/gnu tools arm embedded/4.8 2014q3/bin/../lib/gcc/arm-none-eabi/4.8.4/../../../../arm-none-eabi/lib/armv7e-m\libc.a(lib_a-atoi.o)
                              ..\obj\terminal.o (atoi)
c:/program files (x86)/gnu tools arm embedded/4.8 2014q3/bin/../lib/gcc/arm-none-eabi/4.8.4/../../../../arm-none-eabi/lib/armv7e-m\libc.a(lib_a-cxa_atexit.o)
                              c:/program files (x86)/gnu tools arm embedded/4.8 2014q3/bin/../lib/gcc/arm-none-eabi/4.8.4/../../../../arm-none-eabi/lib/armv7e-m\libc.a(lib_a-aeabi_atexit.o) (__cxa_atexit)
c:/program files (x86)/gnu tools arm embedded/4.8 2014q3/bin/../lib/gcc/arm-none-eabi/4.8.4/../../../../arm-none-eabi/lib/armv7e-m\libc.a(lib_a-exit.o)
                              c:/program files (x86)/gnu tools arm embedded/4.8 2014q3/bin/../lib/gcc/arm-none-eabi/4.8.4/../../../../arm-none-eabi/lib/armv7e-m/crt0.o (exit)
c:/program files (x86)/gnu tools arm embedded/4.8 2014q3/bin/../lib/gcc/arm-none-eabi/4.8.4/../../../../arm-none-eabi/lib/armv7e-m\libc.a(lib_a-impure.o)
                              c:/program files (x86)/gnu tools arm embedded/4.8 2014q3/bin/../lib/gcc/arm-none-eabi/4.8.4/../../../../arm-none-eabi/lib/armv7e-m\libc.a(lib_a-exit.o) (_global_impure_ptr)
c:/program files (x86)/gnu tools arm embedded/4.8 2014q3/bin/../lib/gcc/arm-none-eabi/4.8.4/../../../../arm-none-eabi/lib/armv7e-m\libc.a(lib_a-init.o)
                              c:/program files (x86)/gnu tools arm embedded/4.8 2014q3/bin/../lib/gcc/arm-none-eabi/4.8.4/../../../../arm-none-eabi/lib/armv7e-m/crt0.o (__libc_init_array)
c:/program files (x86)/gnu tools arm embedded/4.8 2014q3/bin/../lib/gcc/arm-none-eabi/4.8.4/../../../../arm-none-eabi/lib/armv7e-m\libc.a(lib_a-malloc.o)
                              ..\obj\terminal.o (malloc)
[...]
Memory Configuration

Name             Origin             Length             Attributes
FLASH            0x08000000         0x00100000         xr
RAM              0x20000000         0x00020000         xrw
RAM1             0x10000000         0x00010000         xrw
*default*        0x00000000         0xffffffff

Linker script and memory map

LOAD c:/program files (x86)/gnu tools arm embedded/4.8 2014q3/bin/../lib/gcc/arm-none-eabi/4.8.4/armv7e-m/crti.o
LOAD c:/program files (x86)/gnu tools arm embedded/4.8 2014q3/bin/../lib/gcc/arm-none-eabi/4.8.4/armv7e-m/crtbegin.o
LOAD c:/program files (x86)/gnu tools arm embedded/4.8 2014q3/bin/../lib/gcc/arm-none-eabi/4.8.4/../../../../arm-none-eabi/lib/armv7e-m/crt0.o

.text           0x08000000     0xe0c8
 *(.isr_vector)
 .isr_vector    0x08000000      0x188 ..\obj\startup_stm32f4xx.o
                0x08000000                g_pfnVectors
 *(.text*)
 .text          0x08000188       0x54 c:/program files (x86)/gnu tools arm embedded/4.8 2014q3/bin/../lib/gcc/arm-none-eabi/4.8.4/armv7e-m/crtbegin.o
 .text          0x080001dc       0x74 c:/program files (x86)/gnu tools arm embedded/4.8 2014q3/bin/../lib/gcc/arm-none-eabi/4.8.4/../../../../arm-none-eabi/lib/armv7e-m/crt0.o
                0x080001dc                _start
                0x080001dc                _mainCRTStartup
 .text.SYSCFG_EXTILineConfig
                0x08000250       0x7c ..\obj\stm32f4xx_syscfg.o
                0x08000250                SYSCFG_EXTILineConfig
 .text._ZN18TemperaturSensorenC2Ev
                0x080002cc       0x9c ..\obj\temp_sensors.o
                0x080002cc                TemperaturSensoren::TemperaturSensoren()
                0x080002cc                TemperaturSensoren::TemperaturSensoren()
 .text._ZN18TemperaturSensoren30startTempMeasurementAllSensorsEv
                0x08000368       0x5c ..\obj\temp_sensors.o
                0x08000368                TemperaturSensoren::startTempMeasurementAllSensors()
 .text._ZN18TemperaturSensoren25getAnzahlGefunderSensorenEv
                0x080003c4       0x18 ..\obj\temp_sensors.o
                0x080003c4                TemperaturSensoren::getAnzahlGefunderSensoren()
 .text._ZN18TemperaturSensoren16getAlleTempWerteEPf
                0x080003dc       0x40 ..\obj\temp_sensors.o
                0x080003dc                TemperaturSensoren::getAlleTempWerte(float*)
 .text.TM_DS18B20_StartAll
                0x0800041c       0x18 ..\obj\tm_stm32f4_ds18b20.o
                0x0800041c                TM_DS18B20_StartAll
 .text.TM_DS18B20_Read
                0x08000434      0x19c ..\obj\tm_stm32f4_ds18b20.o
                0x08000434                TM_DS18B20_Read
 .text.TM_DS18B20_GetResolution
                0x080005d0       0x58 ..\obj\tm_stm32f4_ds18b20.o
                0x080005d0                TM_DS18B20_GetResolution
 .text.TM_DS18B20_SetResolution
                0x08000628       0xec ..\obj\tm_stm32f4_ds18b20.o
                0x08000628                TM_DS18B20_SetResolution
 .text.TM_DS18B20_Is
                0x08000714       0x30 ..\obj\tm_stm32f4_ds18b20.o
                0x08000714                TM_DS18B20_Is
 .text.TM_DS18B20_AllDone
                0x08000744       0x10 ..\obj\tm_stm32f4_ds18b20.o
                0x08000744                TM_DS18B20_AllDone
 .text.Audio_MAL_IRQHandler
                0x08000754       0xf8 ..\obj\stm32f4_discovery_audio_codec.o
 .text.DMA1_Stream7_IRQHandler
                0x0800084c        0xc ..\obj\stm32f4_discovery_audio_codec.o
                0x0800084c                DMA1_Stream7_IRQHandler
 .text.DMA1_Stream0_IRQHandler
                0x08000858        0xc ..\obj\stm32f4_discovery_audio_codec.o
                0x08000858                DMA1_Stream0_IRQHandler
 .text.SPI3_IRQHandler
                0x08000864       0x40 ..\obj\stm32f4_discovery_audio_codec.o
                0x08000864                SPI3_IRQHandler
 .text.USART_Init
                0x080008a4      0x174 ..\obj\stm32f4xx_usart.o
                0x080008a4                USART_Init
 .text.USART_Cmd
                0x08000a18       0x40 ..\obj\stm32f4xx_usart.o
                0x08000a18                USART_Cmd
 .text.USART_SendData
                0x08000a58       0x24 ..\obj\stm32f4xx_usart.o
                0x08000a58                USART_SendData
 .text.USART_ReceiveData
                0x08000a7c       0x20 ..\obj\stm32f4xx_usart.o
                0x08000a7c                USART_ReceiveData
 .text.USART_DMACmd
                0x08000a9c       0x48 ..\obj\stm32f4xx_usart.o
                0x08000a9c                USART_DMACmd
 .text.USART_ITConfig
                0x08000ae4       0x90 ..\obj\stm32f4xx_usart.o
                0x08000ae4                USART_ITConfig
 .text.USART_GetFlagStatus
                0x08000b74       0x38 ..\obj\stm32f4xx_usart.o
                0x08000b74                USART_GetFlagStatus
 .text.USART_ClearFlag
                0x08000bac       0x20 ..\obj\stm32f4xx_usart.o
                0x08000bac                USART_ClearFlag
 .text.USART_GetITStatus
                0x08000bcc       0xb0 ..\obj\stm32f4xx_usart.o
                0x08000bcc                USART_GetITStatus
 .text._ZN17QuadratureEncoderC2Ev
                0x08000c7c       0xac ..\obj\quadrature_encoder.o
                0x08000c7c                QuadratureEncoder::QuadratureEncoder()
                0x08000c7c                QuadratureEncoder::QuadratureEncoder()
 .text._ZN17QuadratureEncoder10InitButtonEv
                0x08000d28       0x7c ..\obj\quadrature_encoder.o
                0x08000d28                QuadratureEncoder::InitButton()
 .text._ZN17QuadratureEncoder15hasButtonPressdEv
                0x08000da4       0x28 ..\obj\quadrature_encoder.o
                0x08000da4                QuadratureEncoder::hasButtonPressd()
 .text._ZN17QuadratureEncoder17resetButtonPressdEv
                0x08000dcc       0x1c ..\obj\quadrature_encoder.o
                0x08000dcc                QuadratureEncoder::resetButtonPressd()
 .text._ZN17QuadratureEncoder5resetEv
                0x08000de8       0x24 ..\obj\quadrature_encoder.o
                0x08000de8                QuadratureEncoder::reset()
 .text._ZN17QuadratureEncoder4readEv
                0x08000e0c       0x50 ..\obj\quadrature_encoder.o
                0x08000e0c                QuadratureEncoder::read()
 .text._ZN17QuadratureEncoder12getRotaryPosEv
                0x08000e5c       0x1c ..\obj\quadrature_encoder.o
                0x08000e5c                QuadratureEncoder::getRotaryPos()
 .text.EXTI9_5_IRQHandler
                0x08000e78       0x34 ..\obj\quadrature_encoder.o
                0x08000e78                EXTI9_5_IRQHandler
 .text._ZN3LedC2Ev
                0x08000eac       0x18 ..\obj\led.o
                0x08000eac                Led::Led()
                0x08000eac                Led::Led()
 .text._ZN3LedD2Ev
                0x08000ec4       0x18 ..\obj\led.o
                0x08000ec4                Led::~Led()
                0x08000ec4                Led::~Led()
 .text._ZN3Led2OnEv
                0x08000edc       0x14 ..\obj\led.o
                0x08000edc                Led::On()
 .text._ZN3Led3OffEv
                0x08000ef0       0x14 ..\obj\led.o
                0x08000ef0                Led::Off()
 .text.DAC_SetChannel1Data
                0x08000f04       0x34 ..\obj\stm32f4xx_dac.o
                0x08000f04                DAC_SetChannel1Data
 .text._ZN7StepperC2Ev
                0x08000f38       0x20 ..\obj\stepper.o
                0x08000f38                Stepper::Stepper()
                0x08000f38                Stepper::Stepper()
 .text._ZN7Stepper4InitEv
                0x08000f58       0x74 ..\obj\stepper.o
                0x08000f58                Stepper::Init()
 .text._ZN7Stepper4LeftEii
                0x08000fcc       0x48 ..\obj\stepper.o
                0x08000fcc                Stepper::Left(int, int)
 .text._ZN7Stepper5RightEii
                0x08001014       0x48 ..\obj\stepper.o
                0x08001014                Stepper::Right(int, int)
 .text._ZN7Stepper7Go2StepEi
                0x0800105c       0x64 ..\obj\stepper.o
                0x0800105c                Stepper::Go2Step(int)
 .text._ZN7Stepper8LeerlaufEv
                0x080010c0       0x30 ..\obj\stepper.o
                0x080010c0                Stepper::Leerlauf()
 .text._ZN7Stepper7RunStepEv
                0x080010f0       0xb8 ..\obj\stepper.o
                0x080010f0                Stepper::RunStep()
 .text._ZN7Stepper15EnableSingeltonEv
                0x080011a8       0x1c ..\obj\stepper.o
                0x080011a8                Stepper::EnableSingelton()
 .text._ZN7Stepper8InitTim2Eii
                0x080011c4       0x80 ..\obj\stepper.o
                0x080011c4                Stepper::InitTim2(int, int)
 *fill*         0x08001244        0x4 
 .text._ZN7Stepper20GetPositionInProzentEv
                0x08001248       0x60 ..\obj\stepper.o
                0x08001248                Stepper::GetPositionInProzent()
 .text.TIM2_IRQHandler
                0x080012a8      0x230 ..\obj\stepper.o
                0x080012a8                TIM2_IRQHandler
 .text.Default_Reset_Handler
                0x080014d8       0x5c ..\obj\startup_stm32f4xx.o
                0x080014d8                Default_Reset_Handler
                0x080014d8                Reset_Handler
 .text.Default_Handler
                0x08001534        0x8 ..\obj\startup_stm32f4xx.o
                0x08001534                RTC_Alarm_IRQHandler
                0x08001534                HASH_RNG_IRQHandler
                0x08001534                EXTI2_IRQHandler
                0x08001534                TIM8_CC_IRQHandler
                0x08001534                DebugMon_Handler
                0x08001534                TIM1_CC_IRQHandler
                0x08001534                DMA2_Stream5_IRQHandler
                0x08001534                HardFault_Handler
                0x08001534                PVD_IRQHandler
                0x08001534                SDIO_IRQHandler
                0x08001534                TAMP_STAMP_IRQHandler
                0x08001534                PendSV_Handler
                0x08001534                NMI_Handler
                0x08001534                CAN2_RX1_IRQHandler
                0x08001534                EXTI3_IRQHandler
                0x08001534                TIM8_TRG_COM_TIM14_IRQHandler
                0x08001534                TIM1_UP_TIM10_IRQHandler
                0x08001534                TIM8_UP_TIM13_IRQHandler
                0x08001534                I2C3_ER_IRQHandler
                0x08001534                EXTI0_IRQHandler
                0x08001534                I2C2_EV_IRQHandler
                0x08001534                DMA1_Stream2_IRQHandler
                0x08001534                CAN1_RX0_IRQHandler
                0x08001534                FPU_IRQHandler
                0x08001534                OTG_HS_WKUP_IRQHandler
                0x08001534                UsageFault_Handler
                0x08001534                CAN2_SCE_IRQHandler
                0x08001534                DMA2_Stream2_IRQHandler
                0x08001534                SPI1_IRQHandler
                0x08001534                TIM6_DAC_IRQHandler
                0x08001534                TIM1_BRK_TIM9_IRQHandler
                0x08001534                DCMI_IRQHandler
                0x08001534                CAN2_RX0_IRQHandler
                0x08001534                DMA2_Stream3_IRQHandler
                0x08001534                USART6_IRQHandler
                0x08001534                CRYP_IRQHandler
                0x08001534                CAN1_RX1_IRQHandler
                0x08001534                UART5_IRQHandler
                0x08001534                DMA2_Stream0_IRQHandler
                0x08001534                TIM4_IRQHandler
                0x08001534                I2C1_EV_IRQHandler
                0x08001534                DMA1_Stream6_IRQHandler
                0x08001534                DMA1_Stream1_IRQHandler
                0x08001534                UART4_IRQHandler
                0x08001534                TIM3_IRQHandler
                0x08001534                RCC_IRQHandler
                0x08001534                TIM8_BRK_TIM12_IRQHandler
                0x08001534                EXTI15_10_IRQHandler
                0x08001534                ADC_IRQHandler
                0x08001534                TIM7_IRQHandler
                0x08001534                CAN2_TX_IRQHandler
                0x08001534                TIM5_IRQHandler
                0x08001534                DMA2_Stream7_IRQHandler
                0x08001534                I2C3_EV_IRQHandler
                0x08001534                RTC_WKUP_IRQHandler
                0x08001534                ETH_WKUP_IRQHandler
                0x08001534                SPI2_IRQHandler
                0x08001534                OTG_HS_EP1_IN_IRQHandler
                0x08001534                MemManage_Handler
                0x08001534                CAN1_TX_IRQHandler
                0x08001534                SVC_Handler
                0x08001534                EXTI4_IRQHandler
                0x08001534                FSMC_IRQHandler
                0x08001534                ETH_IRQHandler
                0x08001534                OTG_HS_EP1_OUT_IRQHandler
                0x08001534                WWDG_IRQHandler
                0x08001534                OTG_FS_WKUP_IRQHandler
                0x08001534                TIM1_TRG_COM_TIM11_IRQHandler
                0x08001534                OTG_HS_IRQHandler
                0x08001534                EXTI1_IRQHandler
                0x08001534                I2C2_ER_IRQHandler
                0x08001534                DMA2_Stream1_IRQHandler
                0x08001534                CAN1_SCE_IRQHandler
                0x08001534                FLASH_IRQHandler
                0x08001534                DMA2_Stream4_IRQHandler
                0x08001534                BusFault_Handler
                0x08001534                USART1_IRQHandler
                0x08001534                OTG_FS_IRQHandler
                0x08001534                DMA1_Stream4_IRQHandler
                0x08001534                I2C1_ER_IRQHandler
                0x08001534                DMA2_Stream6_IRQHandler
 .text.STM_EVAL_LEDInit
                0x0800153c       0x5c ..\obj\stm32f4_discovery.o
                0x0800153c                STM_EVAL_LEDInit
 .text.STM_EVAL_LEDOn
                0x08001598       0x30 ..\obj\stm32f4_discovery.o
                0x08001598                STM_EVAL_LEDOn
 .text.STM_EVAL_LEDOff
                0x080015c8       0x30 ..\obj\stm32f4_discovery.o
                0x080015c8                STM_EVAL_LEDOff
 .text.main     0x080015f8      0x384 ..\obj\main.o
                0x080015f8                main
 .text._Z41__static_initialization_and_destruction_0ii
                0x0800197c       0x3c ..\obj\main.o
 .text._GLOBAL__sub_I_OutputString
                0x080019b8       0x10 ..\obj\main.o
 .text.RCC_GetClocksFreq
                0x080019c8      0x154 ..\obj\stm32f4xx_rcc.o
                0x080019c8                RCC_GetClocksFreq
 .text.RCC_AHB1PeriphClockCmd
                0x08001b1c       0x3c ..\obj\stm32f4xx_rcc.o
                0x08001b1c                RCC_AHB1PeriphClockCmd
 .text.RCC_APB1PeriphClockCmd
                0x08001b58       0x3c ..\obj\stm32f4xx_rcc.o
                0x08001b58                RCC_APB1PeriphClockCmd
 .text.RCC_APB2PeriphClockCmd
                0x08001b94       0x3c ..\obj\stm32f4xx_rcc.o
                0x08001b94                RCC_APB2PeriphClockCmd
 .text.RCC_APB2PeriphResetCmd
                0x08001bd0       0x3c ..\obj\stm32f4xx_rcc.o
                0x08001bd0                RCC_APB2PeriphResetCmd
 .text._ZN7FassadeC2Ev
                0x08001c0c       0x20 ..\obj\fassade.o
                0x08001c0c                Fassade::Fassade()
                0x08001c0c                Fassade::Fassade()
 .text._ZN7FassadeC2Ei
                0x08001c2c       0x28 ..\obj\fassade.o
                0x08001c2c                Fassade::Fassade(int)
                0x08001c2c                Fassade::Fassade(int)
 .text._ZN7Fassade16InitGewaechshausEv
                0x08001c54       0x4c ..\obj\fassade.o
                0x08001c54                Fassade::InitGewaechshaus()
 .text._ZN7Fassade15RegelungFensterEv
                0x08001ca0      0x300 ..\obj\fassade.o
                0x08001ca0                Fassade::RegelungFenster()
 .text._ZN7Fassade15Window2PositionEi
                0x08001fa0       0x64 ..\obj\fassade.o
                0x08001fa0                Fassade::Window2Position(int)
 .text._ZN7Fassade19UpdateDisplayValuesEv
                0x08002004      0x19c ..\obj\fassade.o
                0x08002004                Fassade::UpdateDisplayValues()
 .text._ZN7Fassade20UpdateDisplayValues2Ev
                0x080021a0       0xb4 ..\obj\fassade.o
                0x080021a0                Fassade::UpdateDisplayValues2()
 .text._ZN7Fassade19TerminalDisplayTempEv
                0x08002254       0xe4 ..\obj\fassade.o
                0x08002254                Fassade::TerminalDisplayTemp()
 .text._ZN7Fassade11SetSolltempEf
                0x08002338       0x20 ..\obj\fassade.o
                0x08002338                Fassade::SetSolltemp(float)
 .text._ZN7Fassade11GetSolltempEv
                0x08002358       0x1c ..\obj\fassade.o
                0x08002358                Fassade::GetSolltemp()
 .text._ZN10AmpermeterC2Ev
                0x08002374       0x18 ..\obj\ampermeter.o
                0x08002374                Ampermeter::Ampermeter()
                0x08002374                Ampermeter::Ampermeter()
 *fill*         0x0800238c        0x4 
 .text._ZN10Ampermeter10getCurrentEv
                0x08002390       0x70 ..\obj\ampermeter.o
                0x08002390                Ampermeter::getCurrent()
 .text.ADC_DeInit
                0x08002400       0x1c ..\obj\stm32f4xx_adc.o
                0x08002400                ADC_DeInit
 .text.ADC_Init
                0x0800241c       0xa8 ..\obj\stm32f4xx_adc.o
                0x0800241c                ADC_Init
 .text.ADC_CommonInit
                0x080024c4       0x50 ..\obj\stm32f4xx_adc.o
                0x080024c4                ADC_CommonInit
 .text.ADC_Cmd  0x08002514       0x38 ..\obj\stm32f4xx_adc.o
                0x08002514                ADC_Cmd
 .text.ADC_RegularChannelConfig
                0x0800254c      0x188 ..\obj\stm32f4xx_adc.o
                0x0800254c                ADC_RegularChannelConfig
 .text.ADC_SoftwareStartConv
                0x080026d4       0x20 ..\obj\stm32f4xx_adc.o
                0x080026d4                ADC_SoftwareStartConv
 .text.ADC_DMACmd
                0x080026f4       0x38 ..\obj\stm32f4xx_adc.o
                0x080026f4                ADC_DMACmd
 .text.ADC_DMARequestAfterLastTransferCmd
                0x0800272c       0x38 ..\obj\stm32f4xx_adc.o
                0x0800272c                ADC_DMARequestAfterLastTransferCmd
 .text.NVIC_SetPriority
                0x08002764       0x54 ..\obj\stm32_ub_systick.o
 .text.SysTick_Config
                0x080027b8       0x44 ..\obj\stm32_ub_systick.o
 .text.UB_Systick_Init
                0x080027fc       0x68 ..\obj\stm32_ub_systick.o
                0x080027fc                UB_Systick_Init
 .text.UB_Systick_Pause_us
                0x08002864       0x28 ..\obj\stm32_ub_systick.o
                0x08002864                UB_Systick_Pause_us
 .text.SysTick_Handler
                0x0800288c       0x7c ..\obj\stm32_ub_systick.o
                0x0800288c                SysTick_Handler
 .text._ZN7DisplayC2Ei
                0x08002908       0x2c ..\obj\display.o
                0x08002908                Display::Display(int)
                0x08002908                Display::Display(int)
 .text._ZN7Display10SendViaDmaEPci
                0x08002934       0xac ..\obj\display.o
                0x08002934                Display::SendViaDma(char*, int)
 .text._ZN7Display4InitEv
                0x080029e0       0xa4 ..\obj\display.o
                0x080029e0                Display::Init()
 .text._ZN7Display7PutCharEti
                0x08002a84       0x6c ..\obj\display.o
                0x08002a84                Display::PutChar(unsigned short, int)
 .text._ZN7Display10SendStringEPci
                0x08002af0       0x64 ..\obj\display.o
                0x08002af0                Display::SendString(char*, int)
 .text._ZN7Display11SendMessageEPci
                0x08002b54       0x58 ..\obj\display.o
                0x08002b54                Display::SendMessage(char*, int)
 .text._ZN7Display8SendByteEPcii
                0x08002bac       0x6c ..\obj\display.o
                0x08002bac                Display::SendByte(char*, int, int)
 .text._ZN7Display9BacklightEci
                0x08002c18       0x4c ..\obj\display.o
                0x08002c18                Display::Backlight(char, int)
 .text._ZN7Display14SpecialCommandEci
                0x08002c64       0x40 ..\obj\display.o
                0x08002c64                Display::SpecialCommand(char, int)
 .text._ZN7Display17SetCursorPositionEcci
                0x08002ca4       0x80 ..\obj\display.o
                0x08002ca4                Display::SetCursorPosition(char, char, int)
 .text.TM_OneWire_Init
                0x08002d24       0x40 ..\obj\tm_stm32f4_onewire.o
                0x08002d24                TM_OneWire_Init
 .text.TM_OneWire_Reset
                0x08002d64       0x5c ..\obj\tm_stm32f4_onewire.o
                0x08002d64                TM_OneWire_Reset
 .text.TM_OneWire_ReadBit
                0x08002dc0       0x64 ..\obj\tm_stm32f4_onewire.o
                0x08002dc0                TM_OneWire_ReadBit
 .text.TM_OneWire_ReadByte
                0x08002e24       0x3c ..\obj\tm_stm32f4_onewire.o
                0x08002e24                TM_OneWire_ReadByte
 .text.TM_OneWire_WriteBit
                0x08002e60       0x5c ..\obj\tm_stm32f4_onewire.o
                0x08002e60                TM_OneWire_WriteBit
 .text.TM_OneWire_WriteByte
                0x08002ebc       0x34 ..\obj\tm_stm32f4_onewire.o
                0x08002ebc                TM_OneWire_WriteByte
 .text.TM_OneWire_First
                0x08002ef0       0x14 ..\obj\tm_stm32f4_onewire.o
                0x08002ef0                TM_OneWire_First
 .text.TM_OneWire_Next
                0x08002f04       0x10 ..\obj\tm_stm32f4_onewire.o
                0x08002f04                TM_OneWire_Next
 .text.TM_OneWire_ResetSearch
                0x08002f14       0x2c ..\obj\tm_stm32f4_onewire.o
                0x08002f14                TM_OneWire_ResetSearch
 .text.TM_OneWire_Search
                0x08002f40      0x180 ..\obj\tm_stm32f4_onewire.o
                0x08002f40                TM_OneWire_Search
 .text.TM_OneWire_SelectWithPointer
                0x080030c0       0x34 ..\obj\tm_stm32f4_onewire.o
                0x080030c0                TM_OneWire_SelectWithPointer
 .text.TM_OneWire_GetFullROM
                0x080030f4       0x38 ..\obj\tm_stm32f4_onewire.o
                0x080030f4                TM_OneWire_GetFullROM
 .text._ZN8TerminalC2Ei
                0x0800312c       0x74 ..\obj\terminal.o
                0x0800312c                Terminal::Terminal(int)
                0x0800312c                Terminal::Terminal(int)
 .text._ZN8Terminal11buffer_initEv
                0x080031a0       0x34 ..\obj\terminal.o
                0x080031a0                Terminal::buffer_init()
 .text._ZN8Terminal8BufferInEc
                0x080031d4       0x88 ..\obj\terminal.o
                0x080031d4                Terminal::BufferIn(char)
 .text._ZN8Terminal9BufferOutEPc
                0x0800325c       0x68 ..\obj\terminal.o
                0x0800325c                Terminal::BufferOut(char*)
 .text._ZN8Terminal10ReadBufferEPc
                0x080032c4       0x54 ..\obj\terminal.o
                0x080032c4                Terminal::ReadBuffer(char*)
 .text._ZN8Terminal13usart3InitDMAEv
                0x08003318       0xc8 ..\obj\terminal.o
                0x08003318                Terminal::usart3InitDMA()
 .text._ZN8Terminal10SendViaDmaEPci
                0x080033e0       0xbc ..\obj\terminal.o
                0x080033e0                Terminal::SendViaDma(char*, int)
 .text._ZN8Terminal10usart3InitEv
                0x0800349c       0xe0 ..\obj\terminal.o
                0x0800349c                Terminal::usart3Init()
 .text._ZN8Terminal11uartPutCharEt
                0x0800357c       0x3c ..\obj\terminal.o
                0x0800357c                Terminal::uartPutChar(unsigned short)
 .text._ZN8Terminal14uartSendStringEPc
                0x080035b8       0x2c ..\obj\terminal.o
                0x080035b8                Terminal::uartSendString(char*)
 .text._ZN8Terminal11SendMessageEPc
                0x080035e4       0x24 ..\obj\terminal.o
                0x080035e4                Terminal::SendMessage(char*)
 .text._ZN8Terminal18IsCommandoAvalibleEv
                0x08003608       0x8c ..\obj\terminal.o
                0x08003608                Terminal::IsCommandoAvalible()
 .text._ZN8Terminal15ProzessCommandoEv
                0x08003694       0x84 ..\obj\terminal.o
                0x08003694                Terminal::ProzessCommando()
 .text._ZN8Terminal15CommandoProzessEPc
                0x08003718      0x29c ..\obj\terminal.o
                0x08003718                Terminal::CommandoProzess(char*)
 .text._ZN8Terminal15EnableSingeltonEv
                0x080039b4       0x1c ..\obj\terminal.o
                0x080039b4                Terminal::EnableSingelton()
 .text.DMA1_Stream3_IRQHandler
                0x080039d0       0x30 ..\obj\terminal.o
                0x080039d0                DMA1_Stream3_IRQHandler
 .text.USART3_IRQHandler
                0x08003a00       0x48 ..\obj\terminal.o
                0x08003a00                USART3_IRQHandler
 .text._ZN4MenuC2Ev
                0x08003a48       0x44 ..\obj\menu.o
                0x08003a48                Menu::Menu()
                0x08003a48                Menu::Menu()
 .text._ZN4Menu4InitEv
                0x08003a8c       0x28 ..\obj\menu.o
                0x08003a8c                Menu::Init()
 .text._ZN4Menu9PrintMenuEP8menu_str
                0x08003ab4       0x78 ..\obj\menu.o
                0x08003ab4                Menu::PrintMenu(menu_str*)
 .text._ZN4Menu6MenuUPEv
                0x08003b2c       0x24 ..\obj\menu.o
                0x08003b2c                Menu::MenuUP()
 .text._ZN4Menu6CursorEi
                0x08003b50      0x110 ..\obj\menu.o
                0x08003b50                Menu::Cursor(int)
 .text._ZN4Menu6SubmitEv
                0x08003c60       0xd8 ..\obj\menu.o
                0x08003c60                Menu::Submit()
 .text._ZN4Menu11DisplayMenuEi
                0x08003d38       0xe4 ..\obj\menu.o
                0x08003d38                Menu::DisplayMenu(int)
 .text._ZN4Menu10DrawCursorEv
                0x08003e1c       0x98 ..\obj\menu.o
                0x08003e1c                Menu::DrawCursor()
 .text._ZN4Menu11SetSollwertEf
                0x08003eb4       0x64 ..\obj\menu.o
                0x08003eb4                Menu::SetSollwert(float)
 .text.GPIO_Init
                0x08003f18      0x11c ..\obj\stm32f4xx_gpio.o
                0x08003f18                GPIO_Init
 .text.GPIO_ReadInputDataBit
                0x08004034       0x34 ..\obj\stm32f4xx_gpio.o
                0x08004034                GPIO_ReadInputDataBit
 .text.GPIO_SetBits
                0x08004068       0x1c ..\obj\stm32f4xx_gpio.o
                0x08004068                GPIO_SetBits
 .text.GPIO_ResetBits
                0x08004084       0x1c ..\obj\stm32f4xx_gpio.o
                0x08004084                GPIO_ResetBits
 .text.GPIO_WriteBit
                0x080040a0       0x30 ..\obj\stm32f4xx_gpio.o
                0x080040a0                GPIO_WriteBit
 .text.GPIO_PinAFConfig
                0x080040d0       0x8c ..\obj\stm32f4xx_gpio.o
                0x080040d0                GPIO_PinAFConfig
 .text.SystemInit
                0x0800415c       0x58 ..\obj\system_stm32f4xx.o
                0x0800415c                SystemInit
 .text.SetSysClock
                0x080041b4       0xf4 ..\obj\system_stm32f4xx.o
 .text.DMA_DeInit
                0x080042a8      0x1a4 ..\obj\stm32f4xx_dma.o
                0x080042a8                DMA_DeInit
 .text.DMA_Init
                0x0800444c       0xac ..\obj\stm32f4xx_dma.o
                0x0800444c                DMA_Init
 .text.DMA_Cmd  0x080044f8       0x38 ..\obj\stm32f4xx_dma.o
                0x080044f8                DMA_Cmd
 .text.DMA_GetCmdStatus
                0x08004530       0x30 ..\obj\stm32f4xx_dma.o
                0x08004530                DMA_GetCmdStatus
 .text.DMA_GetFlagStatus
                0x08004560       0x78 ..\obj\stm32f4xx_dma.o
                0x08004560                DMA_GetFlagStatus
 .text.DMA_ClearFlag
                0x080045d8       0x5c ..\obj\stm32f4xx_dma.o
                0x080045d8                DMA_ClearFlag
 .text.DMA_ITConfig
                0x08004634       0x74 ..\obj\stm32f4xx_dma.o
                0x08004634                DMA_ITConfig
 .text.DMA_GetITStatus
                0x080046a8       0xb0 ..\obj\stm32f4xx_dma.o
                0x080046a8                DMA_GetITStatus
 .text.DMA_ClearITPendingBit
                0x08004758       0x5c ..\obj\stm32f4xx_dma.o
                0x08004758                DMA_ClearITPendingBit
 .text._ZN22AnalogDigitalConverterC2Ev
                0x080047b4      0x154 ..\obj\adc.o
                0x080047b4                AnalogDigitalConverter::AnalogDigitalConverter()
                0x080047b4                AnalogDigitalConverter::AnalogDigitalConverter()
 .text._ZN22AnalogDigitalConverter26getConvertedValueAsVoltageEi
                0x08004908       0x50 ..\obj\adc.o
                0x08004908                AnalogDigitalConverter::getConvertedValueAsVoltage(int)
 .text.EVAL_AUDIO_TransferComplete_CallBack
                0x08004958       0x14 ..\obj\stm32f4_discovery_callbacks.o
                0x08004958                EVAL_AUDIO_TransferComplete_CallBack
 .text.EVAL_AUDIO_GetSampleCallBack
                0x0800496c       0x10 ..\obj\stm32f4_discovery_callbacks.o
                0x0800496c                EVAL_AUDIO_GetSampleCallBack
 .text.SPI_I2S_SendData
                0x0800497c       0x1c ..\obj\stm32f4xx_spi.o
                0x0800497c                SPI_I2S_SendData
 .text.SPI_I2S_GetFlagStatus
                0x08004998       0x38 ..\obj\stm32f4xx_spi.o
                0x08004998                SPI_I2S_GetFlagStatus
 .text.EXTI_Init
                0x080049d0       0xdc ..\obj\stm32f4xx_exti.o
                0x080049d0                EXTI_Init
 .text.EXTI_GetITStatus
                0x08004aac       0x48 ..\obj\stm32f4xx_exti.o
                0x08004aac                EXTI_GetITStatus
 .text.EXTI_ClearITPendingBit
                0x08004af4       0x1c ..\obj\stm32f4xx_exti.o
                0x08004af4                EXTI_ClearITPendingBit
 .text.NVIC_PriorityGroupConfig
                0x08004b10       0x24 ..\obj\misc.o
                0x08004b10                NVIC_PriorityGroupConfig
 .text.NVIC_Init
                0x08004b34       0xbc ..\obj\misc.o
                0x08004b34                NVIC_Init
 .text.TIM_TimeBaseInit
                0x08004bf0       0xd4 ..\obj\stm32f4xx_tim.o
                0x08004bf0                TIM_TimeBaseInit
 .text.TIM_SetAutoreload
                0x08004cc4       0x1c ..\obj\stm32f4xx_tim.o
                0x08004cc4                TIM_SetAutoreload
 .text.TIM_GetCounter
                0x08004ce0       0x18 ..\obj\stm32f4xx_tim.o
                0x08004ce0                TIM_GetCounter
 .text.TIM_Cmd  0x08004cf8       0x40 ..\obj\stm32f4xx_tim.o
                0x08004cf8                TIM_Cmd
 .text.TIM_ICStructInit
                0x08004d38       0x30 ..\obj\stm32f4xx_tim.o
                0x08004d38                TIM_ICStructInit
 .text.TIM_ITConfig
                0x08004d68       0x48 ..\obj\stm32f4xx_tim.o
                0x08004d68                TIM_ITConfig
 .text.TIM_GetITStatus
                0x08004db0       0x54 ..\obj\stm32f4xx_tim.o
                0x08004db0                TIM_GetITStatus
 .text.TIM_ClearITPendingBit
                0x08004e04       0x20 ..\obj\stm32f4xx_tim.o
                0x08004e04                TIM_ClearITPendingBit
 .text.TIM_EncoderInterfaceConfig
                0x08004e24       0x8c ..\obj\stm32f4xx_tim.o
                0x08004e24                TIM_EncoderInterfaceConfig
 .text._ZN4XbeeC2Eii
                0x08004eb0       0x84 ..\obj\xbee.o
                0x08004eb0                Xbee::Xbee(int, int)
                0x08004eb0                Xbee::Xbee(int, int)
 .text._ZN4Xbee11buffer_initEv
                0x08004f34       0x34 ..\obj\xbee.o
                0x08004f34                Xbee::buffer_init()
 .text._ZN4Xbee8BufferInEc
                0x08004f68       0x88 ..\obj\xbee.o
                0x08004f68                Xbee::BufferIn(char)
 .text._ZN4Xbee9BufferOutEPc
                0x08004ff0       0x68 ..\obj\xbee.o
                0x08004ff0                Xbee::BufferOut(char*)
 .text._ZN4Xbee10ReadBufferEPc
                0x08005058       0x54 ..\obj\xbee.o
                0x08005058                Xbee::ReadBuffer(char*)
 .text._ZN4Xbee7InitDMAEv
                0x080050ac       0xc8 ..\obj\xbee.o
                0x080050ac                Xbee::InitDMA()
 .text._ZN4Xbee4InitEv
                0x08005174       0xd0 ..\obj\xbee.o
                0x08005174                Xbee::Init()
 .text._ZN4Xbee7PutCharEt
                0x08005244       0x3c ..\obj\xbee.o
                0x08005244                Xbee::PutChar(unsigned short)
 .text._ZN4Xbee16SendTransmissionEccccPcc
                0x08005280       0xd4 ..\obj\xbee.o
                0x08005280                Xbee::SendTransmission(char, char, char, char, char*, char)
 .text._ZN4Xbee18IsCommandoAvalibleEv
                0x08005354       0x70 ..\obj\xbee.o
                0x08005354                Xbee::IsCommandoAvalible()
 .text._ZN4Xbee15ProzessCommandoEv
                0x080053c4       0xfc ..\obj\xbee.o
                0x080053c4                Xbee::ProzessCommando()
 .text._ZN4Xbee15CommandoProzessEPc
                0x080054c0      0x28c ..\obj\xbee.o
                0x080054c0                Xbee::CommandoProzess(char*)
 .text.DMA1_Stream5_IRQHandler
                0x0800574c       0x30 ..\obj\xbee.o
                0x0800574c                DMA1_Stream5_IRQHandler
 .text.USART2_IRQHandler
                0x0800577c       0x54 ..\obj\xbee.o
                0x0800577c                USART2_IRQHandler
 .text          0x080057d0      0x370 c:/program files (x86)/gnu tools arm embedded/4.8 2014q3/bin/../lib/gcc/arm-none-eabi/4.8.4/armv7e-m\libgcc.a(_arm_addsubdf3.o)
                0x080057d0                __aeabi_drsub
                0x080057d8                __aeabi_dsub
                0x080057d8                __subdf3
                0x080057dc                __aeabi_dadd
                0x080057dc                __adddf3
                0x08005a54                __floatunsidf
                0x08005a54                __aeabi_ui2d
                0x08005a74                __floatsidf
                0x08005a74                __aeabi_i2d
                0x08005a98                __aeabi_f2d
                0x08005a98                __extendsfdf2
                0x08005ad4                __floatundidf
                0x08005ad4                __aeabi_ul2d
                0x08005ae4                __floatdidf
                0x08005ae4                __aeabi_l2d
 .text          0x08005b40      0x424 c:/program files (x86)/gnu tools arm embedded/4.8 2014q3/bin/../lib/gcc/arm-none-eabi/4.8.4/armv7e-m\libgcc.a(_arm_muldivdf3.o)
                0x08005b40                __aeabi_dmul
                0x08005b40                __muldf3
                0x08005d94                __divdf3
                0x08005d94                __aeabi_ddiv
 .text          0x08005f64       0x50 c:/program files (x86)/gnu tools arm embedded/4.8 2014q3/bin/../lib/gcc/arm-none-eabi/4.8.4/armv7e-m\libgcc.a(_arm_fixdfsi.o)
                0x08005f64                __aeabi_d2iz
                0x08005f64                __fixdfsi
 .text          0x08005fb4       0xa0 c:/program files (x86)/gnu tools arm embedded/4.8 2014q3/bin/../lib/gcc/arm-none-eabi/4.8.4/armv7e-m\libgcc.a(_arm_truncdfsf2.o)
                0x08005fb4                __truncdfsf2
                0x08005fb4                __aeabi_d2f
 .text          0x08006054      0x21c c:/program files (x86)/gnu tools arm embedded/4.8 2014q3/bin/../lib/gcc/arm-none-eabi/4.8.4/armv7e-m\libgcc.a(_arm_addsubsf3.o)
                0x08006054                __aeabi_frsub
                0x0800605c                __subsf3
                0x0800605c                __aeabi_fsub
                0x08006060                __aeabi_fadd
                0x08006060                __addsf3
                0x080061c0                __aeabi_ui2f
                0x080061c0                __floatunsisf
                0x080061c8                __aeabi_i2f
                0x080061c8                __floatsisf
                0x080061e4                __aeabi_ul2f
                0x080061e4                __floatundisf
                0x080061f4                __aeabi_l2f
                0x080061f4                __floatdisf
 .text          0x08006270      0x2a0 c:/program files (x86)/gnu tools arm embedded/4.8 2014q3/bin/../lib/gcc/arm-none-eabi/4.8.4/armv7e-m\libgcc.a(_arm_muldivsf3.o)
                0x08006270                __mulsf3
                0x08006270                __aeabi_fmul
                0x080063d8                __aeabi_fdiv
                0x080063d8                __divsf3
 .text          0x08006510       0xec c:/program files (x86)/gnu tools arm embedded/4.8 2014q3/bin/../lib/gcc/arm-none-eabi/4.8.4/armv7e-m\libgcc.a(_arm_cmpsf2.o)
                0x08006510                __gesf2
                0x08006510                __gtsf2
                0x08006518                __lesf2
                0x08006518                __ltsf2
                0x08006520                __nesf2
                0x08006520                __eqsf2
                0x08006520                __cmpsf2
                0x08006580                __aeabi_cfrcmple
                0x08006588                __aeabi_cfcmpeq
                0x08006588                __aeabi_cfcmple
                0x08006598                __aeabi_fcmpeq
                0x080065ac                __aeabi_fcmplt
                0x080065c0                __aeabi_fcmple
                0x080065d4                __aeabi_fcmpge
                0x080065e8                __aeabi_fcmpgt
 .text          0x080065fc       0x4c c:/program files (x86)/gnu tools arm embedded/4.8 2014q3/bin/../lib/gcc/arm-none-eabi/4.8.4/armv7e-m\libgcc.a(_arm_fixsfsi.o)
                0x080065fc                __aeabi_f2iz
                0x080065fc                __fixsfsi
 .text          0x08006648      0xa1c c:/program files (x86)/gnu tools arm embedded/4.8 2014q3/bin/../lib/gcc/arm-none-eabi/4.8.4/armv7e-m\libgcc.a(unwind-arm.o)
                0x0800692c                _Unwind_GetCFA
                0x08006930                __gnu_Unwind_RaiseException
                0x08006990                __gnu_Unwind_ForcedUnwind
                0x080069a4                __gnu_Unwind_Resume
                0x080069e8                __gnu_Unwind_Resume_or_Rethrow
                0x080069f8                _Unwind_Complete
                0x080069fc                _Unwind_DeleteException
                0x08006a0c                _Unwind_VRS_Get
                0x08006a5c                _Unwind_VRS_Set
                0x08006aac                __gnu_Unwind_Backtrace
                0x08006e00                __aeabi_unwind_cpp_pr0
                0x08006e08                __aeabi_unwind_cpp_pr1
                0x08006e10                __aeabi_unwind_cpp_pr2
                0x08006e18                _Unwind_VRS_Pop
 .text          0x08007064      0x1ac c:/program files (x86)/gnu tools arm embedded/4.8 2014q3/bin/../lib/gcc/arm-none-eabi/4.8.4/armv7e-m\libgcc.a(libunwind.o)
                0x08007064                __restore_core_regs
                0x08007064                restore_core_regs
                0x0800707c                __gnu_Unwind_Restore_VFP
                0x08007084                __gnu_Unwind_Save_VFP
                0x0800708c                __gnu_Unwind_Restore_VFP_D
                0x08007094                __gnu_Unwind_Save_VFP_D
                0x0800709c                __gnu_Unwind_Restore_VFP_D_16_to_31
                0x080070a4                __gnu_Unwind_Save_VFP_D_16_to_31
                0x080070ac                __gnu_Unwind_Restore_WMMXD
                0x080070f0                __gnu_Unwind_Save_WMMXD
                0x08007134                __gnu_Unwind_Restore_WMMXC
                0x08007148                __gnu_Unwind_Save_WMMXC
                0x0800715c                ___Unwind_RaiseException
                0x0800715c                _Unwind_RaiseException
                0x08007180                _Unwind_Resume
                0x08007180                ___Unwind_Resume
                0x080071a4                _Unwind_Resume_or_Rethrow
                0x080071a4                ___Unwind_Resume_or_Rethrow
                0x080071c8                _Unwind_ForcedUnwind
                0x080071c8                ___Unwind_ForcedUnwind
                0x080071ec                ___Unwind_Backtrace
                0x080071ec                _Unwind_Backtrace
 .text          0x08007210      0x33c c:/program files (x86)/gnu tools arm embedded/4.8 2014q3/bin/../lib/gcc/arm-none-eabi/4.8.4/armv7e-m\libgcc.a(pr-support.o)
                0x08007264                __gnu_unwind_execute
                0x080074f0                __gnu_unwind_frame
                0x0800751c                _Unwind_GetRegionStart
                0x08007528                _Unwind_GetLanguageSpecificData
                0x0800753c                _Unwind_GetDataRelBase
                0x08007544                _Unwind_GetTextRelBase
 .text.abort    0x0800754c       0x10 c:/program files (x86)/gnu tools arm embedded/4.8 2014q3/bin/../lib/gcc/arm-none-eabi/4.8.4/../../../../arm-none-eabi/lib/armv7e-m\libc.a(lib_a-abort.o)
                0x0800754c                abort
 .text.__aeabi_atexit
                0x0800755c        0xc c:/program files (x86)/gnu tools arm embedded/4.8 2014q3/bin/../lib/gcc/arm-none-eabi/4.8.4/../../../../arm-none-eabi/lib/armv7e-m\libc.a(lib_a-aeabi_atexit.o)
                0x0800755c                __aeabi_atexit
 .text.atoff    0x08007568        0x8 c:/program files (x86)/gnu tools arm embedded/4.8 2014q3/bin/../lib/gcc/arm-none-eabi/4.8.4/../../../../arm-none-eabi/lib/armv7e-m\libc.a(lib_a-atoff.o)
                0x08007568                atoff
 .text.atoi     0x08007570        0x8 c:/program files (x86)/gnu tools arm embedded/4.8 2014q3/bin/../lib/gcc/arm-none-eabi/4.8.4/../../../../arm-none-eabi/lib/armv7e-m\libc.a(lib_a-atoi.o)
                0x08007570                atoi
 .text.__cxa_atexit
                0x08007578       0x14 c:/program files (x86)/gnu tools arm embedded/4.8 2014q3/bin/../lib/gcc/arm-none-eabi/4.8.4/../../../../arm-none-eabi/lib/armv7e-m\libc.a(lib_a-cxa_atexit.o)
                0x08007578                __cxa_atexit
 .text.exit     0x0800758c       0x20 c:/program files (x86)/gnu tools arm embedded/4.8 2014q3/bin/../lib/gcc/arm-none-eabi/4.8.4/../../../../arm-none-eabi/lib/armv7e-m\libc.a(lib_a-exit.o)
                0x0800758c                exit
 .text.__libc_init_array
                0x080075ac       0x50 c:/program files (x86)/gnu tools arm embedded/4.8 2014q3/bin/../lib/gcc/arm-none-eabi/4.8.4/../../../../arm-none-eabi/lib/armv7e-m\libc.a(lib_a-init.o)
                0x080075ac                __libc_init_array
 .text.malloc   0x080075fc       0x10 c:/program files (x86)/gnu tools arm embedded/4.8 2014q3/bin/../lib/gcc/arm-none-eabi/4.8.4/../../../../arm-none-eabi/lib/armv7e-m\libc.a(lib_a-malloc.o)
                0x080075fc                malloc
 .text.free     0x0800760c       0x10 c:/program files (x86)/gnu tools arm embedded/4.8 2014q3/bin/../lib/gcc/arm-none-eabi/4.8.4/../../../../arm-none-eabi/lib/armv7e-m\libc.a(lib_a-malloc.o)
                0x0800760c                free
 .text._malloc_r
                0x0800761c      0x538 c:/program files (x86)/gnu tools arm embedded/4.8 2014q3/bin/../lib/gcc/arm-none-eabi/4.8.4/../../../../arm-none-eabi/lib/armv7e-m\libc.a(lib_a-mallocr.o)
                0x0800761c                _malloc_r
 .text          0x08007b54      0x134 c:/program files (x86)/gnu tools arm embedded/4.8 2014q3/bin/../lib/gcc/arm-none-eabi/4.8.4/../../../../arm-none-eabi/lib/armv7e-m\libc.a(lib_a-memcpy.o)
                0x08007b54                memcpy
 .text.memset   0x08007c88       0x94 c:/program files (x86)/gnu tools arm embedded/4.8 2014q3/bin/../lib/gcc/arm-none-eabi/4.8.4/../../../../arm-none-eabi/lib/armv7e-m\libc.a(lib_a-memset.o)
                0x08007c88                memset
 .text.__malloc_lock
                0x08007d1c        0x4 c:/program files (x86)/gnu tools arm embedded/4.8 2014q3/bin/../lib/gcc/arm-none-eabi/4.8.4/../../../../arm-none-eabi/lib/armv7e-m\libc.a(lib_a-mlock.o)
                0x08007d1c                __malloc_lock
 .text.__malloc_unlock
                0x08007d20        0x4 c:/program files (x86)/gnu tools arm embedded/4.8 2014q3/bin/../lib/gcc/arm-none-eabi/4.8.4/../../../../arm-none-eabi/lib/armv7e-m\libc.a(lib_a-mlock.o)
                0x08007d20                __malloc_unlock
 .text._sbrk_r  0x08007d24       0x24 c:/program files (x86)/gnu tools arm embedded/4.8 2014q3/bin/../lib/gcc/arm-none-eabi/4.8.4/../../../../arm-none-eabi/lib/armv7e-m\libc.a(lib_a-sbrkr.o)
                0x08007d24                _sbrk_r
 .text._raise_r
                0x08007d48       0x58 c:/program files (x86)/gnu tools arm embedded/4.8 2014q3/bin/../lib/gcc/arm-none-eabi/4.8.4/../../../../arm-none-eabi/lib/armv7e-m\libc.a(lib_a-signal.o)
                0x08007d48                _raise_r
 .text.raise    0x08007da0       0x10 c:/program files (x86)/gnu tools arm embedded/4.8 2014q3/bin/../lib/gcc/arm-none-eabi/4.8.4/../../../../arm-none-eabi/lib/armv7e-m\libc.a(lib_a-signal.o)
                0x08007da0                raise
 .text._kill_r  0x08007db0       0x28 c:/program files (x86)/gnu tools arm embedded/4.8 2014q3/bin/../lib/gcc/arm-none-eabi/4.8.4/../../../../arm-none-eabi/lib/armv7e-m\libc.a(lib_a-signalr.o)
                0x08007db0                _kill_r
 .text._getpid_r
                0x08007dd8        0x4 c:/program files (x86)/gnu tools arm embedded/4.8 2014q3/bin/../lib/gcc/arm-none-eabi/4.8.4/../../../../arm-none-eabi/lib/armv7e-m\libc.a(lib_a-signalr.o)
                0x08007dd8                _getpid_r
 .text.sprintf  0x08007ddc       0x4c c:/program files (x86)/gnu tools arm embedded/4.8 2014q3/bin/../lib/gcc/arm-none-eabi/4.8.4/../../../../arm-none-eabi/lib/armv7e-m\libc.a(lib_a-sprintf.o)
                0x08007ddc                sprintf
 .text          0x08007e28      0x21c c:/program files (x86)/gnu tools arm embedded/4.8 2014q3/bin/../lib/gcc/arm-none-eabi/4.8.4/../../../../arm-none-eabi/lib/armv7e-m\libc.a(lib_a-strcmp.o)
                0x08007e28                strcmp
 .text.strcpy   0x08008044       0xbc c:/program files (x86)/gnu tools arm embedded/4.8 2014q3/bin/../lib/gcc/arm-none-eabi/4.8.4/../../../../arm-none-eabi/lib/armv7e-m\libc.a(lib_a-strcpy.o)
                0x08008044                strcpy
 .text.strlen   0x08008100       0x60 c:/program files (x86)/gnu tools arm embedded/4.8 2014q3/bin/../lib/gcc/arm-none-eabi/4.8.4/../../../../arm-none-eabi/lib/armv7e-m\libc.a(lib_a-strlen.o)
                0x08008100                strlen
 .text.sulp     0x08008160       0x40 c:/program files (x86)/gnu tools arm embedded/4.8 2014q3/bin/../lib/gcc/arm-none-eabi/4.8.4/../../../../arm-none-eabi/lib/armv7e-m\libc.a(lib_a-strtod.o)
 .text._strtod_r
                0x080081a0      0xf40 c:/program files (x86)/gnu tools arm embedded/4.8 2014q3/bin/../lib/gcc/arm-none-eabi/4.8.4/../../../../arm-none-eabi/lib/armv7e-m\libc.a(lib_a-strtod.o)
                0x080081a0                _strtod_r
 .text.strtof   0x080090e0       0x30 c:/program files (x86)/gnu tools arm embedded/4.8 2014q3/bin/../lib/gcc/arm-none-eabi/4.8.4/../../../../arm-none-eabi/lib/armv7e-m\libc.a(lib_a-strtod.o)
                0x080090e0                strtof
 .text.strtok   0x08009110       0x10 c:/program files (x86)/gnu tools arm embedded/4.8 2014q3/bin/../lib/gcc/arm-none-eabi/4.8.4/../../../../arm-none-eabi/lib/armv7e-m\libc.a(lib_a-strtok.o)
                0x08009110                strtok
 .text.__strtok_r
                0x08009120       0x64 c:/program files (x86)/gnu tools arm embedded/4.8 2014q3/bin/../lib/gcc/arm-none-eabi/4.8.4/../../../../arm-none-eabi/lib/armv7e-m\libc.a(lib_a-strtok_r.o)
                0x08009120                __strtok_r
 .text._strtol_r
                0x08009184      0x114 c:/program files (x86)/gnu tools arm embedded/4.8 2014q3/bin/../lib/gcc/arm-none-eabi/4.8.4/../../../../arm-none-eabi/lib/armv7e-m\libc.a(lib_a-strtol.o)
                0x08009184                _strtol_r
 .text.strtol   0x08009298       0x18 c:/program files (x86)/gnu tools arm embedded/4.8 2014q3/bin/../lib/gcc/arm-none-eabi/4.8.4/../../../../arm-none-eabi/lib/armv7e-m\libc.a(lib_a-strtol.o)
                0x08009298                strtol
 .text._svfprintf_r
                0x080092b0     0x14f8 c:/program files (x86)/gnu tools arm embedded/4.8 2014q3/bin/../lib/gcc/arm-none-eabi/4.8.4/../../../../arm-none-eabi/lib/armv7e-m\libc.a(lib_a-svfprintf.o)
                0x080092b0                _svfprintf_r
 .text.__register_exitproc
                0x0800a7a8       0xa8 c:/program files (x86)/gnu tools arm embedded/4.8 2014q3/bin/../lib/gcc/arm-none-eabi/4.8.4/../../../../arm-none-eabi/lib/armv7e-m\libc.a(lib_a-__atexit.o)
                0x0800a7a8                __register_exitproc
 .text.startup.register_fini
                0x0800a850       0x14 c:/program files (x86)/gnu tools arm embedded/4.8 2014q3/bin/../lib/gcc/arm-none-eabi/4.8.4/../../../../arm-none-eabi/lib/armv7e-m\libc.a(lib_a-__call_atexit.o)
 .text.__call_exitprocs
                0x0800a864       0xf0 c:/program files (x86)/gnu tools arm embedded/4.8 2014q3/bin/../lib/gcc/arm-none-eabi/4.8.4/../../../../arm-none-eabi/lib/armv7e-m\libc.a(lib_a-__call_atexit.o)
                0x0800a864                __call_exitprocs
 .text.atexit   0x0800a954        0xc c:/program files (x86)/gnu tools arm embedded/4.8 2014q3/bin/../lib/gcc/arm-none-eabi/4.8.4/../../../../arm-none-eabi/lib/armv7e-m\libc.a(lib_a-atexit.o)
                0x0800a954                atexit
 .text.quorem   0x0800a960      0x130 c:/program files (x86)/gnu tools arm embedded/4.8 2014q3/bin/../lib/gcc/arm-none-eabi/4.8.4/../../../../arm-none-eabi/lib/armv7e-m\libc.a(lib_a-dtoa.o)
 .text._dtoa_r  0x0800aa90      0xe38 c:/program files (x86)/gnu tools arm embedded/4.8 2014q3/bin/../lib/gcc/arm-none-eabi/4.8.4/../../../../arm-none-eabi/lib/armv7e-m\libc.a(lib_a-dtoa.o)
                0x0800aa90                _dtoa_r
 .text.__libc_fini_array
                0x0800b8c8       0x30 c:/program files (x86)/gnu tools arm embedded/4.8 2014q3/bin/../lib/gcc/arm-none-eabi/4.8.4/../../../../arm-none-eabi/lib/armv7e-m\libc.a(lib_a-fini.o)
                0x0800b8c8                __libc_fini_array
 .text._malloc_trim_r
                0x0800b8f8       0x9c c:/program files (x86)/gnu tools arm embedded/4.8 2014q3/bin/../lib/gcc/arm-none-eabi/4.8.4/../../../../arm-none-eabi/lib/armv7e-m\libc.a(lib_a-freer.o)
                0x0800b8f8                _malloc_trim_r
 .text._free_r  0x0800b994      0x19c c:/program files (x86)/gnu tools arm embedded/4.8 2014q3/bin/../lib/gcc/arm-none-eabi/4.8.4/../../../../arm-none-eabi/lib/armv7e-m\libc.a(lib_a-freer.o)
                0x0800b994                _free_r
 .text.rshift   0x0800bb30       0xa0 c:/program files (x86)/gnu tools arm embedded/4.8 2014q3/bin/../lib/gcc/arm-none-eabi/4.8.4/../../../../arm-none-eabi/lib/armv7e-m\libc.a(lib_a-gdtoa-gethex.o)
 .text.__gethex
                0x0800bbd0      0x530 c:/program files (x86)/gnu tools arm embedded/4.8 2014q3/bin/../lib/gcc/arm-none-eabi/4.8.4/../../../../arm-none-eabi/lib/armv7e-m\libc.a(lib_a-gdtoa-gethex.o)
                0x0800bbd0                __gethex
 .text.__hexnan
                0x0800c100      0x194 c:/program files (x86)/gnu tools arm embedded/4.8 2014q3/bin/../lib/gcc/arm-none-eabi/4.8.4/../../../../arm-none-eabi/lib/armv7e-m\libc.a(lib_a-gdtoa-hexnan.o)
                0x0800c100                __hexnan
 .text._localeconv_r
                0x0800c294        0x8 c:/program files (x86)/gnu tools arm embedded/4.8 2014q3/bin/../lib/gcc/arm-none-eabi/4.8.4/../../../../arm-none-eabi/lib/armv7e-m\libc.a(lib_a-locale.o)
                0x0800c294                _localeconv_r
 .text.memchr   0x0800c29c       0x90 c:/program files (x86)/gnu tools arm embedded/4.8 2014q3/bin/../lib/gcc/arm-none-eabi/4.8.4/../../../../arm-none-eabi/lib/armv7e-m\libc.a(lib_a-memchr-stub.o)
                0x0800c29c                memchr
 .text._Balloc  0x0800c32c       0x4c c:/program files (x86)/gnu tools arm embedded/4.8 2014q3/bin/../lib/gcc/arm-none-eabi/4.8.4/../../../../arm-none-eabi/lib/armv7e-m\libc.a(lib_a-mprec.o)
                0x0800c32c                _Balloc
 .text._Bfree   0x0800c378       0x14 c:/program files (x86)/gnu tools arm embedded/4.8 2014q3/bin/../lib/gcc/arm-none-eabi/4.8.4/../../../../arm-none-eabi/lib/armv7e-m\libc.a(lib_a-mprec.o)
                0x0800c378                _Bfree
 .text.__multadd
                0x0800c38c       0x98 c:/program files (x86)/gnu tools arm embedded/4.8 2014q3/bin/../lib/gcc/arm-none-eabi/4.8.4/../../../../arm-none-eabi/lib/armv7e-m\libc.a(lib_a-mprec.o)
                0x0800c38c                __multadd
 .text.__s2b    0x0800c424       0x98 c:/program files (x86)/gnu tools arm embedded/4.8 2014q3/bin/../lib/gcc/arm-none-eabi/4.8.4/../../../../arm-none-eabi/lib/armv7e-m\libc.a(lib_a-mprec.o)
                0x0800c424                __s2b
 .text.__hi0bits
                0x0800c4bc       0x40 c:/program files (x86)/gnu tools arm embedded/4.8 2014q3/bin/../lib/gcc/arm-none-eabi/4.8.4/../../../../arm-none-eabi/lib/armv7e-m\libc.a(lib_a-mprec.o)
                0x0800c4bc                __hi0bits
 .text.__lo0bits
                0x0800c4fc       0x5c c:/program files (x86)/gnu tools arm embedded/4.8 2014q3/bin/../lib/gcc/arm-none-eabi/4.8.4/../../../../arm-none-eabi/lib/armv7e-m\libc.a(lib_a-mprec.o)
                0x0800c4fc                __lo0bits
 .text.__i2b    0x0800c558       0x14 c:/program files (x86)/gnu tools arm embedded/4.8 2014q3/bin/../lib/gcc/arm-none-eabi/4.8.4/../../../../arm-none-eabi/lib/armv7e-m\libc.a(lib_a-mprec.o)
                0x0800c558                __i2b
 .text.__multiply
                0x0800c56c      0x13c c:/program files (x86)/gnu tools arm embedded/4.8 2014q3/bin/../lib/gcc/arm-none-eabi/4.8.4/../../../../arm-none-eabi/lib/armv7e-m\libc.a(lib_a-mprec.o)
                0x0800c56c                __multiply
 .text.__pow5mult
                0x0800c6a8       0x9c c:/program files (x86)/gnu tools arm embedded/4.8 2014q3/bin/../lib/gcc/arm-none-eabi/4.8.4/../../../../arm-none-eabi/lib/armv7e-m\libc.a(lib_a-mprec.o)
                0x0800c6a8                __pow5mult
 .text.__lshift
                0x0800c744       0xbc c:/program files (x86)/gnu tools arm embedded/4.8 2014q3/bin/../lib/gcc/arm-none-eabi/4.8.4/../../../../arm-none-eabi/lib/armv7e-m\libc.a(lib_a-mprec.o)
                0x0800c744                __lshift
 .text.__mcmp   0x0800c800       0x48 c:/program files (x86)/gnu tools arm embedded/4.8 2014q3/bin/../lib/gcc/arm-none-eabi/4.8.4/../../../../arm-none-eabi/lib/armv7e-m\libc.a(lib_a-mprec.o)
                0x0800c800                __mcmp
 .text.__mdiff  0x0800c848       0xd4 c:/program files (x86)/gnu tools arm embedded/4.8 2014q3/bin/../lib/gcc/arm-none-eabi/4.8.4/../../../../arm-none-eabi/lib/armv7e-m\libc.a(lib_a-mprec.o)
                0x0800c848                __mdiff
 .text.__ulp    0x0800c91c       0x40 c:/program files (x86)/gnu tools arm embedded/4.8 2014q3/bin/../lib/gcc/arm-none-eabi/4.8.4/../../../../arm-none-eabi/lib/armv7e-m\libc.a(lib_a-mprec.o)
                0x0800c91c                __ulp
 .text.__b2d    0x0800c95c       0xb4 c:/program files (x86)/gnu tools arm embedded/4.8 2014q3/bin/../lib/gcc/arm-none-eabi/4.8.4/../../../../arm-none-eabi/lib/armv7e-m\libc.a(lib_a-mprec.o)
                0x0800c95c                __b2d
 .text.__d2b    0x0800ca10       0xbc c:/program files (x86)/gnu tools arm embedded/4.8 2014q3/bin/../lib/gcc/arm-none-eabi/4.8.4/../../../../arm-none-eabi/lib/armv7e-m\libc.a(lib_a-mprec.o)
                0x0800ca10                __d2b
 .text.__ratio  0x0800cacc       0x50 c:/program files (x86)/gnu tools arm embedded/4.8 2014q3/bin/../lib/gcc/arm-none-eabi/4.8.4/../../../../arm-none-eabi/lib/armv7e-m\libc.a(lib_a-mprec.o)
                0x0800cacc                __ratio
 .text.__copybits
                0x0800cb1c       0x48 c:/program files (x86)/gnu tools arm embedded/4.8 2014q3/bin/../lib/gcc/arm-none-eabi/4.8.4/../../../../arm-none-eabi/lib/armv7e-m\libc.a(lib_a-mprec.o)
                0x0800cb1c                __copybits
 .text.__any_on
                0x0800cb64       0x60 c:/program files (x86)/gnu tools arm embedded/4.8 2014q3/bin/../lib/gcc/arm-none-eabi/4.8.4/../../../../arm-none-eabi/lib/armv7e-m\libc.a(lib_a-mprec.o)
                0x0800cb64                __any_on
 .text.__fpclassifyd
                0x0800cbc4       0x50 c:/program files (x86)/gnu tools arm embedded/4.8 2014q3/bin/../lib/gcc/arm-none-eabi/4.8.4/../../../../arm-none-eabi/lib/armv7e-m\libc.a(lib_a-s_fpclassify.o)
                0x0800cbc4                __fpclassifyd
 .text.nanf     0x0800cc14        0x8 c:/program files (x86)/gnu tools arm embedded/4.8 2014q3/bin/../lib/gcc/arm-none-eabi/4.8.4/../../../../arm-none-eabi/lib/armv7e-m\libc.a(lib_a-sf_nan.o)
                0x0800cc14                nanf
 .text.strncmp  0x0800cc1c       0xb4 c:/program files (x86)/gnu tools arm embedded/4.8 2014q3/bin/../lib/gcc/arm-none-eabi/4.8.4/../../../../arm-none-eabi/lib/armv7e-m\libc.a(lib_a-strncmp.o)
                0x0800cc1c                strncmp
 .text.__ssprint_r
                0x0800ccd0      0x100 c:/program files (x86)/gnu tools arm embedded/4.8 2014q3/bin/../lib/gcc/arm-none-eabi/4.8.4/../../../../arm-none-eabi/lib/armv7e-m\libc.a(lib_a-svfiprintf.o)
                0x0800ccd0                __ssprint_r
 .text._calloc_r
                0x0800cdd0       0x60 c:/program files (x86)/gnu tools arm embedded/4.8 2014q3/bin/../lib/gcc/arm-none-eabi/4.8.4/../../../../arm-none-eabi/lib/armv7e-m\libc.a(lib_a-callocr.o)
                0x0800cdd0                _calloc_r
 .text.memmove  0x0800ce30       0xc0 c:/program files (x86)/gnu tools arm embedded/4.8 2014q3/bin/../lib/gcc/arm-none-eabi/4.8.4/../../../../arm-none-eabi/lib/armv7e-m\libc.a(lib_a-memmove.o)
                0x0800ce30                memmove
 .text._realloc_r
                0x0800cef0      0x3cc c:/program files (x86)/gnu tools arm embedded/4.8 2014q3/bin/../lib/gcc/arm-none-eabi/4.8.4/../../../../arm-none-eabi/lib/armv7e-m\libc.a(lib_a-reallocr.o)
                0x0800cef0                _realloc_r
 .text._getpid  0x0800d2bc       0x10 c:/program files (x86)/gnu tools arm embedded/4.8 2014q3/bin/../lib/gcc/arm-none-eabi/4.8.4/../../../../arm-none-eabi/lib/armv7e-m\libnosys.a(getpid.o)
                0x0800d2bc                _getpid
 .text._kill    0x0800d2cc       0x10 c:/program files (x86)/gnu tools arm embedded/4.8 2014q3/bin/../lib/gcc/arm-none-eabi/4.8.4/../../../../arm-none-eabi/lib/armv7e-m\libnosys.a(kill.o)
                0x0800d2cc                _kill
 .text._sbrk    0x0800d2dc       0x34 c:/program files (x86)/gnu tools arm embedded/4.8 2014q3/bin/../lib/gcc/arm-none-eabi/4.8.4/../../../../arm-none-eabi/lib/armv7e-m\libnosys.a(sbrk.o)
                0x0800d2dc                _sbrk
 .text._exit    0x0800d310        0x4 c:/program files (x86)/gnu tools arm embedded/4.8 2014q3/bin/../lib/gcc/arm-none-eabi/4.8.4/../../../../arm-none-eabi/lib/armv7e-m\libnosys.a(_exit.o)
                0x0800d310                _exit
 .text          0x0800d314      0x110 c:/program files (x86)/gnu tools arm embedded/4.8 2014q3/bin/../lib/gcc/arm-none-eabi/4.8.4/armv7e-m\libgcc.a(_arm_cmpdf2.o)
                0x0800d314                __gtdf2
                0x0800d314                __gedf2
                0x0800d31c                __ltdf2
                0x0800d31c                __ledf2
                0x0800d324                __nedf2
                0x0800d324                __eqdf2
                0x0800d324                __cmpdf2
                0x0800d3a0                __aeabi_cdrcmple
                0x0800d3b0                __aeabi_cdcmpeq
                0x0800d3b0                __aeabi_cdcmple
                0x0800d3c0                __aeabi_dcmpeq
                0x0800d3d4                __aeabi_dcmplt
                0x0800d3e8                __aeabi_dcmple
                0x0800d3fc                __aeabi_dcmpge
                0x0800d410                __aeabi_dcmpgt
 .text          0x0800d424       0x40 c:/program files (x86)/gnu tools arm embedded/4.8 2014q3/bin/../lib/gcc/arm-none-eabi/4.8.4/armv7e-m\libgcc.a(_arm_fixunsdfsi.o)
                0x0800d424                __aeabi_d2uiz
                0x0800d424                __fixunsdfsi
 .text          0x0800d464       0x2c c:/program files (x86)/gnu tools arm embedded/4.8 2014q3/bin/../lib/gcc/arm-none-eabi/4.8.4/armv7e-m\libgcc.a(_aeabi_uldivmod.o)
                0x0800d464                __aeabi_uldivmod
 .text          0x0800d490       0x60 c:/program files (x86)/gnu tools arm embedded/4.8 2014q3/bin/../lib/gcc/arm-none-eabi/4.8.4/armv7e-m\libgcc.a(bpabi.o)
                0x0800d490                __gnu_ldivmod_helper
                0x0800d4c0                __gnu_uldivmod_helper
 .text          0x0800d4f0        0x4 c:/program files (x86)/gnu tools arm embedded/4.8 2014q3/bin/../lib/gcc/arm-none-eabi/4.8.4/armv7e-m\libgcc.a(_dvmd_tls.o)
                0x0800d4f0                __aeabi_idiv0
                0x0800d4f0                __aeabi_ldiv0
 .text          0x0800d4f4      0x298 c:/program files (x86)/gnu tools arm embedded/4.8 2014q3/bin/../lib/gcc/arm-none-eabi/4.8.4/armv7e-m\libgcc.a(_divdi3.o)
                0x0800d4f4                __divdi3
 .text          0x0800d78c      0x284 c:/program files (x86)/gnu tools arm embedded/4.8 2014q3/bin/../lib/gcc/arm-none-eabi/4.8.4/armv7e-m\libgcc.a(_udivdi3.o)
                0x0800d78c                __udivdi3
 *(.init)
 .init          0x0800da10        0x4 c:/program files (x86)/gnu tools arm embedded/4.8 2014q3/bin/../lib/gcc/arm-none-eabi/4.8.4/armv7e-m/crti.o
                0x0800da10                _init
 .init          0x0800da14        0x8 c:/program files (x86)/gnu tools arm embedded/4.8 2014q3/bin/../lib/gcc/arm-none-eabi/4.8.4/armv7e-m/crtn.o
 *(.fini)
 .fini          0x0800da1c        0x4 c:/program files (x86)/gnu tools arm embedded/4.8 2014q3/bin/../lib/gcc/arm-none-eabi/4.8.4/armv7e-m/crti.o
                0x0800da1c                _fini
 .fini          0x0800da20        0x8 c:/program files (x86)/gnu tools arm embedded/4.8 2014q3/bin/../lib/gcc/arm-none-eabi/4.8.4/armv7e-m/crtn.o
 *crtbegin.o(.ctors)
 *crtbegin?.o(.ctors)
 *(EXCLUDE_FILE(*crtend.o *crtend?.o) .ctors)
 *(SORT(.ctors.*))
 *(.ctors)
 *crtbegin.o(.dtors)
 *crtbegin?.o(.dtors)
 *(EXCLUDE_FILE(*crtend.o *crtend?.o) .dtors)
 *(SORT(.dtors.*))
 *(.dtors)
 *(.rodata*)
 .rodata        0x0800da28       0x40 ..\obj\stepper.o
 .rodata        0x0800da68       0x30 ..\obj\stm32f4_discovery.o
                0x0800da68                GPIO_PIN
                0x0800da70                GPIO_CLK
                0x0800da80                BUTTON_PIN
                0x0800da84                BUTTON_CLK
                0x0800da88                BUTTON_EXTI_LINE
                0x0800da8c                BUTTON_PORT_SOURCE
                0x0800da90                BUTTON_PIN_SOURCE
                0x0800da94                BUTTON_IRQn
 .rodata        0x0800da98       0x1c ..\obj\main.o
 .rodata        0x0800dab4       0xbc ..\obj\fassade.o
 .rodata        0x0800db70       0xe8 ..\obj\terminal.o
 .rodata        0x0800dc58       0x20 ..\obj\menu.o
 .rodata        0x0800dc78       0x60 ..\obj\xbee.o
 .rodata.str1.4
                0x0800dcd8        0x2 c:/program files (x86)/gnu tools arm embedded/4.8 2014q3/bin/../lib/gcc/arm-none-eabi/4.8.4/../../../../arm-none-eabi/lib/armv7e-m\libc.a(lib_a-impure.o)
                                  0x4 (size before relaxing)
 *fill*         0x0800dcda        0x2 
 .rodata._global_impure_ptr
                0x0800dcdc        0x4 c:/program files (x86)/gnu tools arm embedded/4.8 2014q3/bin/../lib/gcc/arm-none-eabi/4.8.4/../../../../arm-none-eabi/lib/armv7e-m\libc.a(lib_a-impure.o)
                0x0800dcdc                _global_impure_ptr
 .rodata.fpi.5238
                0x0800dce0       0x14 c:/program files (x86)/gnu tools arm embedded/4.8 2014q3/bin/../lib/gcc/arm-none-eabi/4.8.4/../../../../arm-none-eabi/lib/armv7e-m\libc.a(lib_a-strtod.o)
 .rodata.str1.4
                0x0800dcf4        0xf c:/program files (x86)/gnu tools arm embedded/4.8 2014q3/bin/../lib/gcc/arm-none-eabi/4.8.4/../../../../arm-none-eabi/lib/armv7e-m\libc.a(lib_a-strtod.o)
                                 0x10 (size before relaxing)
 *fill*         0x0800dd03        0x1 
 .rodata.fpinan.5274
                0x0800dd04       0x14 c:/program files (x86)/gnu tools arm embedded/4.8 2014q3/bin/../lib/gcc/arm-none-eabi/4.8.4/../../../../arm-none-eabi/lib/armv7e-m\libc.a(lib_a-strtod.o)
 .rodata.tinytens
                0x0800dd18       0x28 c:/program files (x86)/gnu tools arm embedded/4.8 2014q3/bin/../lib/gcc/arm-none-eabi/4.8.4/../../../../arm-none-eabi/lib/armv7e-m\libc.a(lib_a-strtod.o)
 .rodata.zeroes.6763
                0x0800dd40       0x10 c:/program files (x86)/gnu tools arm embedded/4.8 2014q3/bin/../lib/gcc/arm-none-eabi/4.8.4/../../../../arm-none-eabi/lib/armv7e-m\libc.a(lib_a-svfprintf.o)
 .rodata.str1.4
                0x0800dd50       0x42 c:/program files (x86)/gnu tools arm embedded/4.8 2014q3/bin/../lib/gcc/arm-none-eabi/4.8.4/../../../../arm-none-eabi/lib/armv7e-m\libc.a(lib_a-svfprintf.o)
                                 0x44 (size before relaxing)
 *fill*         0x0800dd92        0x2 
 .rodata.blanks.6762
                0x0800dd94       0x10 c:/program files (x86)/gnu tools arm embedded/4.8 2014q3/bin/../lib/gcc/arm-none-eabi/4.8.4/../../../../arm-none-eabi/lib/armv7e-m\libc.a(lib_a-svfprintf.o)
 .rodata._ctype_
                0x0800dda4      0x104 c:/program files (x86)/gnu tools arm embedded/4.8 2014q3/bin/../lib/gcc/arm-none-eabi/4.8.4/../../../../arm-none-eabi/lib/armv7e-m\libc.a(lib_a-ctype_.o)
                0x0800dda4                _ctype_
 .rodata.str1.4
                0x0800dea8       0x10 c:/program files (x86)/gnu tools arm embedded/4.8 2014q3/bin/../lib/gcc/arm-none-eabi/4.8.4/../../../../arm-none-eabi/lib/armv7e-m\libc.a(lib_a-dtoa.o)
                                 0x14 (size before relaxing)
 .rodata.__hexdig
                0x0800deb8      0x100 c:/program files (x86)/gnu tools arm embedded/4.8 2014q3/bin/../lib/gcc/arm-none-eabi/4.8.4/../../../../arm-none-eabi/lib/armv7e-m\libc.a(lib_a-gdtoa-gethex.o)
                0x0800deb8                __hexdig
 .rodata.str1.4
                0x0800dfb8        0xc c:/program files (x86)/gnu tools arm embedded/4.8 2014q3/bin/../lib/gcc/arm-none-eabi/4.8.4/../../../../arm-none-eabi/lib/armv7e-m\libc.a(lib_a-locale.o)
                                 0x14 (size before relaxing)
 *fill*         0x0800dfc4        0x4 
 .rodata.__mprec_tens
                0x0800dfc8       0xc8 c:/program files (x86)/gnu tools arm embedded/4.8 2014q3/bin/../lib/gcc/arm-none-eabi/4.8.4/../../../../arm-none-eabi/lib/armv7e-m\libc.a(lib_a-mprec.o)
                0x0800dfc8                __mprec_tens
 .rodata.__mprec_bigtens
                0x0800e090       0x28 c:/program files (x86)/gnu tools arm embedded/4.8 2014q3/bin/../lib/gcc/arm-none-eabi/4.8.4/../../../../arm-none-eabi/lib/armv7e-m\libc.a(lib_a-mprec.o)
                0x0800e090                __mprec_bigtens
 .rodata.p05.5269
                0x0800e0b8        0xc c:/program files (x86)/gnu tools arm embedded/4.8 2014q3/bin/../lib/gcc/arm-none-eabi/4.8.4/../../../../arm-none-eabi/lib/armv7e-m\libc.a(lib_a-mprec.o)
 *(.eh_frame*)
 .eh_frame      0x0800e0c4        0x0 c:/program files (x86)/gnu tools arm embedded/4.8 2014q3/bin/../lib/gcc/arm-none-eabi/4.8.4/armv7e-m/crtbegin.o
 .eh_frame      0x0800e0c4        0x4 c:/program files (x86)/gnu tools arm embedded/4.8 2014q3/bin/../lib/gcc/arm-none-eabi/4.8.4/armv7e-m/crtend.o

.glue_7         0x0800e0c8        0x0
 .glue_7        0x00000000        0x0 linker stubs

.glue_7t        0x0800e0c8        0x0
 .glue_7t       0x00000000        0x0 linker stubs

.vfp11_veneer   0x0800e0c8        0x0
 .vfp11_veneer  0x00000000        0x0 linker stubs

.v4_bx          0x0800e0c8        0x0
 .v4_bx         0x00000000        0x0 linker stubs

.iplt           0x0800e0c8        0x0
 .iplt          0x00000000        0x0 c:/program files (x86)/gnu tools arm embedded/4.8 2014q3/bin/../lib/gcc/arm-none-eabi/4.8.4/armv7e-m/crtbegin.o

.ARM.extab      0x0800e0c8      0x2e8
 *(.ARM.extab* .gnu.linkonce.armextab.*)
 .ARM.extab.text._ZN18TemperaturSensorenC2Ev
                0x0800e0c8        0xc ..\obj\temp_sensors.o
 .ARM.extab.text._ZN18TemperaturSensoren30startTempMeasurementAllSensorsEv
                0x0800e0d4        0xc ..\obj\temp_sensors.o
 .ARM.extab.text._ZN17QuadratureEncoderC2Ev
                0x0800e0e0        0xc ..\obj\quadrature_encoder.o
 .ARM.extab.text._ZN17QuadratureEncoder10InitButtonEv
                0x0800e0ec        0xc ..\obj\quadrature_encoder.o
 .ARM.extab.text._ZN17QuadratureEncoder4readEv
                0x0800e0f8        0xc ..\obj\quadrature_encoder.o
 .ARM.extab.text._ZN17QuadratureEncoder12getRotaryPosEv
                0x0800e104        0xc ..\obj\quadrature_encoder.o
 .ARM.extab.text._ZN3LedC2Ev
                0x0800e110        0xc ..\obj\led.o
 .ARM.extab.text._ZN3Led2OnEv
                0x0800e11c        0xc ..\obj\led.o
 .ARM.extab.text._ZN3Led3OffEv
                0x0800e128        0xc ..\obj\led.o
 .ARM.extab.text._ZN7StepperC2Ev
                0x0800e134        0xc ..\obj\stepper.o
 .ARM.extab.text._ZN7Stepper4InitEv
                0x0800e140        0xc ..\obj\stepper.o
 .ARM.extab.text._ZN7Stepper4LeftEii
                0x0800e14c        0xc ..\obj\stepper.o
 .ARM.extab.text._ZN7Stepper5RightEii
                0x0800e158        0xc ..\obj\stepper.o
 .ARM.extab.text._ZN7Stepper7Go2StepEi
                0x0800e164        0xc ..\obj\stepper.o
 .ARM.extab.text._ZN7Stepper8LeerlaufEv
                0x0800e170        0xc ..\obj\stepper.o
 .ARM.extab.text._ZN7Stepper7RunStepEv
                0x0800e17c        0xc ..\obj\stepper.o
 .ARM.extab.text._ZN7Stepper8InitTim2Eii
                0x0800e188        0xc ..\obj\stepper.o
 .ARM.extab.text.TIM2_IRQHandler
                0x0800e194        0xc ..\obj\stepper.o
 .ARM.extab.text.main
                0x0800e1a0        0xc ..\obj\main.o
 .ARM.extab.text._ZN7Fassade16InitGewaechshausEv
                0x0800e1ac        0xc ..\obj\fassade.o
 .ARM.extab.text._ZN7Fassade15Window2PositionEi
                0x0800e1b8        0xc ..\obj\fassade.o
 .ARM.extab.text._ZN7Fassade20UpdateDisplayValues2Ev
                0x0800e1c4        0xc ..\obj\fassade.o
 .ARM.extab.text._ZN10Ampermeter10getCurrentEv
                0x0800e1d0        0xc ..\obj\ampermeter.o
 .ARM.extab.text._ZN7DisplayC2Ei
                0x0800e1dc        0xc ..\obj\display.o
 .ARM.extab.text._ZN7Display10SendViaDmaEPci
                0x0800e1e8        0xc ..\obj\display.o
 .ARM.extab.text._ZN7Display4InitEv
                0x0800e1f4        0xc ..\obj\display.o
 .ARM.extab.text._ZN7Display7PutCharEti
                0x0800e200        0xc ..\obj\display.o
 .ARM.extab.text._ZN7Display10SendStringEPci
                0x0800e20c        0xc ..\obj\display.o
 .ARM.extab.text._ZN7Display11SendMessageEPci
                0x0800e218        0xc ..\obj\display.o
 .ARM.extab.text._ZN7Display8SendByteEPcii
                0x0800e224        0xc ..\obj\display.o
 .ARM.extab.text._ZN7Display9BacklightEci
                0x0800e230        0xc ..\obj\display.o
 .ARM.extab.text._ZN7Display14SpecialCommandEci
                0x0800e23c        0xc ..\obj\display.o
 .ARM.extab.text._ZN7Display17SetCursorPositionEcci
                0x0800e248        0xc ..\obj\display.o
 .ARM.extab.text._ZN8TerminalC2Ei
                0x0800e254        0xc ..\obj\terminal.o
 .ARM.extab.text._ZN8Terminal13usart3InitDMAEv
                0x0800e260        0xc ..\obj\terminal.o
 .ARM.extab.text._ZN8Terminal10SendViaDmaEPci
                0x0800e26c        0xc ..\obj\terminal.o
 .ARM.extab.text._ZN8Terminal10usart3InitEv
                0x0800e278        0xc ..\obj\terminal.o
 .ARM.extab.text._ZN8Terminal11uartPutCharEt
                0x0800e284        0xc ..\obj\terminal.o
 .ARM.extab.text._ZN8Terminal14uartSendStringEPc
                0x0800e290        0xc ..\obj\terminal.o
 .ARM.extab.text._ZN8Terminal11SendMessageEPc
                0x0800e29c        0xc ..\obj\terminal.o
 .ARM.extab.text._ZN8Terminal18IsCommandoAvalibleEv
                0x0800e2a8        0xc ..\obj\terminal.o
 .ARM.extab.text._ZN8Terminal15ProzessCommandoEv
                0x0800e2b4        0xc ..\obj\terminal.o
 .ARM.extab.text._ZN8Terminal15CommandoProzessEPc
                0x0800e2c0        0xc ..\obj\terminal.o
 .ARM.extab.text.USART3_IRQHandler
                0x0800e2cc        0xc ..\obj\terminal.o
 .ARM.extab.text._ZN4Menu9PrintMenuEP8menu_str
                0x0800e2d8        0xc ..\obj\menu.o
 .ARM.extab.text._ZN4Menu6MenuUPEv
                0x0800e2e4        0xc ..\obj\menu.o
 .ARM.extab.text._ZN4Menu6SubmitEv
                0x0800e2f0        0xc ..\obj\menu.o
 .ARM.extab.text._ZN4Menu11DisplayMenuEi
                0x0800e2fc        0xc ..\obj\menu.o
 .ARM.extab.text._ZN4Menu10DrawCursorEv
                0x0800e308        0xc ..\obj\menu.o
 .ARM.extab.text._ZN4Menu11SetSollwertEf
                0x0800e314        0xc ..\obj\menu.o
 .ARM.extab.text._ZN22AnalogDigitalConverterC2Ev
                0x0800e320        0xc ..\obj\adc.o
 .ARM.extab.text._ZN4XbeeC2Eii
                0x0800e32c        0xc ..\obj\xbee.o
 .ARM.extab.text._ZN4Xbee7InitDMAEv
                0x0800e338        0xc ..\obj\xbee.o
 .ARM.extab.text._ZN4Xbee4InitEv
                0x0800e344        0xc ..\obj\xbee.o
 .ARM.extab.text._ZN4Xbee7PutCharEt
                0x0800e350        0xc ..\obj\xbee.o
 .ARM.extab.text._ZN4Xbee16SendTransmissionEccccPcc
                0x0800e35c        0xc ..\obj\xbee.o
 .ARM.extab.text._ZN4Xbee15ProzessCommandoEv
                0x0800e368        0xc ..\obj\xbee.o
 .ARM.extab.text._ZN4Xbee15CommandoProzessEPc
                0x0800e374        0xc ..\obj\xbee.o
 .ARM.extab.text.USART2_IRQHandler
                0x0800e380        0xc ..\obj\xbee.o
 .ARM.extab     0x0800e38c        0xc c:/program files (x86)/gnu tools arm embedded/4.8 2014q3/bin/../lib/gcc/arm-none-eabi/4.8.4/armv7e-m\libgcc.a(unwind-arm.o)
 .ARM.extab     0x0800e398       0x18 c:/program files (x86)/gnu tools arm embedded/4.8 2014q3/bin/../lib/gcc/arm-none-eabi/4.8.4/armv7e-m\libgcc.a(pr-support.o)
                0x0800e3b0                __exidx_start = .

.ARM.exidx      0x0800e3b0      0x370
 *(.ARM.exidx* .gnu.linkonce.armexidx.*)
 .ARM.exidx     0x0800e3b0        0x8 c:/program files (x86)/gnu tools arm embedded/4.8 2014q3/bin/../lib/gcc/arm-none-eabi/4.8.4/../../../../arm-none-eabi/lib/armv7e-m/crt0.o
 .ARM.exidx.text._ZN18TemperaturSensorenC2Ev
                0x0800e3b8        0x8 ..\obj\temp_sensors.o
 .ARM.exidx.text._ZN18TemperaturSensoren30startTempMeasurementAllSensorsEv
                0x0800e3c0        0x8 ..\obj\temp_sensors.o
 .ARM.exidx.text._ZN18TemperaturSensoren25getAnzahlGefunderSensorenEv
                0x0800e3c8        0x8 ..\obj\temp_sensors.o
 .ARM.exidx.text._ZN18TemperaturSensoren16getAlleTempWerteEPf
                0x0800e3d0        0x0 ..\obj\temp_sensors.o
                                  0x8 (size before relaxing)
 .ARM.exidx.text._ZN17QuadratureEncoderC2Ev
                0x0800e3d0        0x8 ..\obj\quadrature_encoder.o
 .ARM.exidx.text._ZN17QuadratureEncoder10InitButtonEv
                0x0800e3d8        0x8 ..\obj\quadrature_encoder.o
 .ARM.exidx.text._ZN17QuadratureEncoder15hasButtonPressdEv
                0x0800e3e0        0x8 ..\obj\quadrature_encoder.o
 .ARM.exidx.text._ZN17QuadratureEncoder17resetButtonPressdEv
                0x0800e3e8        0x0 ..\obj\quadrature_encoder.o
                                  0x8 (size before relaxing)
 .ARM.exidx.text._ZN17QuadratureEncoder5resetEv
                0x0800e3e8        0x0 ..\obj\quadrature_encoder.o
                                  0x8 (size before relaxing)
 .ARM.exidx.text._ZN17QuadratureEncoder4readEv
                0x0800e3e8        0x8 ..\obj\quadrature_encoder.o
 .ARM.exidx.text._ZN17QuadratureEncoder12getRotaryPosEv
                0x0800e3f0        0x8 ..\obj\quadrature_encoder.o
 .ARM.exidx.text.EXTI9_5_IRQHandler
                0x0800e3f8        0x8 ..\obj\quadrature_encoder.o
 .ARM.exidx.text._ZN3LedC2Ev
                0x0800e400        0x8 ..\obj\led.o
 .ARM.exidx.text._ZN3LedD2Ev
                0x0800e408        0x8 ..\obj\led.o
 .ARM.exidx.text._ZN3Led2OnEv
                0x0800e410        0x8 ..\obj\led.o
 .ARM.exidx.text._ZN3Led3OffEv
                0x0800e418       0x10 ..\obj\led.o
                                  0x8 (size before relaxing)
 .ARM.exidx.text._ZN7StepperC2Ev
                0x0800e428        0x8 ..\obj\stepper.o
 .ARM.exidx.text._ZN7Stepper4InitEv
                0x0800e430        0x8 ..\obj\stepper.o
 .ARM.exidx.text._ZN7Stepper4LeftEii
                0x0800e438        0x8 ..\obj\stepper.o
 .ARM.exidx.text._ZN7Stepper5RightEii
                0x0800e440        0x8 ..\obj\stepper.o
 .ARM.exidx.text._ZN7Stepper7Go2StepEi
                0x0800e448        0x8 ..\obj\stepper.o
 .ARM.exidx.text._ZN7Stepper8LeerlaufEv
                0x0800e450        0x8 ..\obj\stepper.o
 .ARM.exidx.text._ZN7Stepper7RunStepEv
                0x0800e458        0x8 ..\obj\stepper.o
 .ARM.exidx.text._ZN7Stepper15EnableSingeltonEv
                0x0800e460        0x8 ..\obj\stepper.o
 .ARM.exidx.text._ZN7Stepper8InitTim2Eii
                0x0800e468        0x8 ..\obj\stepper.o
 .ARM.exidx.text._ZN7Stepper20GetPositionInProzentEv
                0x0800e470        0x8 ..\obj\stepper.o
 .ARM.exidx.text.TIM2_IRQHandler
                0x0800e478       0x10 ..\obj\stepper.o
                                  0x8 (size before relaxing)
 .ARM.exidx.text.main
                0x0800e488        0x8 ..\obj\main.o
 .ARM.exidx.text._Z41__static_initialization_and_destruction_0ii
                0x0800e490        0x8 ..\obj\main.o
 .ARM.exidx.text._GLOBAL__sub_I_OutputString
                0x0800e498        0x0 ..\obj\main.o
                                  0x8 (size before relaxing)
 .ARM.exidx.text._ZN7FassadeC2Ev
                0x0800e498        0x0 ..\obj\fassade.o
                                  0x8 (size before relaxing)
 .ARM.exidx.text._ZN7FassadeC2Ei
                0x0800e498        0x0 ..\obj\fassade.o
                                  0x8 (size before relaxing)
 .ARM.exidx.text._ZN7Fassade16InitGewaechshausEv
                0x0800e498        0x8 ..\obj\fassade.o
 .ARM.exidx.text._ZN7Fassade15RegelungFensterEv
                0x0800e4a0        0x8 ..\obj\fassade.o
 .ARM.exidx.text._ZN7Fassade15Window2PositionEi
                0x0800e4a8        0x8 ..\obj\fassade.o
 .ARM.exidx.text._ZN7Fassade19UpdateDisplayValuesEv
                0x0800e4b0        0x8 ..\obj\fassade.o
 .ARM.exidx.text._ZN7Fassade20UpdateDisplayValues2Ev
                0x0800e4b8        0x8 ..\obj\fassade.o
 .ARM.exidx.text._ZN7Fassade19TerminalDisplayTempEv
                0x0800e4c0        0x8 ..\obj\fassade.o
 .ARM.exidx.text._ZN7Fassade11SetSolltempEf
                0x0800e4c8        0x8 ..\obj\fassade.o
 .ARM.exidx.text._ZN7Fassade11GetSolltempEv
                0x0800e4d0        0x0 ..\obj\fassade.o
                                  0x8 (size before relaxing)
 .ARM.exidx.text._ZN10AmpermeterC2Ev
                0x0800e4d0        0x0 ..\obj\ampermeter.o
                                  0x8 (size before relaxing)
 .ARM.exidx.text._ZN10Ampermeter10getCurrentEv
                0x0800e4d0       0x10 ..\obj\ampermeter.o
                                  0x8 (size before relaxing)
 .ARM.exidx.text._ZN7DisplayC2Ei
                0x0800e4e0        0x8 ..\obj\display.o
 .ARM.exidx.text._ZN7Display10SendViaDmaEPci
                0x0800e4e8        0x8 ..\obj\display.o
 .ARM.exidx.text._ZN7Display4InitEv
                0x0800e4f0        0x8 ..\obj\display.o
 .ARM.exidx.text._ZN7Display7PutCharEti
                0x0800e4f8        0x8 ..\obj\display.o
 .ARM.exidx.text._ZN7Display10SendStringEPci
                0x0800e500        0x8 ..\obj\display.o
 .ARM.exidx.text._ZN7Display11SendMessageEPci
                0x0800e508        0x8 ..\obj\display.o
 .ARM.exidx.text._ZN7Display8SendByteEPcii
                0x0800e510        0x8 ..\obj\display.o
 .ARM.exidx.text._ZN7Display9BacklightEci
                0x0800e518        0x8 ..\obj\display.o
 .ARM.exidx.text._ZN7Display14SpecialCommandEci
                0x0800e520        0x8 ..\obj\display.o
 .ARM.exidx.text._ZN7Display17SetCursorPositionEcci
                0x0800e528       0x10 ..\obj\display.o
                                  0x8 (size before relaxing)
 .ARM.exidx.text._ZN8TerminalC2Ei
                0x0800e538        0x8 ..\obj\terminal.o
 .ARM.exidx.text._ZN8Terminal11buffer_initEv
                0x0800e540        0x8 ..\obj\terminal.o
 .ARM.exidx.text._ZN8Terminal8BufferInEc
                0x0800e548        0x0 ..\obj\terminal.o
                                  0x8 (size before relaxing)
 .ARM.exidx.text._ZN8Terminal9BufferOutEPc
                0x0800e548        0x0 ..\obj\terminal.o
                                  0x8 (size before relaxing)
 .ARM.exidx.text._ZN8Terminal10ReadBufferEPc
                0x0800e548        0x0 ..\obj\terminal.o
                                  0x8 (size before relaxing)
 .ARM.exidx.text._ZN8Terminal13usart3InitDMAEv
                0x0800e548        0x8 ..\obj\terminal.o
 .ARM.exidx.text._ZN8Terminal10SendViaDmaEPci
                0x0800e550        0x8 ..\obj\terminal.o
 .ARM.exidx.text._ZN8Terminal10usart3InitEv
                0x0800e558        0x8 ..\obj\terminal.o
 .ARM.exidx.text._ZN8Terminal11uartPutCharEt
                0x0800e560        0x8 ..\obj\terminal.o
 .ARM.exidx.text._ZN8Terminal14uartSendStringEPc
                0x0800e568        0x8 ..\obj\terminal.o
 .ARM.exidx.text._ZN8Terminal11SendMessageEPc
                0x0800e570        0x8 ..\obj\terminal.o
 .ARM.exidx.text._ZN8Terminal18IsCommandoAvalibleEv
                0x0800e578        0x8 ..\obj\terminal.o
 .ARM.exidx.text._ZN8Terminal15ProzessCommandoEv
                0x0800e580        0x8 ..\obj\terminal.o
 .ARM.exidx.text._ZN8Terminal15CommandoProzessEPc
                0x0800e588        0x8 ..\obj\terminal.o
 .ARM.exidx.text._ZN8Terminal15EnableSingeltonEv
                0x0800e590        0x8 ..\obj\terminal.o
 .ARM.exidx.text.DMA1_Stream3_IRQHandler
                0x0800e598        0x8 ..\obj\terminal.o
 .ARM.exidx.text.USART3_IRQHandler
                0x0800e5a0        0x8 ..\obj\terminal.o
 .ARM.exidx.text._ZN4MenuC2Ev
                0x0800e5a8        0x8 ..\obj\menu.o
 .ARM.exidx.text._ZN4Menu4InitEv
                0x0800e5b0        0x0 ..\obj\menu.o
                                  0x8 (size before relaxing)
 .ARM.exidx.text._ZN4Menu9PrintMenuEP8menu_str
                0x0800e5b0        0x8 ..\obj\menu.o
 .ARM.exidx.text._ZN4Menu6MenuUPEv
                0x0800e5b8        0x8 ..\obj\menu.o
 .ARM.exidx.text._ZN4Menu6CursorEi
                0x0800e5c0        0x8 ..\obj\menu.o
 .ARM.exidx.text._ZN4Menu6SubmitEv
                0x0800e5c8        0x8 ..\obj\menu.o
 .ARM.exidx.text._ZN4Menu11DisplayMenuEi
                0x0800e5d0        0x8 ..\obj\menu.o
 .ARM.exidx.text._ZN4Menu10DrawCursorEv
                0x0800e5d8        0x8 ..\obj\menu.o
 .ARM.exidx.text._ZN4Menu11SetSollwertEf
                0x0800e5e0       0x10 ..\obj\menu.o
                                  0x8 (size before relaxing)
 .ARM.exidx.text._ZN22AnalogDigitalConverterC2Ev
                0x0800e5f0        0x8 ..\obj\adc.o
 .ARM.exidx.text._ZN22AnalogDigitalConverter26getConvertedValueAsVoltageEi
                0x0800e5f8        0x8 ..\obj\adc.o
 .ARM.exidx.text._ZN4XbeeC2Eii
                0x0800e600        0x8 ..\obj\xbee.o
 .ARM.exidx.text._ZN4Xbee11buffer_initEv
                0x0800e608        0x8 ..\obj\xbee.o
 .ARM.exidx.text._ZN4Xbee8BufferInEc
                0x0800e610        0x0 ..\obj\xbee.o
                                  0x8 (size before relaxing)
 .ARM.exidx.text._ZN4Xbee9BufferOutEPc
                0x0800e610        0x0 ..\obj\xbee.o
                                  0x8 (size before relaxing)
 .ARM.exidx.text._ZN4Xbee10ReadBufferEPc
                0x0800e610        0x0 ..\obj\xbee.o
                                  0x8 (size before relaxing)
 .ARM.exidx.text._ZN4Xbee7InitDMAEv
                0x0800e610        0x8 ..\obj\xbee.o
 .ARM.exidx.text._ZN4Xbee4InitEv
                0x0800e618        0x8 ..\obj\xbee.o
 .ARM.exidx.text._ZN4Xbee7PutCharEt
                0x0800e620        0x8 ..\obj\xbee.o
 .ARM.exidx.text._ZN4Xbee16SendTransmissionEccccPcc
                0x0800e628        0x8 ..\obj\xbee.o
 .ARM.exidx.text._ZN4Xbee18IsCommandoAvalibleEv
                0x0800e630        0x8 ..\obj\xbee.o
 .ARM.exidx.text._ZN4Xbee15ProzessCommandoEv
                0x0800e638        0x8 ..\obj\xbee.o
 .ARM.exidx.text._ZN4Xbee15CommandoProzessEPc
                0x0800e640        0x8 ..\obj\xbee.o
 .ARM.exidx.text.DMA1_Stream5_IRQHandler
                0x0800e648        0x8 ..\obj\xbee.o
 .ARM.exidx.text.USART2_IRQHandler
                0x0800e650       0x10 ..\obj\xbee.o
                                  0x8 (size before relaxing)
 .ARM.exidx     0x0800e660       0x88 c:/program files (x86)/gnu tools arm embedded/4.8 2014q3/bin/../lib/gcc/arm-none-eabi/4.8.4/armv7e-m\libgcc.a(unwind-arm.o)
                                 0xd8 (size before relaxing)
 .ARM.exidx     0x0800e6e8       0x38 c:/program files (x86)/gnu tools arm embedded/4.8 2014q3/bin/../lib/gcc/arm-none-eabi/4.8.4/armv7e-m\libgcc.a(pr-support.o)
                                 0x48 (size before relaxing)
 .ARM.exidx     0x0800e720        0x0 c:/program files (x86)/gnu tools arm embedded/4.8 2014q3/bin/../lib/gcc/arm-none-eabi/4.8.4/armv7e-m\libgcc.a(_divdi3.o)
                                  0x8 (size before relaxing)
 .ARM.exidx     0x0800e720        0x0 c:/program files (x86)/gnu tools arm embedded/4.8 2014q3/bin/../lib/gcc/arm-none-eabi/4.8.4/armv7e-m\libgcc.a(_udivdi3.o)
                                  0x8 (size before relaxing)
                0x0800e720                __exidx_end = .
                0x0800e720                __etext = .
                0x0800e720                _sidata = __etext

.rel.dyn        0x0800e720        0x0
 .rel.iplt      0x00000000        0x0 c:/program files (x86)/gnu tools arm embedded/4.8 2014q3/bin/../lib/gcc/arm-none-eabi/4.8.4/armv7e-m/crtbegin.o

.data           0x20000000      0xb04 load address 0x0800e720
                0x20000000                __data_start__ = .
                0x20000000                _sdata = __data_start__
 *(vtable)
 *(.data*)
 .data          0x20000000        0x4 c:/program files (x86)/gnu tools arm embedded/4.8 2014q3/bin/../lib/gcc/arm-none-eabi/4.8.4/armv7e-m/crtbegin.o
                0x20000000                __dso_handle
 .data          0x20000004       0x34 ..\obj\stm32f4_discovery_audio_codec.o
                0x20000004                AudioTotalSize
                0x20000008                AudioRemSize
                0x2000000c                CODECTimeout
                0x20000010                CurrAudioInterface
                0x20000014                AUDIO_MAL_DMA_CLOCK
                0x20000018                AUDIO_MAL_DMA_STREAM
                0x2000001c                AUDIO_MAL_DMA_DREG
                0x20000020                AUDIO_MAL_DMA_IRQ
                0x20000024                AUDIO_MAL_DMA_FLAG_TC
                0x20000028                AUDIO_MAL_DMA_FLAG_HT
                0x2000002c                AUDIO_MAL_DMA_FLAG_FE
                0x20000030                AUDIO_MAL_DMA_FLAG_TE
                0x20000034                AUDIO_MAL_DMA_FLAG_DME
 .data          0x20000038       0x14 ..\obj\stm32f4_discovery.o
                0x20000038                GPIO_PORT
                0x20000048                BUTTON_PORT
 .data          0x2000004c       0x10 ..\obj\stm32f4xx_rcc.o
 .data          0x2000005c       0x58 ..\obj\fassade.o
 .data          0x200000b4      0x110 ..\obj\terminal.o
 .data          0x200001c4       0xb0 ..\obj\menu.o
                0x200001c4                MainMenuTable
                0x20000200                MainSollwertTable
                0x20000214                MainSubmitTable
                0x20000250                MenuMain
                0x2000025c                MenuSollwert
                0x20000268                MenuSubmit
 *fill*         0x20000274        0x4 
 .data.impure_data
                0x20000278      0x428 c:/program files (x86)/gnu tools arm embedded/4.8 2014q3/bin/../lib/gcc/arm-none-eabi/4.8.4/../../../../arm-none-eabi/lib/armv7e-m\libc.a(lib_a-impure.o)
 .data._impure_ptr
                0x200006a0        0x4 c:/program files (x86)/gnu tools arm embedded/4.8 2014q3/bin/../lib/gcc/arm-none-eabi/4.8.4/../../../../arm-none-eabi/lib/armv7e-m\libc.a(lib_a-impure.o)
                0x200006a0                _impure_ptr
 .data.__malloc_av_
                0x200006a4      0x408 c:/program files (x86)/gnu tools arm embedded/4.8 2014q3/bin/../lib/gcc/arm-none-eabi/4.8.4/../../../../arm-none-eabi/lib/armv7e-m\libc.a(lib_a-mallocr.o)
                0x200006a4                __malloc_av_
 .data.__malloc_trim_threshold
                0x20000aac        0x4 c:/program files (x86)/gnu tools arm embedded/4.8 2014q3/bin/../lib/gcc/arm-none-eabi/4.8.4/../../../../arm-none-eabi/lib/armv7e-m\libc.a(lib_a-mallocr.o)
                0x20000aac                __malloc_trim_threshold
 .data.__malloc_sbrk_base
                0x20000ab0        0x4 c:/program files (x86)/gnu tools arm embedded/4.8 2014q3/bin/../lib/gcc/arm-none-eabi/4.8.4/../../../../arm-none-eabi/lib/armv7e-m\libc.a(lib_a-mallocr.o)
                0x20000ab0                __malloc_sbrk_base
 .data.__ctype_ptr__
                0x20000ab4        0x4 c:/program files (x86)/gnu tools arm embedded/4.8 2014q3/bin/../lib/gcc/arm-none-eabi/4.8.4/../../../../arm-none-eabi/lib/armv7e-m\libc.a(lib_a-ctype_.o)
                0x20000ab4                __ctype_ptr__
 .data.lconv    0x20000ab8       0x38 c:/program files (x86)/gnu tools arm embedded/4.8 2014q3/bin/../lib/gcc/arm-none-eabi/4.8.4/../../../../arm-none-eabi/lib/armv7e-m\libc.a(lib_a-locale.o)
                0x20000af0                . = ALIGN (0x4)
                0x20000af0                PROVIDE (__preinit_array_start, .)
 *(.preinit_array)
                0x20000af0                PROVIDE (__preinit_array_end, .)
                0x20000af0                . = ALIGN (0x4)
                0x20000af0                PROVIDE (__init_array_start, .)
 *(SORT(.init_array.*))
 .init_array.00000
                0x20000af0        0x4 c:/program files (x86)/gnu tools arm embedded/4.8 2014q3/bin/../lib/gcc/arm-none-eabi/4.8.4/../../../../arm-none-eabi/lib/armv7e-m\libc.a(lib_a-__call_atexit.o)
 *(.init_array)
 .init_array    0x20000af4        0x4 c:/program files (x86)/gnu tools arm embedded/4.8 2014q3/bin/../lib/gcc/arm-none-eabi/4.8.4/armv7e-m/crtbegin.o
 .init_array    0x20000af8        0x4 ..\obj\main.o
                0x20000afc                PROVIDE (__init_array_end, .)
                0x20000afc                . = ALIGN (0x4)
                0x20000afc                PROVIDE (__fini_array_start, .)
 *(SORT(.fini_array.*))
 *(.fini_array)
 .fini_array    0x20000afc        0x4 c:/program files (x86)/gnu tools arm embedded/4.8 2014q3/bin/../lib/gcc/arm-none-eabi/4.8.4/armv7e-m/crtbegin.o
                0x20000b00                PROVIDE (__fini_array_end, .)
 *(.jcr*)
 .jcr           0x20000b00        0x0 c:/program files (x86)/gnu tools arm embedded/4.8 2014q3/bin/../lib/gcc/arm-none-eabi/4.8.4/armv7e-m/crtbegin.o
 .jcr           0x20000b00        0x4 c:/program files (x86)/gnu tools arm embedded/4.8 2014q3/bin/../lib/gcc/arm-none-eabi/4.8.4/armv7e-m/crtend.o
                0x20000b04                . = ALIGN (0x4)
                0x20000b04                __data_end__ = .
                0x20000b04                _edata = __data_end__

.igot.plt       0x20000b04        0x0 load address 0x0800f224
 .igot.plt      0x00000000        0x0 c:/program files (x86)/gnu tools arm embedded/4.8 2014q3/bin/../lib/gcc/arm-none-eabi/4.8.4/armv7e-m/crtbegin.o

.bss            0x20000b04      0x55c load address 0x0800f224
                0x20000b04                . = ALIGN (0x4)
                0x20000b04                __bss_start__ = .
                0x20000b04                _sbss = __bss_start__
 *(.bss*)
 .bss           0x20000b04       0x1c c:/program files (x86)/gnu tools arm embedded/4.8 2014q3/bin/../lib/gcc/arm-none-eabi/4.8.4/armv7e-m/crtbegin.o