Archive member included because of file (symbol)

d:/dev/arm_gcc/bin/../lib/gcc/arm-none-eabi/4.8.4/armv7e-m\libgcc.a(unwind-arm.o)
                              ..\obj\uart.o (__aeabi_unwind_cpp_pr0)
d:/dev/arm_gcc/bin/../lib/gcc/arm-none-eabi/4.8.4/armv7e-m\libgcc.a(libunwind.o)
                              d:/dev/arm_gcc/bin/../lib/gcc/arm-none-eabi/4.8.4/armv7e-m\libgcc.a(unwind-arm.o) (restore_core_regs)
d:/dev/arm_gcc/bin/../lib/gcc/arm-none-eabi/4.8.4/armv7e-m\libgcc.a(pr-support.o)
                              d:/dev/arm_gcc/bin/../lib/gcc/arm-none-eabi/4.8.4/armv7e-m\libgcc.a(unwind-arm.o) (__gnu_unwind_execute)
d:/dev/arm_gcc/bin/../lib/gcc/arm-none-eabi/4.8.4/../../../../arm-none-eabi/lib/armv7e-m\libc.a(lib_a-abort.o)
                              d:/dev/arm_gcc/bin/../lib/gcc/arm-none-eabi/4.8.4/armv7e-m\libgcc.a(unwind-arm.o) (abort)
d:/dev/arm_gcc/bin/../lib/gcc/arm-none-eabi/4.8.4/../../../../arm-none-eabi/lib/armv7e-m\libc.a(lib_a-aeabi_atexit.o)
                              ..\obj\main.o (__aeabi_atexit)
d:/dev/arm_gcc/bin/../lib/gcc/arm-none-eabi/4.8.4/../../../../arm-none-eabi/lib/armv7e-m\libc.a(lib_a-cxa_atexit.o)
                              d:/dev/arm_gcc/bin/../lib/gcc/arm-none-eabi/4.8.4/../../../../arm-none-eabi/lib/armv7e-m\libc.a(lib_a-aeabi_atexit.o) (__cxa_atexit)
d:/dev/arm_gcc/bin/../lib/gcc/arm-none-eabi/4.8.4/../../../../arm-none-eabi/lib/armv7e-m\libc.a(lib_a-exit.o)
                              d:/dev/arm_gcc/bin/../lib/gcc/arm-none-eabi/4.8.4/../../../../arm-none-eabi/lib/armv7e-m/crt0.o (exit)
d:/dev/arm_gcc/bin/../lib/gcc/arm-none-eabi/4.8.4/../../../../arm-none-eabi/lib/armv7e-m\libc.a(lib_a-impure.o)
                              d:/dev/arm_gcc/bin/../lib/gcc/arm-none-eabi/4.8.4/../../../../arm-none-eabi/lib/armv7e-m\libc.a(lib_a-exit.o) (_global_impure_ptr)
d:/dev/arm_gcc/bin/../lib/gcc/arm-none-eabi/4.8.4/../../../../arm-none-eabi/lib/armv7e-m\libc.a(lib_a-init.o)
                              d:/dev/arm_gcc/bin/../lib/gcc/arm-none-eabi/4.8.4/../../../../arm-none-eabi/lib/armv7e-m/crt0.o (__libc_init_array)
d:/dev/arm_gcc/bin/../lib/gcc/arm-none-eabi/4.8.4/../../../../arm-none-eabi/lib/armv7e-m\libc.a(lib_a-malloc.o)
                              ..\obj\uart.o (malloc)
d:/dev/arm_gcc/bin/../lib/gcc/arm-none-eabi/4.8.4/../../../../arm-none-eabi/lib/armv7e-m\libc.a(lib_a-mallocr.o)
                              d:/dev/arm_gcc/bin/../lib/gcc/arm-none-eabi/4.8.4/../../../../arm-none-eabi/lib/armv7e-m\libc.a(lib_a-malloc.o) (_malloc_r)
d:/dev/arm_gcc/bin/../lib/gcc/arm-none-eabi/4.8.4/../../../../arm-none-eabi/lib/armv7e-m\libc.a(lib_a-memcpy.o)
                              d:/dev/arm_gcc/bin/../lib/gcc/arm-none-eabi/4.8.4/armv7e-m\libgcc.a(unwind-arm.o) (memcpy)
d:/dev/arm_gcc/bin/../lib/gcc/arm-none-eabi/4.8.4/../../../../arm-none-eabi/lib/armv7e-m\libc.a(lib_a-memset.o)
                              d:/dev/arm_gcc/bin/../lib/gcc/arm-none-eabi/4.8.4/../../../../arm-none-eabi/lib/armv7e-m/crt0.o (memset)
d:/dev/arm_gcc/bin/../lib/gcc/arm-none-eabi/4.8.4/../../../../arm-none-eabi/lib/armv7e-m\libc.a(lib_a-mlock.o)
                              d:/dev/arm_gcc/bin/../lib/gcc/arm-none-eabi/4.8.4/../../../../arm-none-eabi/lib/armv7e-m\libc.a(lib_a-mallocr.o) (__malloc_lock)
d:/dev/arm_gcc/bin/../lib/gcc/arm-none-eabi/4.8.4/../../../../arm-none-eabi/lib/armv7e-m\libc.a(lib_a-sbrkr.o)
                              d:/dev/arm_gcc/bin/../lib/gcc/arm-none-eabi/4.8.4/../../../../arm-none-eabi/lib/armv7e-m\libc.a(lib_a-mallocr.o) (_sbrk_r)
d:/dev/arm_gcc/bin/../lib/gcc/arm-none-eabi/4.8.4/../../../../arm-none-eabi/lib/armv7e-m\libc.a(lib_a-signal.o)
                              d:/dev/arm_gcc/bin/../lib/gcc/arm-none-eabi/4.8.4/../../../../arm-none-eabi/lib/armv7e-m\libc.a(lib_a-abort.o) (raise)
d:/dev/arm_gcc/bin/../lib/gcc/arm-none-eabi/4.8.4/../../../../arm-none-eabi/lib/armv7e-m\libc.a(lib_a-signalr.o)
                              d:/dev/arm_gcc/bin/../lib/gcc/arm-none-eabi/4.8.4/../../../../arm-none-eabi/lib/armv7e-m\libc.a(lib_a-signal.o) (_kill_r)
d:/dev/arm_gcc/bin/../lib/gcc/arm-none-eabi/4.8.4/../../../../arm-none-eabi/lib/armv7e-m\libc.a(lib_a-sprintf.o)
                              ..\obj\main.o (sprintf)
d:/dev/arm_gcc/bin/../lib/gcc/arm-none-eabi/4.8.4/../../../../arm-none-eabi/lib/armv7e-m\libc.a(lib_a-strcpy.o)
                              ..\obj\uart.o (strcpy)
d:/dev/arm_gcc/bin/../lib/gcc/arm-none-eabi/4.8.4/../../../../arm-none-eabi/lib/armv7e-m\libc.a(lib_a-strlen.o)
                              ..\obj\main.o (strlen)
d:/dev/arm_gcc/bin/../lib/gcc/arm-none-eabi/4.8.4/../../../../arm-none-eabi/lib/armv7e-m\libc.a(lib_a-svfprintf.o)
                              d:/dev/arm_gcc/bin/../lib/gcc/arm-none-eabi/4.8.4/../../../../arm-none-eabi/lib/armv7e-m\libc.a(lib_a-sprintf.o) (_svfprintf_r)
d:/dev/arm_gcc/bin/../lib/gcc/arm-none-eabi/4.8.4/../../../../arm-none-eabi/lib/armv7e-m\libc.a(lib_a-__atexit.o)
[...]
Memory Configuration

Name             Origin             Length             Attributes
FLASH            0x08000000         0x00100000         xr
RAM              0x20000000         0x00020000         xrw
RAM1             0x10000000         0x00010000         xrw
*default*        0x00000000         0xffffffff

Linker script and memory map

LOAD d:/dev/arm_gcc/bin/../lib/gcc/arm-none-eabi/4.8.4/armv7e-m/crti.o
LOAD d:/dev/arm_gcc/bin/../lib/gcc/arm-none-eabi/4.8.4/armv7e-m/crtbegin.o
LOAD d:/dev/arm_gcc/bin/../lib/gcc/arm-none-eabi/4.8.4/../../../../arm-none-eabi/lib/armv7e-m/crt0.o

.text           0x08000000     0x7ce8
 *(.isr_vector)
 .isr_vector    0x08000000      0x188 ..\obj\startup_stm32f4xx.o
                0x08000000                g_pfnVectors
 *(.text*)
 .text          0x08000188       0x54 d:/dev/arm_gcc/bin/../lib/gcc/arm-none-eabi/4.8.4/armv7e-m/crtbegin.o
 .text          0x080001dc       0x74 d:/dev/arm_gcc/bin/../lib/gcc/arm-none-eabi/4.8.4/../../../../arm-none-eabi/lib/armv7e-m/crt0.o
                0x080001dc                _start
                0x080001dc                _mainCRTStartup
 .text.SYSCFG_EXTILineConfig
                0x08000250       0x7c ..\obj\stm32f4xx_syscfg.o
                0x08000250                SYSCFG_EXTILineConfig
 .text.Audio_MAL_IRQHandler
                0x080002cc       0xf8 ..\obj\stm32f4_discovery_audio_codec.o
 .text.DMA1_Stream7_IRQHandler
                0x080003c4        0xc ..\obj\stm32f4_discovery_audio_codec.o
                0x080003c4                DMA1_Stream7_IRQHandler
 .text.DMA1_Stream0_IRQHandler
                0x080003d0        0xc ..\obj\stm32f4_discovery_audio_codec.o
                0x080003d0                DMA1_Stream0_IRQHandler
 .text.SPI3_IRQHandler
                0x080003dc       0x40 ..\obj\stm32f4_discovery_audio_codec.o
                0x080003dc                SPI3_IRQHandler
 .text.USART_Init
                0x0800041c      0x174 ..\obj\stm32f4xx_usart.o
                0x0800041c                USART_Init
 .text.USART_Cmd
                0x08000590       0x40 ..\obj\stm32f4xx_usart.o
                0x08000590                USART_Cmd
 .text.USART_ReceiveData
                0x080005d0       0x20 ..\obj\stm32f4xx_usart.o
                0x080005d0                USART_ReceiveData
 .text.USART_DMACmd
                0x080005f0       0x48 ..\obj\stm32f4xx_usart.o
                0x080005f0                USART_DMACmd
 .text.USART_ITConfig
                0x08000638       0x90 ..\obj\stm32f4xx_usart.o
                0x08000638                USART_ITConfig
 .text.USART_ClearFlag
                0x080006c8       0x20 ..\obj\stm32f4xx_usart.o
                0x080006c8                USART_ClearFlag
 .text.USART_GetITStatus
                0x080006e8       0xb0 ..\obj\stm32f4xx_usart.o
                0x080006e8                USART_GetITStatus
 .text._ZN3LEDC2Ev
                0x08000798       0x18 ..\obj\led.o
                0x08000798                LED::LED()
                0x08000798                LED::LED()
 .text._ZN3LEDD2Ev
                0x080007b0       0x18 ..\obj\led.o
                0x080007b0                LED::~LED()
                0x080007b0                LED::~LED()
 .text.DAC_SetChannel1Data
                0x080007c8       0x34 ..\obj\stm32f4xx_dac.o
                0x080007c8                DAC_SetChannel1Data
 .text._ZN6RotaryC2Ev
                0x080007fc       0x54 ..\obj\rotary.o
                0x080007fc                Rotary::Rotary()
                0x080007fc                Rotary::Rotary()
 .text._ZN6Rotary4InitEv
                0x08000850       0xc4 ..\obj\rotary.o
                0x08000850                Rotary::Init()
 .text._ZN6Rotary15EnableSingeltonEv
                0x08000914       0x1c ..\obj\rotary.o
                0x08000914                Rotary::EnableSingelton()
 .text._ZN6Rotary11GetPositionEv
                0x08000930       0x18 ..\obj\rotary.o
                0x08000930                Rotary::GetPosition()
 .text.EXTI9_5_IRQHandler
                0x08000948       0xb8 ..\obj\rotary.o
                0x08000948                EXTI9_5_IRQHandler
 .text._ZN5UsartC2Ei
                0x08000a00       0x50 ..\obj\uart.o
                0x08000a00                Usart::Usart(int)
                0x08000a00                Usart::Usart(int)
 .text._ZN5Usart11buffer_initEv
                0x08000a50       0x2c ..\obj\uart.o
                0x08000a50                Usart::buffer_init()
 .text._ZN5Usart8BufferInEc
                0x08000a7c       0x70 ..\obj\uart.o
                0x08000a7c                Usart::BufferIn(char)
 .text._ZN5Usart9BufferOutEPc
                0x08000aec       0x58 ..\obj\uart.o
                0x08000aec                Usart::BufferOut(char*)
 .text._ZN5Usart10ReadBufferEv
                0x08000b44       0x70 ..\obj\uart.o
                0x08000b44                Usart::ReadBuffer()
 .text._ZN5Usart13usart3InitDMAEv
                0x08000bb4       0xb0 ..\obj\uart.o
                0x08000bb4                Usart::usart3InitDMA()
 .text._ZN5Usart10SendViaDmaEPci
                0x08000c64       0x9c ..\obj\uart.o
                0x08000c64                Usart::SendViaDma(char*, int)
 .text._ZN5Usart10usart3InitEv
                0x08000d00       0xe0 ..\obj\uart.o
                0x08000d00                Usart::usart3Init()
 .text._ZN5Usart15EnableSingeltonEv
                0x08000de0       0x1c ..\obj\uart.o
                0x08000de0                Usart::EnableSingelton()
 .text.DMA1_Stream3_IRQHandler
                0x08000dfc       0x30 ..\obj\uart.o
                0x08000dfc                DMA1_Stream3_IRQHandler
 .text.USART3_IRQHandler
                0x08000e2c       0x48 ..\obj\uart.o
                0x08000e2c                USART3_IRQHandler
 .text.Default_Reset_Handler
                0x08000e74       0x5c ..\obj\startup_stm32f4xx.o
                0x08000e74                Default_Reset_Handler
                0x08000e74                Reset_Handler
 .text.Default_Handler
                0x08000ed0        0x8 ..\obj\startup_stm32f4xx.o
                0x08000ed0                RTC_Alarm_IRQHandler
                0x08000ed0                HASH_RNG_IRQHandler
                0x08000ed0                EXTI2_IRQHandler
                0x08000ed0                TIM8_CC_IRQHandler
                0x08000ed0                DebugMon_Handler
                0x08000ed0                TIM1_CC_IRQHandler
                0x08000ed0                DMA2_Stream5_IRQHandler
                0x08000ed0                HardFault_Handler
                0x08000ed0                DMA1_Stream5_IRQHandler
                0x08000ed0                SysTick_Handler
                0x08000ed0                PVD_IRQHandler
                0x08000ed0                SDIO_IRQHandler
                0x08000ed0                TAMP_STAMP_IRQHandler
                0x08000ed0                PendSV_Handler
                0x08000ed0                NMI_Handler
                0x08000ed0                CAN2_RX1_IRQHandler
                0x08000ed0                EXTI3_IRQHandler
                0x08000ed0                TIM8_TRG_COM_TIM14_IRQHandler
                0x08000ed0                TIM1_UP_TIM10_IRQHandler
                0x08000ed0                TIM8_UP_TIM13_IRQHandler
                0x08000ed0                I2C3_ER_IRQHandler
                0x08000ed0                EXTI0_IRQHandler
                0x08000ed0                I2C2_EV_IRQHandler
                0x08000ed0                DMA1_Stream2_IRQHandler
                0x08000ed0                CAN1_RX0_IRQHandler
                0x08000ed0                FPU_IRQHandler
                0x08000ed0                OTG_HS_WKUP_IRQHandler
                0x08000ed0                UsageFault_Handler
                0x08000ed0                CAN2_SCE_IRQHandler
                0x08000ed0                DMA2_Stream2_IRQHandler
                0x08000ed0                SPI1_IRQHandler
                0x08000ed0                TIM6_DAC_IRQHandler
                0x08000ed0                TIM1_BRK_TIM9_IRQHandler
                0x08000ed0                DCMI_IRQHandler
                0x08000ed0                CAN2_RX0_IRQHandler
                0x08000ed0                DMA2_Stream3_IRQHandler
                0x08000ed0                USART6_IRQHandler
                0x08000ed0                CRYP_IRQHandler
                0x08000ed0                CAN1_RX1_IRQHandler
                0x08000ed0                UART5_IRQHandler
                0x08000ed0                DMA2_Stream0_IRQHandler
                0x08000ed0                TIM4_IRQHandler
                0x08000ed0                I2C1_EV_IRQHandler
                0x08000ed0                DMA1_Stream6_IRQHandler
                0x08000ed0                DMA1_Stream1_IRQHandler
                0x08000ed0                UART4_IRQHandler
                0x08000ed0                TIM3_IRQHandler
                0x08000ed0                RCC_IRQHandler
                0x08000ed0                TIM8_BRK_TIM12_IRQHandler
                0x08000ed0                EXTI15_10_IRQHandler
                0x08000ed0                ADC_IRQHandler
                0x08000ed0                TIM7_IRQHandler
                0x08000ed0                CAN2_TX_IRQHandler
                0x08000ed0                TIM5_IRQHandler
                0x08000ed0                DMA2_Stream7_IRQHandler
                0x08000ed0                I2C3_EV_IRQHandler
                0x08000ed0                RTC_WKUP_IRQHandler
                0x08000ed0                ETH_WKUP_IRQHandler
                0x08000ed0                SPI2_IRQHandler
                0x08000ed0                OTG_HS_EP1_IN_IRQHandler
                0x08000ed0                MemManage_Handler
                0x08000ed0                CAN1_TX_IRQHandler
                0x08000ed0                SVC_Handler
                0x08000ed0                EXTI4_IRQHandler
                0x08000ed0                FSMC_IRQHandler
                0x08000ed0                ETH_IRQHandler
                0x08000ed0                OTG_HS_EP1_OUT_IRQHandler
                0x08000ed0                WWDG_IRQHandler
                0x08000ed0                TIM2_IRQHandler
                0x08000ed0                OTG_FS_WKUP_IRQHandler
                0x08000ed0                TIM1_TRG_COM_TIM11_IRQHandler
                0x08000ed0                OTG_HS_IRQHandler
                0x08000ed0                EXTI1_IRQHandler
                0x08000ed0                USART2_IRQHandler
                0x08000ed0                I2C2_ER_IRQHandler
                0x08000ed0                DMA2_Stream1_IRQHandler
                0x08000ed0                CAN1_SCE_IRQHandler
                0x08000ed0                FLASH_IRQHandler
                0x08000ed0                DMA2_Stream4_IRQHandler
                0x08000ed0                BusFault_Handler
                0x08000ed0                USART1_IRQHandler
                0x08000ed0                OTG_FS_IRQHandler
                0x08000ed0                DMA1_Stream4_IRQHandler
                0x08000ed0                I2C1_ER_IRQHandler
                0x08000ed0                DMA2_Stream6_IRQHandler
 .text.STM_EVAL_LEDInit
                0x08000ed8       0x5c ..\obj\stm32f4_discovery.o
                0x08000ed8                STM_EVAL_LEDInit
 .text._ZL5Delayi
                0x08000f34       0x28 ..\obj\main.o
 .text.main     0x08000f5c       0xd8 ..\obj\main.o
                0x08000f5c                main
 .text._Z41__static_initialization_and_destruction_0ii
                0x08001034       0x3c ..\obj\main.o
 .text._GLOBAL__sub_I_buffer
                0x08001070       0x10 ..\obj\main.o
 .text.RCC_GetClocksFreq
                0x08001080      0x154 ..\obj\stm32f4xx_rcc.o
                0x08001080                RCC_GetClocksFreq
 .text.RCC_AHB1PeriphClockCmd
                0x080011d4       0x3c ..\obj\stm32f4xx_rcc.o
                0x080011d4                RCC_AHB1PeriphClockCmd
 .text.RCC_APB1PeriphClockCmd
                0x08001210       0x3c ..\obj\stm32f4xx_rcc.o
                0x08001210                RCC_APB1PeriphClockCmd
 .text.RCC_APB2PeriphClockCmd
                0x0800124c       0x3c ..\obj\stm32f4xx_rcc.o
                0x0800124c                RCC_APB2PeriphClockCmd
 .text.GPIO_Init
                0x08001288      0x11c ..\obj\stm32f4xx_gpio.o
                0x08001288                GPIO_Init
 .text.GPIO_ReadInputDataBit
                0x080013a4       0x34 ..\obj\stm32f4xx_gpio.o
                0x080013a4                GPIO_ReadInputDataBit
 .text.GPIO_PinAFConfig
                0x080013d8       0x8c ..\obj\stm32f4xx_gpio.o
                0x080013d8                GPIO_PinAFConfig
 .text.SystemInit
                0x08001464       0x58 ..\obj\system_stm32f4xx.o
                0x08001464                SystemInit
 .text.SetSysClock
                0x080014bc       0xf4 ..\obj\system_stm32f4xx.o
 .text.DMA_DeInit
                0x080015b0      0x1a4 ..\obj\stm32f4xx_dma.o
                0x080015b0                DMA_DeInit
 .text.DMA_Init
                0x08001754       0xac ..\obj\stm32f4xx_dma.o
                0x08001754                DMA_Init
 .text.DMA_Cmd  0x08001800       0x38 ..\obj\stm32f4xx_dma.o
                0x08001800                DMA_Cmd
 .text.DMA_GetCmdStatus
                0x08001838       0x30 ..\obj\stm32f4xx_dma.o
                0x08001838                DMA_GetCmdStatus
 .text.DMA_GetFlagStatus
                0x08001868       0x78 ..\obj\stm32f4xx_dma.o
                0x08001868                DMA_GetFlagStatus
 .text.DMA_ClearFlag
                0x080018e0       0x5c ..\obj\stm32f4xx_dma.o
                0x080018e0                DMA_ClearFlag
 .text.DMA_ITConfig
                0x0800193c       0x74 ..\obj\stm32f4xx_dma.o
                0x0800193c                DMA_ITConfig
 .text.DMA_GetITStatus
                0x080019b0       0xb0 ..\obj\stm32f4xx_dma.o
                0x080019b0                DMA_GetITStatus
 .text.DMA_ClearITPendingBit
                0x08001a60       0x5c ..\obj\stm32f4xx_dma.o
                0x08001a60                DMA_ClearITPendingBit
 .text.EVAL_AUDIO_TransferComplete_CallBack
                0x08001abc       0x14 ..\obj\stm32f4_discovery_callbacks.o
                0x08001abc                EVAL_AUDIO_TransferComplete_CallBack
 .text.EVAL_AUDIO_GetSampleCallBack
                0x08001ad0       0x10 ..\obj\stm32f4_discovery_callbacks.o
                0x08001ad0                EVAL_AUDIO_GetSampleCallBack
 .text.SPI_I2S_SendData
                0x08001ae0       0x1c ..\obj\stm32f4xx_spi.o
                0x08001ae0                SPI_I2S_SendData
 .text.SPI_I2S_GetFlagStatus
                0x08001afc       0x38 ..\obj\stm32f4xx_spi.o
                0x08001afc                SPI_I2S_GetFlagStatus
 .text.EXTI_Init
                0x08001b34       0xdc ..\obj\stm32f4xx_exti.o
                0x08001b34                EXTI_Init
 .text.EXTI_GenerateSWInterrupt
                0x08001c10       0x24 ..\obj\stm32f4xx_exti.o
                0x08001c10                EXTI_GenerateSWInterrupt
 .text.EXTI_GetITStatus
                0x08001c34       0x48 ..\obj\stm32f4xx_exti.o
                0x08001c34                EXTI_GetITStatus
 .text.EXTI_ClearITPendingBit
                0x08001c7c       0x1c ..\obj\stm32f4xx_exti.o
                0x08001c7c                EXTI_ClearITPendingBit
 .text.NVIC_PriorityGroupConfig
                0x08001c98       0x24 ..\obj\misc.o
                0x08001c98                NVIC_PriorityGroupConfig
 .text.NVIC_Init
                0x08001cbc       0xbc ..\obj\misc.o
                0x08001cbc                NVIC_Init
 .text          0x08001d78      0xa1c d:/dev/arm_gcc/bin/../lib/gcc/arm-none-eabi/4.8.4/armv7e-m\libgcc.a(unwind-arm.o)
                0x0800205c                _Unwind_GetCFA
                0x08002060                __gnu_Unwind_RaiseException
                0x080020c0                __gnu_Unwind_ForcedUnwind
                0x080020d4                __gnu_Unwind_Resume
                0x08002118                __gnu_Unwind_Resume_or_Rethrow
                0x08002128                _Unwind_Complete
                0x0800212c                _Unwind_DeleteException
                0x0800213c                _Unwind_VRS_Get
                0x0800218c                _Unwind_VRS_Set
                0x080021dc                __gnu_Unwind_Backtrace
                0x08002530                __aeabi_unwind_cpp_pr0
                0x08002538                __aeabi_unwind_cpp_pr1
                0x08002540                __aeabi_unwind_cpp_pr2
                0x08002548                _Unwind_VRS_Pop
 .text          0x08002794      0x1ac d:/dev/arm_gcc/bin/../lib/gcc/arm-none-eabi/4.8.4/armv7e-m\libgcc.a(libunwind.o)
                0x08002794                __restore_core_regs
                0x08002794                restore_core_regs
                0x080027ac                __gnu_Unwind_Restore_VFP
                0x080027b4                __gnu_Unwind_Save_VFP
                0x080027bc                __gnu_Unwind_Restore_VFP_D
                0x080027c4                __gnu_Unwind_Save_VFP_D
                0x080027cc                __gnu_Unwind_Restore_VFP_D_16_to_31
                0x080027d4                __gnu_Unwind_Save_VFP_D_16_to_31
                0x080027dc                __gnu_Unwind_Restore_WMMXD
                0x08002820                __gnu_Unwind_Save_WMMXD
                0x08002864                __gnu_Unwind_Restore_WMMXC
                0x08002878                __gnu_Unwind_Save_WMMXC
                0x0800288c                ___Unwind_RaiseException
                0x0800288c                _Unwind_RaiseException
                0x080028b0                _Unwind_Resume
                0x080028b0                ___Unwind_Resume
                0x080028d4                _Unwind_Resume_or_Rethrow
                0x080028d4                ___Unwind_Resume_or_Rethrow
                0x080028f8                _Unwind_ForcedUnwind
                0x080028f8                ___Unwind_ForcedUnwind
                0x0800291c                ___Unwind_Backtrace
                0x0800291c                _Unwind_Backtrace
 .text          0x08002940      0x33c d:/dev/arm_gcc/bin/../lib/gcc/arm-none-eabi/4.8.4/armv7e-m\libgcc.a(pr-support.o)
                0x08002994                __gnu_unwind_execute
                0x08002c20                __gnu_unwind_frame
                0x08002c4c                _Unwind_GetRegionStart
                0x08002c58                _Unwind_GetLanguageSpecificData
                0x08002c6c                _Unwind_GetDataRelBase
                0x08002c74                _Unwind_GetTextRelBase
 .text.abort    0x08002c7c       0x10 d:/dev/arm_gcc/bin/../lib/gcc/arm-none-eabi/4.8.4/../../../../arm-none-eabi/lib/armv7e-m\libc.a(lib_a-abort.o)
                0x08002c7c                abort
 .text.__aeabi_atexit
                0x08002c8c        0xc d:/dev/arm_gcc/bin/../lib/gcc/arm-none-eabi/4.8.4/../../../../arm-none-eabi/lib/armv7e-m\libc.a(lib_a-aeabi_atexit.o)
                0x08002c8c                __aeabi_atexit
 .text.__cxa_atexit
                0x08002c98       0x14 d:/dev/arm_gcc/bin/../lib/gcc/arm-none-eabi/4.8.4/../../../../arm-none-eabi/lib/armv7e-m\libc.a(lib_a-cxa_atexit.o)
                0x08002c98                __cxa_atexit
 .text.exit     0x08002cac       0x20 d:/dev/arm_gcc/bin/../lib/gcc/arm-none-eabi/4.8.4/../../../../arm-none-eabi/lib/armv7e-m\libc.a(lib_a-exit.o)
                0x08002cac                exit
 .text.__libc_init_array
                0x08002ccc       0x50 d:/dev/arm_gcc/bin/../lib/gcc/arm-none-eabi/4.8.4/../../../../arm-none-eabi/lib/armv7e-m\libc.a(lib_a-init.o)
                0x08002ccc                __libc_init_array
 .text.malloc   0x08002d1c       0x10 d:/dev/arm_gcc/bin/../lib/gcc/arm-none-eabi/4.8.4/../../../../arm-none-eabi/lib/armv7e-m\libc.a(lib_a-malloc.o)
                0x08002d1c                malloc
 .text.free     0x08002d2c       0x10 d:/dev/arm_gcc/bin/../lib/gcc/arm-none-eabi/4.8.4/../../../../arm-none-eabi/lib/armv7e-m\libc.a(lib_a-malloc.o)
                0x08002d2c                free
 .text._malloc_r
                0x08002d3c      0x538 d:/dev/arm_gcc/bin/../lib/gcc/arm-none-eabi/4.8.4/../../../../arm-none-eabi/lib/armv7e-m\libc.a(lib_a-mallocr.o)
                0x08002d3c                _malloc_r
 .text          0x08003274      0x134 d:/dev/arm_gcc/bin/../lib/gcc/arm-none-eabi/4.8.4/../../../../arm-none-eabi/lib/armv7e-m\libc.a(lib_a-memcpy.o)
                0x08003274                memcpy
 .text.memset   0x080033a8       0x94 d:/dev/arm_gcc/bin/../lib/gcc/arm-none-eabi/4.8.4/../../../../arm-none-eabi/lib/armv7e-m\libc.a(lib_a-memset.o)
                0x080033a8                memset
 .text.__malloc_lock
                0x0800343c        0x4 d:/dev/arm_gcc/bin/../lib/gcc/arm-none-eabi/4.8.4/../../../../arm-none-eabi/lib/armv7e-m\libc.a(lib_a-mlock.o)
                0x0800343c                __malloc_lock
 .text.__malloc_unlock
                0x08003440        0x4 d:/dev/arm_gcc/bin/../lib/gcc/arm-none-eabi/4.8.4/../../../../arm-none-eabi/lib/armv7e-m\libc.a(lib_a-mlock.o)
                0x08003440                __malloc_unlock
 .text._sbrk_r  0x08003444       0x24 d:/dev/arm_gcc/bin/../lib/gcc/arm-none-eabi/4.8.4/../../../../arm-none-eabi/lib/armv7e-m\libc.a(lib_a-sbrkr.o)
                0x08003444                _sbrk_r
 .text._raise_r
                0x08003468       0x58 d:/dev/arm_gcc/bin/../lib/gcc/arm-none-eabi/4.8.4/../../../../arm-none-eabi/lib/armv7e-m\libc.a(lib_a-signal.o)
                0x08003468                _raise_r
 .text.raise    0x080034c0       0x10 d:/dev/arm_gcc/bin/../lib/gcc/arm-none-eabi/4.8.4/../../../../arm-none-eabi/lib/armv7e-m\libc.a(lib_a-signal.o)
                0x080034c0                raise
 .text._kill_r  0x080034d0       0x28 d:/dev/arm_gcc/bin/../lib/gcc/arm-none-eabi/4.8.4/../../../../arm-none-eabi/lib/armv7e-m\libc.a(lib_a-signalr.o)
                0x080034d0                _kill_r
 .text._getpid_r
                0x080034f8        0x4 d:/dev/arm_gcc/bin/../lib/gcc/arm-none-eabi/4.8.4/../../../../arm-none-eabi/lib/armv7e-m\libc.a(lib_a-signalr.o)
                0x080034f8                _getpid_r
 .text.sprintf  0x080034fc       0x4c d:/dev/arm_gcc/bin/../lib/gcc/arm-none-eabi/4.8.4/../../../../arm-none-eabi/lib/armv7e-m\libc.a(lib_a-sprintf.o)
                0x080034fc                sprintf
 .text.strcpy   0x08003548       0xbc d:/dev/arm_gcc/bin/../lib/gcc/arm-none-eabi/4.8.4/../../../../arm-none-eabi/lib/armv7e-m\libc.a(lib_a-strcpy.o)
                0x08003548                strcpy
 .text.strlen   0x08003604       0x60 d:/dev/arm_gcc/bin/../lib/gcc/arm-none-eabi/4.8.4/../../../../arm-none-eabi/lib/armv7e-m\libc.a(lib_a-strlen.o)
                0x08003604                strlen
 .text._svfprintf_r
                0x08003664     0x14f8 d:/dev/arm_gcc/bin/../lib/gcc/arm-none-eabi/4.8.4/../../../../arm-none-eabi/lib/armv7e-m\libc.a(lib_a-svfprintf.o)
                0x08003664                _svfprintf_r
 .text.__register_exitproc
                0x08004b5c       0xa8 d:/dev/arm_gcc/bin/../lib/gcc/arm-none-eabi/4.8.4/../../../../arm-none-eabi/lib/armv7e-m\libc.a(lib_a-__atexit.o)
                0x08004b5c                __register_exitproc
 .text.startup.register_fini
                0x08004c04       0x14 d:/dev/arm_gcc/bin/../lib/gcc/arm-none-eabi/4.8.4/../../../../arm-none-eabi/lib/armv7e-m\libc.a(lib_a-__call_atexit.o)
 .text.__call_exitprocs
                0x08004c18       0xf0 d:/dev/arm_gcc/bin/../lib/gcc/arm-none-eabi/4.8.4/../../../../arm-none-eabi/lib/armv7e-m\libc.a(lib_a-__call_atexit.o)
                0x08004c18                __call_exitprocs
 .text.atexit   0x08004d08        0xc d:/dev/arm_gcc/bin/../lib/gcc/arm-none-eabi/4.8.4/../../../../arm-none-eabi/lib/armv7e-m\libc.a(lib_a-atexit.o)
                0x08004d08                atexit
 .text.quorem   0x08004d14      0x130 d:/dev/arm_gcc/bin/../lib/gcc/arm-none-eabi/4.8.4/../../../../arm-none-eabi/lib/armv7e-m\libc.a(lib_a-dtoa.o)
 *fill*         0x08004e44        0x4 
 .text._dtoa_r  0x08004e48      0xe38 d:/dev/arm_gcc/bin/../lib/gcc/arm-none-eabi/4.8.4/../../../../arm-none-eabi/lib/armv7e-m\libc.a(lib_a-dtoa.o)
                0x08004e48                _dtoa_r
 .text.__libc_fini_array
                0x08005c80       0x30 d:/dev/arm_gcc/bin/../lib/gcc/arm-none-eabi/4.8.4/../../../../arm-none-eabi/lib/armv7e-m\libc.a(lib_a-fini.o)
                0x08005c80                __libc_fini_array
 .text._malloc_trim_r
                0x08005cb0       0x9c d:/dev/arm_gcc/bin/../lib/gcc/arm-none-eabi/4.8.4/../../../../arm-none-eabi/lib/armv7e-m\libc.a(lib_a-freer.o)
                0x08005cb0                _malloc_trim_r
 .text._free_r  0x08005d4c      0x19c d:/dev/arm_gcc/bin/../lib/gcc/arm-none-eabi/4.8.4/../../../../arm-none-eabi/lib/armv7e-m\libc.a(lib_a-freer.o)
                0x08005d4c                _free_r
 .text._localeconv_r
                0x08005ee8        0x8 d:/dev/arm_gcc/bin/../lib/gcc/arm-none-eabi/4.8.4/../../../../arm-none-eabi/lib/armv7e-m\libc.a(lib_a-locale.o)
                0x08005ee8                _localeconv_r
 .text.memchr   0x08005ef0       0x90 d:/dev/arm_gcc/bin/../lib/gcc/arm-none-eabi/4.8.4/../../../../arm-none-eabi/lib/armv7e-m\libc.a(lib_a-memchr-stub.o)
                0x08005ef0                memchr
 .text._Balloc  0x08005f80       0x4c d:/dev/arm_gcc/bin/../lib/gcc/arm-none-eabi/4.8.4/../../../../arm-none-eabi/lib/armv7e-m\libc.a(lib_a-mprec.o)
                0x08005f80                _Balloc
 .text._Bfree   0x08005fcc       0x14 d:/dev/arm_gcc/bin/../lib/gcc/arm-none-eabi/4.8.4/../../../../arm-none-eabi/lib/armv7e-m\libc.a(lib_a-mprec.o)
                0x08005fcc                _Bfree
 .text.__multadd
                0x08005fe0       0x98 d:/dev/arm_gcc/bin/../lib/gcc/arm-none-eabi/4.8.4/../../../../arm-none-eabi/lib/armv7e-m\libc.a(lib_a-mprec.o)
                0x08005fe0                __multadd
 .text.__hi0bits
                0x08006078       0x40 d:/dev/arm_gcc/bin/../lib/gcc/arm-none-eabi/4.8.4/../../../../arm-none-eabi/lib/armv7e-m\libc.a(lib_a-mprec.o)
                0x08006078                __hi0bits
 .text.__lo0bits
                0x080060b8       0x5c d:/dev/arm_gcc/bin/../lib/gcc/arm-none-eabi/4.8.4/../../../../arm-none-eabi/lib/armv7e-m\libc.a(lib_a-mprec.o)
                0x080060b8                __lo0bits
 .text.__i2b    0x08006114       0x14 d:/dev/arm_gcc/bin/../lib/gcc/arm-none-eabi/4.8.4/../../../../arm-none-eabi/lib/armv7e-m\libc.a(lib_a-mprec.o)
                0x08006114                __i2b
 .text.__multiply
                0x08006128      0x13c d:/dev/arm_gcc/bin/../lib/gcc/arm-none-eabi/4.8.4/../../../../arm-none-eabi/lib/armv7e-m\libc.a(lib_a-mprec.o)
                0x08006128                __multiply
 .text.__pow5mult
                0x08006264       0x9c d:/dev/arm_gcc/bin/../lib/gcc/arm-none-eabi/4.8.4/../../../../arm-none-eabi/lib/armv7e-m\libc.a(lib_a-mprec.o)
                0x08006264                __pow5mult
 .text.__lshift
                0x08006300       0xbc d:/dev/arm_gcc/bin/../lib/gcc/arm-none-eabi/4.8.4/../../../../arm-none-eabi/lib/armv7e-m\libc.a(lib_a-mprec.o)
                0x08006300                __lshift
 .text.__mcmp   0x080063bc       0x48 d:/dev/arm_gcc/bin/../lib/gcc/arm-none-eabi/4.8.4/../../../../arm-none-eabi/lib/armv7e-m\libc.a(lib_a-mprec.o)
                0x080063bc                __mcmp
 .text.__mdiff  0x08006404       0xd4 d:/dev/arm_gcc/bin/../lib/gcc/arm-none-eabi/4.8.4/../../../../arm-none-eabi/lib/armv7e-m\libc.a(lib_a-mprec.o)
                0x08006404                __mdiff
 .text.__d2b    0x080064d8       0xbc d:/dev/arm_gcc/bin/../lib/gcc/arm-none-eabi/4.8.4/../../../../arm-none-eabi/lib/armv7e-m\libc.a(lib_a-mprec.o)
                0x080064d8                __d2b
 .text.__fpclassifyd
                0x08006594       0x50 d:/dev/arm_gcc/bin/../lib/gcc/arm-none-eabi/4.8.4/../../../../arm-none-eabi/lib/armv7e-m\libc.a(lib_a-s_fpclassify.o)
                0x08006594                __fpclassifyd
 .text.__ssprint_r
                0x080065e4      0x100 d:/dev/arm_gcc/bin/../lib/gcc/arm-none-eabi/4.8.4/../../../../arm-none-eabi/lib/armv7e-m\libc.a(lib_a-svfiprintf.o)
                0x080065e4                __ssprint_r
 .text._calloc_r
                0x080066e4       0x60 d:/dev/arm_gcc/bin/../lib/gcc/arm-none-eabi/4.8.4/../../../../arm-none-eabi/lib/armv7e-m\libc.a(lib_a-callocr.o)
                0x080066e4                _calloc_r
 .text.memmove  0x08006744       0xc0 d:/dev/arm_gcc/bin/../lib/gcc/arm-none-eabi/4.8.4/../../../../arm-none-eabi/lib/armv7e-m\libc.a(lib_a-memmove.o)
                0x08006744                memmove
 .text._realloc_r
                0x08006804      0x3cc d:/dev/arm_gcc/bin/../lib/gcc/arm-none-eabi/4.8.4/../../../../arm-none-eabi/lib/armv7e-m\libc.a(lib_a-reallocr.o)
                0x08006804                _realloc_r
 .text._getpid  0x08006bd0       0x10 d:/dev/arm_gcc/bin/../lib/gcc/arm-none-eabi/4.8.4/../../../../arm-none-eabi/lib/armv7e-m\libnosys.a(getpid.o)
                0x08006bd0                _getpid
 .text._kill    0x08006be0       0x10 d:/dev/arm_gcc/bin/../lib/gcc/arm-none-eabi/4.8.4/../../../../arm-none-eabi/lib/armv7e-m\libnosys.a(kill.o)
                0x08006be0                _kill
 .text._sbrk    0x08006bf0       0x34 d:/dev/arm_gcc/bin/../lib/gcc/arm-none-eabi/4.8.4/../../../../arm-none-eabi/lib/armv7e-m\libnosys.a(sbrk.o)
                0x08006bf0                _sbrk
 .text._exit    0x08006c24        0x4 d:/dev/arm_gcc/bin/../lib/gcc/arm-none-eabi/4.8.4/../../../../arm-none-eabi/lib/armv7e-m\libnosys.a(_exit.o)
                0x08006c24                _exit
 .text          0x08006c28      0x370 d:/dev/arm_gcc/bin/../lib/gcc/arm-none-eabi/4.8.4/armv7e-m\libgcc.a(_arm_addsubdf3.o)
                0x08006c28                __aeabi_drsub
                0x08006c30                __aeabi_dsub
                0x08006c30                __subdf3
                0x08006c34                __aeabi_dadd
                0x08006c34                __adddf3
                0x08006eac                __floatunsidf
                0x08006eac                __aeabi_ui2d
                0x08006ecc                __floatsidf
                0x08006ecc                __aeabi_i2d
                0x08006ef0                __aeabi_f2d
                0x08006ef0                __extendsfdf2
                0x08006f2c                __floatundidf
                0x08006f2c                __aeabi_ul2d
                0x08006f3c                __floatdidf
                0x08006f3c                __aeabi_l2d
 .text          0x08006f98      0x424 d:/dev/arm_gcc/bin/../lib/gcc/arm-none-eabi/4.8.4/armv7e-m\libgcc.a(_arm_muldivdf3.o)
                0x08006f98                __aeabi_dmul
                0x08006f98                __muldf3
                0x080071ec                __divdf3
                0x080071ec                __aeabi_ddiv
 .text          0x080073bc      0x110 d:/dev/arm_gcc/bin/../lib/gcc/arm-none-eabi/4.8.4/armv7e-m\libgcc.a(_arm_cmpdf2.o)
                0x080073bc                __gtdf2
                0x080073bc                __gedf2
                0x080073c4                __ltdf2
                0x080073c4                __ledf2
                0x080073cc                __nedf2
                0x080073cc                __eqdf2
                0x080073cc                __cmpdf2
                0x08007448                __aeabi_cdrcmple
                0x08007458                __aeabi_cdcmpeq
                0x08007458                __aeabi_cdcmple
                0x08007468                __aeabi_dcmpeq
                0x0800747c                __aeabi_dcmplt
                0x08007490                __aeabi_dcmple
                0x080074a4                __aeabi_dcmpge
                0x080074b8                __aeabi_dcmpgt
 .text          0x080074cc       0x50 d:/dev/arm_gcc/bin/../lib/gcc/arm-none-eabi/4.8.4/armv7e-m\libgcc.a(_arm_fixdfsi.o)
                0x080074cc                __aeabi_d2iz
                0x080074cc                __fixdfsi
 .text          0x0800751c       0x2c d:/dev/arm_gcc/bin/../lib/gcc/arm-none-eabi/4.8.4/armv7e-m\libgcc.a(_aeabi_uldivmod.o)
                0x0800751c                __aeabi_uldivmod
 .text          0x08007548       0x60 d:/dev/arm_gcc/bin/../lib/gcc/arm-none-eabi/4.8.4/armv7e-m\libgcc.a(bpabi.o)
                0x08007548                __gnu_ldivmod_helper
                0x08007578                __gnu_uldivmod_helper
 .text          0x080075a8        0x4 d:/dev/arm_gcc/bin/../lib/gcc/arm-none-eabi/4.8.4/armv7e-m\libgcc.a(_dvmd_tls.o)
                0x080075a8                __aeabi_idiv0
                0x080075a8                __aeabi_ldiv0
 .text          0x080075ac      0x298 d:/dev/arm_gcc/bin/../lib/gcc/arm-none-eabi/4.8.4/armv7e-m\libgcc.a(_divdi3.o)
                0x080075ac                __divdi3
 .text          0x08007844      0x284 d:/dev/arm_gcc/bin/../lib/gcc/arm-none-eabi/4.8.4/armv7e-m\libgcc.a(_udivdi3.o)
                0x08007844                __udivdi3
 *(.init)
 .init          0x08007ac8        0x4 d:/dev/arm_gcc/bin/../lib/gcc/arm-none-eabi/4.8.4/armv7e-m/crti.o
                0x08007ac8                _init
 .init          0x08007acc        0x8 d:/dev/arm_gcc/bin/../lib/gcc/arm-none-eabi/4.8.4/armv7e-m/crtn.o
 *(.fini)
 .fini          0x08007ad4        0x4 d:/dev/arm_gcc/bin/../lib/gcc/arm-none-eabi/4.8.4/armv7e-m/crti.o
                0x08007ad4                _fini
 .fini          0x08007ad8        0x8 d:/dev/arm_gcc/bin/../lib/gcc/arm-none-eabi/4.8.4/armv7e-m/crtn.o
 *crtbegin.o(.ctors)
 *crtbegin?.o(.ctors)
 *(EXCLUDE_FILE(*crtend.o *crtend?.o) .ctors)
 *(SORT(.ctors.*))
 *(.ctors)
 *crtbegin.o(.dtors)
 *crtbegin?.o(.dtors)
 *(EXCLUDE_FILE(*crtend.o *crtend?.o) .dtors)
 *(SORT(.dtors.*))
 *(.dtors)
 *(.rodata*)
 .rodata        0x08007ae0       0x40 ..\obj\rotary.o
 .rodata        0x08007b20       0x30 ..\obj\stm32f4_discovery.o
                0x08007b20                GPIO_PIN
                0x08007b28                GPIO_CLK
                0x08007b38                BUTTON_PIN
                0x08007b3c                BUTTON_CLK
                0x08007b40                BUTTON_EXTI_LINE
                0x08007b44                BUTTON_PORT_SOURCE
                0x08007b48                BUTTON_PIN_SOURCE
                0x08007b4c                BUTTON_IRQn
 .rodata        0x08007b50       0x10 ..\obj\main.o
 .rodata.str1.4
                0x08007b60        0x2 d:/dev/arm_gcc/bin/../lib/gcc/arm-none-eabi/4.8.4/../../../../arm-none-eabi/lib/armv7e-m\libc.a(lib_a-impure.o)
                                  0x4 (size before relaxing)
 *fill*         0x08007b62        0x2 
 .rodata._global_impure_ptr
                0x08007b64        0x4 d:/dev/arm_gcc/bin/../lib/gcc/arm-none-eabi/4.8.4/../../../../arm-none-eabi/lib/armv7e-m\libc.a(lib_a-impure.o)
                0x08007b64                _global_impure_ptr
 .rodata.zeroes.6763
                0x08007b68       0x10 d:/dev/arm_gcc/bin/../lib/gcc/arm-none-eabi/4.8.4/../../../../arm-none-eabi/lib/armv7e-m\libc.a(lib_a-svfprintf.o)
 .rodata.str1.4
                0x08007b78       0x42 d:/dev/arm_gcc/bin/../lib/gcc/arm-none-eabi/4.8.4/../../../../arm-none-eabi/lib/armv7e-m\libc.a(lib_a-svfprintf.o)
                                 0x44 (size before relaxing)
 *fill*         0x08007bba        0x2 
 .rodata.blanks.6762
                0x08007bbc       0x10 d:/dev/arm_gcc/bin/../lib/gcc/arm-none-eabi/4.8.4/../../../../arm-none-eabi/lib/armv7e-m\libc.a(lib_a-svfprintf.o)
 .rodata.str1.4
                0x08007bcc       0x10 d:/dev/arm_gcc/bin/../lib/gcc/arm-none-eabi/4.8.4/../../../../arm-none-eabi/lib/armv7e-m\libc.a(lib_a-dtoa.o)
                                 0x14 (size before relaxing)
 .rodata.str1.4
                0x08007bdc        0xc d:/dev/arm_gcc/bin/../lib/gcc/arm-none-eabi/4.8.4/../../../../arm-none-eabi/lib/armv7e-m\libc.a(lib_a-locale.o)
                                 0x14 (size before relaxing)
 .rodata.__mprec_tens
                0x08007be8       0xc8 d:/dev/arm_gcc/bin/../lib/gcc/arm-none-eabi/4.8.4/../../../../arm-none-eabi/lib/armv7e-m\libc.a(lib_a-mprec.o)
                0x08007be8                __mprec_tens
 .rodata.__mprec_bigtens
                0x08007cb0       0x28 d:/dev/arm_gcc/bin/../lib/gcc/arm-none-eabi/4.8.4/../../../../arm-none-eabi/lib/armv7e-m\libc.a(lib_a-mprec.o)
                0x08007cb0                __mprec_bigtens
 .rodata.p05.5269
                0x08007cd8        0xc d:/dev/arm_gcc/bin/../lib/gcc/arm-none-eabi/4.8.4/../../../../arm-none-eabi/lib/armv7e-m\libc.a(lib_a-mprec.o)
 *(.eh_frame*)
 .eh_frame      0x08007ce4        0x0 d:/dev/arm_gcc/bin/../lib/gcc/arm-none-eabi/4.8.4/armv7e-m/crtbegin.o
 .eh_frame      0x08007ce4        0x4 d:/dev/arm_gcc/bin/../lib/gcc/arm-none-eabi/4.8.4/armv7e-m/crtend.o

.glue_7         0x08007ce8        0x0
 .glue_7        0x00000000        0x0 linker stubs

.glue_7t        0x08007ce8        0x0
 .glue_7t       0x00000000        0x0 linker stubs

.vfp11_veneer   0x08007ce8        0x0
 .vfp11_veneer  0x00000000        0x0 linker stubs

.v4_bx          0x08007ce8        0x0
 .v4_bx         0x00000000        0x0 linker stubs

.iplt           0x08007ce8        0x0
 .iplt          0x00000000        0x0 d:/dev/arm_gcc/bin/../lib/gcc/arm-none-eabi/4.8.4/armv7e-m/crtbegin.o

.ARM.extab      0x08007ce8       0x9c
 *(.ARM.extab* .gnu.linkonce.armextab.*)
 .ARM.extab.text._ZN3LEDC2Ev
                0x08007ce8        0xc ..\obj\led.o
 .ARM.extab.text._ZN6RotaryC2Ev
                0x08007cf4        0xc ..\obj\rotary.o
 .ARM.extab.text._ZN6Rotary4InitEv
                0x08007d00        0xc ..\obj\rotary.o
 .ARM.extab.text.EXTI9_5_IRQHandler
                0x08007d0c        0xc ..\obj\rotary.o
 .ARM.extab.text._ZN5UsartC2Ei
                0x08007d18        0xc ..\obj\uart.o
 .ARM.extab.text._ZN5Usart13usart3InitDMAEv
                0x08007d24        0xc ..\obj\uart.o
 .ARM.extab.text._ZN5Usart10SendViaDmaEPci
                0x08007d30        0xc ..\obj\uart.o
 .ARM.extab.text._ZN5Usart10usart3InitEv
                0x08007d3c        0xc ..\obj\uart.o
 .ARM.extab.text.USART3_IRQHandler
                0x08007d48        0xc ..\obj\uart.o
 .ARM.extab.text.main
                0x08007d54        0xc ..\obj\main.o
 .ARM.extab     0x08007d60        0xc d:/dev/arm_gcc/bin/../lib/gcc/arm-none-eabi/4.8.4/armv7e-m\libgcc.a(unwind-arm.o)
 .ARM.extab     0x08007d6c       0x18 d:/dev/arm_gcc/bin/../lib/gcc/arm-none-eabi/4.8.4/armv7e-m\libgcc.a(pr-support.o)
                0x08007d84                __exidx_start = .

.ARM.exidx      0x08007d84      0x150
 *(.ARM.exidx* .gnu.linkonce.armexidx.*)
 .ARM.exidx     0x08007d84        0x8 d:/dev/arm_gcc/bin/../lib/gcc/arm-none-eabi/4.8.4/../../../../arm-none-eabi/lib/armv7e-m/crt0.o
 .ARM.exidx.text._ZN3LEDC2Ev
                0x08007d8c        0x8 ..\obj\led.o
 .ARM.exidx.text._ZN3LEDD2Ev
                0x08007d94        0x8 ..\obj\led.o
 .ARM.exidx.text._ZN6RotaryC2Ev
                0x08007d9c        0x8 ..\obj\rotary.o
 .ARM.exidx.text._ZN6Rotary4InitEv
                0x08007da4        0x8 ..\obj\rotary.o
 .ARM.exidx.text._ZN6Rotary15EnableSingeltonEv
                0x08007dac        0x8 ..\obj\rotary.o
 .ARM.exidx.text._ZN6Rotary11GetPositionEv
                0x08007db4        0x0 ..\obj\rotary.o
                                  0x8 (size before relaxing)
 .ARM.exidx.text.EXTI9_5_IRQHandler
                0x08007db4        0x8 ..\obj\rotary.o
 .ARM.exidx.text._ZN5UsartC2Ei
                0x08007dbc        0x8 ..\obj\uart.o
 .ARM.exidx.text._ZN5Usart11buffer_initEv
                0x08007dc4        0x8 ..\obj\uart.o
 .ARM.exidx.text._ZN5Usart8BufferInEc
                0x08007dcc        0x0 ..\obj\uart.o
                                  0x8 (size before relaxing)
 .ARM.exidx.text._ZN5Usart9BufferOutEPc
                0x08007dcc        0x0 ..\obj\uart.o
                                  0x8 (size before relaxing)
 .ARM.exidx.text._ZN5Usart10ReadBufferEv
                0x08007dcc        0x0 ..\obj\uart.o
                                  0x8 (size before relaxing)
 .ARM.exidx.text._ZN5Usart13usart3InitDMAEv
                0x08007dcc        0x8 ..\obj\uart.o
 .ARM.exidx.text._ZN5Usart10SendViaDmaEPci
                0x08007dd4        0x8 ..\obj\uart.o
 .ARM.exidx.text._ZN5Usart10usart3InitEv
                0x08007ddc        0x8 ..\obj\uart.o
 .ARM.exidx.text._ZN5Usart15EnableSingeltonEv
                0x08007de4        0x8 ..\obj\uart.o
 .ARM.exidx.text.DMA1_Stream3_IRQHandler
                0x08007dec        0x8 ..\obj\uart.o
 .ARM.exidx.text.USART3_IRQHandler
                0x08007df4       0x10 ..\obj\uart.o
                                  0x8 (size before relaxing)
 .ARM.exidx.text._ZL5Delayi
                0x08007e04        0x0 ..\obj\main.o
                                  0x8 (size before relaxing)
 .ARM.exidx.text.main
                0x08007e04        0x8 ..\obj\main.o
 .ARM.exidx.text._Z41__static_initialization_and_destruction_0ii
                0x08007e0c        0x8 ..\obj\main.o
 .ARM.exidx.text._GLOBAL__sub_I_buffer
                0x08007e14        0x0 ..\obj\main.o
                                  0x8 (size before relaxing)
 .ARM.exidx     0x08007e14       0x88 d:/dev/arm_gcc/bin/../lib/gcc/arm-none-eabi/4.8.4/armv7e-m\libgcc.a(unwind-arm.o)
                                 0xd8 (size before relaxing)
 .ARM.exidx     0x08007e9c       0x38 d:/dev/arm_gcc/bin/../lib/gcc/arm-none-eabi/4.8.4/armv7e-m\libgcc.a(pr-support.o)
                                 0x48 (size before relaxing)
 .ARM.exidx     0x08007ed4        0x0 d:/dev/arm_gcc/bin/../lib/gcc/arm-none-eabi/4.8.4/armv7e-m\libgcc.a(_divdi3.o)
                                  0x8 (size before relaxing)
 .ARM.exidx     0x08007ed4        0x0 d:/dev/arm_gcc/bin/../lib/gcc/arm-none-eabi/4.8.4/armv7e-m\libgcc.a(_udivdi3.o)
                                  0x8 (size before relaxing)
                0x08007ed4                __exidx_end = .
                0x08007ed4                __etext = .
                0x08007ed4                _sidata = __etext

.rel.dyn        0x08007ed4        0x0
 .rel.iplt      0x00000000        0x0 d:/dev/arm_gcc/bin/../lib/gcc/arm-none-eabi/4.8.4/armv7e-m/crtbegin.o

.data           0x20000000      0x968 load address 0x08007ed4
                0x20000000                __data_start__ = .
                0x20000000                _sdata = __data_start__
 *(vtable)
 *(.data*)
 .data          0x20000000        0x4 d:/dev/arm_gcc/bin/../lib/gcc/arm-none-eabi/4.8.4/armv7e-m/crtbegin.o
                0x20000000                __dso_handle
 .data          0x20000004       0x34 ..\obj\stm32f4_discovery_audio_codec.o
                0x20000004                AudioTotalSize
                0x20000008                AudioRemSize
                0x2000000c                CODECTimeout
                0x20000010                CurrAudioInterface
                0x20000014                AUDIO_MAL_DMA_CLOCK
                0x20000018                AUDIO_MAL_DMA_STREAM
                0x2000001c                AUDIO_MAL_DMA_DREG
                0x20000020                AUDIO_MAL_DMA_IRQ
                0x20000024                AUDIO_MAL_DMA_FLAG_TC
                0x20000028                AUDIO_MAL_DMA_FLAG_HT
                0x2000002c                AUDIO_MAL_DMA_FLAG_FE
                0x20000030                AUDIO_MAL_DMA_FLAG_TE
                0x20000034                AUDIO_MAL_DMA_FLAG_DME
 .data          0x20000038       0x14 ..\obj\stm32f4_discovery.o
                0x20000038                GPIO_PORT
                0x20000048                BUTTON_PORT
 .data          0x2000004c       0x84 ..\obj\main.o
                0x2000004c                buffer
 .data          0x200000d0       0x10 ..\obj\stm32f4xx_rcc.o
 .data.impure_data
                0x200000e0      0x428 d:/dev/arm_gcc/bin/../lib/gcc/arm-none-eabi/4.8.4/../../../../arm-none-eabi/lib/armv7e-m\libc.a(lib_a-impure.o)
 .data._impure_ptr
                0x20000508        0x4 d:/dev/arm_gcc/bin/../lib/gcc/arm-none-eabi/4.8.4/../../../../arm-none-eabi/lib/armv7e-m\libc.a(lib_a-impure.o)
                0x20000508                _impure_ptr
 .data.__malloc_av_
                0x2000050c      0x408 d:/dev/arm_gcc/bin/../lib/gcc/arm-none-eabi/4.8.4/../../../../arm-none-eabi/lib/armv7e-m\libc.a(lib_a-mallocr.o)
                0x2000050c                __malloc_av_
 .data.__malloc_trim_threshold
                0x20000914        0x4 d:/dev/arm_gcc/bin/../lib/gcc/arm-none-eabi/4.8.4/../../../../arm-none-eabi/lib/armv7e-m\libc.a(lib_a-mallocr.o)
                0x20000914                __malloc_trim_threshold
 .data.__malloc_sbrk_base
                0x20000918        0x4 d:/dev/arm_gcc/bin/../lib/gcc/arm-none-eabi/4.8.4/../../../../arm-none-eabi/lib/armv7e-m\libc.a(lib_a-mallocr.o)
                0x20000918                __malloc_sbrk_base
 .data.lconv    0x2000091c       0x38 d:/dev/arm_gcc/bin/../lib/gcc/arm-none-eabi/4.8.4/../../../../arm-none-eabi/lib/armv7e-m\libc.a(lib_a-locale.o)
                0x20000954                . = ALIGN (0x4)
                0x20000954                PROVIDE (__preinit_array_start, .)
 *(.preinit_array)
                0x20000954                PROVIDE (__preinit_array_end, .)
                0x20000954                . = ALIGN (0x4)
                0x20000954                PROVIDE (__init_array_start, .)
 *(SORT(.init_array.*))
 .init_array.00000
                0x20000954        0x4 d:/dev/arm_gcc/bin/../lib/gcc/arm-none-eabi/4.8.4/../../../../arm-none-eabi/lib/armv7e-m\libc.a(lib_a-__call_atexit.o)
 *(.init_array)
 .init_array    0x20000958        0x4 d:/dev/arm_gcc/bin/../lib/gcc/arm-none-eabi/4.8.4/armv7e-m/crtbegin.o
 .init_array    0x2000095c        0x4 ..\obj\main.o
                0x20000960                PROVIDE (__init_array_end, .)
                0x20000960                . = ALIGN (0x4)
                0x20000960                PROVIDE (__fini_array_start, .)
 *(SORT(.fini_array.*))
 *(.fini_array)
 .fini_array    0x20000960        0x4 d:/dev/arm_gcc/bin/../lib/gcc/arm-none-eabi/4.8.4/armv7e-m/crtbegin.o
                0x20000964                PROVIDE (__fini_array_end, .)
 *(.jcr*)
 .jcr           0x20000964        0x0 d:/dev/arm_gcc/bin/../lib/gcc/arm-none-eabi/4.8.4/armv7e-m/crtbegin.o
 .jcr           0x20000964        0x4 d:/dev/arm_gcc/bin/../lib/gcc/arm-none-eabi/4.8.4/armv7e-m/crtend.o
                0x20000968                . = ALIGN (0x4)
                0x20000968                __data_end__ = .
                0x20000968                _edata = __data_end__

.igot.plt       0x20000968        0x0 load address 0x0800883c
 .igot.plt      0x00000000        0x0 d:/dev/arm_gcc/bin/../lib/gcc/arm-none-eabi/4.8.4/armv7e-m/crtbegin.o

.bss            0x20000968       0xe4 load address 0x0800883c
                0x20000968                . = ALIGN (0x4)
                0x20000968                __bss_start__ = .
                0x20000968                _sbss = __bss_start__
 *(.bss*)
 .bss           0x20000968       0x1c d:/dev/arm_gcc/bin/../lib/gcc/arm-none-eabi/4.8.4/armv7e-m/crtbegin.o
 .bss           0x20000984        0x4 ..\obj\rotary.o
                0x20000984                RotaryInstance
 .bss           0x20000988        0x4 ..\obj\uart.o
                0x20000988                Usart3Instance
 .bss           0x2000098c        0x8 ..\obj\main.o
                0x2000098c                OutputString
                0x20000990                LPC1768_LED
 .bss.__malloc_max_total_mem
                0x20000994        0x4 d:/dev/arm_gcc/bin/../lib/gcc/arm-none-eabi/4.8.4/../../../../arm-none-eabi/lib/armv7e-m\libc.a(lib_a-mallocr.o)
                0x20000994                __malloc_max_total_mem
 .bss.__malloc_max_sbrked_mem
                0x20000998        0x4 d:/dev/arm_gcc/bin/../lib/gcc/arm-none-eabi/4.8.4/../../../../arm-none-eabi/lib/armv7e-m\libc.a(lib_a-mallocr.o)
                0x20000998                __malloc_max_sbrked_mem
 .bss.__malloc_top_pad
                0x2000099c        0x4 d:/dev/arm_gcc/bin/../lib/gcc/arm-none-eabi/4.8.4/../../../../arm-none-eabi/lib/armv7e-m\libc.a(lib_a-mallocr.o)
                0x2000099c                __malloc_top_pad
 .bss.__malloc_current_mallinfo
                0x200009a0       0x28 d:/dev/arm_gcc/bin/../lib/gcc/arm-none-eabi/4.8.4/../../../../arm-none-eabi/lib/armv7e-m\libc.a(lib_a-mallocr.o)
                0x200009a0                __malloc_current_mallinfo
 .bss.heap_end.4246
                0x200009c8        0x4 d:/dev/arm_gcc/bin/../lib/gcc/arm-none-eabi/4.8.4/../../../../arm-none-eabi/lib/armv7e-m\libnosys.a(sbrk.o)
 *(COMMON)
 COMMON         0x200009cc       0x7c ..\obj\stm32f4_discovery_audio_codec.o
                0x200009cc                CurrentPos
                0x200009d0                AUDIO_MAL_DMA_InitStructure
                0x20000a0c                DMA_InitStructure
 COMMON         0x20000a48        0x4 d:/dev/arm_gcc/bin/../lib/gcc/arm-none-eabi/4.8.4/../../../../arm-none-eabi/lib/armv7e-m\libc.a(lib_a-reent.o)
                0x20000a48                errno
                0x20000a4c                . = ALIGN (0x4)
                0x20000a4c                __bss_end__ = .
                0x20000a4c                _ebss = __bss_end__

.heap           0x20000a4c        0x0
                0x20000a4c                __end__ = .
                0x20000a4c                _end = __end__
                0x20000a4c                end = __end__
 *(.heap*)
                0x20000a4c                __HeapLimit = .

.co_stack       0x20000a4c      0x804 load address 0x08008920
                0x20000a50                . = ALIGN (0x8)
 *fill*         0x20000a4c        0x4 
 *(.co_stack .co_stack.*)
 .co_stack      0x20000a50      0x800 ..\obj\startup_stm32f4xx.o
                0x20000a50                pulStack
                0x20020000                __StackTop = (ORIGIN (RAM) + 0x20000)
                0x2001f7fc                __StackLimit = (__StackTop - SIZEOF (.co_stack))
                0x20020000                PROVIDE (__stack, __StackTop)
                0x00000001                ASSERT ((__StackLimit >= __HeapLimit), region RAM overflowed with stack)
LOAD ..\obj\stm32f4xx_syscfg.o
LOAD ..\obj\stm32f4_discovery_audio_codec.o
LOAD ..\obj\stm32f4xx_usart.o
LOAD ..\obj\quadrature_encoder.o
LOAD ..\obj\led.o
LOAD ..\obj\stm32f4xx_dac.o
LOAD ..\obj\rotary.o
LOAD ..\obj\uart.o
LOAD ..\obj\startup_stm32f4xx.o
LOAD ..\obj\stm32f4_discovery.o
LOAD ..\obj\main.o
LOAD ..\obj\stm32f4xx_rcc.o
LOAD ..\obj\stm32f4xx_gpio.o
LOAD ..\obj\system_stm32f4xx.o
LOAD ..\obj\stm32f4xx_dma.o
LOAD ..\obj\stm32f4_discovery_callbacks.o
LOAD ..\obj\stm32f4xx_spi.o
LOAD ..\obj\stm32f4xx_i2c.o
LOAD ..\obj\stm32f4xx_exti.o
LOAD ..\obj\misc.o
LOAD ..\obj\stm32f4_discovery_lis302dl.o
LOAD ..\..\..\STM32F4-Discovery\libpdmfilter_gcc.a
LOAD d:/dev/arm_gcc/bin/../lib/gcc/arm-none-eabi/4.8.4/../../../../arm-none-eabi/lib/armv7e-m\libm.a
LOAD d:/dev/arm_gcc/bin/../lib/gcc/arm-none-eabi/4.8.4/armv7e-m\libgcc.a
LOAD d:/dev/arm_gcc/bin/../lib/gcc/arm-none-eabi/4.8.4/../../../../arm-none-eabi/lib/armv7e-m\libc.a
LOAD d:/dev/arm_gcc/bin/../lib/gcc/arm-none-eabi/4.8.4/../../../../arm-none-eabi/lib/armv7e-m\libstdc++.a
LOAD d:/dev/arm_gcc/bin/../lib/gcc/arm-none-eabi/4.8.4/../../../../arm-none-eabi/lib/armv7e-m\libsupc++.a
LOAD d:/dev/arm_gcc/bin/../lib/gcc/arm-none-eabi/4.8.4/../../../../arm-none-eabi/lib/armv7e-m\libnosys.a
START GROUP
LOAD d:/dev/arm_gcc/bin/../lib/gcc/arm-none-eabi/4.8.4/armv7e-m\libgcc.a
LOAD d:/dev/arm_gcc/bin/../lib/gcc/arm-none-eabi/4.8.4/../../../../arm-none-eabi/lib/armv7e-m\libg.a
LOAD d:/dev/arm_gcc/bin/../lib/gcc/arm-none-eabi/4.8.4/../../../../arm-none-eabi/lib/armv7e-m\libc.a
END GROUP
LOAD d:/dev/arm_gcc/bin/../lib/gcc/arm-none-eabi/4.8.4/armv7e-m/crtend.o
LOAD d:/dev/arm_gcc/bin/../lib/gcc/arm-none-eabi/4.8.4/armv7e-m/crtn.o
OUTPUT(Gewaechshaus.elf elf32-littlearm)

.ARM.attributes
                0x00000000       0x2a
 .ARM.attributes
                0x00000000       0x1e d:/dev/arm_gcc/bin/../lib/gcc/arm-none-eabi/4.8.4/armv7e-m/crti.o
 .ARM.attributes
                0x0000001e       0x2e d:/dev/arm_gcc/bin/../lib/gcc/arm-none-eabi/4.8.4/armv7e-m/crtbegin.o
 .ARM.attributes
                0x0000004c       0x1c d:/dev/arm_gcc/bin/../lib/gcc/arm-none-eabi/4.8.4/../../../../arm-none-eabi/lib/armv7e-m/crt0.o
 .ARM.attributes
                0x00000068       0x33 ..\obj\stm32f4xx_syscfg.o
 .ARM.attributes
                0x0000009b       0x33 ..\obj\stm32f4_discovery_audio_codec.o
 .ARM.attributes
                0x000000ce       0x33 ..\obj\stm32f4xx_usart.o
 .ARM.attributes
                0x00000101       0x33 ..\obj\led.o
 .ARM.attributes
                0x00000134       0x33 ..\obj\stm32f4xx_dac.o
 .ARM.attributes
                0x00000167       0x33 ..\obj\rotary.o
 .ARM.attributes
                0x0000019a       0x33 ..\obj\uart.o
 .ARM.attributes
                0x000001cd       0x33 ..\obj\startup_stm32f4xx.o
 .ARM.attributes
                0x00000200       0x33 ..\obj\stm32f4_discovery.o
 .ARM.attributes
                0x00000233       0x33 ..\obj\main.o
 .ARM.attributes
                0x00000266       0x33 ..\obj\stm32f4xx_rcc.o
 .ARM.attributes
                0x00000299       0x33 ..\obj\stm32f4xx_gpio.o
 .ARM.attributes
                0x000002cc       0x33 ..\obj\system_stm32f4xx.o
 .ARM.attributes
                0x000002ff       0x33 ..\obj\stm32f4xx_dma.o
 .ARM.attributes
                0x00000332       0x33 ..\obj\stm32f4_discovery_callbacks.o
 .ARM.attributes
                0x00000365       0x33 ..\obj\stm32f4xx_spi.o
 .ARM.attributes
                0x00000398       0x33 ..\obj\stm32f4xx_exti.o
 .ARM.attributes
                0x000003cb       0x33 ..\obj\misc.o
 .ARM.attributes
                0x000003fe       0x2e d:/dev/arm_gcc/bin/../lib/gcc/arm-none-eabi/4.8.4/../../../../arm-none-eabi/lib/armv7e-m\libc.a(lib_a-aeabi_atexit.o)
 .ARM.attributes
                0x0000042c       0x2e d:/dev/arm_gcc/bin/../lib/gcc/arm-none-eabi/4.8.4/../../../../arm-none-eabi/lib/armv7e-m\libc.a(lib_a-cxa_atexit.o)
 .ARM.attributes
                0x0000045a       0x2e d:/dev/arm_gcc/bin/../lib/gcc/arm-none-eabi/4.8.4/../../../../arm-none-eabi/lib/armv7e-m\libc.a(lib_a-exit.o)
 .ARM.attributes
                0x00000488       0x2e d:/dev/arm_gcc/bin/../lib/gcc/arm-none-eabi/4.8.4/../../../../arm-none-eabi/lib/armv7e-m\libc.a(lib_a-impure.o)
 .ARM.attributes
                0x000004b6       0x2e d:/dev/arm_gcc/bin/../lib/gcc/arm-none-eabi/4.8.4/../../../../arm-none-eabi/lib/armv7e-m\libc.a(lib_a-init.o)
 .ARM.attributes
                0x000004e4       0x2e d:/dev/arm_gcc/bin/../lib/gcc/arm-none-eabi/4.8.4/../../../../arm-none-eabi/lib/armv7e-m\libc.a(lib_a-malloc.o)
 .ARM.attributes
                0x00000512       0x2e d:/dev/arm_gcc/bin/../lib/gcc/arm-none-eabi/4.8.4/../../../../arm-none-eabi/lib/armv7e-m\libc.a(lib_a-mallocr.o)
 .ARM.attributes
                0x00000540       0x1c d:/dev/arm_gcc/bin/../lib/gcc/arm-none-eabi/4.8.4/../../../../arm-none-eabi/lib/armv7e-m\libc.a(lib_a-memcpy.o)
 .ARM.attributes
                0x0000055c       0x2e d:/dev/arm_gcc/bin/../lib/gcc/arm-none-eabi/4.8.4/../../../../arm-none-eabi/lib/armv7e-m\libc.a(lib_a-memset.o)
 .ARM.attributes
                0x0000058a       0x2e d:/dev/arm_gcc/bin/../lib/gcc/arm-none-eabi/4.8.4/../../../../arm-none-eabi/lib/armv7e-m\libc.a(lib_a-mlock.o)
 .ARM.attributes
                0x000005b8       0x2e d:/dev/arm_gcc/bin/../lib/gcc/arm-none-eabi/4.8.4/../../../../arm-none-eabi/lib/armv7e-m\libc.a(lib_a-sbrkr.o)
 .ARM.attributes
                0x000005e6       0x2e d:/dev/arm_gcc/bin/../lib/gcc/arm-none-eabi/4.8.4/../../../../arm-none-eabi/lib/armv7e-m\libc.a(lib_a-sprintf.o)
 .ARM.attributes
                0x00000614       0x2e d:/dev/arm_gcc/bin/../lib/gcc/arm-none-eabi/4.8.4/../../../../arm-none-eabi/lib/armv7e-m\libc.a(lib_a-strcpy.o)
 .ARM.attributes
                0x00000642       0x2e d:/dev/arm_gcc/bin/../lib/gcc/arm-none-eabi/4.8.4/../../../../arm-none-eabi/lib/armv7e-m\libc.a(lib_a-strlen.o)
 .ARM.attributes
                0x00000670       0x2e d:/dev/arm_gcc/bin/../lib/gcc/arm-none-eabi/4.8.4/../../../../arm-none-eabi/lib/armv7e-m\libc.a(lib_a-svfprintf.o)
 .ARM.attributes
                0x0000069e       0x2e d:/dev/arm_gcc/bin/../lib/gcc/arm-none-eabi/4.8.4/../../../../arm-none-eabi/lib/armv7e-m\libc.a(lib_a-__atexit.o)
 .ARM.attributes
                0x000006cc       0x2e d:/dev/arm_gcc/bin/../lib/gcc/arm-none-eabi/4.8.4/../../../../arm-none-eabi/lib/armv7e-m\libc.a(lib_a-__call_atexit.o)
 .ARM.attributes
                0x000006fa       0x2e d:/dev/arm_gcc/bin/../lib/gcc/arm-none-eabi/4.8.4/../../../../arm-none-eabi/lib/armv7e-m\libc.a(lib_a-atexit.o)
 .ARM.attributes
                0x00000728       0x2e d:/dev/arm_gcc/bin/../lib/gcc/arm-none-eabi/4.8.4/../../../../arm-none-eabi/lib/armv7e-m\libc.a(lib_a-dtoa.o)
 .ARM.attributes
                0x00000756       0x2e d:/dev/arm_gcc/bin/../lib/gcc/arm-none-eabi/4.8.4/../../../../arm-none-eabi/lib/armv7e-m\libc.a(lib_a-fini.o)
 .ARM.attributes
                0x00000784       0x2e d:/dev/arm_gcc/bin/../lib/gcc/arm-none-eabi/4.8.4/../../../../arm-none-eabi/lib/armv7e-m\libc.a(lib_a-freer.o)
 .ARM.attributes
                0x000007b2       0x2e d:/dev/arm_gcc/bin/../lib/gcc/arm-none-eabi/4.8.4/../../../../arm-none-eabi/lib/armv7e-m\libc.a(lib_a-locale.o)
 .ARM.attributes
                0x000007e0       0x2e d:/dev/arm_gcc/bin/../lib/gcc/arm-none-eabi/4.8.4/../../../../arm-none-eabi/lib/armv7e-m\libc.a(lib_a-memchr-stub.o)
 .ARM.attributes
                0x0000080e       0x2e d:/dev/arm_gcc/bin/../lib/gcc/arm-none-eabi/4.8.4/../../../../arm-none-eabi/lib/armv7e-m\libc.a(lib_a-mprec.o)
 .ARM.attributes
                0x0000083c       0x2e d:/dev/arm_gcc/bin/../lib/gcc/arm-none-eabi/4.8.4/../../../../arm-none-eabi/lib/armv7e-m\libc.a(lib_a-reent.o)
 .ARM.attributes
                0x0000086a       0x2e d:/dev/arm_gcc/bin/../lib/gcc/arm-none-eabi/4.8.4/../../../../arm-none-eabi/lib/armv7e-m\libc.a(lib_a-s_fpclassify.o)
 .ARM.attributes
                0x00000898       0x2e d:/dev/arm_gcc/bin/../lib/gcc/arm-none-eabi/4.8.4/../../../../arm-none-eabi/lib/armv7e-m\libc.a(lib_a-svfiprintf.o)
 .ARM.attributes
                0x000008c6       0x2e d:/dev/arm_gcc/bin/../lib/gcc/arm-none-eabi/4.8.4/../../../../arm-none-eabi/lib/armv7e-m\libc.a(lib_a-callocr.o)
 .ARM.attributes
                0x000008f4       0x2e d:/dev/arm_gcc/bin/../lib/gcc/arm-none-eabi/4.8.4/../../../../arm-none-eabi/lib/armv7e-m\libc.a(lib_a-memmove.o)
 .ARM.attributes
                0x00000922       0x2e d:/dev/arm_gcc/bin/../lib/gcc/arm-none-eabi/4.8.4/../../../../arm-none-eabi/lib/armv7e-m\libc.a(lib_a-reallocr.o)
 .ARM.attributes
                0x00000950       0x2e d:/dev/arm_gcc/bin/../lib/gcc/arm-none-eabi/4.8.4/../../../../arm-none-eabi/lib/armv7e-m\libnosys.a(sbrk.o)
 .ARM.attributes
                0x0000097e       0x2e d:/dev/arm_gcc/bin/../lib/gcc/arm-none-eabi/4.8.4/../../../../arm-none-eabi/lib/armv7e-m\libnosys.a(_exit.o)
 .ARM.attributes
                0x000009ac       0x1e d:/dev/arm_gcc/bin/../lib/gcc/arm-none-eabi/4.8.4/armv7e-m\libgcc.a(_arm_addsubdf3.o)
 .ARM.attributes
                0x000009ca       0x1e d:/dev/arm_gcc/bin/../lib/gcc/arm-none-eabi/4.8.4/armv7e-m\libgcc.a(_arm_muldivdf3.o)
 .ARM.attributes
                0x000009e8       0x1e d:/dev/arm_gcc/bin/../lib/gcc/arm-none-eabi/4.8.4/armv7e-m\libgcc.a(_arm_cmpdf2.o)
 .ARM.attributes
                0x00000a06       0x1e d:/dev/arm_gcc/bin/../lib/gcc/arm-none-eabi/4.8.4/armv7e-m\libgcc.a(_arm_fixdfsi.o)
 .ARM.attributes
                0x00000a24       0x1e d:/dev/arm_gcc/bin/../lib/gcc/arm-none-eabi/4.8.4/armv7e-m\libgcc.a(_aeabi_uldivmod.o)
 .ARM.attributes
                0x00000a42       0x2e d:/dev/arm_gcc/bin/../lib/gcc/arm-none-eabi/4.8.4/armv7e-m\libgcc.a(bpabi.o)
 .ARM.attributes
                0x00000a70       0x1e d:/dev/arm_gcc/bin/../lib/gcc/arm-none-eabi/4.8.4/armv7e-m\libgcc.a(_dvmd_tls.o)
 .ARM.attributes
                0x00000a8e       0x2e d:/dev/arm_gcc/bin/../lib/gcc/arm-none-eabi/4.8.4/armv7e-m\libgcc.a(_divdi3.o)
 .ARM.attributes
                0x00000abc       0x2e d:/dev/arm_gcc/bin/../lib/gcc/arm-none-eabi/4.8.4/armv7e-m\libgcc.a(_udivdi3.o)
 .ARM.attributes
                0x00000aea       0x2e d:/dev/arm_gcc/bin/../lib/gcc/arm-none-eabi/4.8.4/armv7e-m/crtend.o
 .ARM.attributes
                0x00000b18       0x1e d:/dev/arm_gcc/bin/../lib/gcc/arm-none-eabi/4.8.4/armv7e-m/crtn.o

.comment        0x00000000       0x70
 .comment       0x00000000       0x70 ..\obj\stm32f4xx_syscfg.o
                                 0x71 (size before relaxing)
 .comment       0x00000000       0x71 ..\obj\stm32f4_discovery_audio_codec.o
 .comment       0x00000000       0x71 ..\obj\stm32f4xx_usart.o
 .comment       0x00000000       0x71 ..\obj\led.o
 .comment       0x00000000       0x71 ..\obj\stm32f4xx_dac.o
 .comment       0x00000000       0x71 ..\obj\rotary.o
 .comment       0x00000000       0x71 ..\obj\uart.o
 .comment       0x00000000       0x71 ..\obj\startup_stm32f4xx.o
 .comment       0x00000000       0x71 ..\obj\stm32f4_discovery.o
 .comment       0x00000000       0x71 ..\obj\main.o
 .comment       0x00000000       0x71 ..\obj\stm32f4xx_rcc.o
 .comment       0x00000000       0x71 ..\obj\stm32f4xx_gpio.o
 .comment       0x00000000       0x71 ..\obj\system_stm32f4xx.o
 .comment       0x00000000       0x71 ..\obj\stm32f4xx_dma.o
 .comment       0x00000000       0x71 ..\obj\stm32f4_discovery_callbacks.o
 .comment       0x00000000       0x71 ..\obj\stm32f4xx_spi.o
 .comment       0x00000000       0x71 ..\obj\stm32f4xx_exti.o
 .comment       0x00000000       0x71 ..\obj\misc.o

.debug_info     0x00000000     0x7e1d
 .debug_info    0x00000000      0x26c ..\obj\stm32f4xx_syscfg.o
 .debug_info    0x0000026c     0x1070 ..\obj\stm32f4_discovery_audio_codec.o
 .debug_info    0x000012dc      0x9c2 ..\obj\stm32f4xx_usart.o
 .debug_info    0x00001c9e      0x22b ..\obj\led.o
 .debug_info    0x00001ec9      0x63a ..\obj\stm32f4xx_dac.o
 .debug_info    0x00002503      0x85f ..\obj\rotary.o
 .debug_info    0x00002d62      0xd0c ..\obj\uart.o
 .debug_info    0x00003a6e      0x122 ..\obj\startup_stm32f4xx.o
 .debug_info    0x00003b90      0x889 ..\obj\stm32f4_discovery.o
 .debug_info    0x00004419      0x656 ..\obj\main.o
 .debug_info    0x00004a6f      0xc4d ..\obj\stm32f4xx_rcc.o
 .debug_info    0x000056bc      0x602 ..\obj\stm32f4xx_gpio.o
 .debug_info    0x00005cbe      0x592 ..\obj\system_stm32f4xx.o
 .debug_info    0x00006250      0x739 ..\obj\stm32f4xx_dma.o
 .debug_info    0x00006989      0x109 ..\obj\stm32f4_discovery_callbacks.o
 .debug_info    0x00006a92      0xb07 ..\obj\stm32f4xx_spi.o
 .debug_info    0x00007599      0x347 ..\obj\stm32f4xx_exti.o
 .debug_info    0x000078e0      0x53d ..\obj\misc.o

.debug_abbrev   0x00000000     0x1c69
 .debug_abbrev  0x00000000      0x131 ..\obj\stm32f4xx_syscfg.o
 .debug_abbrev  0x00000131      0x256 ..\obj\stm32f4_discovery_audio_codec.o
 .debug_abbrev  0x00000387      0x155 ..\obj\stm32f4xx_usart.o
 .debug_abbrev  0x000004dc      0x175 ..\obj\led.o
 .debug_abbrev  0x00000651      0x17c ..\obj\stm32f4xx_dac.o
 .debug_abbrev  0x000007cd      0x25e ..\obj\rotary.o
 .debug_abbrev  0x00000a2b      0x2ac ..\obj\uart.o
 .debug_abbrev  0x00000cd7       0xce ..\obj\startup_stm32f4xx.o
 .debug_abbrev  0x00000da5      0x183 ..\obj\stm32f4_discovery.o
 .debug_abbrev  0x00000f28      0x24f ..\obj\main.o
 .debug_abbrev  0x00001177      0x1e3 ..\obj\stm32f4xx_rcc.o
 .debug_abbrev  0x0000135a      0x1a3 ..\obj\stm32f4xx_gpio.o
 .debug_abbrev  0x000014fd      0x136 ..\obj\system_stm32f4xx.o
 .debug_abbrev  0x00001633      0x155 ..\obj\stm32f4xx_dma.o
 .debug_abbrev  0x00001788       0x90 ..\obj\stm32f4_discovery_callbacks.o
 .debug_abbrev  0x00001818      0x167 ..\obj\stm32f4xx_spi.o
 .debug_abbrev  0x0000197f      0x1a5 ..\obj\stm32f4xx_exti.o
 .debug_abbrev  0x00001b24      0x145 ..\obj\misc.o

.debug_aranges  0x00000000      0x940
 .debug_aranges
                0x00000000       0x48 ..\obj\stm32f4xx_syscfg.o
 .debug_aranges
                0x00000048      0x130 ..\obj\stm32f4_discovery_audio_codec.o
 .debug_aranges
                0x00000178      0x100 ..\obj\stm32f4xx_usart.o
 .debug_aranges
                0x00000278       0x38 ..\obj\led.o
 .debug_aranges
                0x000002b0       0xa0 ..\obj\stm32f4xx_dac.o
 .debug_aranges
                0x00000350       0x40 ..\obj\rotary.o
 .debug_aranges
                0x00000390       0x88 ..\obj\uart.o
 .debug_aranges
                0x00000418       0x28 ..\obj\startup_stm32f4xx.o
 .debug_aranges
                0x00000440       0x48 ..\obj\stm32f4_discovery.o
 .debug_aranges
                0x00000488       0x38 ..\obj\main.o
 .debug_aranges
                0x000004c0      0x178 ..\obj\stm32f4xx_rcc.o
 .debug_aranges
                0x00000638       0x88 ..\obj\stm32f4xx_gpio.o
 .debug_aranges
                0x000006c0       0x30 ..\obj\system_stm32f4xx.o
 .debug_aranges
                0x000006f0       0xb0 ..\obj\stm32f4xx_dma.o
 .debug_aranges
                0x000007a0       0x28 ..\obj\stm32f4_discovery_callbacks.o
 .debug_aranges
                0x000007c8       0xe0 ..\obj\stm32f4xx_spi.o
 .debug_aranges
                0x000008a8       0x58 ..\obj\stm32f4xx_exti.o
 .debug_aranges
                0x00000900       0x40 ..\obj\misc.o

.debug_ranges   0x00000000      0x820
 .debug_ranges  0x00000000       0x38 ..\obj\stm32f4xx_syscfg.o
 .debug_ranges  0x00000038      0x120 ..\obj\stm32f4_discovery_audio_codec.o
 .debug_ranges  0x00000158       0xf0 ..\obj\stm32f4xx_usart.o
 .debug_ranges  0x00000248       0x28 ..\obj\led.o
 .debug_ranges  0x00000270       0x90 ..\obj\stm32f4xx_dac.o
 .debug_ranges  0x00000300       0x30 ..\obj\rotary.o
 .debug_ranges  0x00000330       0x78 ..\obj\uart.o
 .debug_ranges  0x000003a8       0x18 ..\obj\startup_stm32f4xx.o
 .debug_ranges  0x000003c0       0x38 ..\obj\stm32f4_discovery.o
 .debug_ranges  0x000003f8       0x28 ..\obj\main.o
 .debug_ranges  0x00000420      0x168 ..\obj\stm32f4xx_rcc.o
 .debug_ranges  0x00000588       0x78 ..\obj\stm32f4xx_gpio.o
 .debug_ranges  0x00000600       0x20 ..\obj\system_stm32f4xx.o
 .debug_ranges  0x00000620       0xa0 ..\obj\stm32f4xx_dma.o
 .debug_ranges  0x000006c0       0x18 ..\obj\stm32f4_discovery_callbacks.o
 .debug_ranges  0x000006d8       0xd0 ..\obj\stm32f4xx_spi.o
 .debug_ranges  0x000007a8       0x48 ..\obj\stm32f4xx_exti.o
 .debug_ranges  0x000007f0       0x30 ..\obj\misc.o

.debug_line     0x00000000     0x3264
 .debug_line    0x00000000      0x1c3 ..\obj\stm32f4xx_syscfg.o
 .debug_line    0x000001c3      0x6ad ..\obj\stm32f4_discovery_audio_codec.o
 .debug_line    0x00000870      0x449 ..\obj\stm32f4xx_usart.o
 .debug_line    0x00000cb9      0x190 ..\obj\led.o
 .debug_line    0x00000e49      0x2ff ..\obj\stm32f4xx_dac.o
 .debug_line    0x00001148      0x247 ..\obj\rotary.o
 .debug_line    0x0000138f      0x32e ..\obj\uart.o
 .debug_line    0x000016bd       0x9c ..\obj\startup_stm32f4xx.o
 .debug_line    0x00001759      0x250 ..\obj\stm32f4_discovery.o
 .debug_line    0x000019a9      0x221 ..\obj\main.o
 .debug_line    0x00001bca      0x541 ..\obj\stm32f4xx_rcc.o
 .debug_line    0x0000210b      0x2e6 ..\obj\stm32f4xx_gpio.o
 .debug_line    0x000023f1      0x198 ..\obj\system_stm32f4xx.o
 .debug_line    0x00002589      0x383 ..\obj\stm32f4xx_dma.o
 .debug_line    0x0000290c      0x127 ..\obj\stm32f4_discovery_callbacks.o
 .debug_line    0x00002a33      0x3f9 ..\obj\stm32f4xx_spi.o
 .debug_line    0x00002e2c      0x24c ..\obj\stm32f4xx_exti.o
 .debug_line    0x00003078      0x1ec ..\obj\misc.o

.debug_str      0x00000000     0x31cd
 .debug_str     0x00000000      0x281 ..\obj\stm32f4xx_syscfg.o
                                0x2ef (size before relaxing)
 .debug_str     0x00000281      0xe14 ..\obj\stm32f4_discovery_audio_codec.o
                               0x106d (size before relaxing)
 .debug_str     0x00001095      0x46b ..\obj\stm32f4xx_usart.o
                                0x68a (size before relaxing)
 .debug_str     0x00001500      0x11f ..\obj\led.o
                                0x1d7 (size before relaxing)
 .debug_str     0x0000161f      0x235 ..\obj\stm32f4xx_dac.o
                                0x44e (size before relaxing)
 .debug_str     0x00001854      0x321 ..\obj\rotary.o
                                0xc24 (size before relaxing)
 .debug_str     0x00001b75      0x2cc ..\obj\uart.o
                                0xe92 (size before relaxing)
 .debug_str     0x00001e41       0xbd ..\obj\startup_stm32f4xx.o
                                0x154 (size before relaxing)
 .debug_str     0x00001efe      0x193 ..\obj\stm32f4_discovery.o
                                0xb32 (size before relaxing)
 .debug_str     0x00002091       0xb5 ..\obj\main.o
                                0x688 (size before relaxing)
 .debug_str     0x00002146      0x5c4 ..\obj\stm32f4xx_rcc.o
                                0x84b (size before relaxing)
 .debug_str     0x0000270a      0x170 ..\obj\stm32f4xx_gpio.o
                                0x49e (size before relaxing)
 .debug_str     0x0000287a      0x113 ..\obj\system_stm32f4xx.o
                                0x3a5 (size before relaxing)
 .debug_str     0x0000298d      0x253 ..\obj\stm32f4xx_dma.o
                                0x53d (size before relaxing)
 .debug_str     0x00002be0       0x83 ..\obj\stm32f4_discovery_callbacks.o
                                0x1e0 (size before relaxing)
 .debug_str     0x00002c63      0x313 ..\obj\stm32f4xx_spi.o
                                0x685 (size before relaxing)
 .debug_str     0x00002f76       0xfb ..\obj\stm32f4xx_exti.o
                                0x354 (size before relaxing)
 .debug_str     0x00003071      0x15c ..\obj\misc.o
                                0x3c9 (size before relaxing)

.debug_frame    0x00000000     0x2574
 .debug_frame   0x00000000       0xbc ..\obj\stm32f4xx_syscfg.o
 .debug_frame   0x000000bc      0x438 ..\obj\stm32f4_discovery_audio_codec.o
 .debug_frame   0x000004f4      0x344 ..\obj\stm32f4xx_usart.o
 .debug_frame   0x00000838       0x8c ..\obj\led.o
 .debug_frame   0x000008c4      0x1ec ..\obj\stm32f4xx_dac.o
 .debug_frame   0x00000ab0       0xac ..\obj\rotary.o
 .debug_frame   0x00000b5c      0x1c0 ..\obj\uart.o
 .debug_frame   0x00000d1c       0x48 ..\obj\startup_stm32f4xx.o
 .debug_frame   0x00000d64       0xc4 ..\obj\stm32f4_discovery.o
 .debug_frame   0x00000e28       0x88 ..\obj\main.o
 .debug_frame   0x00000eb0      0x4d8 ..\obj\stm32f4xx_rcc.o
 .debug_frame   0x00001388      0x19c ..\obj\stm32f4xx_gpio.o
 .debug_frame   0x00001524       0x64 ..\obj\system_stm32f4xx.o
 .debug_frame   0x00001588      0x224 ..\obj\stm32f4xx_dma.o
 .debug_frame   0x000017ac       0x44 ..\obj\stm32f4_discovery_callbacks.o
 .debug_frame   0x000017f0      0x2d0 ..\obj\stm32f4xx_spi.o
 .debug_frame   0x00001ac0       0xec ..\obj\stm32f4xx_exti.o
 .debug_frame   0x00001bac       0x9c ..\obj\misc.o
 .debug_frame   0x00001c48       0x20 d:/dev/arm_gcc/bin/../lib/gcc/arm-none-eabi/4.8.4/../../../../arm-none-eabi/lib/armv7e-m\libc.a(lib_a-aeabi_atexit.o)
 .debug_frame   0x00001c68       0x28 d:/dev/arm_gcc/bin/../lib/gcc/arm-none-eabi/4.8.4/../../../../arm-none-eabi/lib/armv7e-m\libc.a(lib_a-cxa_atexit.o)
 .debug_frame   0x00001c90       0x28 d:/dev/arm_gcc/bin/../lib/gcc/arm-none-eabi/4.8.4/../../../../arm-none-eabi/lib/armv7e-m\libc.a(lib_a-exit.o)
 .debug_frame   0x00001cb8       0x2c d:/dev/arm_gcc/bin/../lib/gcc/arm-none-eabi/4.8.4/../../../../arm-none-eabi/lib/armv7e-m\libc.a(lib_a-init.o)
 .debug_frame   0x00001ce4       0x30 d:/dev/arm_gcc/bin/../lib/gcc/arm-none-eabi/4.8.4/../../../../arm-none-eabi/lib/armv7e-m\libc.a(lib_a-malloc.o)
 .debug_frame   0x00001d14       0x38 d:/dev/arm_gcc/bin/../lib/gcc/arm-none-eabi/4.8.4/../../../../arm-none-eabi/lib/armv7e-m\libc.a(lib_a-mallocr.o)
 .debug_frame   0x00001d4c       0x2c d:/dev/arm_gcc/bin/../lib/gcc/arm-none-eabi/4.8.4/../../../../arm-none-eabi/lib/armv7e-m\libc.a(lib_a-memset.o)
 .debug_frame   0x00001d78       0x30 d:/dev/arm_gcc/bin/../lib/gcc/arm-none-eabi/4.8.4/../../../../arm-none-eabi/lib/armv7e-m\libc.a(lib_a-mlock.o)
 .debug_frame   0x00001da8       0x2c d:/dev/arm_gcc/bin/../lib/gcc/arm-none-eabi/4.8.4/../../../../arm-none-eabi/lib/armv7e-m\libc.a(lib_a-sbrkr.o)
 .debug_frame   0x00001dd4       0x64 d:/dev/arm_gcc/bin/../lib/gcc/arm-none-eabi/4.8.4/../../../../arm-none-eabi/lib/armv7e-m\libc.a(lib_a-sprintf.o)
 .debug_frame   0x00001e38       0x20 d:/dev/arm_gcc/bin/../lib/gcc/arm-none-eabi/4.8.4/../../../../arm-none-eabi/lib/armv7e-m\libc.a(lib_a-strcpy.o)
 .debug_frame   0x00001e58       0x20 d:/dev/arm_gcc/bin/../lib/gcc/arm-none-eabi/4.8.4/../../../../arm-none-eabi/lib/armv7e-m\libc.a(lib_a-strlen.o)
 .debug_frame   0x00001e78       0x3c d:/dev/arm_gcc/bin/../lib/gcc/arm-none-eabi/4.8.4/../../../../arm-none-eabi/lib/armv7e-m\libc.a(lib_a-svfprintf.o)
 .debug_frame   0x00001eb4       0x30 d:/dev/arm_gcc/bin/../lib/gcc/arm-none-eabi/4.8.4/../../../../arm-none-eabi/lib/armv7e-m\libc.a(lib_a-__atexit.o)
 .debug_frame   0x00001ee4       0x48 d:/dev/arm_gcc/bin/../lib/gcc/arm-none-eabi/4.8.4/../../../../arm-none-eabi/lib/armv7e-m\libc.a(lib_a-__call_atexit.o)
 .debug_frame   0x00001f2c       0x20 d:/dev/arm_gcc/bin/../lib/gcc/arm-none-eabi/4.8.4/../../../../arm-none-eabi/lib/armv7e-m\libc.a(lib_a-atexit.o)
 .debug_frame   0x00001f4c       0x64 d:/dev/arm_gcc/bin/../lib/gcc/arm-none-eabi/4.8.4/../../../../arm-none-eabi/lib/armv7e-m\libc.a(lib_a-dtoa.o)
 .debug_frame   0x00001fb0       0x2c d:/dev/arm_gcc/bin/../lib/gcc/arm-none-eabi/4.8.4/../../../../arm-none-eabi/lib/armv7e-m\libc.a(lib_a-fini.o)
 .debug_frame   0x00001fdc       0x50 d:/dev/arm_gcc/bin/../lib/gcc/arm-none-eabi/4.8.4/../../../../arm-none-eabi/lib/armv7e-m\libc.a(lib_a-freer.o)
 .debug_frame   0x0000202c       0x98 d:/dev/arm_gcc/bin/../lib/gcc/arm-none-eabi/4.8.4/../../../../arm-none-eabi/lib/armv7e-m\libc.a(lib_a-locale.o)
 .debug_frame   0x000020c4       0x2c d:/dev/arm_gcc/bin/../lib/gcc/arm-none-eabi/4.8.4/../../../../arm-none-eabi/lib/armv7e-m\libc.a(lib_a-memchr-stub.o)
 .debug_frame   0x000020f0      0x22c d:/dev/arm_gcc/bin/../lib/gcc/arm-none-eabi/4.8.4/../../../../arm-none-eabi/lib/armv7e-m\libc.a(lib_a-mprec.o)
 .debug_frame   0x0000231c       0x48 d:/dev/arm_gcc/bin/../lib/gcc/arm-none-eabi/4.8.4/../../../../arm-none-eabi/lib/armv7e-m\libc.a(lib_a-reent.o)
 .debug_frame   0x00002364       0x28 d:/dev/arm_gcc/bin/../lib/gcc/arm-none-eabi/4.8.4/../../../../arm-none-eabi/lib/armv7e-m\libc.a(lib_a-s_fpclassify.o)
 .debug_frame   0x0000238c       0x64 d:/dev/arm_gcc/bin/../lib/gcc/arm-none-eabi/4.8.4/../../../../arm-none-eabi/lib/armv7e-m\libc.a(lib_a-svfiprintf.o)
 .debug_frame   0x000023f0       0x28 d:/dev/arm_gcc/bin/../lib/gcc/arm-none-eabi/4.8.4/../../../../arm-none-eabi/lib/armv7e-m\libc.a(lib_a-callocr.o)
 .debug_frame   0x00002418       0x2c d:/dev/arm_gcc/bin/../lib/gcc/arm-none-eabi/4.8.4/../../../../arm-none-eabi/lib/armv7e-m\libc.a(lib_a-memmove.o)
 .debug_frame   0x00002444       0x38 d:/dev/arm_gcc/bin/../lib/gcc/arm-none-eabi/4.8.4/../../../../arm-none-eabi/lib/armv7e-m\libc.a(lib_a-reallocr.o)
 .debug_frame   0x0000247c       0x20 d:/dev/arm_gcc/bin/../lib/gcc/arm-none-eabi/4.8.4/../../../../arm-none-eabi/lib/armv7e-m\libnosys.a(sbrk.o)
 .debug_frame   0x0000249c       0x20 d:/dev/arm_gcc/bin/../lib/gcc/arm-none-eabi/4.8.4/../../../../arm-none-eabi/lib/armv7e-m\libnosys.a(_exit.o)
 .debug_frame   0x000024bc       0x50 d:/dev/arm_gcc/bin/../lib/gcc/arm-none-eabi/4.8.4/armv7e-m\libgcc.a(bpabi.o)
 .debug_frame   0x0000250c       0x34 d:/dev/arm_gcc/bin/../lib/gcc/arm-none-eabi/4.8.4/armv7e-m\libgcc.a(_divdi3.o)
 .debug_frame   0x00002540       0x34 d:/dev/arm_gcc/bin/../lib/gcc/arm-none-eabi/4.8.4/armv7e-m\libgcc.a(_udivdi3.o)

.stabstr        0x00000000       0x76
 .stabstr       0x00000000       0x76 d:/dev/arm_gcc/bin/../lib/gcc/arm-none-eabi/4.8.4/../../../../arm-none-eabi/lib/armv7e-m\libnosys.a(getpid.o)
