Archive member included because of file (symbol)

c:/program files (x86)/gnu tools arm embedded/4.8 2014q3/bin/../lib/gcc/arm-none-eabi/4.8.4/armv7e-m\libgcc.a(_arm_addsubdf3.o)
                              ..\obj\ampermeter.o (__aeabi_dsub)
c:/program files (x86)/gnu tools arm embedded/4.8 2014q3/bin/../lib/gcc/arm-none-eabi/4.8.4/armv7e-m\libgcc.a(_arm_muldivdf3.o)
                              ..\obj\adc.o (__aeabi_dmul)
c:/program files (x86)/gnu tools arm embedded/4.8 2014q3/bin/../lib/gcc/arm-none-eabi/4.8.4/armv7e-m\libgcc.a(_arm_truncdfsf2.o)
                              ..\obj\ampermeter.o (__aeabi_d2f)
c:/program files (x86)/gnu tools arm embedded/4.8 2014q3/bin/../lib/gcc/arm-none-eabi/4.8.4/armv7e-m\libgcc.a(_arm_addsubsf3.o)
                              ..\obj\tm_stm32f4_ds18b20.o (__aeabi_fsub)
c:/program files (x86)/gnu tools arm embedded/4.8 2014q3/bin/../lib/gcc/arm-none-eabi/4.8.4/armv7e-m\libgcc.a(_arm_muldivsf3.o)
                              ..\obj\tm_stm32f4_ds18b20.o (__aeabi_fmul)
c:/program files (x86)/gnu tools arm embedded/4.8 2014q3/bin/../lib/gcc/arm-none-eabi/4.8.4/armv7e-m\libgcc.a(unwind-arm.o)
                              ..\obj\uart.o (__aeabi_unwind_cpp_pr0)
c:/program files (x86)/gnu tools arm embedded/4.8 2014q3/bin/../lib/gcc/arm-none-eabi/4.8.4/armv7e-m\libgcc.a(libunwind.o)
                              c:/program files (x86)/gnu tools arm embedded/4.8 2014q3/bin/../lib/gcc/arm-none-eabi/4.8.4/armv7e-m\libgcc.a(unwind-arm.o) (restore_core_regs)
c:/program files (x86)/gnu tools arm embedded/4.8 2014q3/bin/../lib/gcc/arm-none-eabi/4.8.4/armv7e-m\libgcc.a(pr-support.o)
                              c:/program files (x86)/gnu tools arm embedded/4.8 2014q3/bin/../lib/gcc/arm-none-eabi/4.8.4/armv7e-m\libgcc.a(unwind-arm.o) (__gnu_unwind_execute)
c:/program files (x86)/gnu tools arm embedded/4.8 2014q3/bin/../lib/gcc/arm-none-eabi/4.8.4/../../../../arm-none-eabi/lib/armv7e-m\libc.a(lib_a-abort.o)
                              c:/program files (x86)/gnu tools arm embedded/4.8 2014q3/bin/../lib/gcc/arm-none-eabi/4.8.4/armv7e-m\libgcc.a(unwind-arm.o) (abort)
c:/program files (x86)/gnu tools arm embedded/4.8 2014q3/bin/../lib/gcc/arm-none-eabi/4.8.4/../../../../arm-none-eabi/lib/armv7e-m\libc.a(lib_a-aeabi_atexit.o)
                              ..\obj\main.o (__aeabi_atexit)
c:/program files (x86)/gnu tools arm embedded/4.8 2014q3/bin/../lib/gcc/arm-none-eabi/4.8.4/../../../../arm-none-eabi/lib/armv7e-m\libc.a(lib_a-atoi.o)
                              ..\obj\uart.o (atoi)
c:/program files (x86)/gnu tools arm embedded/4.8 2014q3/bin/../lib/gcc/arm-none-eabi/4.8.4/../../../../arm-none-eabi/lib/armv7e-m\libc.a(lib_a-cxa_atexit.o)
                              c:/program files (x86)/gnu tools arm embedded/4.8 2014q3/bin/../lib/gcc/arm-none-eabi/4.8.4/../../../../arm-none-eabi/lib/armv7e-m\libc.a(lib_a-aeabi_atexit.o) (__cxa_atexit)
c:/program files (x86)/gnu tools arm embedded/4.8 2014q3/bin/../lib/gcc/arm-none-eabi/4.8.4/../../../../arm-none-eabi/lib/armv7e-m\libc.a(lib_a-exit.o)
                              c:/program files (x86)/gnu tools arm embedded/4.8 2014q3/bin/../lib/gcc/arm-none-eabi/4.8.4/../../../../arm-none-eabi/lib/armv7e-m/crt0.o (exit)
c:/program files (x86)/gnu tools arm embedded/4.8 2014q3/bin/../lib/gcc/arm-none-eabi/4.8.4/../../../../arm-none-eabi/lib/armv7e-m\libc.a(lib_a-impure.o)
                              c:/program files (x86)/gnu tools arm embedded/4.8 2014q3/bin/../lib/gcc/arm-none-eabi/4.8.4/../../../../arm-none-eabi/lib/armv7e-m\libc.a(lib_a-exit.o) (_global_impure_ptr)
c:/program files (x86)/gnu tools arm embedded/4.8 2014q3/bin/../lib/gcc/arm-none-eabi/4.8.4/../../../../arm-none-eabi/lib/armv7e-m\libc.a(lib_a-init.o)
                              c:/program files (x86)/gnu tools arm embedded/4.8 2014q3/bin/../lib/gcc/arm-none-eabi/4.8.4/../../../../arm-none-eabi/lib/armv7e-m/crt0.o (__libc_init_array)
c:/program files (x86)/gnu tools arm embedded/4.8 2014q3/bin/../lib/gcc/arm-none-eabi/4.8.4/../../../../arm-none-eabi/lib/armv7e-m\libc.a(lib_a-malloc.o)
                              ..\obj\uart.o (malloc)
c:/program files (x86)/gnu tools arm embedded/4.8 2014q3/bin/../lib/gcc/arm-none-eabi/4.8.4/../../../../arm-none-eabi/lib/armv7e-m\libc.a(lib_a-mallocr.o)
                              c:/program files (x86)/gnu tools arm embedded/4.8 2014q3/bin/../lib/gcc/arm-none-eabi/4.8.4/../../../../arm-none-eabi/lib/armv7e-m\libc.a(lib_a-malloc.o) (_malloc_r)
c:/program files (x86)/gnu tools arm embedded/4.8 2014q3/bin/../lib/gcc/arm-none-eabi/4.8.4/../../../../arm-none-eabi/lib/armv7e-m\libc.a(lib_a-memcpy.o)
                              c:/program files (x86)/gnu tools arm embedded/4.8 2014q3/bin/../lib/gcc/arm-none-eabi/4.8.4/armv7e-m\libgcc.a(unwind-arm.o) (memcpy)
c:/program files (x86)/gnu tools arm embedded/4.8 2014q3/bin/../lib/gcc/arm-none-eabi/4.8.4/../../../../arm-none-eabi/lib/armv7e-m\libc.a(lib_a-memset.o)
[...]
Memory Configuration

Name             Origin             Length             Attributes
FLASH            0x08000000         0x00100000         xr
RAM              0x20000000         0x00020000         xrw
RAM1             0x10000000         0x00010000         xrw
*default*        0x00000000         0xffffffff

Linker script and memory map

LOAD c:/program files (x86)/gnu tools arm embedded/4.8 2014q3/bin/../lib/gcc/arm-none-eabi/4.8.4/armv7e-m/crti.o
LOAD c:/program files (x86)/gnu tools arm embedded/4.8 2014q3/bin/../lib/gcc/arm-none-eabi/4.8.4/armv7e-m/crtbegin.o
LOAD c:/program files (x86)/gnu tools arm embedded/4.8 2014q3/bin/../lib/gcc/arm-none-eabi/4.8.4/../../../../arm-none-eabi/lib/armv7e-m/crt0.o

.text           0x08000000     0x9bf8
 *(.isr_vector)
 .isr_vector    0x08000000      0x188 ..\obj\startup_stm32f4xx.o
                0x08000000                g_pfnVectors
 *(.text*)
 .text          0x08000188       0x54 c:/program files (x86)/gnu tools arm embedded/4.8 2014q3/bin/../lib/gcc/arm-none-eabi/4.8.4/armv7e-m/crtbegin.o
 .text          0x080001dc       0x74 c:/program files (x86)/gnu tools arm embedded/4.8 2014q3/bin/../lib/gcc/arm-none-eabi/4.8.4/../../../../arm-none-eabi/lib/armv7e-m/crt0.o
                0x080001dc                _start
                0x080001dc                _mainCRTStartup
 .text._ZN18TemperaturSensorenC2Ev
                0x08000250       0x94 ..\obj\temp_sensors.o
                0x08000250                TemperaturSensoren::TemperaturSensoren()
                0x08000250                TemperaturSensoren::TemperaturSensoren()
 .text._ZN18TemperaturSensoren25getAnzahlGefunderSensorenEv
                0x080002e4       0x18 ..\obj\temp_sensors.o
                0x080002e4                TemperaturSensoren::getAnzahlGefunderSensoren()
 .text._ZN18TemperaturSensoren21getTempWertFromSensorEh
                0x080002fc       0x30 ..\obj\temp_sensors.o
                0x080002fc                TemperaturSensoren::getTempWertFromSensor(unsigned char)
 .text.TM_DS18B20_SetResolution
                0x0800032c       0xec ..\obj\tm_stm32f4_ds18b20.o
                0x0800032c                TM_DS18B20_SetResolution
 .text.TM_DS18B20_Is
                0x08000418       0x24 ..\obj\tm_stm32f4_ds18b20.o
                0x08000418                TM_DS18B20_Is
 .text.Audio_MAL_IRQHandler
                0x0800043c       0xf8 ..\obj\stm32f4_discovery_audio_codec.o
 .text.DMA1_Stream7_IRQHandler
                0x08000534        0xc ..\obj\stm32f4_discovery_audio_codec.o
                0x08000534                DMA1_Stream7_IRQHandler
 .text.DMA1_Stream0_IRQHandler
                0x08000540        0xc ..\obj\stm32f4_discovery_audio_codec.o
                0x08000540                DMA1_Stream0_IRQHandler
 .text.SPI3_IRQHandler
                0x0800054c       0x40 ..\obj\stm32f4_discovery_audio_codec.o
                0x0800054c                SPI3_IRQHandler
 .text.USART_Init
                0x0800058c      0x174 ..\obj\stm32f4xx_usart.o
                0x0800058c                USART_Init
 .text.USART_Cmd
                0x08000700       0x40 ..\obj\stm32f4xx_usart.o
                0x08000700                USART_Cmd
 .text.USART_SendData
                0x08000740       0x24 ..\obj\stm32f4xx_usart.o
                0x08000740                USART_SendData
 .text.USART_ReceiveData
                0x08000764       0x20 ..\obj\stm32f4xx_usart.o
                0x08000764                USART_ReceiveData
 .text.USART_DMACmd
                0x08000784       0x48 ..\obj\stm32f4xx_usart.o
                0x08000784                USART_DMACmd
 .text.USART_ITConfig
                0x080007cc       0x90 ..\obj\stm32f4xx_usart.o
                0x080007cc                USART_ITConfig
 .text.USART_GetFlagStatus
                0x0800085c       0x38 ..\obj\stm32f4xx_usart.o
                0x0800085c                USART_GetFlagStatus
 .text.USART_ClearFlag
                0x08000894       0x20 ..\obj\stm32f4xx_usart.o
                0x08000894                USART_ClearFlag
 .text.USART_GetITStatus
                0x080008b4       0xb0 ..\obj\stm32f4xx_usart.o
                0x080008b4                USART_GetITStatus
 .text._ZN17QuadratureEncoderC2Ev
                0x08000964       0xa0 ..\obj\quadrature_encoder.o
                0x08000964                QuadratureEncoder::QuadratureEncoder()
                0x08000964                QuadratureEncoder::QuadratureEncoder()
 .text._ZN17QuadratureEncoder5resetEv
                0x08000a04       0x24 ..\obj\quadrature_encoder.o
                0x08000a04                QuadratureEncoder::reset()
 .text._ZN3LEDC2Ev
                0x08000a28       0x18 ..\obj\led.o
                0x08000a28                LED::LED()
                0x08000a28                LED::LED()
 .text._ZN3LEDD2Ev
                0x08000a40       0x18 ..\obj\led.o
                0x08000a40                LED::~LED()
                0x08000a40                LED::~LED()
 .text.DAC_SetChannel1Data
                0x08000a58       0x34 ..\obj\stm32f4xx_dac.o
                0x08000a58                DAC_SetChannel1Data
 .text.EXTI9_5_IRQHandler
                0x08000a8c       0xb8 ..\obj\rotary.o
                0x08000a8c                EXTI9_5_IRQHandler
 .text._ZN5UsartC2Ei
                0x08000b44       0x74 ..\obj\uart.o
                0x08000b44                Usart::Usart(int)
                0x08000b44                Usart::Usart(int)
 .text._ZN5Usart11buffer_initEv
                0x08000bb8       0x34 ..\obj\uart.o
                0x08000bb8                Usart::buffer_init()
 .text._ZN5Usart8BufferInEc
                0x08000bec       0x88 ..\obj\uart.o
                0x08000bec                Usart::BufferIn(char)
 .text._ZN5Usart9BufferOutEPc
                0x08000c74       0x68 ..\obj\uart.o
                0x08000c74                Usart::BufferOut(char*)
 .text._ZN5Usart10ReadBufferEPc
                0x08000cdc       0x54 ..\obj\uart.o
                0x08000cdc                Usart::ReadBuffer(char*)
 .text._ZN5Usart13usart3InitDMAEv
                0x08000d30       0xc8 ..\obj\uart.o
                0x08000d30                Usart::usart3InitDMA()
 .text._ZN5Usart10SendViaDmaEPci
                0x08000df8       0xac ..\obj\uart.o
                0x08000df8                Usart::SendViaDma(char*, int)
 .text._ZN5Usart10usart3InitEv
                0x08000ea4       0xe0 ..\obj\uart.o
                0x08000ea4                Usart::usart3Init()
 .text._ZN5Usart11uartPutCharEt
                0x08000f84       0x3c ..\obj\uart.o
                0x08000f84                Usart::uartPutChar(unsigned short)
 .text._ZN5Usart14uartSendStringEPc
                0x08000fc0       0x2c ..\obj\uart.o
                0x08000fc0                Usart::uartSendString(char*)
 .text._ZN5Usart11SendMessageEPc
                0x08000fec       0x24 ..\obj\uart.o
                0x08000fec                Usart::SendMessage(char*)
 .text._ZN5Usart18IsCommandoAvalibleEv
                0x08001010       0x8c ..\obj\uart.o
                0x08001010                Usart::IsCommandoAvalible()
 .text._ZN5Usart15ProzessCommandoEv
                0x0800109c       0x84 ..\obj\uart.o
                0x0800109c                Usart::ProzessCommando()
 .text._ZN5Usart15CommandoProzessEPc
                0x08001120      0x1a0 ..\obj\uart.o
                0x08001120                Usart::CommandoProzess(char*)
 .text._ZN5Usart15EnableSingeltonEv
                0x080012c0       0x1c ..\obj\uart.o
                0x080012c0                Usart::EnableSingelton()
 .text.DMA1_Stream3_IRQHandler
                0x080012dc       0x30 ..\obj\uart.o
                0x080012dc                DMA1_Stream3_IRQHandler
 .text.USART3_IRQHandler
                0x0800130c       0x48 ..\obj\uart.o
                0x0800130c                USART3_IRQHandler
 .text._ZN7StepperC2Ev
                0x08001354       0x24 ..\obj\stepper.o
                0x08001354                Stepper::Stepper()
                0x08001354                Stepper::Stepper()
 .text._ZN7Stepper4InitEv
                0x08001378       0x48 ..\obj\stepper.o
                0x08001378                Stepper::Init()
 .text._ZN7Stepper4LeftEii
                0x080013c0       0x40 ..\obj\stepper.o
                0x080013c0                Stepper::Left(int, int)
 .text._ZN7Stepper5RightEii
                0x08001400       0x40 ..\obj\stepper.o
                0x08001400                Stepper::Right(int, int)
 .text._ZN7Stepper8LeerlaufEv
                0x08001440       0x2c ..\obj\stepper.o
                0x08001440                Stepper::Leerlauf()
 .text._ZN7Stepper7RunStepEv
                0x0800146c       0x98 ..\obj\stepper.o
                0x0800146c                Stepper::RunStep()
 .text._ZN7Stepper15EnableSingeltonEv
                0x08001504       0x1c ..\obj\stepper.o
                0x08001504                Stepper::EnableSingelton()
 .text._ZN7Stepper8InitTim2Eii
                0x08001520       0x70 ..\obj\stepper.o
                0x08001520                Stepper::InitTim2(int, int)
 .text.TIM2_IRQHandler
                0x08001590       0x70 ..\obj\stepper.o
                0x08001590                TIM2_IRQHandler
 .text.Default_Reset_Handler
                0x08001600       0x5c ..\obj\startup_stm32f4xx.o
                0x08001600                Default_Reset_Handler
                0x08001600                Reset_Handler
 .text.Default_Handler
                0x0800165c        0x8 ..\obj\startup_stm32f4xx.o
                0x0800165c                RTC_Alarm_IRQHandler
                0x0800165c                HASH_RNG_IRQHandler
                0x0800165c                EXTI2_IRQHandler
                0x0800165c                TIM8_CC_IRQHandler
                0x0800165c                DebugMon_Handler
                0x0800165c                TIM1_CC_IRQHandler
                0x0800165c                DMA2_Stream5_IRQHandler
                0x0800165c                HardFault_Handler
                0x0800165c                DMA1_Stream5_IRQHandler
                0x0800165c                PVD_IRQHandler
                0x0800165c                SDIO_IRQHandler
                0x0800165c                TAMP_STAMP_IRQHandler
                0x0800165c                PendSV_Handler
                0x0800165c                NMI_Handler
                0x0800165c                CAN2_RX1_IRQHandler
                0x0800165c                EXTI3_IRQHandler
                0x0800165c                TIM8_TRG_COM_TIM14_IRQHandler
                0x0800165c                TIM1_UP_TIM10_IRQHandler
                0x0800165c                TIM8_UP_TIM13_IRQHandler
                0x0800165c                I2C3_ER_IRQHandler
                0x0800165c                EXTI0_IRQHandler
                0x0800165c                I2C2_EV_IRQHandler
                0x0800165c                DMA1_Stream2_IRQHandler
                0x0800165c                CAN1_RX0_IRQHandler
                0x0800165c                FPU_IRQHandler
                0x0800165c                OTG_HS_WKUP_IRQHandler
                0x0800165c                UsageFault_Handler
                0x0800165c                CAN2_SCE_IRQHandler
                0x0800165c                DMA2_Stream2_IRQHandler
                0x0800165c                SPI1_IRQHandler
                0x0800165c                TIM6_DAC_IRQHandler
                0x0800165c                TIM1_BRK_TIM9_IRQHandler
                0x0800165c                DCMI_IRQHandler
                0x0800165c                CAN2_RX0_IRQHandler
                0x0800165c                DMA2_Stream3_IRQHandler
                0x0800165c                USART6_IRQHandler
                0x0800165c                CRYP_IRQHandler
                0x0800165c                CAN1_RX1_IRQHandler
                0x0800165c                UART5_IRQHandler
                0x0800165c                DMA2_Stream0_IRQHandler
                0x0800165c                TIM4_IRQHandler
                0x0800165c                I2C1_EV_IRQHandler
                0x0800165c                DMA1_Stream6_IRQHandler
                0x0800165c                DMA1_Stream1_IRQHandler
                0x0800165c                UART4_IRQHandler
                0x0800165c                TIM3_IRQHandler
                0x0800165c                RCC_IRQHandler
                0x0800165c                TIM8_BRK_TIM12_IRQHandler
                0x0800165c                EXTI15_10_IRQHandler
                0x0800165c                ADC_IRQHandler
                0x0800165c                TIM7_IRQHandler
                0x0800165c                CAN2_TX_IRQHandler
                0x0800165c                TIM5_IRQHandler
                0x0800165c                DMA2_Stream7_IRQHandler
                0x0800165c                I2C3_EV_IRQHandler
                0x0800165c                RTC_WKUP_IRQHandler
                0x0800165c                ETH_WKUP_IRQHandler
                0x0800165c                SPI2_IRQHandler
                0x0800165c                OTG_HS_EP1_IN_IRQHandler
                0x0800165c                MemManage_Handler
                0x0800165c                CAN1_TX_IRQHandler
                0x0800165c                SVC_Handler
                0x0800165c                EXTI4_IRQHandler
                0x0800165c                FSMC_IRQHandler
                0x0800165c                ETH_IRQHandler
                0x0800165c                OTG_HS_EP1_OUT_IRQHandler
                0x0800165c                WWDG_IRQHandler
                0x0800165c                OTG_FS_WKUP_IRQHandler
                0x0800165c                TIM1_TRG_COM_TIM11_IRQHandler
                0x0800165c                OTG_HS_IRQHandler
                0x0800165c                EXTI1_IRQHandler
                0x0800165c                USART2_IRQHandler
                0x0800165c                I2C2_ER_IRQHandler
                0x0800165c                DMA2_Stream1_IRQHandler
                0x0800165c                CAN1_SCE_IRQHandler
                0x0800165c                FLASH_IRQHandler
                0x0800165c                DMA2_Stream4_IRQHandler
                0x0800165c                BusFault_Handler
                0x0800165c                USART1_IRQHandler
                0x0800165c                OTG_FS_IRQHandler
                0x0800165c                DMA1_Stream4_IRQHandler
                0x0800165c                I2C1_ER_IRQHandler
                0x0800165c                DMA2_Stream6_IRQHandler
 .text.STM_EVAL_LEDInit
                0x08001664       0x5c ..\obj\stm32f4_discovery.o
                0x08001664                STM_EVAL_LEDInit
 .text.main     0x080016c0      0x110 ..\obj\main.o
                0x080016c0                main
 .text._Z41__static_initialization_and_destruction_0ii
                0x080017d0       0x3c ..\obj\main.o
 .text._GLOBAL__sub_I_buffer
                0x0800180c       0x10 ..\obj\main.o
 .text.RCC_GetClocksFreq
                0x0800181c      0x154 ..\obj\stm32f4xx_rcc.o
                0x0800181c                RCC_GetClocksFreq
 .text.RCC_AHB1PeriphClockCmd
                0x08001970       0x3c ..\obj\stm32f4xx_rcc.o
                0x08001970                RCC_AHB1PeriphClockCmd
 .text.RCC_APB1PeriphClockCmd
                0x080019ac       0x3c ..\obj\stm32f4xx_rcc.o
                0x080019ac                RCC_APB1PeriphClockCmd
 .text.RCC_APB2PeriphClockCmd
                0x080019e8       0x3c ..\obj\stm32f4xx_rcc.o
                0x080019e8                RCC_APB2PeriphClockCmd
 .text.RCC_APB2PeriphResetCmd
                0x08001a24       0x3c ..\obj\stm32f4xx_rcc.o
                0x08001a24                RCC_APB2PeriphResetCmd
 .text._ZN10AmpermeterC2Ev
                0x08001a60       0x18 ..\obj\ampermeter.o
                0x08001a60                Ampermeter::Ampermeter()
                0x08001a60                Ampermeter::Ampermeter()
 .text._ZN10Ampermeter10getCurrentEv
                0x08001a78       0x70 ..\obj\ampermeter.o
                0x08001a78                Ampermeter::getCurrent()
 .text.ADC_DeInit
                0x08001ae8       0x1c ..\obj\stm32f4xx_adc.o
                0x08001ae8                ADC_DeInit
 .text.ADC_Init
                0x08001b04       0xa8 ..\obj\stm32f4xx_adc.o
                0x08001b04                ADC_Init
 .text.ADC_CommonInit
                0x08001bac       0x50 ..\obj\stm32f4xx_adc.o
                0x08001bac                ADC_CommonInit
 .text.ADC_Cmd  0x08001bfc       0x38 ..\obj\stm32f4xx_adc.o
                0x08001bfc                ADC_Cmd
 .text.ADC_RegularChannelConfig
                0x08001c34      0x188 ..\obj\stm32f4xx_adc.o
                0x08001c34                ADC_RegularChannelConfig
 .text.ADC_SoftwareStartConv
                0x08001dbc       0x20 ..\obj\stm32f4xx_adc.o
                0x08001dbc                ADC_SoftwareStartConv
 .text.ADC_DMACmd
                0x08001ddc       0x38 ..\obj\stm32f4xx_adc.o
                0x08001ddc                ADC_DMACmd
 .text.ADC_DMARequestAfterLastTransferCmd
                0x08001e14       0x38 ..\obj\stm32f4xx_adc.o
                0x08001e14                ADC_DMARequestAfterLastTransferCmd
 .text.NVIC_SetPriority
                0x08001e4c       0x54 ..\obj\stm32_ub_systick.o
 .text.SysTick_Config
                0x08001ea0       0x44 ..\obj\stm32_ub_systick.o
 .text.UB_Systick_Init
                0x08001ee4       0x68 ..\obj\stm32_ub_systick.o
                0x08001ee4                UB_Systick_Init
 .text.UB_Systick_Pause_us
                0x08001f4c       0x28 ..\obj\stm32_ub_systick.o
                0x08001f4c                UB_Systick_Pause_us
 .text.SysTick_Handler
                0x08001f74       0x7c ..\obj\stm32_ub_systick.o
                0x08001f74                SysTick_Handler
 .text.TM_OneWire_Init
                0x08001ff0       0x40 ..\obj\tm_stm32f4_onewire.o
                0x08001ff0                TM_OneWire_Init
 .text.TM_OneWire_Reset
                0x08002030       0x5c ..\obj\tm_stm32f4_onewire.o
                0x08002030                TM_OneWire_Reset
 .text.TM_OneWire_ReadBit
                0x0800208c       0x64 ..\obj\tm_stm32f4_onewire.o
                0x0800208c                TM_OneWire_ReadBit
 .text.TM_OneWire_ReadByte
                0x080020f0       0x3c ..\obj\tm_stm32f4_onewire.o
                0x080020f0                TM_OneWire_ReadByte
 .text.TM_OneWire_WriteBit
                0x0800212c       0x5c ..\obj\tm_stm32f4_onewire.o
                0x0800212c                TM_OneWire_WriteBit
 .text.TM_OneWire_WriteByte
                0x08002188       0x34 ..\obj\tm_stm32f4_onewire.o
                0x08002188                TM_OneWire_WriteByte
 .text.TM_OneWire_First
                0x080021bc       0x14 ..\obj\tm_stm32f4_onewire.o
                0x080021bc                TM_OneWire_First
 .text.TM_OneWire_Next
                0x080021d0       0x10 ..\obj\tm_stm32f4_onewire.o
                0x080021d0                TM_OneWire_Next
 .text.TM_OneWire_ResetSearch
                0x080021e0       0x2c ..\obj\tm_stm32f4_onewire.o
                0x080021e0                TM_OneWire_ResetSearch
 .text.TM_OneWire_Search
                0x0800220c      0x180 ..\obj\tm_stm32f4_onewire.o
                0x0800220c                TM_OneWire_Search
 .text.TM_OneWire_SelectWithPointer
                0x0800238c       0x34 ..\obj\tm_stm32f4_onewire.o
                0x0800238c                TM_OneWire_SelectWithPointer
 .text.TM_OneWire_GetFullROM
                0x080023c0       0x38 ..\obj\tm_stm32f4_onewire.o
                0x080023c0                TM_OneWire_GetFullROM
 .text.GPIO_Init
                0x080023f8      0x11c ..\obj\stm32f4xx_gpio.o
                0x080023f8                GPIO_Init
 .text.GPIO_ReadInputDataBit
                0x08002514       0x34 ..\obj\stm32f4xx_gpio.o
                0x08002514                GPIO_ReadInputDataBit
 .text.GPIO_SetBits
                0x08002548       0x1c ..\obj\stm32f4xx_gpio.o
                0x08002548                GPIO_SetBits
 .text.GPIO_ResetBits
                0x08002564       0x1c ..\obj\stm32f4xx_gpio.o
                0x08002564                GPIO_ResetBits
 .text.GPIO_WriteBit
                0x08002580       0x30 ..\obj\stm32f4xx_gpio.o
                0x08002580                GPIO_WriteBit
 .text.GPIO_PinAFConfig
                0x080025b0       0x8c ..\obj\stm32f4xx_gpio.o
                0x080025b0                GPIO_PinAFConfig
 .text.SystemInit
                0x0800263c       0x58 ..\obj\system_stm32f4xx.o
                0x0800263c                SystemInit
 .text.SetSysClock
                0x08002694       0xf4 ..\obj\system_stm32f4xx.o
 .text.DMA_DeInit
                0x08002788      0x1a4 ..\obj\stm32f4xx_dma.o
                0x08002788                DMA_DeInit
 .text.DMA_Init
                0x0800292c       0xac ..\obj\stm32f4xx_dma.o
                0x0800292c                DMA_Init
 .text.DMA_Cmd  0x080029d8       0x38 ..\obj\stm32f4xx_dma.o
                0x080029d8                DMA_Cmd
 .text.DMA_GetCmdStatus
                0x08002a10       0x30 ..\obj\stm32f4xx_dma.o
                0x08002a10                DMA_GetCmdStatus
 .text.DMA_GetFlagStatus
                0x08002a40       0x78 ..\obj\stm32f4xx_dma.o
                0x08002a40                DMA_GetFlagStatus
 .text.DMA_ClearFlag
                0x08002ab8       0x5c ..\obj\stm32f4xx_dma.o
                0x08002ab8                DMA_ClearFlag
 .text.DMA_ITConfig
                0x08002b14       0x74 ..\obj\stm32f4xx_dma.o
                0x08002b14                DMA_ITConfig
 .text.DMA_GetITStatus
                0x08002b88       0xb0 ..\obj\stm32f4xx_dma.o
                0x08002b88                DMA_GetITStatus
 .text.DMA_ClearITPendingBit
                0x08002c38       0x5c ..\obj\stm32f4xx_dma.o
                0x08002c38                DMA_ClearITPendingBit
 .text._ZN22AnalogDigitalConverterC2Ev
                0x08002c94      0x154 ..\obj\adc.o
                0x08002c94                AnalogDigitalConverter::AnalogDigitalConverter()
                0x08002c94                AnalogDigitalConverter::AnalogDigitalConverter()
 .text._ZN22AnalogDigitalConverter26getConvertedValueAsVoltageEi
                0x08002de8       0x50 ..\obj\adc.o
                0x08002de8                AnalogDigitalConverter::getConvertedValueAsVoltage(int)
 .text.EVAL_AUDIO_TransferComplete_CallBack
                0x08002e38       0x14 ..\obj\stm32f4_discovery_callbacks.o
                0x08002e38                EVAL_AUDIO_TransferComplete_CallBack
 .text.EVAL_AUDIO_GetSampleCallBack
                0x08002e4c       0x10 ..\obj\stm32f4_discovery_callbacks.o
                0x08002e4c                EVAL_AUDIO_GetSampleCallBack
 .text.SPI_I2S_SendData
                0x08002e5c       0x1c ..\obj\stm32f4xx_spi.o
                0x08002e5c                SPI_I2S_SendData
 .text.SPI_I2S_GetFlagStatus
                0x08002e78       0x38 ..\obj\stm32f4xx_spi.o
                0x08002e78                SPI_I2S_GetFlagStatus
 .text.EXTI_GetITStatus
                0x08002eb0       0x48 ..\obj\stm32f4xx_exti.o
                0x08002eb0                EXTI_GetITStatus
 .text.EXTI_ClearITPendingBit
                0x08002ef8       0x1c ..\obj\stm32f4xx_exti.o
                0x08002ef8                EXTI_ClearITPendingBit
 .text.NVIC_PriorityGroupConfig
                0x08002f14       0x24 ..\obj\misc.o
                0x08002f14                NVIC_PriorityGroupConfig
 .text.NVIC_Init
                0x08002f38       0xbc ..\obj\misc.o
                0x08002f38                NVIC_Init
 .text.TIM_TimeBaseInit
                0x08002ff4       0xd4 ..\obj\stm32f4xx_tim.o
                0x08002ff4                TIM_TimeBaseInit
 .text.TIM_SetAutoreload
                0x080030c8       0x1c ..\obj\stm32f4xx_tim.o
                0x080030c8                TIM_SetAutoreload
 .text.TIM_Cmd  0x080030e4       0x40 ..\obj\stm32f4xx_tim.o
                0x080030e4                TIM_Cmd
 .text.TIM_ICInit
                0x08003124       0xa8 ..\obj\stm32f4xx_tim.o
                0x08003124                TIM_ICInit
 .text.TIM_ICStructInit
                0x080031cc       0x30 ..\obj\stm32f4xx_tim.o
                0x080031cc                TIM_ICStructInit
 .text.TIM_SetIC1Prescaler
                0x080031fc       0x38 ..\obj\stm32f4xx_tim.o
                0x080031fc                TIM_SetIC1Prescaler
 .text.TIM_SetIC2Prescaler
                0x08003234       0x3c ..\obj\stm32f4xx_tim.o
                0x08003234                TIM_SetIC2Prescaler
 .text.TIM_SetIC3Prescaler
                0x08003270       0x38 ..\obj\stm32f4xx_tim.o
                0x08003270                TIM_SetIC3Prescaler
 .text.TIM_SetIC4Prescaler
                0x080032a8       0x3c ..\obj\stm32f4xx_tim.o
                0x080032a8                TIM_SetIC4Prescaler
 .text.TIM_ITConfig
                0x080032e4       0x48 ..\obj\stm32f4xx_tim.o
                0x080032e4                TIM_ITConfig
 .text.TIM_GetITStatus
                0x0800332c       0x54 ..\obj\stm32f4xx_tim.o
                0x0800332c                TIM_GetITStatus
 .text.TIM_ClearITPendingBit
                0x08003380       0x20 ..\obj\stm32f4xx_tim.o
                0x08003380                TIM_ClearITPendingBit
 .text.TIM_EncoderInterfaceConfig
                0x080033a0       0x8c ..\obj\stm32f4xx_tim.o
                0x080033a0                TIM_EncoderInterfaceConfig
 .text.TI1_Config
                0x0800342c       0x78 ..\obj\stm32f4xx_tim.o
 .text.TI2_Config
                0x080034a4       0x8c ..\obj\stm32f4xx_tim.o
 .text.TI3_Config
                0x08003530       0x84 ..\obj\stm32f4xx_tim.o
 .text.TI4_Config
                0x080035b4       0x90 ..\obj\stm32f4xx_tim.o
 .text          0x08003644      0x370 c:/program files (x86)/gnu tools arm embedded/4.8 2014q3/bin/../lib/gcc/arm-none-eabi/4.8.4/armv7e-m\libgcc.a(_arm_addsubdf3.o)
                0x08003644                __aeabi_drsub
                0x0800364c                __aeabi_dsub
                0x0800364c                __subdf3
                0x08003650                __aeabi_dadd
                0x08003650                __adddf3
                0x080038c8                __floatunsidf
                0x080038c8                __aeabi_ui2d
                0x080038e8                __floatsidf
                0x080038e8                __aeabi_i2d
                0x0800390c                __aeabi_f2d
                0x0800390c                __extendsfdf2
                0x08003948                __floatundidf
                0x08003948                __aeabi_ul2d
                0x08003958                __floatdidf
                0x08003958                __aeabi_l2d
 .text          0x080039b4      0x424 c:/program files (x86)/gnu tools arm embedded/4.8 2014q3/bin/../lib/gcc/arm-none-eabi/4.8.4/armv7e-m\libgcc.a(_arm_muldivdf3.o)
                0x080039b4                __aeabi_dmul
                0x080039b4                __muldf3
                0x08003c08                __divdf3
                0x08003c08                __aeabi_ddiv
 .text          0x08003dd8       0xa0 c:/program files (x86)/gnu tools arm embedded/4.8 2014q3/bin/../lib/gcc/arm-none-eabi/4.8.4/armv7e-m\libgcc.a(_arm_truncdfsf2.o)
                0x08003dd8                __truncdfsf2
                0x08003dd8                __aeabi_d2f
 .text          0x08003e78      0xa1c c:/program files (x86)/gnu tools arm embedded/4.8 2014q3/bin/../lib/gcc/arm-none-eabi/4.8.4/armv7e-m\libgcc.a(unwind-arm.o)
                0x0800415c                _Unwind_GetCFA
                0x08004160                __gnu_Unwind_RaiseException
                0x080041c0                __gnu_Unwind_ForcedUnwind
                0x080041d4                __gnu_Unwind_Resume
                0x08004218                __gnu_Unwind_Resume_or_Rethrow
                0x08004228                _Unwind_Complete
                0x0800422c                _Unwind_DeleteException
                0x0800423c                _Unwind_VRS_Get
                0x0800428c                _Unwind_VRS_Set
                0x080042dc                __gnu_Unwind_Backtrace
                0x08004630                __aeabi_unwind_cpp_pr0
                0x08004638                __aeabi_unwind_cpp_pr1
                0x08004640                __aeabi_unwind_cpp_pr2
                0x08004648                _Unwind_VRS_Pop
 .text          0x08004894      0x1ac c:/program files (x86)/gnu tools arm embedded/4.8 2014q3/bin/../lib/gcc/arm-none-eabi/4.8.4/armv7e-m\libgcc.a(libunwind.o)
                0x08004894                __restore_core_regs
                0x08004894                restore_core_regs
                0x080048ac                __gnu_Unwind_Restore_VFP
                0x080048b4                __gnu_Unwind_Save_VFP
                0x080048bc                __gnu_Unwind_Restore_VFP_D
                0x080048c4                __gnu_Unwind_Save_VFP_D
                0x080048cc                __gnu_Unwind_Restore_VFP_D_16_to_31
                0x080048d4                __gnu_Unwind_Save_VFP_D_16_to_31
                0x080048dc                __gnu_Unwind_Restore_WMMXD
                0x08004920                __gnu_Unwind_Save_WMMXD
                0x08004964                __gnu_Unwind_Restore_WMMXC
                0x08004978                __gnu_Unwind_Save_WMMXC
                0x0800498c                ___Unwind_RaiseException
                0x0800498c                _Unwind_RaiseException
                0x080049b0                _Unwind_Resume
                0x080049b0                ___Unwind_Resume
                0x080049d4                _Unwind_Resume_or_Rethrow
                0x080049d4                ___Unwind_Resume_or_Rethrow
                0x080049f8                _Unwind_ForcedUnwind
                0x080049f8                ___Unwind_ForcedUnwind
                0x08004a1c                ___Unwind_Backtrace
                0x08004a1c                _Unwind_Backtrace
 .text          0x08004a40      0x33c c:/program files (x86)/gnu tools arm embedded/4.8 2014q3/bin/../lib/gcc/arm-none-eabi/4.8.4/armv7e-m\libgcc.a(pr-support.o)
                0x08004a94                __gnu_unwind_execute
                0x08004d20                __gnu_unwind_frame
                0x08004d4c                _Unwind_GetRegionStart
                0x08004d58                _Unwind_GetLanguageSpecificData
                0x08004d6c                _Unwind_GetDataRelBase
                0x08004d74                _Unwind_GetTextRelBase
 .text.abort    0x08004d7c       0x10 c:/program files (x86)/gnu tools arm embedded/4.8 2014q3/bin/../lib/gcc/arm-none-eabi/4.8.4/../../../../arm-none-eabi/lib/armv7e-m\libc.a(lib_a-abort.o)
                0x08004d7c                abort
 .text.__aeabi_atexit
                0x08004d8c        0xc c:/program files (x86)/gnu tools arm embedded/4.8 2014q3/bin/../lib/gcc/arm-none-eabi/4.8.4/../../../../arm-none-eabi/lib/armv7e-m\libc.a(lib_a-aeabi_atexit.o)
                0x08004d8c                __aeabi_atexit
 .text.atoi     0x08004d98        0x8 c:/program files (x86)/gnu tools arm embedded/4.8 2014q3/bin/../lib/gcc/arm-none-eabi/4.8.4/../../../../arm-none-eabi/lib/armv7e-m\libc.a(lib_a-atoi.o)
                0x08004d98                atoi
 .text.__cxa_atexit
                0x08004da0       0x14 c:/program files (x86)/gnu tools arm embedded/4.8 2014q3/bin/../lib/gcc/arm-none-eabi/4.8.4/../../../../arm-none-eabi/lib/armv7e-m\libc.a(lib_a-cxa_atexit.o)
                0x08004da0                __cxa_atexit
 .text.exit     0x08004db4       0x20 c:/program files (x86)/gnu tools arm embedded/4.8 2014q3/bin/../lib/gcc/arm-none-eabi/4.8.4/../../../../arm-none-eabi/lib/armv7e-m\libc.a(lib_a-exit.o)
                0x08004db4                exit
 .text.__libc_init_array
                0x08004dd4       0x50 c:/program files (x86)/gnu tools arm embedded/4.8 2014q3/bin/../lib/gcc/arm-none-eabi/4.8.4/../../../../arm-none-eabi/lib/armv7e-m\libc.a(lib_a-init.o)
                0x08004dd4                __libc_init_array
 .text.malloc   0x08004e24       0x10 c:/program files (x86)/gnu tools arm embedded/4.8 2014q3/bin/../lib/gcc/arm-none-eabi/4.8.4/../../../../arm-none-eabi/lib/armv7e-m\libc.a(lib_a-malloc.o)
                0x08004e24                malloc
 .text.free     0x08004e34       0x10 c:/program files (x86)/gnu tools arm embedded/4.8 2014q3/bin/../lib/gcc/arm-none-eabi/4.8.4/../../../../arm-none-eabi/lib/armv7e-m\libc.a(lib_a-malloc.o)
                0x08004e34                free
 .text._malloc_r
                0x08004e44      0x538 c:/program files (x86)/gnu tools arm embedded/4.8 2014q3/bin/../lib/gcc/arm-none-eabi/4.8.4/../../../../arm-none-eabi/lib/armv7e-m\libc.a(lib_a-mallocr.o)
                0x08004e44                _malloc_r
 .text          0x0800537c      0x134 c:/program files (x86)/gnu tools arm embedded/4.8 2014q3/bin/../lib/gcc/arm-none-eabi/4.8.4/../../../../arm-none-eabi/lib/armv7e-m\libc.a(lib_a-memcpy.o)
                0x0800537c                memcpy
 .text.memset   0x080054b0       0x94 c:/program files (x86)/gnu tools arm embedded/4.8 2014q3/bin/../lib/gcc/arm-none-eabi/4.8.4/../../../../arm-none-eabi/lib/armv7e-m\libc.a(lib_a-memset.o)
                0x080054b0                memset
 .text.__malloc_lock
                0x08005544        0x4 c:/program files (x86)/gnu tools arm embedded/4.8 2014q3/bin/../lib/gcc/arm-none-eabi/4.8.4/../../../../arm-none-eabi/lib/armv7e-m\libc.a(lib_a-mlock.o)
                0x08005544                __malloc_lock
 .text.__malloc_unlock
                0x08005548        0x4 c:/program files (x86)/gnu tools arm embedded/4.8 2014q3/bin/../lib/gcc/arm-none-eabi/4.8.4/../../../../arm-none-eabi/lib/armv7e-m\libc.a(lib_a-mlock.o)
                0x08005548                __malloc_unlock
 .text._sbrk_r  0x0800554c       0x24 c:/program files (x86)/gnu tools arm embedded/4.8 2014q3/bin/../lib/gcc/arm-none-eabi/4.8.4/../../../../arm-none-eabi/lib/armv7e-m\libc.a(lib_a-sbrkr.o)
                0x0800554c                _sbrk_r
 .text._raise_r
                0x08005570       0x58 c:/program files (x86)/gnu tools arm embedded/4.8 2014q3/bin/../lib/gcc/arm-none-eabi/4.8.4/../../../../arm-none-eabi/lib/armv7e-m\libc.a(lib_a-signal.o)
                0x08005570                _raise_r
 .text.raise    0x080055c8       0x10 c:/program files (x86)/gnu tools arm embedded/4.8 2014q3/bin/../lib/gcc/arm-none-eabi/4.8.4/../../../../arm-none-eabi/lib/armv7e-m\libc.a(lib_a-signal.o)
                0x080055c8                raise
 .text._kill_r  0x080055d8       0x28 c:/program files (x86)/gnu tools arm embedded/4.8 2014q3/bin/../lib/gcc/arm-none-eabi/4.8.4/../../../../arm-none-eabi/lib/armv7e-m\libc.a(lib_a-signalr.o)
                0x080055d8                _kill_r
 .text._getpid_r
                0x08005600        0x4 c:/program files (x86)/gnu tools arm embedded/4.8 2014q3/bin/../lib/gcc/arm-none-eabi/4.8.4/../../../../arm-none-eabi/lib/armv7e-m\libc.a(lib_a-signalr.o)
                0x08005600                _getpid_r
 .text.sprintf  0x08005604       0x4c c:/program files (x86)/gnu tools arm embedded/4.8 2014q3/bin/../lib/gcc/arm-none-eabi/4.8.4/../../../../arm-none-eabi/lib/armv7e-m\libc.a(lib_a-sprintf.o)
                0x08005604                sprintf
 .text          0x08005650      0x21c c:/program files (x86)/gnu tools arm embedded/4.8 2014q3/bin/../lib/gcc/arm-none-eabi/4.8.4/../../../../arm-none-eabi/lib/armv7e-m\libc.a(lib_a-strcmp.o)
                0x08005650                strcmp
 .text.strcpy   0x0800586c       0xbc c:/program files (x86)/gnu tools arm embedded/4.8 2014q3/bin/../lib/gcc/arm-none-eabi/4.8.4/../../../../arm-none-eabi/lib/armv7e-m\libc.a(lib_a-strcpy.o)
                0x0800586c                strcpy
 .text.strlen   0x08005928       0x60 c:/program files (x86)/gnu tools arm embedded/4.8 2014q3/bin/../lib/gcc/arm-none-eabi/4.8.4/../../../../arm-none-eabi/lib/armv7e-m\libc.a(lib_a-strlen.o)
                0x08005928                strlen
 .text.strtok   0x08005988       0x10 c:/program files (x86)/gnu tools arm embedded/4.8 2014q3/bin/../lib/gcc/arm-none-eabi/4.8.4/../../../../arm-none-eabi/lib/armv7e-m\libc.a(lib_a-strtok.o)
                0x08005988                strtok
 .text.__strtok_r
                0x08005998       0x64 c:/program files (x86)/gnu tools arm embedded/4.8 2014q3/bin/../lib/gcc/arm-none-eabi/4.8.4/../../../../arm-none-eabi/lib/armv7e-m\libc.a(lib_a-strtok_r.o)
                0x08005998                __strtok_r
 .text._strtol_r
                0x080059fc      0x114 c:/program files (x86)/gnu tools arm embedded/4.8 2014q3/bin/../lib/gcc/arm-none-eabi/4.8.4/../../../../arm-none-eabi/lib/armv7e-m\libc.a(lib_a-strtol.o)
                0x080059fc                _strtol_r
 .text.strtol   0x08005b10       0x18 c:/program files (x86)/gnu tools arm embedded/4.8 2014q3/bin/../lib/gcc/arm-none-eabi/4.8.4/../../../../arm-none-eabi/lib/armv7e-m\libc.a(lib_a-strtol.o)
                0x08005b10                strtol
 .text._svfprintf_r
                0x08005b28     0x14f8 c:/program files (x86)/gnu tools arm embedded/4.8 2014q3/bin/../lib/gcc/arm-none-eabi/4.8.4/../../../../arm-none-eabi/lib/armv7e-m\libc.a(lib_a-svfprintf.o)
                0x08005b28                _svfprintf_r
 .text.__register_exitproc
                0x08007020       0xa8 c:/program files (x86)/gnu tools arm embedded/4.8 2014q3/bin/../lib/gcc/arm-none-eabi/4.8.4/../../../../arm-none-eabi/lib/armv7e-m\libc.a(lib_a-__atexit.o)
                0x08007020                __register_exitproc
 .text.startup.register_fini
                0x080070c8       0x14 c:/program files (x86)/gnu tools arm embedded/4.8 2014q3/bin/../lib/gcc/arm-none-eabi/4.8.4/../../../../arm-none-eabi/lib/armv7e-m\libc.a(lib_a-__call_atexit.o)
 .text.__call_exitprocs
                0x080070dc       0xf0 c:/program files (x86)/gnu tools arm embedded/4.8 2014q3/bin/../lib/gcc/arm-none-eabi/4.8.4/../../../../arm-none-eabi/lib/armv7e-m\libc.a(lib_a-__call_atexit.o)
                0x080070dc                __call_exitprocs
 .text.atexit   0x080071cc        0xc c:/program files (x86)/gnu tools arm embedded/4.8 2014q3/bin/../lib/gcc/arm-none-eabi/4.8.4/../../../../arm-none-eabi/lib/armv7e-m\libc.a(lib_a-atexit.o)
                0x080071cc                atexit
 .text.quorem   0x080071d8      0x130 c:/program files (x86)/gnu tools arm embedded/4.8 2014q3/bin/../lib/gcc/arm-none-eabi/4.8.4/../../../../arm-none-eabi/lib/armv7e-m\libc.a(lib_a-dtoa.o)
 .text._dtoa_r  0x08007308      0xe38 c:/program files (x86)/gnu tools arm embedded/4.8 2014q3/bin/../lib/gcc/arm-none-eabi/4.8.4/../../../../arm-none-eabi/lib/armv7e-m\libc.a(lib_a-dtoa.o)
                0x08007308                _dtoa_r
 .text.__libc_fini_array
                0x08008140       0x30 c:/program files (x86)/gnu tools arm embedded/4.8 2014q3/bin/../lib/gcc/arm-none-eabi/4.8.4/../../../../arm-none-eabi/lib/armv7e-m\libc.a(lib_a-fini.o)
                0x08008140                __libc_fini_array
 .text._malloc_trim_r
                0x08008170       0x9c c:/program files (x86)/gnu tools arm embedded/4.8 2014q3/bin/../lib/gcc/arm-none-eabi/4.8.4/../../../../arm-none-eabi/lib/armv7e-m\libc.a(lib_a-freer.o)
                0x08008170                _malloc_trim_r
 .text._free_r  0x0800820c      0x19c c:/program files (x86)/gnu tools arm embedded/4.8 2014q3/bin/../lib/gcc/arm-none-eabi/4.8.4/../../../../arm-none-eabi/lib/armv7e-m\libc.a(lib_a-freer.o)
                0x0800820c                _free_r
 .text._localeconv_r
                0x080083a8        0x8 c:/program files (x86)/gnu tools arm embedded/4.8 2014q3/bin/../lib/gcc/arm-none-eabi/4.8.4/../../../../arm-none-eabi/lib/armv7e-m\libc.a(lib_a-locale.o)
                0x080083a8                _localeconv_r
 .text.memchr   0x080083b0       0x90 c:/program files (x86)/gnu tools arm embedded/4.8 2014q3/bin/../lib/gcc/arm-none-eabi/4.8.4/../../../../arm-none-eabi/lib/armv7e-m\libc.a(lib_a-memchr-stub.o)
                0x080083b0                memchr
 .text._Balloc  0x08008440       0x4c c:/program files (x86)/gnu tools arm embedded/4.8 2014q3/bin/../lib/gcc/arm-none-eabi/4.8.4/../../../../arm-none-eabi/lib/armv7e-m\libc.a(lib_a-mprec.o)
                0x08008440                _Balloc
 .text._Bfree   0x0800848c       0x14 c:/program files (x86)/gnu tools arm embedded/4.8 2014q3/bin/../lib/gcc/arm-none-eabi/4.8.4/../../../../arm-none-eabi/lib/armv7e-m\libc.a(lib_a-mprec.o)
                0x0800848c                _Bfree
 .text.__multadd
                0x080084a0       0x98 c:/program files (x86)/gnu tools arm embedded/4.8 2014q3/bin/../lib/gcc/arm-none-eabi/4.8.4/../../../../arm-none-eabi/lib/armv7e-m\libc.a(lib_a-mprec.o)
                0x080084a0                __multadd
 .text.__hi0bits
                0x08008538       0x40 c:/program files (x86)/gnu tools arm embedded/4.8 2014q3/bin/../lib/gcc/arm-none-eabi/4.8.4/../../../../arm-none-eabi/lib/armv7e-m\libc.a(lib_a-mprec.o)
                0x08008538                __hi0bits
 .text.__lo0bits
                0x08008578       0x5c c:/program files (x86)/gnu tools arm embedded/4.8 2014q3/bin/../lib/gcc/arm-none-eabi/4.8.4/../../../../arm-none-eabi/lib/armv7e-m\libc.a(lib_a-mprec.o)
                0x08008578                __lo0bits
 .text.__i2b    0x080085d4       0x14 c:/program files (x86)/gnu tools arm embedded/4.8 2014q3/bin/../lib/gcc/arm-none-eabi/4.8.4/../../../../arm-none-eabi/lib/armv7e-m\libc.a(lib_a-mprec.o)
                0x080085d4                __i2b
 .text.__multiply
                0x080085e8      0x13c c:/program files (x86)/gnu tools arm embedded/4.8 2014q3/bin/../lib/gcc/arm-none-eabi/4.8.4/../../../../arm-none-eabi/lib/armv7e-m\libc.a(lib_a-mprec.o)
                0x080085e8                __multiply
 .text.__pow5mult
                0x08008724       0x9c c:/program files (x86)/gnu tools arm embedded/4.8 2014q3/bin/../lib/gcc/arm-none-eabi/4.8.4/../../../../arm-none-eabi/lib/armv7e-m\libc.a(lib_a-mprec.o)
                0x08008724                __pow5mult
 .text.__lshift
                0x080087c0       0xbc c:/program files (x86)/gnu tools arm embedded/4.8 2014q3/bin/../lib/gcc/arm-none-eabi/4.8.4/../../../../arm-none-eabi/lib/armv7e-m\libc.a(lib_a-mprec.o)
                0x080087c0                __lshift
 .text.__mcmp   0x0800887c       0x48 c:/program files (x86)/gnu tools arm embedded/4.8 2014q3/bin/../lib/gcc/arm-none-eabi/4.8.4/../../../../arm-none-eabi/lib/armv7e-m\libc.a(lib_a-mprec.o)
                0x0800887c                __mcmp
 .text.__mdiff  0x080088c4       0xd4 c:/program files (x86)/gnu tools arm embedded/4.8 2014q3/bin/../lib/gcc/arm-none-eabi/4.8.4/../../../../arm-none-eabi/lib/armv7e-m\libc.a(lib_a-mprec.o)
                0x080088c4                __mdiff
 .text.__d2b    0x08008998       0xbc c:/program files (x86)/gnu tools arm embedded/4.8 2014q3/bin/../lib/gcc/arm-none-eabi/4.8.4/../../../../arm-none-eabi/lib/armv7e-m\libc.a(lib_a-mprec.o)
                0x08008998                __d2b
 .text.__fpclassifyd
                0x08008a54       0x50 c:/program files (x86)/gnu tools arm embedded/4.8 2014q3/bin/../lib/gcc/arm-none-eabi/4.8.4/../../../../arm-none-eabi/lib/armv7e-m\libc.a(lib_a-s_fpclassify.o)
                0x08008a54                __fpclassifyd
 .text.__ssprint_r
                0x08008aa4      0x100 c:/program files (x86)/gnu tools arm embedded/4.8 2014q3/bin/../lib/gcc/arm-none-eabi/4.8.4/../../../../arm-none-eabi/lib/armv7e-m\libc.a(lib_a-svfiprintf.o)
                0x08008aa4                __ssprint_r
 .text._calloc_r
                0x08008ba4       0x60 c:/program files (x86)/gnu tools arm embedded/4.8 2014q3/bin/../lib/gcc/arm-none-eabi/4.8.4/../../../../arm-none-eabi/lib/armv7e-m\libc.a(lib_a-callocr.o)
                0x08008ba4                _calloc_r
 .text.memmove  0x08008c04       0xc0 c:/program files (x86)/gnu tools arm embedded/4.8 2014q3/bin/../lib/gcc/arm-none-eabi/4.8.4/../../../../arm-none-eabi/lib/armv7e-m\libc.a(lib_a-memmove.o)
                0x08008c04                memmove
 .text._realloc_r
                0x08008cc4      0x3cc c:/program files (x86)/gnu tools arm embedded/4.8 2014q3/bin/../lib/gcc/arm-none-eabi/4.8.4/../../../../arm-none-eabi/lib/armv7e-m\libc.a(lib_a-reallocr.o)
                0x08008cc4                _realloc_r
 .text._getpid  0x08009090       0x10 c:/program files (x86)/gnu tools arm embedded/4.8 2014q3/bin/../lib/gcc/arm-none-eabi/4.8.4/../../../../arm-none-eabi/lib/armv7e-m\libnosys.a(getpid.o)
                0x08009090                _getpid
 .text._kill    0x080090a0       0x10 c:/program files (x86)/gnu tools arm embedded/4.8 2014q3/bin/../lib/gcc/arm-none-eabi/4.8.4/../../../../arm-none-eabi/lib/armv7e-m\libnosys.a(kill.o)
                0x080090a0                _kill
 .text._sbrk    0x080090b0       0x34 c:/program files (x86)/gnu tools arm embedded/4.8 2014q3/bin/../lib/gcc/arm-none-eabi/4.8.4/../../../../arm-none-eabi/lib/armv7e-m\libnosys.a(sbrk.o)
                0x080090b0                _sbrk
 .text._exit    0x080090e4        0x4 c:/program files (x86)/gnu tools arm embedded/4.8 2014q3/bin/../lib/gcc/arm-none-eabi/4.8.4/../../../../arm-none-eabi/lib/armv7e-m\libnosys.a(_exit.o)
                0x080090e4                _exit
 .text          0x080090e8      0x110 c:/program files (x86)/gnu tools arm embedded/4.8 2014q3/bin/../lib/gcc/arm-none-eabi/4.8.4/armv7e-m\libgcc.a(_arm_cmpdf2.o)
                0x080090e8                __gtdf2
                0x080090e8                __gedf2
                0x080090f0                __ltdf2
                0x080090f0                __ledf2
                0x080090f8                __nedf2
                0x080090f8                __eqdf2
                0x080090f8                __cmpdf2
                0x08009174                __aeabi_cdrcmple
                0x08009184                __aeabi_cdcmpeq
                0x08009184                __aeabi_cdcmple
                0x08009194                __aeabi_dcmpeq
                0x080091a8                __aeabi_dcmplt
                0x080091bc                __aeabi_dcmple
                0x080091d0                __aeabi_dcmpge
                0x080091e4                __aeabi_dcmpgt
 .text          0x080091f8       0x50 c:/program files (x86)/gnu tools arm embedded/4.8 2014q3/bin/../lib/gcc/arm-none-eabi/4.8.4/armv7e-m\libgcc.a(_arm_fixdfsi.o)
                0x080091f8                __aeabi_d2iz
                0x080091f8                __fixdfsi
 .text          0x08009248       0x2c c:/program files (x86)/gnu tools arm embedded/4.8 2014q3/bin/../lib/gcc/arm-none-eabi/4.8.4/armv7e-m\libgcc.a(_aeabi_uldivmod.o)
                0x08009248                __aeabi_uldivmod
 .text          0x08009274       0x60 c:/program files (x86)/gnu tools arm embedded/4.8 2014q3/bin/../lib/gcc/arm-none-eabi/4.8.4/armv7e-m\libgcc.a(bpabi.o)
                0x08009274                __gnu_ldivmod_helper
                0x080092a4                __gnu_uldivmod_helper
 .text          0x080092d4        0x4 c:/program files (x86)/gnu tools arm embedded/4.8 2014q3/bin/../lib/gcc/arm-none-eabi/4.8.4/armv7e-m\libgcc.a(_dvmd_tls.o)
                0x080092d4                __aeabi_idiv0
                0x080092d4                __aeabi_ldiv0
 .text          0x080092d8      0x298 c:/program files (x86)/gnu tools arm embedded/4.8 2014q3/bin/../lib/gcc/arm-none-eabi/4.8.4/armv7e-m\libgcc.a(_divdi3.o)
                0x080092d8                __divdi3
 .text          0x08009570      0x284 c:/program files (x86)/gnu tools arm embedded/4.8 2014q3/bin/../lib/gcc/arm-none-eabi/4.8.4/armv7e-m\libgcc.a(_udivdi3.o)
                0x08009570                __udivdi3
 *(.init)
 .init          0x080097f4        0x4 c:/program files (x86)/gnu tools arm embedded/4.8 2014q3/bin/../lib/gcc/arm-none-eabi/4.8.4/armv7e-m/crti.o
                0x080097f4                _init
 .init          0x080097f8        0x8 c:/program files (x86)/gnu tools arm embedded/4.8 2014q3/bin/../lib/gcc/arm-none-eabi/4.8.4/armv7e-m/crtn.o
 *(.fini)
 .fini          0x08009800        0x4 c:/program files (x86)/gnu tools arm embedded/4.8 2014q3/bin/../lib/gcc/arm-none-eabi/4.8.4/armv7e-m/crti.o
                0x08009800                _fini
 .fini          0x08009804        0x8 c:/program files (x86)/gnu tools arm embedded/4.8 2014q3/bin/../lib/gcc/arm-none-eabi/4.8.4/armv7e-m/crtn.o
 *crtbegin.o(.ctors)
 *crtbegin?.o(.ctors)
 *(EXCLUDE_FILE(*crtend.o *crtend?.o) .ctors)
 *(SORT(.ctors.*))
 *(.ctors)
 *crtbegin.o(.dtors)
 *crtbegin?.o(.dtors)
 *(EXCLUDE_FILE(*crtend.o *crtend?.o) .dtors)
 *(SORT(.dtors.*))
 *(.dtors)
 *(.rodata*)
 .rodata        0x0800980c       0x80 ..\obj\uart.o
 .rodata        0x0800988c       0x40 ..\obj\stepper.o
 .rodata        0x080098cc       0x30 ..\obj\stm32f4_discovery.o
                0x080098cc                GPIO_PIN
                0x080098d4                GPIO_CLK
                0x080098e4                BUTTON_PIN
                0x080098e8                BUTTON_CLK
                0x080098ec                BUTTON_EXTI_LINE
                0x080098f0                BUTTON_PORT_SOURCE
                0x080098f4                BUTTON_PIN_SOURCE
                0x080098f8                BUTTON_IRQn
 .rodata        0x080098fc       0x70 ..\obj\main.o
 .rodata.str1.4
                0x0800996c        0x2 c:/program files (x86)/gnu tools arm embedded/4.8 2014q3/bin/../lib/gcc/arm-none-eabi/4.8.4/../../../../arm-none-eabi/lib/armv7e-m\libc.a(lib_a-impure.o)
                                  0x4 (size before relaxing)
 *fill*         0x0800996e        0x2 
 .rodata._global_impure_ptr
                0x08009970        0x4 c:/program files (x86)/gnu tools arm embedded/4.8 2014q3/bin/../lib/gcc/arm-none-eabi/4.8.4/../../../../arm-none-eabi/lib/armv7e-m\libc.a(lib_a-impure.o)
                0x08009970                _global_impure_ptr
 .rodata.zeroes.6763
                0x08009974       0x10 c:/program files (x86)/gnu tools arm embedded/4.8 2014q3/bin/../lib/gcc/arm-none-eabi/4.8.4/../../../../arm-none-eabi/lib/armv7e-m\libc.a(lib_a-svfprintf.o)
 .rodata.str1.4
                0x08009984       0x42 c:/program files (x86)/gnu tools arm embedded/4.8 2014q3/bin/../lib/gcc/arm-none-eabi/4.8.4/../../../../arm-none-eabi/lib/armv7e-m\libc.a(lib_a-svfprintf.o)
                                 0x44 (size before relaxing)
 *fill*         0x080099c6        0x2 
 .rodata.blanks.6762
                0x080099c8       0x10 c:/program files (x86)/gnu tools arm embedded/4.8 2014q3/bin/../lib/gcc/arm-none-eabi/4.8.4/../../../../arm-none-eabi/lib/armv7e-m\libc.a(lib_a-svfprintf.o)
 .rodata._ctype_
                0x080099d8      0x104 c:/program files (x86)/gnu tools arm embedded/4.8 2014q3/bin/../lib/gcc/arm-none-eabi/4.8.4/../../../../arm-none-eabi/lib/armv7e-m\libc.a(lib_a-ctype_.o)
                0x080099d8                _ctype_
 .rodata.str1.4
                0x08009adc       0x10 c:/program files (x86)/gnu tools arm embedded/4.8 2014q3/bin/../lib/gcc/arm-none-eabi/4.8.4/../../../../arm-none-eabi/lib/armv7e-m\libc.a(lib_a-dtoa.o)
                                 0x14 (size before relaxing)
 .rodata.str1.4
                0x08009aec        0xc c:/program files (x86)/gnu tools arm embedded/4.8 2014q3/bin/../lib/gcc/arm-none-eabi/4.8.4/../../../../arm-none-eabi/lib/armv7e-m\libc.a(lib_a-locale.o)
                                 0x14 (size before relaxing)
 .rodata.__mprec_tens
                0x08009af8       0xc8 c:/program files (x86)/gnu tools arm embedded/4.8 2014q3/bin/../lib/gcc/arm-none-eabi/4.8.4/../../../../arm-none-eabi/lib/armv7e-m\libc.a(lib_a-mprec.o)
                0x08009af8                __mprec_tens
 .rodata.__mprec_bigtens
                0x08009bc0       0x28 c:/program files (x86)/gnu tools arm embedded/4.8 2014q3/bin/../lib/gcc/arm-none-eabi/4.8.4/../../../../arm-none-eabi/lib/armv7e-m\libc.a(lib_a-mprec.o)
                0x08009bc0                __mprec_bigtens
 .rodata.p05.5269
                0x08009be8        0xc c:/program files (x86)/gnu tools arm embedded/4.8 2014q3/bin/../lib/gcc/arm-none-eabi/4.8.4/../../../../arm-none-eabi/lib/armv7e-m\libc.a(lib_a-mprec.o)
 *(.eh_frame*)
 .eh_frame      0x08009bf4        0x0 c:/program files (x86)/gnu tools arm embedded/4.8 2014q3/bin/../lib/gcc/arm-none-eabi/4.8.4/armv7e-m/crtbegin.o
 .eh_frame      0x08009bf4        0x4 c:/program files (x86)/gnu tools arm embedded/4.8 2014q3/bin/../lib/gcc/arm-none-eabi/4.8.4/armv7e-m/crtend.o

.glue_7         0x08009bf8        0x0
 .glue_7        0x00000000        0x0 linker stubs

.glue_7t        0x08009bf8        0x0
 .glue_7t       0x00000000        0x0 linker stubs

.vfp11_veneer   0x08009bf8        0x0
 .vfp11_veneer  0x00000000        0x0 linker stubs

.v4_bx          0x08009bf8        0x0
 .v4_bx         0x00000000        0x0 linker stubs

.iplt           0x08009bf8        0x0
 .iplt          0x00000000        0x0 c:/program files (x86)/gnu tools arm embedded/4.8 2014q3/bin/../lib/gcc/arm-none-eabi/4.8.4/armv7e-m/crtbegin.o

.ARM.extab      0x08009bf8      0x150
 *(.ARM.extab* .gnu.linkonce.armextab.*)
 .ARM.extab.text._ZN18TemperaturSensorenC2Ev
                0x08009bf8        0xc ..\obj\temp_sensors.o
 .ARM.extab.text._ZN17QuadratureEncoderC2Ev
                0x08009c04        0xc ..\obj\quadrature_encoder.o
 .ARM.extab.text._ZN3LEDC2Ev
                0x08009c10        0xc ..\obj\led.o
 .ARM.extab.text.EXTI9_5_IRQHandler
                0x08009c1c        0xc ..\obj\rotary.o
 .ARM.extab.text._ZN5UsartC2Ei
                0x08009c28        0xc ..\obj\uart.o
 .ARM.extab.text._ZN5Usart13usart3InitDMAEv
                0x08009c34        0xc ..\obj\uart.o
 .ARM.extab.text._ZN5Usart10SendViaDmaEPci
                0x08009c40        0xc ..\obj\uart.o
 .ARM.extab.text._ZN5Usart10usart3InitEv
                0x08009c4c        0xc ..\obj\uart.o
 .ARM.extab.text._ZN5Usart11uartPutCharEt
                0x08009c58        0xc ..\obj\uart.o
 .ARM.extab.text._ZN5Usart14uartSendStringEPc
                0x08009c64        0xc ..\obj\uart.o
 .ARM.extab.text._ZN5Usart11SendMessageEPc
                0x08009c70        0xc ..\obj\uart.o
 .ARM.extab.text._ZN5Usart18IsCommandoAvalibleEv
                0x08009c7c        0xc ..\obj\uart.o
 .ARM.extab.text._ZN5Usart15ProzessCommandoEv
                0x08009c88        0xc ..\obj\uart.o
 .ARM.extab.text._ZN5Usart15CommandoProzessEPc
                0x08009c94        0xc ..\obj\uart.o
 .ARM.extab.text.USART3_IRQHandler
                0x08009ca0        0xc ..\obj\uart.o
 .ARM.extab.text._ZN7StepperC2Ev
                0x08009cac        0xc ..\obj\stepper.o
 .ARM.extab.text._ZN7Stepper4InitEv
                0x08009cb8        0xc ..\obj\stepper.o
 .ARM.extab.text._ZN7Stepper4LeftEii
                0x08009cc4        0xc ..\obj\stepper.o
 .ARM.extab.text._ZN7Stepper5RightEii
                0x08009cd0        0xc ..\obj\stepper.o
 .ARM.extab.text._ZN7Stepper8LeerlaufEv
                0x08009cdc        0xc ..\obj\stepper.o
 .ARM.extab.text._ZN7Stepper7RunStepEv
                0x08009ce8        0xc ..\obj\stepper.o
 .ARM.extab.text._ZN7Stepper8InitTim2Eii
                0x08009cf4        0xc ..\obj\stepper.o
 .ARM.extab.text.main
                0x08009d00        0xc ..\obj\main.o
 .ARM.extab.text._ZN10Ampermeter10getCurrentEv
                0x08009d0c        0xc ..\obj\ampermeter.o
 .ARM.extab.text._ZN22AnalogDigitalConverterC2Ev
                0x08009d18        0xc ..\obj\adc.o
 .ARM.extab     0x08009d24        0xc c:/program files (x86)/gnu tools arm embedded/4.8 2014q3/bin/../lib/gcc/arm-none-eabi/4.8.4/armv7e-m\libgcc.a(unwind-arm.o)
 .ARM.extab     0x08009d30       0x18 c:/program files (x86)/gnu tools arm embedded/4.8 2014q3/bin/../lib/gcc/arm-none-eabi/4.8.4/armv7e-m\libgcc.a(pr-support.o)
                0x08009d48                __exidx_start = .

.ARM.exidx      0x08009d48      0x1f0
 *(.ARM.exidx* .gnu.linkonce.armexidx.*)
 .ARM.exidx     0x08009d48        0x8 c:/program files (x86)/gnu tools arm embedded/4.8 2014q3/bin/../lib/gcc/arm-none-eabi/4.8.4/../../../../arm-none-eabi/lib/armv7e-m/crt0.o
 .ARM.exidx.text._ZN18TemperaturSensorenC2Ev
                0x08009d50        0x8 ..\obj\temp_sensors.o
 .ARM.exidx.text._ZN18TemperaturSensoren25getAnzahlGefunderSensorenEv
                0x08009d58        0x8 ..\obj\temp_sensors.o
 .ARM.exidx.text._ZN18TemperaturSensoren21getTempWertFromSensorEh
                0x08009d60        0x0 ..\obj\temp_sensors.o
                                  0x8 (size before relaxing)
 .ARM.exidx.text._ZN17QuadratureEncoderC2Ev
                0x08009d60        0x8 ..\obj\quadrature_encoder.o
 .ARM.exidx.text._ZN17QuadratureEncoder5resetEv
                0x08009d68        0x8 ..\obj\quadrature_encoder.o
 .ARM.exidx.text._ZN3LEDC2Ev
                0x08009d70        0x8 ..\obj\led.o
 .ARM.exidx.text._ZN3LEDD2Ev
                0x08009d78        0x8 ..\obj\led.o
 .ARM.exidx.text.EXTI9_5_IRQHandler
                0x08009d80        0x8 ..\obj\rotary.o
 .ARM.exidx.text._ZN5UsartC2Ei
                0x08009d88        0x8 ..\obj\uart.o
 .ARM.exidx.text._ZN5Usart11buffer_initEv
                0x08009d90        0x8 ..\obj\uart.o
 .ARM.exidx.text._ZN5Usart8BufferInEc
                0x08009d98        0x0 ..\obj\uart.o
                                  0x8 (size before relaxing)
 .ARM.exidx.text._ZN5Usart9BufferOutEPc
                0x08009d98        0x0 ..\obj\uart.o
                                  0x8 (size before relaxing)
 .ARM.exidx.text._ZN5Usart10ReadBufferEPc
                0x08009d98        0x0 ..\obj\uart.o
                                  0x8 (size before relaxing)
 .ARM.exidx.text._ZN5Usart13usart3InitDMAEv
                0x08009d98        0x8 ..\obj\uart.o
 .ARM.exidx.text._ZN5Usart10SendViaDmaEPci
                0x08009da0        0x8 ..\obj\uart.o
 .ARM.exidx.text._ZN5Usart10usart3InitEv
                0x08009da8        0x8 ..\obj\uart.o
 .ARM.exidx.text._ZN5Usart11uartPutCharEt
                0x08009db0        0x8 ..\obj\uart.o
 .ARM.exidx.text._ZN5Usart14uartSendStringEPc
                0x08009db8        0x8 ..\obj\uart.o
 .ARM.exidx.text._ZN5Usart11SendMessageEPc
                0x08009dc0        0x8 ..\obj\uart.o
 .ARM.exidx.text._ZN5Usart18IsCommandoAvalibleEv
                0x08009dc8        0x8 ..\obj\uart.o
 .ARM.exidx.text._ZN5Usart15ProzessCommandoEv
                0x08009dd0        0x8 ..\obj\uart.o
 .ARM.exidx.text._ZN5Usart15CommandoProzessEPc
                0x08009dd8        0x8 ..\obj\uart.o
 .ARM.exidx.text._ZN5Usart15EnableSingeltonEv
                0x08009de0        0x8 ..\obj\uart.o
 .ARM.exidx.text.DMA1_Stream3_IRQHandler
                0x08009de8        0x8 ..\obj\uart.o
 .ARM.exidx.text.USART3_IRQHandler
                0x08009df0        0x8 ..\obj\uart.o
 .ARM.exidx.text._ZN7StepperC2Ev
                0x08009df8        0x8 ..\obj\stepper.o
 .ARM.exidx.text._ZN7Stepper4InitEv
                0x08009e00        0x8 ..\obj\stepper.o
 .ARM.exidx.text._ZN7Stepper4LeftEii
                0x08009e08        0x8 ..\obj\stepper.o
 .ARM.exidx.text._ZN7Stepper5RightEii
                0x08009e10        0x8 ..\obj\stepper.o
 .ARM.exidx.text._ZN7Stepper8LeerlaufEv
                0x08009e18        0x8 ..\obj\stepper.o
 .ARM.exidx.text._ZN7Stepper7RunStepEv
                0x08009e20        0x8 ..\obj\stepper.o
 .ARM.exidx.text._ZN7Stepper15EnableSingeltonEv
                0x08009e28        0x8 ..\obj\stepper.o
 .ARM.exidx.text._ZN7Stepper8InitTim2Eii
                0x08009e30        0x8 ..\obj\stepper.o
 .ARM.exidx.text.TIM2_IRQHandler
                0x08009e38       0x10 ..\obj\stepper.o
                                  0x8 (size before relaxing)
 .ARM.exidx.text.main
                0x08009e48        0x8 ..\obj\main.o
 .ARM.exidx.text._Z41__static_initialization_and_destruction_0ii
                0x08009e50        0x8 ..\obj\main.o
 .ARM.exidx.text._GLOBAL__sub_I_buffer
                0x08009e58        0x0 ..\obj\main.o
                                  0x8 (size before relaxing)
 .ARM.exidx.text._ZN10AmpermeterC2Ev
                0x08009e58        0x0 ..\obj\ampermeter.o
                                  0x8 (size before relaxing)
 .ARM.exidx.text._ZN10Ampermeter10getCurrentEv
                0x08009e58       0x10 ..\obj\ampermeter.o
                                  0x8 (size before relaxing)
 .ARM.exidx.text._ZN22AnalogDigitalConverterC2Ev
                0x08009e68        0x8 ..\obj\adc.o
 .ARM.exidx.text._ZN22AnalogDigitalConverter26getConvertedValueAsVoltageEi
                0x08009e70        0x8 ..\obj\adc.o
 .ARM.exidx     0x08009e78       0x88 c:/program files (x86)/gnu tools arm embedded/4.8 2014q3/bin/../lib/gcc/arm-none-eabi/4.8.4/armv7e-m\libgcc.a(unwind-arm.o)
                                 0xd8 (size before relaxing)
 .ARM.exidx     0x08009f00       0x38 c:/program files (x86)/gnu tools arm embedded/4.8 2014q3/bin/../lib/gcc/arm-none-eabi/4.8.4/armv7e-m\libgcc.a(pr-support.o)
                                 0x48 (size before relaxing)
 .ARM.exidx     0x08009f38        0x0 c:/program files (x86)/gnu tools arm embedded/4.8 2014q3/bin/../lib/gcc/arm-none-eabi/4.8.4/armv7e-m\libgcc.a(_divdi3.o)
                                  0x8 (size before relaxing)
 .ARM.exidx     0x08009f38        0x0 c:/program files (x86)/gnu tools arm embedded/4.8 2014q3/bin/../lib/gcc/arm-none-eabi/4.8.4/armv7e-m\libgcc.a(_udivdi3.o)
                                  0x8 (size before relaxing)
                0x08009f38                __exidx_end = .
                0x08009f38                __etext = .
                0x08009f38                _sidata = __etext

.rel.dyn        0x08009f38        0x0
 .rel.iplt      0x00000000        0x0 c:/program files (x86)/gnu tools arm embedded/4.8 2014q3/bin/../lib/gcc/arm-none-eabi/4.8.4/armv7e-m/crtbegin.o

.data           0x20000000      0xa14 load address 0x08009f38
                0x20000000                __data_start__ = .
                0x20000000                _sdata = __data_start__
 *(vtable)
 *(.data*)
 .data          0x20000000        0x4 c:/program files (x86)/gnu tools arm embedded/4.8 2014q3/bin/../lib/gcc/arm-none-eabi/4.8.4/armv7e-m/crtbegin.o
                0x20000000                __dso_handle
 .data          0x20000004       0x34 ..\obj\stm32f4_discovery_audio_codec.o
                0x20000004                AudioTotalSize
                0x20000008                AudioRemSize
                0x2000000c                CODECTimeout
                0x20000010                CurrAudioInterface
                0x20000014                AUDIO_MAL_DMA_CLOCK
                0x20000018                AUDIO_MAL_DMA_STREAM
                0x2000001c                AUDIO_MAL_DMA_DREG
                0x20000020                AUDIO_MAL_DMA_IRQ
                0x20000024                AUDIO_MAL_DMA_FLAG_TC
                0x20000028                AUDIO_MAL_DMA_FLAG_HT
                0x2000002c                AUDIO_MAL_DMA_FLAG_FE
                0x20000030                AUDIO_MAL_DMA_FLAG_TE
                0x20000034                AUDIO_MAL_DMA_FLAG_DME
 .data          0x20000038       0xa4 ..\obj\uart.o
 .data          0x200000dc        0x4 ..\obj\stepper.o
                0x200000dc                direction
 .data          0x200000e0       0x14 ..\obj\stm32f4_discovery.o
                0x200000e0                GPIO_PORT
                0x200000f0                BUTTON_PORT
 .data          0x200000f4       0x84 ..\obj\main.o
                0x200000f4                buffer
 .data          0x20000178       0x10 ..\obj\stm32f4xx_rcc.o
 .data.impure_data
                0x20000188      0x428 c:/program files (x86)/gnu tools arm embedded/4.8 2014q3/bin/../lib/gcc/arm-none-eabi/4.8.4/../../../../arm-none-eabi/lib/armv7e-m\libc.a(lib_a-impure.o)
 .data._impure_ptr
                0x200005b0        0x4 c:/program files (x86)/gnu tools arm embedded/4.8 2014q3/bin/../lib/gcc/arm-none-eabi/4.8.4/../../../../arm-none-eabi/lib/armv7e-m\libc.a(lib_a-impure.o)
                0x200005b0                _impure_ptr
 .data.__malloc_av_
                0x200005b4      0x408 c:/program files (x86)/gnu tools arm embedded/4.8 2014q3/bin/../lib/gcc/arm-none-eabi/4.8.4/../../../../arm-none-eabi/lib/armv7e-m\libc.a(lib_a-mallocr.o)
                0x200005b4                __malloc_av_
 .data.__malloc_trim_threshold
                0x200009bc        0x4 c:/program files (x86)/gnu tools arm embedded/4.8 2014q3/bin/../lib/gcc/arm-none-eabi/4.8.4/../../../../arm-none-eabi/lib/armv7e-m\libc.a(lib_a-mallocr.o)
                0x200009bc                __malloc_trim_threshold
 .data.__malloc_sbrk_base
                0x200009c0        0x4 c:/program files (x86)/gnu tools arm embedded/4.8 2014q3/bin/../lib/gcc/arm-none-eabi/4.8.4/../../../../arm-none-eabi/lib/armv7e-m\libc.a(lib_a-mallocr.o)
                0x200009c0                __malloc_sbrk_base
 .data.__ctype_ptr__
                0x200009c4        0x4 c:/program files (x86)/gnu tools arm embedded/4.8 2014q3/bin/../lib/gcc/arm-none-eabi/4.8.4/../../../../arm-none-eabi/lib/armv7e-m\libc.a(lib_a-ctype_.o)
                0x200009c4                __ctype_ptr__
 .data.lconv    0x200009c8       0x38 c:/program files (x86)/gnu tools arm embedded/4.8 2014q3/bin/../lib/gcc/arm-none-eabi/4.8.4/../../../../arm-none-eabi/lib/armv7e-m\libc.a(lib_a-locale.o)
                0x20000a00                . = ALIGN (0x4)
                0x20000a00                PROVIDE (__preinit_array_start, .)
 *(.preinit_array)
                0x20000a00                PROVIDE (__preinit_array_end, .)
                0x20000a00                . = ALIGN (0x4)
                0x20000a00                PROVIDE (__init_array_start, .)
 *(SORT(.init_array.*))
 .init_array.00000
                0x20000a00        0x4 c:/program files (x86)/gnu tools arm embedded/4.8 2014q3/bin/../lib/gcc/arm-none-eabi/4.8.4/../../../../arm-none-eabi/lib/armv7e-m\libc.a(lib_a-__call_atexit.o)
 *(.init_array)
 .init_array    0x20000a04        0x4 c:/program files (x86)/gnu tools arm embedded/4.8 2014q3/bin/../lib/gcc/arm-none-eabi/4.8.4/armv7e-m/crtbegin.o
 .init_array    0x20000a08        0x4 ..\obj\main.o
                0x20000a0c                PROVIDE (__init_array_end, .)
                0x20000a0c                . = ALIGN (0x4)
                0x20000a0c                PROVIDE (__fini_array_start, .)
 *(SORT(.fini_array.*))
 *(.fini_array)
 .fini_array    0x20000a0c        0x4 c:/program files (x86)/gnu tools arm embedded/4.8 2014q3/bin/../lib/gcc/arm-none-eabi/4.8.4/armv7e-m/crtbegin.o
                0x20000a10                PROVIDE (__fini_array_end, .)
 *(.jcr*)
 .jcr           0x20000a10        0x0 c:/program files (x86)/gnu tools arm embedded/4.8 2014q3/bin/../lib/gcc/arm-none-eabi/4.8.4/armv7e-m/crtbegin.o
 .jcr           0x20000a10        0x4 c:/program files (x86)/gnu tools arm embedded/4.8 2014q3/bin/../lib/gcc/arm-none-eabi/4.8.4/armv7e-m/crtend.o
                0x20000a14                . = ALIGN (0x4)
                0x20000a14                __data_end__ = .
                0x20000a14                _edata = __data_end__

.igot.plt       0x20000a14        0x0 load address 0x0800a94c
 .igot.plt      0x00000000        0x0 c:/program files (x86)/gnu tools arm embedded/4.8 2014q3/bin/../lib/gcc/arm-none-eabi/4.8.4/armv7e-m/crtbegin.o

.bss            0x20000a14      0x130 load address 0x0800a94c
                0x20000a14                . = ALIGN (0x4)
                0x20000a14                __bss_start__ = .
                0x20000a14                _sbss = __bss_start__
 *(.bss*)
 .bss           0x20000a14       0x1c c:/program files (x86)/gnu tools arm embedded/4.8 2014q3/bin/../lib/gcc/arm-none-eabi/4.8.4/armv7e-m/crtbegin.o
 .bss           0x20000a30        0x4 ..\obj\rotary.o
                0x20000a30                RotaryInstance
 .bss           0x20000a34        0x4 ..\obj\uart.o
                0x20000a34                Usart3Instance
 .bss           0x20000a38        0xc ..\obj\stepper.o
                0x20000a38                StepperInstance
                0x20000a3c                currentStep
                0x20000a40                stepperEnd
 .bss           0x20000a44        0x8 ..\obj\main.o
                0x20000a44                OutputString
                0x20000a48                LPC1768_LED
 .bss           0x20000a4c        0x4 ..\obj\ampermeter.o
                0x20000a4c                AmpermeterInstance
 .bss           0x20000a50       0x1c ..\obj\stm32_ub_systick.o
 .bss           0x20000a6c        0x8 ..\obj\adc.o
                0x20000a6c                ADC_BUFF
                0x20000a70                AnalogDigitalConverterInstance
 .bss.__malloc_max_total_mem
                0x20000a74        0x4 c:/program files (x86)/gnu tools arm embedded/4.8 2014q3/bin/../lib/gcc/arm-none-eabi/4.8.4/../../../../arm-none-eabi/lib/armv7e-m\libc.a(lib_a-mallocr.o)
                0x20000a74                __malloc_max_total_mem
 .bss.__malloc_max_sbrked_mem
                0x20000a78        0x4 c:/program files (x86)/gnu tools arm embedded/4.8 2014q3/bin/../lib/gcc/arm-none-eabi/4.8.4/../../../../arm-none-eabi/lib/armv7e-m\libc.a(lib_a-mallocr.o)
                0x20000a78                __malloc_max_sbrked_mem
 .bss.__malloc_top_pad
                0x20000a7c        0x4 c:/program files (x86)/gnu tools arm embedded/4.8 2014q3/bin/../lib/gcc/arm-none-eabi/4.8.4/../../../../arm-none-eabi/lib/armv7e-m\libc.a(lib_a-mallocr.o)
                0x20000a7c                __malloc_top_pad
 .bss.__malloc_current_mallinfo
                0x20000a80       0x28 c:/program files (x86)/gnu tools arm embedded/4.8 2014q3/bin/../lib/gcc/arm-none-eabi/4.8.4/../../../../arm-none-eabi/lib/armv7e-m\libc.a(lib_a-mallocr.o)
                0x20000a80                __malloc_current_mallinfo
 .bss.heap_end.4246
                0x20000aa8        0x4 c:/program files (x86)/gnu tools arm embedded/4.8 2014q3/bin/../lib/gcc/arm-none-eabi/4.8.4/../../../../arm-none-eabi/lib/armv7e-m\libnosys.a(sbrk.o)
 *(COMMON)
 COMMON         0x20000aac       0x7c ..\obj\stm32f4_discovery_audio_codec.o
                0x20000aac                CurrentPos
                0x20000ab0                AUDIO_MAL_DMA_InitStructure
                0x20000aec                DMA_InitStructure
 COMMON         0x20000b28       0x16 ..\obj\tm_stm32f4_onewire.o
                0x20000b28                TM_OneWire_GPIO_InitDef
                0x20000b30                TM_OneWire_LastDeviceFlag
                0x20000b34                TM_OneWire_ROM_NO
                0x20000b3c                TM_OneWire_LastFamilyDiscrepancy
                0x20000b3d                TM_OneWire_LastDiscrepancy
 *fill*         0x20000b3e        0x2 
 COMMON         0x20000b40        0x4 c:/program files (x86)/gnu tools arm embedded/4.8 2014q3/bin/../lib/gcc/arm-none-eabi/4.8.4/../../../../arm-none-eabi/lib/armv7e-m\libc.a(lib_a-reent.o)
                0x20000b40                errno
                0x20000b44                . = ALIGN (0x4)
                0x20000b44                __bss_end__ = .
                0x20000b44                _ebss = __bss_end__

.heap           0x20000b44        0x0
                0x20000b44                __end__ = .
                0x20000b44                _end = __end__
                0x20000b44                end = __end__
 *(.heap*)
                0x20000b44                __HeapLimit = .

.co_stack       0x20000b44      0x804 load address 0x0800aa7c
                0x20000b48                . = ALIGN (0x8)
 *fill*         0x20000b44        0x4 
 *(.co_stack .co_stack.*)
 .co_stack      0x20000b48      0x800 ..\obj\startup_stm32f4xx.o
                0x20000b48                pulStack
                0x20020000                __StackTop = (ORIGIN (RAM) + 0x20000)
                0x2001f7fc                __StackLimit = (__StackTop - SIZEOF (.co_stack))
                0x20020000                PROVIDE (__stack, __StackTop)
                0x00000001                ASSERT ((__StackLimit >= __HeapLimit), region RAM overflowed with stack)
LOAD ..\obj\stm32f4xx_syscfg.o
LOAD ..\obj\temp_sensors.o
LOAD ..\obj\tm_stm32f4_ds18b20.o
LOAD ..\obj\stm32f4_discovery_audio_codec.o
LOAD ..\obj\stm32f4xx_usart.o
LOAD ..\obj\quadrature_encoder.o
LOAD ..\obj\led.o
LOAD ..\obj\stm32f4xx_dac.o
LOAD ..\obj\rotary.o
LOAD ..\obj\uart.o
LOAD ..\obj\stepper.o
LOAD ..\obj\startup_stm32f4xx.o
LOAD ..\obj\stm32f4_discovery.o
LOAD ..\obj\main.o
LOAD ..\obj\stm32f4xx_rcc.o
LOAD ..\obj\ampermeter.o
LOAD ..\obj\stm32f4xx_adc.o
LOAD ..\obj\stm32_ub_systick.o
LOAD ..\obj\tm_stm32f4_onewire.o
LOAD ..\obj\stm32f4xx_gpio.o
LOAD ..\obj\system_stm32f4xx.o
LOAD ..\obj\stm32f4xx_dma.o
LOAD ..\obj\adc.o
LOAD ..\obj\stm32f4_discovery_callbacks.o
LOAD ..\obj\stm32f4xx_spi.o
LOAD ..\obj\stm32f4xx_i2c.o
LOAD ..\obj\stm32f4xx_exti.o
LOAD ..\obj\misc.o
LOAD ..\obj\stm32f4_discovery_lis302dl.o
LOAD ..\obj\stm32f4xx_tim.o
LOAD ..\..\..\STM32F4-Discovery\libpdmfilter_gcc.a
LOAD c:/program files (x86)/gnu tools arm embedded/4.8 2014q3/bin/../lib/gcc/arm-none-eabi/4.8.4/../../../../arm-none-eabi/lib/armv7e-m\libm.a
LOAD c:/program files (x86)/gnu tools arm embedded/4.8 2014q3/bin/../lib/gcc/arm-none-eabi/4.8.4/armv7e-m\libgcc.a
LOAD c:/program files (x86)/gnu tools arm embedded/4.8 2014q3/bin/../lib/gcc/arm-none-eabi/4.8.4/../../../../arm-none-eabi/lib/armv7e-m\libc.a
LOAD c:/program files (x86)/gnu tools arm embedded/4.8 2014q3/bin/../lib/gcc/arm-none-eabi/4.8.4/../../../../arm-none-eabi/lib/armv7e-m\libstdc++.a
LOAD c:/program files (x86)/gnu tools arm embedded/4.8 2014q3/bin/../lib/gcc/arm-none-eabi/4.8.4/../../../../arm-none-eabi/lib/armv7e-m\libsupc++.a
LOAD c:/program files (x86)/gnu tools arm embedded/4.8 2014q3/bin/../lib/gcc/arm-none-eabi/4.8.4/../../../../arm-none-eabi/lib/armv7e-m\libnosys.a
START GROUP
LOAD c:/program files (x86)/gnu tools arm embedded/4.8 2014q3/bin/../lib/gcc/arm-none-eabi/4.8.4/armv7e-m\libgcc.a
LOAD c:/program files (x86)/gnu tools arm embedded/4.8 2014q3/bin/../lib/gcc/arm-none-eabi/4.8.4/../../../../arm-none-eabi/lib/armv7e-m\libg.a
LOAD c:/program files (x86)/gnu tools arm embedded/4.8 2014q3/bin/../lib/gcc/arm-none-eabi/4.8.4/../../../../arm-none-eabi/lib/armv7e-m\libc.a
END GROUP
LOAD c:/program files (x86)/gnu tools arm embedded/4.8 2014q3/bin/../lib/gcc/arm-none-eabi/4.8.4/armv7e-m/crtend.o
LOAD c:/program files (x86)/gnu tools arm embedded/4.8 2014q3/bin/../lib/gcc/arm-none-eabi/4.8.4/armv7e-m/crtn.o
OUTPUT(Gewaechshaus.elf elf32-littlearm)

.ARM.attributes
                0x00000000       0x2a
 .ARM.attributes
                0x00000000       0x1e c:/program files (x86)/gnu tools arm embedded/4.8 2014q3/bin/../lib/gcc/arm-none-eabi/4.8.4/armv7e-m/crti.o
 .ARM.attributes
                0x0000001e       0x2e c:/program files (x86)/gnu tools arm embedded/4.8 2014q3/bin/../lib/gcc/arm-none-eabi/4.8.4/armv7e-m/crtbegin.o
 .ARM.attributes
                0x0000004c       0x1c c:/program files (x86)/gnu tools arm embedded/4.8 2014q3/bin/../lib/gcc/arm-none-eabi/4.8.4/../../../../arm-none-eabi/lib/armv7e-m/crt0.o
 .ARM.attributes
                0x00000068       0x33 ..\obj\temp_sensors.o
 .ARM.attributes
                0x0000009b       0x33 ..\obj\tm_stm32f4_ds18b20.o
 .ARM.attributes
                0x000000ce       0x33 ..\obj\stm32f4_discovery_audio_codec.o
 .ARM.attributes
                0x00000101       0x33 ..\obj\stm32f4xx_usart.o
 .ARM.attributes
                0x00000134       0x33 ..\obj\quadrature_encoder.o
 .ARM.attributes
                0x00000167       0x33 ..\obj\led.o
 .ARM.attributes
                0x0000019a       0x33 ..\obj\stm32f4xx_dac.o
 .ARM.attributes
                0x000001cd       0x33 ..\obj\rotary.o
 .ARM.attributes
                0x00000200       0x33 ..\obj\uart.o
 .ARM.attributes
                0x00000233       0x33 ..\obj\stepper.o
 .ARM.attributes
                0x00000266       0x33 ..\obj\startup_stm32f4xx.o
 .ARM.attributes
                0x00000299       0x33 ..\obj\stm32f4_discovery.o
 .ARM.attributes
                0x000002cc       0x33 ..\obj\main.o
 .ARM.attributes
                0x000002ff       0x33 ..\obj\stm32f4xx_rcc.o
 .ARM.attributes
                0x00000332       0x33 ..\obj\ampermeter.o
 .ARM.attributes
                0x00000365       0x33 ..\obj\stm32f4xx_adc.o
 .ARM.attributes
                0x00000398       0x33 ..\obj\stm32_ub_systick.o
 .ARM.attributes
                0x000003cb       0x33 ..\obj\tm_stm32f4_onewire.o
 .ARM.attributes
                0x000003fe       0x33 ..\obj\stm32f4xx_gpio.o
 .ARM.attributes
                0x00000431       0x33 ..\obj\system_stm32f4xx.o
 .ARM.attributes
                0x00000464       0x33 ..\obj\stm32f4xx_dma.o
 .ARM.attributes
                0x00000497       0x33 ..\obj\adc.o
 .ARM.attributes
                0x000004ca       0x33 ..\obj\stm32f4_discovery_callbacks.o
 .ARM.attributes
                0x000004fd       0x33 ..\obj\stm32f4xx_spi.o
 .ARM.attributes
                0x00000530       0x33 ..\obj\stm32f4xx_exti.o
 .ARM.attributes
                0x00000563       0x33 ..\obj\misc.o
 .ARM.attributes
                0x00000596       0x33 ..\obj\stm32f4xx_tim.o
 .ARM.attributes
                0x000005c9       0x1e c:/program files (x86)/gnu tools arm embedded/4.8 2014q3/bin/../lib/gcc/arm-none-eabi/4.8.4/armv7e-m\libgcc.a(_arm_addsubdf3.o)
 .ARM.attributes
                0x000005e7       0x1e c:/program files (x86)/gnu tools arm embedded/4.8 2014q3/bin/../lib/gcc/arm-none-eabi/4.8.4/armv7e-m\libgcc.a(_arm_muldivdf3.o)
 .ARM.attributes
                0x00000605       0x1e c:/program files (x86)/gnu tools arm embedded/4.8 2014q3/bin/../lib/gcc/arm-none-eabi/4.8.4/armv7e-m\libgcc.a(_arm_truncdfsf2.o)
 .ARM.attributes
                0x00000623       0x2e c:/program files (x86)/gnu tools arm embedded/4.8 2014q3/bin/../lib/gcc/arm-none-eabi/4.8.4/../../../../arm-none-eabi/lib/armv7e-m\libc.a(lib_a-aeabi_atexit.o)
 .ARM.attributes
                0x00000651       0x2e c:/program files (x86)/gnu tools arm embedded/4.8 2014q3/bin/../lib/gcc/arm-none-eabi/4.8.4/../../../../arm-none-eabi/lib/armv7e-m\libc.a(lib_a-atoi.o)
 .ARM.attributes
                0x0000067f       0x2e c:/program files (x86)/gnu tools arm embedded/4.8 2014q3/bin/../lib/gcc/arm-none-eabi/4.8.4/../../../../arm-none-eabi/lib/armv7e-m\libc.a(lib_a-cxa_atexit.o)
 .ARM.attributes
                0x000006ad       0x2e c:/program files (x86)/gnu tools arm embedded/4.8 2014q3/bin/../lib/gcc/arm-none-eabi/4.8.4/../../../../arm-none-eabi/lib/armv7e-m\libc.a(lib_a-exit.o)
 .ARM.attributes
                0x000006db       0x2e c:/program files (x86)/gnu tools arm embedded/4.8 2014q3/bin/../lib/gcc/arm-none-eabi/4.8.4/../../../../arm-none-eabi/lib/armv7e-m\libc.a(lib_a-impure.o)
 .ARM.attributes
                0x00000709       0x2e c:/program files (x86)/gnu tools arm embedded/4.8 2014q3/bin/../lib/gcc/arm-none-eabi/4.8.4/../../../../arm-none-eabi/lib/armv7e-m\libc.a(lib_a-init.o)
 .ARM.attributes
                0x00000737       0x2e c:/program files (x86)/gnu tools arm embedded/4.8 2014q3/bin/../lib/gcc/arm-none-eabi/4.8.4/../../../../arm-none-eabi/lib/armv7e-m\libc.a(lib_a-malloc.o)
 .ARM.attributes
                0x00000765       0x2e c:/program files (x86)/gnu tools arm embedded/4.8 2014q3/bin/../lib/gcc/arm-none-eabi/4.8.4/../../../../arm-none-eabi/lib/armv7e-m\libc.a(lib_a-mallocr.o)
 .ARM.attributes
                0x00000793       0x1c c:/program files (x86)/gnu tools arm embedded/4.8 2014q3/bin/../lib/gcc/arm-none-eabi/4.8.4/../../../../arm-none-eabi/lib/armv7e-m\libc.a(lib_a-memcpy.o)
 .ARM.attributes
                0x000007af       0x2e c:/program files (x86)/gnu tools arm embedded/4.8 2014q3/bin/../lib/gcc/arm-none-eabi/4.8.4/../../../../arm-none-eabi/lib/armv7e-m\libc.a(lib_a-memset.o)
 .ARM.attributes
                0x000007dd       0x2e c:/program files (x86)/gnu tools arm embedded/4.8 2014q3/bin/../lib/gcc/arm-none-eabi/4.8.4/../../../../arm-none-eabi/lib/armv7e-m\libc.a(lib_a-mlock.o)
 .ARM.attributes
                0x0000080b       0x2e c:/program files (x86)/gnu tools arm embedded/4.8 2014q3/bin/../lib/gcc/arm-none-eabi/4.8.4/../../../../arm-none-eabi/lib/armv7e-m\libc.a(lib_a-sbrkr.o)
 .ARM.attributes
                0x00000839       0x2e c:/program files (x86)/gnu tools arm embedded/4.8 2014q3/bin/../lib/gcc/arm-none-eabi/4.8.4/../../../../arm-none-eabi/lib/armv7e-m\libc.a(lib_a-sprintf.o)
 .ARM.attributes
                0x00000867       0x1c c:/program files (x86)/gnu tools arm embedded/4.8 2014q3/bin/../lib/gcc/arm-none-eabi/4.8.4/../../../../arm-none-eabi/lib/armv7e-m\libc.a(lib_a-strcmp.o)
 .ARM.attributes
                0x00000883       0x2e c:/program files (x86)/gnu tools arm embedded/4.8 2014q3/bin/../lib/gcc/arm-none-eabi/4.8.4/../../../../arm-none-eabi/lib/armv7e-m\libc.a(lib_a-strcpy.o)
 .ARM.attributes
                0x000008b1       0x2e c:/program files (x86)/gnu tools arm embedded/4.8 2014q3/bin/../lib/gcc/arm-none-eabi/4.8.4/../../../../arm-none-eabi/lib/armv7e-m\libc.a(lib_a-strlen.o)
 .ARM.attributes
                0x000008df       0x2e c:/program files (x86)/gnu tools arm embedded/4.8 2014q3/bin/../lib/gcc/arm-none-eabi/4.8.4/../../../../arm-none-eabi/lib/armv7e-m\libc.a(lib_a-strtok.o)
 .ARM.attributes
                0x0000090d       0x2e c:/program files (x86)/gnu tools arm embedded/4.8 2014q3/bin/../lib/gcc/arm-none-eabi/4.8.4/../../../../arm-none-eabi/lib/armv7e-m\libc.a(lib_a-strtok_r.o)
 .ARM.attributes
                0x0000093b       0x2e c:/program files (x86)/gnu tools arm embedded/4.8 2014q3/bin/../lib/gcc/arm-none-eabi/4.8.4/../../../../arm-none-eabi/lib/armv7e-m\libc.a(lib_a-strtol.o)
 .ARM.attributes
                0x00000969       0x2e c:/program files (x86)/gnu tools arm embedded/4.8 2014q3/bin/../lib/gcc/arm-none-eabi/4.8.4/../../../../arm-none-eabi/lib/armv7e-m\libc.a(lib_a-svfprintf.o)
 .ARM.attributes
                0x00000997       0x2e c:/program files (x86)/gnu tools arm embedded/4.8 2014q3/bin/../lib/gcc/arm-none-eabi/4.8.4/../../../../arm-none-eabi/lib/armv7e-m\libc.a(lib_a-__atexit.o)
 .ARM.attributes
                0x000009c5       0x2e c:/program files (x86)/gnu tools arm embedded/4.8 2014q3/bin/../lib/gcc/arm-none-eabi/4.8.4/../../../../arm-none-eabi/lib/armv7e-m\libc.a(lib_a-__call_atexit.o)
 .ARM.attributes
                0x000009f3       0x2e c:/program files (x86)/gnu tools arm embedded/4.8 2014q3/bin/../lib/gcc/arm-none-eabi/4.8.4/../../../../arm-none-eabi/lib/armv7e-m\libc.a(lib_a-atexit.o)
 .ARM.attributes
                0x00000a21       0x2e c:/program files (x86)/gnu tools arm embedded/4.8 2014q3/bin/../lib/gcc/arm-none-eabi/4.8.4/../../../../arm-none-eabi/lib/armv7e-m\libc.a(lib_a-ctype_.o)
 .ARM.attributes
                0x00000a4f       0x2e c:/program files (x86)/gnu tools arm embedded/4.8 2014q3/bin/../lib/gcc/arm-none-eabi/4.8.4/../../../../arm-none-eabi/lib/armv7e-m\libc.a(lib_a-dtoa.o)
 .ARM.attributes
                0x00000a7d       0x2e c:/program files (x86)/gnu tools arm embedded/4.8 2014q3/bin/../lib/gcc/arm-none-eabi/4.8.4/../../../../arm-none-eabi/lib/armv7e-m\libc.a(lib_a-fini.o)
 .ARM.attributes
                0x00000aab       0x2e c:/program files (x86)/gnu tools arm embedded/4.8 2014q3/bin/../lib/gcc/arm-none-eabi/4.8.4/../../../../arm-none-eabi/lib/armv7e-m\libc.a(lib_a-freer.o)
 .ARM.attributes
                0x00000ad9       0x2e c:/program files (x86)/gnu tools arm embedded/4.8 2014q3/bin/../lib/gcc/arm-none-eabi/4.8.4/../../../../arm-none-eabi/lib/armv7e-m\libc.a(lib_a-locale.o)
 .ARM.attributes
                0x00000b07       0x2e c:/program files (x86)/gnu tools arm embedded/4.8 2014q3/bin/../lib/gcc/arm-none-eabi/4.8.4/../../../../arm-none-eabi/lib/armv7e-m\libc.a(lib_a-memchr-stub.o)
 .ARM.attributes
                0x00000b35       0x2e c:/program files (x86)/gnu tools arm embedded/4.8 2014q3/bin/../lib/gcc/arm-none-eabi/4.8.4/../../../../arm-none-eabi/lib/armv7e-m\libc.a(lib_a-mprec.o)
 .ARM.attributes
                0x00000b63       0x2e c:/program files (x86)/gnu tools arm embedded/4.8 2014q3/bin/../lib/gcc/arm-none-eabi/4.8.4/../../../../arm-none-eabi/lib/armv7e-m\libc.a(lib_a-reent.o)
 .ARM.attributes
                0x00000b91       0x2e c:/program files (x86)/gnu tools arm embedded/4.8 2014q3/bin/../lib/gcc/arm-none-eabi/4.8.4/../../../../arm-none-eabi/lib/armv7e-m\libc.a(lib_a-s_fpclassify.o)
 .ARM.attributes
                0x00000bbf       0x2e c:/program files (x86)/gnu tools arm embedded/4.8 2014q3/bin/../lib/gcc/arm-none-eabi/4.8.4/../../../../arm-none-eabi/lib/armv7e-m\libc.a(lib_a-svfiprintf.o)
 .ARM.attributes
                0x00000bed       0x2e c:/program files (x86)/gnu tools arm embedded/4.8 2014q3/bin/../lib/gcc/arm-none-eabi/4.8.4/../../../../arm-none-eabi/lib/armv7e-m\libc.a(lib_a-callocr.o)
 .ARM.attributes
                0x00000c1b       0x2e c:/program files (x86)/gnu tools arm embedded/4.8 2014q3/bin/../lib/gcc/arm-none-eabi/4.8.4/../../../../arm-none-eabi/lib/armv7e-m\libc.a(lib_a-memmove.o)
 .ARM.attributes
                0x00000c49       0x2e c:/program files (x86)/gnu tools arm embedded/4.8 2014q3/bin/../lib/gcc/arm-none-eabi/4.8.4/../../../../arm-none-eabi/lib/armv7e-m\libc.a(lib_a-reallocr.o)
 .ARM.attributes
                0x00000c77       0x2e c:/program files (x86)/gnu tools arm embedded/4.8 2014q3/bin/../lib/gcc/arm-none-eabi/4.8.4/../../../../arm-none-eabi/lib/armv7e-m\libnosys.a(sbrk.o)
 .ARM.attributes
                0x00000ca5       0x2e c:/program files (x86)/gnu tools arm embedded/4.8 2014q3/bin/../lib/gcc/arm-none-eabi/4.8.4/../../../../arm-none-eabi/lib/armv7e-m\libnosys.a(_exit.o)
 .ARM.attributes
                0x00000cd3       0x1e c:/program files (x86)/gnu tools arm embedded/4.8 2014q3/bin/../lib/gcc/arm-none-eabi/4.8.4/armv7e-m\libgcc.a(_arm_cmpdf2.o)
 .ARM.attributes
                0x00000cf1       0x1e c:/program files (x86)/gnu tools arm embedded/4.8 2014q3/bin/../lib/gcc/arm-none-eabi/4.8.4/armv7e-m\libgcc.a(_arm_fixdfsi.o)
 .ARM.attributes
                0x00000d0f       0x1e c:/program files (x86)/gnu tools arm embedded/4.8 2014q3/bin/../lib/gcc/arm-none-eabi/4.8.4/armv7e-m\libgcc.a(_aeabi_uldivmod.o)
 .ARM.attributes
                0x00000d2d       0x2e c:/program files (x86)/gnu tools arm embedded/4.8 2014q3/bin/../lib/gcc/arm-none-eabi/4.8.4/armv7e-m\libgcc.a(bpabi.o)
 .ARM.attributes
                0x00000d5b       0x1e c:/program files (x86)/gnu tools arm embedded/4.8 2014q3/bin/../lib/gcc/arm-none-eabi/4.8.4/armv7e-m\libgcc.a(_dvmd_tls.o)
 .ARM.attributes
                0x00000d79       0x2e c:/program files (x86)/gnu tools arm embedded/4.8 2014q3/bin/../lib/gcc/arm-none-eabi/4.8.4/armv7e-m\libgcc.a(_divdi3.o)
 .ARM.attributes
                0x00000da7       0x2e c:/program files (x86)/gnu tools arm embedded/4.8 2014q3/bin/../lib/gcc/arm-none-eabi/4.8.4/armv7e-m\libgcc.a(_udivdi3.o)
 .ARM.attributes
                0x00000dd5       0x2e c:/program files (x86)/gnu tools arm embedded/4.8 2014q3/bin/../lib/gcc/arm-none-eabi/4.8.4/armv7e-m/crtend.o
 .ARM.attributes
                0x00000e03       0x1e c:/program files (x86)/gnu tools arm embedded/4.8 2014q3/bin/../lib/gcc/arm-none-eabi/4.8.4/armv7e-m/crtn.o

.comment        0x00000000       0x70
 .comment       0x00000000       0x70 ..\obj\temp_sensors.o
                                 0x71 (size before relaxing)
 .comment       0x00000000       0x71 ..\obj\tm_stm32f4_ds18b20.o
 .comment       0x00000000       0x71 ..\obj\stm32f4_discovery_audio_codec.o
 .comment       0x00000000       0x71 ..\obj\stm32f4xx_usart.o
 .comment       0x00000000       0x71 ..\obj\quadrature_encoder.o
 .comment       0x00000000       0x71 ..\obj\led.o
 .comment       0x00000000       0x71 ..\obj\stm32f4xx_dac.o
 .comment       0x00000000       0x71 ..\obj\rotary.o
 .comment       0x00000000       0x71 ..\obj\uart.o
 .comment       0x00000000       0x71 ..\obj\stepper.o
 .comment       0x00000000       0x71 ..\obj\startup_stm32f4xx.o
 .comment       0x00000000       0x71 ..\obj\stm32f4_discovery.o
 .comment       0x00000000       0x71 ..\obj\main.o
 .comment       0x00000000       0x71 ..\obj\stm32f4xx_rcc.o
 .comment       0x00000000       0x71 ..\obj\ampermeter.o
 .comment       0x00000000       0x71 ..\obj\stm32f4xx_adc.o
 .comment       0x00000000       0x71 ..\obj\stm32_ub_systick.o
 .comment       0x00000000       0x71 ..\obj\tm_stm32f4_onewire.o
 .comment       0x00000000       0x71 ..\obj\stm32f4xx_gpio.o
 .comment       0x00000000       0x71 ..\obj\system_stm32f4xx.o
 .comment       0x00000000       0x71 ..\obj\stm32f4xx_dma.o
 .comment       0x00000000       0x71 ..\obj\adc.o
 .comment       0x00000000       0x71 ..\obj\stm32f4_discovery_callbacks.o
 .comment       0x00000000       0x71 ..\obj\stm32f4xx_spi.o
 .comment       0x00000000       0x71 ..\obj\stm32f4xx_exti.o
 .comment       0x00000000       0x71 ..\obj\misc.o
 .comment       0x00000000       0x71 ..\obj\stm32f4xx_tim.o

.debug_info     0x00000000     0xdd38
 .debug_info    0x00000000      0x305 ..\obj\temp_sensors.o
 .debug_info    0x00000305      0x3c5 ..\obj\tm_stm32f4_ds18b20.o
 .debug_info    0x000006ca     0x1070 ..\obj\stm32f4_discovery_audio_codec.o
 .debug_info    0x0000173a      0x9c2 ..\obj\stm32f4xx_usart.o
 .debug_info    0x000020fc      0x674 ..\obj\quadrature_encoder.o
 .debug_info    0x00002770      0x22b ..\obj\led.o
 .debug_info    0x0000299b      0x63a ..\obj\stm32f4xx_dac.o
 .debug_info    0x00002fd5      0x85f ..\obj\rotary.o
 .debug_info    0x00003834     0x11c5 ..\obj\uart.o
 .debug_info    0x000049f9      0xb7f ..\obj\stepper.o
 .debug_info    0x00005578      0x122 ..\obj\startup_stm32f4xx.o
 .debug_info    0x0000569a      0x889 ..\obj\stm32f4_discovery.o
 .debug_info    0x00005f23      0xa42 ..\obj\main.o
 .debug_info    0x00006965      0xc4d ..\obj\stm32f4xx_rcc.o
 .debug_info    0x000075b2      0x267 ..\obj\ampermeter.o
 .debug_info    0x00007819      0xc38 ..\obj\stm32f4xx_adc.o
 .debug_info    0x00008451      0x977 ..\obj\stm32_ub_systick.o
 .debug_info    0x00008dc8      0x63c ..\obj\tm_stm32f4_onewire.o
 .debug_info    0x00009404      0x602 ..\obj\stm32f4xx_gpio.o
 .debug_info    0x00009a06      0x592 ..\obj\system_stm32f4xx.o
 .debug_info    0x00009f98      0x739 ..\obj\stm32f4xx_dma.o
 .debug_info    0x0000a6d1      0x572 ..\obj\adc.o
 .debug_info    0x0000ac43      0x109 ..\obj\stm32f4_discovery_callbacks.o
 .debug_info    0x0000ad4c      0xb07 ..\obj\stm32f4xx_spi.o
 .debug_info    0x0000b853      0x347 ..\obj\stm32f4xx_exti.o
 .debug_info    0x0000bb9a      0x53d ..\obj\misc.o
 .debug_info    0x0000c0d7     0x1c61 ..\obj\stm32f4xx_tim.o

.debug_abbrev   0x00000000     0x2e80
 .debug_abbrev  0x00000000      0x1c0 ..\obj\temp_sensors.o
 .debug_abbrev  0x000001c0      0x15b ..\obj\tm_stm32f4_ds18b20.o
 .debug_abbrev  0x0000031b      0x256 ..\obj\stm32f4_discovery_audio_codec.o
 .debug_abbrev  0x00000571      0x155 ..\obj\stm32f4xx_usart.o
 .debug_abbrev  0x000006c6      0x1f7 ..\obj\quadrature_encoder.o
 .debug_abbrev  0x000008bd      0x175 ..\obj\led.o
 .debug_abbrev  0x00000a32      0x17c ..\obj\stm32f4xx_dac.o
 .debug_abbrev  0x00000bae      0x25e ..\obj\rotary.o
 .debug_abbrev  0x00000e0c      0x365 ..\obj\uart.o
 .debug_abbrev  0x00001171      0x250 ..\obj\stepper.o
 .debug_abbrev  0x000013c1       0xce ..\obj\startup_stm32f4xx.o
 .debug_abbrev  0x0000148f      0x183 ..\obj\stm32f4_discovery.o
 .debug_abbrev  0x00001612      0x284 ..\obj\main.o
 .debug_abbrev  0x00001896      0x1e3 ..\obj\stm32f4xx_rcc.o
 .debug_abbrev  0x00001a79      0x182 ..\obj\ampermeter.o
 .debug_abbrev  0x00001bfb      0x196 ..\obj\stm32f4xx_adc.o
 .debug_abbrev  0x00001d91      0x214 ..\obj\stm32_ub_systick.o
 .debug_abbrev  0x00001fa5      0x259 ..\obj\tm_stm32f4_onewire.o
 .debug_abbrev  0x000021fe      0x1a3 ..\obj\stm32f4xx_gpio.o
 .debug_abbrev  0x000023a1      0x136 ..\obj\system_stm32f4xx.o
 .debug_abbrev  0x000024d7      0x155 ..\obj\stm32f4xx_dma.o
 .debug_abbrev  0x0000262c      0x1ec ..\obj\adc.o
 .debug_abbrev  0x00002818       0x90 ..\obj\stm32f4_discovery_callbacks.o
 .debug_abbrev  0x000028a8      0x167 ..\obj\stm32f4xx_spi.o
 .debug_abbrev  0x00002a0f      0x1a5 ..\obj\stm32f4xx_exti.o
 .debug_abbrev  0x00002bb4      0x145 ..\obj\misc.o
 .debug_abbrev  0x00002cf9      0x187 ..\obj\stm32f4xx_tim.o

.debug_aranges  0x00000000     0x1018
 .debug_aranges
                0x00000000       0x40 ..\obj\temp_sensors.o
 .debug_aranges
                0x00000040       0x70 ..\obj\tm_stm32f4_ds18b20.o
 .debug_aranges
                0x000000b0      0x130 ..\obj\stm32f4_discovery_audio_codec.o
 .debug_aranges
                0x000001e0      0x100 ..\obj\stm32f4xx_usart.o
 .debug_aranges
                0x000002e0       0x48 ..\obj\quadrature_encoder.o
 .debug_aranges
                0x00000328       0x38 ..\obj\led.o
 .debug_aranges
                0x00000360       0xa0 ..\obj\stm32f4xx_dac.o
 .debug_aranges
                0x00000400       0x40 ..\obj\rotary.o
 .debug_aranges
                0x00000440       0xb0 ..\obj\uart.o
 .debug_aranges
                0x000004f0       0x60 ..\obj\stepper.o
 .debug_aranges
                0x00000550       0x28 ..\obj\startup_stm32f4xx.o
 .debug_aranges
                0x00000578       0x48 ..\obj\stm32f4_discovery.o
 .debug_aranges
                0x000005c0       0x30 ..\obj\main.o
 .debug_aranges
                0x000005f0      0x178 ..\obj\stm32f4xx_rcc.o
 .debug_aranges
                0x00000768       0x28 ..\obj\ampermeter.o
 .debug_aranges
                0x00000790      0x148 ..\obj\stm32f4xx_adc.o
 .debug_aranges
                0x000008d8       0x70 ..\obj\stm32_ub_systick.o
 .debug_aranges
                0x00000948       0xa0 ..\obj\tm_stm32f4_onewire.o
 .debug_aranges
                0x000009e8       0x88 ..\obj\stm32f4xx_gpio.o
 .debug_aranges
                0x00000a70       0x30 ..\obj\system_stm32f4xx.o
 .debug_aranges
                0x00000aa0       0xb0 ..\obj\stm32f4xx_dma.o
 .debug_aranges
                0x00000b50       0x30 ..\obj\adc.o
 .debug_aranges
                0x00000b80       0x28 ..\obj\stm32f4_discovery_callbacks.o
 .debug_aranges
                0x00000ba8       0xe0 ..\obj\stm32f4xx_spi.o
 .debug_aranges