Archive member included because of file (symbol)

c:/program files (x86)/gnu tools arm embedded/4.8 2014q3/bin/../lib/gcc/arm-none-eabi/4.8.4/armv7e-m\libgcc.a(unwind-arm.o)
                              ..\obj\main.o (__aeabi_unwind_cpp_pr0)
c:/program files (x86)/gnu tools arm embedded/4.8 2014q3/bin/../lib/gcc/arm-none-eabi/4.8.4/armv7e-m\libgcc.a(libunwind.o)
                              c:/program files (x86)/gnu tools arm embedded/4.8 2014q3/bin/../lib/gcc/arm-none-eabi/4.8.4/armv7e-m\libgcc.a(unwind-arm.o) (restore_core_regs)
c:/program files (x86)/gnu tools arm embedded/4.8 2014q3/bin/../lib/gcc/arm-none-eabi/4.8.4/armv7e-m\libgcc.a(pr-support.o)
                              c:/program files (x86)/gnu tools arm embedded/4.8 2014q3/bin/../lib/gcc/arm-none-eabi/4.8.4/armv7e-m\libgcc.a(unwind-arm.o) (__gnu_unwind_execute)
c:/program files (x86)/gnu tools arm embedded/4.8 2014q3/bin/../lib/gcc/arm-none-eabi/4.8.4/../../../../arm-none-eabi/lib/armv7e-m\libc.a(lib_a-abort.o)
                              c:/program files (x86)/gnu tools arm embedded/4.8 2014q3/bin/../lib/gcc/arm-none-eabi/4.8.4/armv7e-m\libgcc.a(unwind-arm.o) (abort)
c:/program files (x86)/gnu tools arm embedded/4.8 2014q3/bin/../lib/gcc/arm-none-eabi/4.8.4/../../../../arm-none-eabi/lib/armv7e-m\libc.a(lib_a-aeabi_atexit.o)
                              ..\obj\main.o (__aeabi_atexit)
c:/program files (x86)/gnu tools arm embedded/4.8 2014q3/bin/../lib/gcc/arm-none-eabi/4.8.4/../../../../arm-none-eabi/lib/armv7e-m\libc.a(lib_a-cxa_atexit.o)
                              c:/program files (x86)/gnu tools arm embedded/4.8 2014q3/bin/../lib/gcc/arm-none-eabi/4.8.4/../../../../arm-none-eabi/lib/armv7e-m\libc.a(lib_a-aeabi_atexit.o) (__cxa_atexit)
c:/program files (x86)/gnu tools arm embedded/4.8 2014q3/bin/../lib/gcc/arm-none-eabi/4.8.4/../../../../arm-none-eabi/lib/armv7e-m\libc.a(lib_a-exit.o)
                              c:/program files (x86)/gnu tools arm embedded/4.8 2014q3/bin/../lib/gcc/arm-none-eabi/4.8.4/../../../../arm-none-eabi/lib/armv7e-m/crt0.o (exit)
c:/program files (x86)/gnu tools arm embedded/4.8 2014q3/bin/../lib/gcc/arm-none-eabi/4.8.4/../../../../arm-none-eabi/lib/armv7e-m\libc.a(lib_a-impure.o)
                              c:/program files (x86)/gnu tools arm embedded/4.8 2014q3/bin/../lib/gcc/arm-none-eabi/4.8.4/../../../../arm-none-eabi/lib/armv7e-m\libc.a(lib_a-exit.o) (_global_impure_ptr)
c:/program files (x86)/gnu tools arm embedded/4.8 2014q3/bin/../lib/gcc/arm-none-eabi/4.8.4/../../../../arm-none-eabi/lib/armv7e-m\libc.a(lib_a-init.o)
                              c:/program files (x86)/gnu tools arm embedded/4.8 2014q3/bin/../lib/gcc/arm-none-eabi/4.8.4/../../../../arm-none-eabi/lib/armv7e-m/crt0.o (__libc_init_array)
c:/program files (x86)/gnu tools arm embedded/4.8 2014q3/bin/../lib/gcc/arm-none-eabi/4.8.4/../../../../arm-none-eabi/lib/armv7e-m\libc.a(lib_a-malloc.o)
                              ..\obj\uart.o (malloc)
c:/program files (x86)/gnu tools arm embedded/4.8 2014q3/bin/../lib/gcc/arm-none-eabi/4.8.4/../../../../arm-none-eabi/lib/armv7e-m\libc.a(lib_a-mallocr.o)
                              c:/program files (x86)/gnu tools arm embedded/4.8 2014q3/bin/../lib/gcc/arm-none-eabi/4.8.4/../../../../arm-none-eabi/lib/armv7e-m\libc.a(lib_a-malloc.o) (_malloc_r)
c:/program files (x86)/gnu tools arm embedded/4.8 2014q3/bin/../lib/gcc/arm-none-eabi/4.8.4/../../../../arm-none-eabi/lib/armv7e-m\libc.a(lib_a-memcpy.o)
                              c:/program files (x86)/gnu tools arm embedded/4.8 2014q3/bin/../lib/gcc/arm-none-eabi/4.8.4/armv7e-m\libgcc.a(unwind-arm.o) (memcpy)
c:/program files (x86)/gnu tools arm embedded/4.8 2014q3/bin/../lib/gcc/arm-none-eabi/4.8.4/../../../../arm-none-eabi/lib/armv7e-m\libc.a(lib_a-memset.o)
                              c:/program files (x86)/gnu tools arm embedded/4.8 2014q3/bin/../lib/gcc/arm-none-eabi/4.8.4/../../../../arm-none-eabi/lib/armv7e-m/crt0.o (memset)
c:/program files (x86)/gnu tools arm embedded/4.8 2014q3/bin/../lib/gcc/arm-none-eabi/4.8.4/../../../../arm-none-eabi/lib/armv7e-m\libc.a(lib_a-mlock.o)
                              c:/program files (x86)/gnu tools arm embedded/4.8 2014q3/bin/../lib/gcc/arm-none-eabi/4.8.4/../../../../arm-none-eabi/lib/armv7e-m\libc.a(lib_a-mallocr.o) (__malloc_lock)
c:/program files (x86)/gnu tools arm embedded/4.8 2014q3/bin/../lib/gcc/arm-none-eabi/4.8.4/../../../../arm-none-eabi/lib/armv7e-m\libc.a(lib_a-sbrkr.o)
                              c:/program files (x86)/gnu tools arm embedded/4.8 2014q3/bin/../lib/gcc/arm-none-eabi/4.8.4/../../../../arm-none-eabi/lib/armv7e-m\libc.a(lib_a-mallocr.o) (_sbrk_r)
c:/program files (x86)/gnu tools arm embedded/4.8 2014q3/bin/../lib/gcc/arm-none-eabi/4.8.4/../../../../arm-none-eabi/lib/armv7e-m\libc.a(lib_a-signal.o)
[...]
Memory Configuration

Name             Origin             Length             Attributes
FLASH            0x08000000         0x00100000         xr
RAM              0x20000000         0x00020000         xrw
RAM1             0x10000000         0x00010000         xrw
*default*        0x00000000         0xffffffff

Linker script and memory map

LOAD c:/program files (x86)/gnu tools arm embedded/4.8 2014q3/bin/../lib/gcc/arm-none-eabi/4.8.4/armv7e-m/crti.o
LOAD c:/program files (x86)/gnu tools arm embedded/4.8 2014q3/bin/../lib/gcc/arm-none-eabi/4.8.4/armv7e-m/crtbegin.o
LOAD c:/program files (x86)/gnu tools arm embedded/4.8 2014q3/bin/../lib/gcc/arm-none-eabi/4.8.4/../../../../arm-none-eabi/lib/armv7e-m/crt0.o

.text           0x08000000     0x2ef0
 *(.isr_vector)
 .isr_vector    0x08000000      0x188 ..\obj\startup_stm32f4xx.o
                0x08000000                g_pfnVectors
 *(.text*)
 .text          0x08000188       0x54 c:/program files (x86)/gnu tools arm embedded/4.8 2014q3/bin/../lib/gcc/arm-none-eabi/4.8.4/armv7e-m/crtbegin.o
 .text          0x080001dc       0x74 c:/program files (x86)/gnu tools arm embedded/4.8 2014q3/bin/../lib/gcc/arm-none-eabi/4.8.4/../../../../arm-none-eabi/lib/armv7e-m/crt0.o
                0x080001dc                _start
                0x080001dc                _mainCRTStartup
 .text.Audio_MAL_IRQHandler
                0x08000250       0xf8 ..\obj\stm32f4_discovery_audio_codec.o
 .text.DMA1_Stream7_IRQHandler
                0x08000348        0xc ..\obj\stm32f4_discovery_audio_codec.o
                0x08000348                DMA1_Stream7_IRQHandler
 .text.DMA1_Stream0_IRQHandler
                0x08000354        0xc ..\obj\stm32f4_discovery_audio_codec.o
                0x08000354                DMA1_Stream0_IRQHandler
 .text.SPI3_IRQHandler
                0x08000360       0x40 ..\obj\stm32f4_discovery_audio_codec.o
                0x08000360                SPI3_IRQHandler
 .text.USART_Init
                0x080003a0      0x174 ..\obj\stm32f4xx_usart.o
                0x080003a0                USART_Init
 .text.USART_Cmd
                0x08000514       0x40 ..\obj\stm32f4xx_usart.o
                0x08000514                USART_Cmd
 .text.USART_SendData
                0x08000554       0x24 ..\obj\stm32f4xx_usart.o
                0x08000554                USART_SendData
 .text.USART_ReceiveData
                0x08000578       0x20 ..\obj\stm32f4xx_usart.o
                0x08000578                USART_ReceiveData
 .text.USART_ITConfig
                0x08000598       0x90 ..\obj\stm32f4xx_usart.o
                0x08000598                USART_ITConfig
 .text.USART_GetFlagStatus
                0x08000628       0x38 ..\obj\stm32f4xx_usart.o
                0x08000628                USART_GetFlagStatus
 .text.USART_GetITStatus
                0x08000660       0xb0 ..\obj\stm32f4xx_usart.o
                0x08000660                USART_GetITStatus
 .text._ZN3LEDC2Ev
                0x08000710       0x18 ..\obj\led.o
                0x08000710                LED::LED()
                0x08000710                LED::LED()
 .text._ZN3LEDD2Ev
                0x08000728       0x18 ..\obj\led.o
                0x08000728                LED::~LED()
                0x08000728                LED::~LED()
 .text._ZN3LED2OnEv
                0x08000740       0x14 ..\obj\led.o
                0x08000740                LED::On()
 .text._ZN3LED3OffEv
                0x08000754       0x14 ..\obj\led.o
                0x08000754                LED::Off()
 .text.DAC_SetChannel1Data
                0x08000768       0x34 ..\obj\stm32f4xx_dac.o
                0x08000768                DAC_SetChannel1Data
 .text._ZN5UsartC2Ev
                0x0800079c       0x20 ..\obj\uart.o
                0x0800079c                Usart::Usart()
                0x0800079c                Usart::Usart()
 .text._ZN5UsartC2Ei
                0x080007bc       0x20 ..\obj\uart.o
                0x080007bc                Usart::Usart(int)
                0x080007bc                Usart::Usart(int)
 .text._ZN5Usart8BufferInEc
                0x080007dc       0x70 ..\obj\uart.o
                0x080007dc                Usart::BufferIn(char)
 .text._ZN5Usart10usart3InitEv
                0x0800084c       0xe0 ..\obj\uart.o
                0x0800084c                Usart::usart3Init()
 .text._ZN5Usart11uartPutCharEt
                0x0800092c       0x3c ..\obj\uart.o
                0x0800092c                Usart::uartPutChar(unsigned short)
 .text._ZN5Usart14uartSendStringEPc
                0x08000968       0x2c ..\obj\uart.o
                0x08000968                Usart::uartSendString(char*)
 .text.USART3_IRQHandler
                0x08000994       0x44 ..\obj\uart.o
                0x08000994                USART3_IRQHandler
 .text._Z41__static_initialization_and_destruction_0ii
                0x080009d8       0x2c ..\obj\uart.o
 .text._GLOBAL__sub_I_com3
                0x08000a04       0x10 ..\obj\uart.o
 .text.Default_Reset_Handler
                0x08000a14       0x5c ..\obj\startup_stm32f4xx.o
                0x08000a14                Default_Reset_Handler
                0x08000a14                Reset_Handler
 .text.Default_Handler
                0x08000a70        0x8 ..\obj\startup_stm32f4xx.o
                0x08000a70                RTC_Alarm_IRQHandler
                0x08000a70                HASH_RNG_IRQHandler
                0x08000a70                EXTI2_IRQHandler
                0x08000a70                TIM8_CC_IRQHandler
                0x08000a70                DebugMon_Handler
                0x08000a70                TIM1_CC_IRQHandler
                0x08000a70                DMA2_Stream5_IRQHandler
                0x08000a70                HardFault_Handler
                0x08000a70                DMA1_Stream5_IRQHandler
                0x08000a70                SysTick_Handler
                0x08000a70                PVD_IRQHandler
                0x08000a70                SDIO_IRQHandler
                0x08000a70                TAMP_STAMP_IRQHandler
                0x08000a70                PendSV_Handler
                0x08000a70                NMI_Handler
                0x08000a70                CAN2_RX1_IRQHandler
                0x08000a70                EXTI3_IRQHandler
                0x08000a70                TIM8_TRG_COM_TIM14_IRQHandler
                0x08000a70                TIM1_UP_TIM10_IRQHandler
                0x08000a70                TIM8_UP_TIM13_IRQHandler
                0x08000a70                I2C3_ER_IRQHandler
                0x08000a70                EXTI0_IRQHandler
                0x08000a70                I2C2_EV_IRQHandler
                0x08000a70                DMA1_Stream2_IRQHandler
                0x08000a70                CAN1_RX0_IRQHandler
                0x08000a70                FPU_IRQHandler
                0x08000a70                OTG_HS_WKUP_IRQHandler
                0x08000a70                UsageFault_Handler
                0x08000a70                CAN2_SCE_IRQHandler
                0x08000a70                DMA2_Stream2_IRQHandler
                0x08000a70                SPI1_IRQHandler
                0x08000a70                TIM6_DAC_IRQHandler
                0x08000a70                TIM1_BRK_TIM9_IRQHandler
                0x08000a70                DCMI_IRQHandler
                0x08000a70                CAN2_RX0_IRQHandler
                0x08000a70                DMA2_Stream3_IRQHandler
                0x08000a70                USART6_IRQHandler
                0x08000a70                CRYP_IRQHandler
                0x08000a70                CAN1_RX1_IRQHandler
                0x08000a70                UART5_IRQHandler
                0x08000a70                DMA2_Stream0_IRQHandler
                0x08000a70                TIM4_IRQHandler
                0x08000a70                I2C1_EV_IRQHandler
                0x08000a70                DMA1_Stream6_IRQHandler
                0x08000a70                DMA1_Stream1_IRQHandler
                0x08000a70                UART4_IRQHandler
                0x08000a70                TIM3_IRQHandler
                0x08000a70                RCC_IRQHandler
                0x08000a70                TIM8_BRK_TIM12_IRQHandler
                0x08000a70                EXTI15_10_IRQHandler
                0x08000a70                ADC_IRQHandler
                0x08000a70                TIM7_IRQHandler
                0x08000a70                CAN2_TX_IRQHandler
                0x08000a70                TIM5_IRQHandler
                0x08000a70                DMA2_Stream7_IRQHandler
                0x08000a70                I2C3_EV_IRQHandler
                0x08000a70                EXTI9_5_IRQHandler
                0x08000a70                RTC_WKUP_IRQHandler
                0x08000a70                ETH_WKUP_IRQHandler
                0x08000a70                SPI2_IRQHandler
                0x08000a70                OTG_HS_EP1_IN_IRQHandler
                0x08000a70                MemManage_Handler
                0x08000a70                CAN1_TX_IRQHandler
                0x08000a70                SVC_Handler
                0x08000a70                EXTI4_IRQHandler
                0x08000a70                FSMC_IRQHandler
                0x08000a70                ETH_IRQHandler
                0x08000a70                OTG_HS_EP1_OUT_IRQHandler
                0x08000a70                WWDG_IRQHandler
                0x08000a70                TIM2_IRQHandler
                0x08000a70                OTG_FS_WKUP_IRQHandler
                0x08000a70                TIM1_TRG_COM_TIM11_IRQHandler
                0x08000a70                OTG_HS_IRQHandler
                0x08000a70                EXTI1_IRQHandler
                0x08000a70                USART2_IRQHandler
                0x08000a70                I2C2_ER_IRQHandler
                0x08000a70                DMA2_Stream1_IRQHandler
                0x08000a70                CAN1_SCE_IRQHandler
                0x08000a70                FLASH_IRQHandler
                0x08000a70                DMA2_Stream4_IRQHandler
                0x08000a70                BusFault_Handler
                0x08000a70                USART1_IRQHandler
                0x08000a70                OTG_FS_IRQHandler
                0x08000a70                DMA1_Stream4_IRQHandler
                0x08000a70                I2C1_ER_IRQHandler
                0x08000a70                DMA2_Stream6_IRQHandler
                0x08000a70                DMA1_Stream3_IRQHandler
 .text.STM_EVAL_LEDInit
                0x08000a78       0x5c ..\obj\stm32f4_discovery.o
                0x08000a78                STM_EVAL_LEDInit
 .text.STM_EVAL_LEDOn
                0x08000ad4       0x30 ..\obj\stm32f4_discovery.o
                0x08000ad4                STM_EVAL_LEDOn
 .text.STM_EVAL_LEDOff
                0x08000b04       0x30 ..\obj\stm32f4_discovery.o
                0x08000b04                STM_EVAL_LEDOff
 .text._ZL5Delayi
                0x08000b34       0x28 ..\obj\main.o
 .text.main     0x08000b5c       0x44 ..\obj\main.o
                0x08000b5c                main
 .text._Z41__static_initialization_and_destruction_0ii
                0x08000ba0       0x48 ..\obj\main.o
 .text._GLOBAL__sub_I_LPC1768_LED
                0x08000be8       0x10 ..\obj\main.o
 .text.RCC_GetClocksFreq
                0x08000bf8      0x154 ..\obj\stm32f4xx_rcc.o
                0x08000bf8                RCC_GetClocksFreq
 .text.RCC_AHB1PeriphClockCmd
                0x08000d4c       0x3c ..\obj\stm32f4xx_rcc.o
                0x08000d4c                RCC_AHB1PeriphClockCmd
 .text.RCC_APB1PeriphClockCmd
                0x08000d88       0x3c ..\obj\stm32f4xx_rcc.o
                0x08000d88                RCC_APB1PeriphClockCmd
 .text.GPIO_Init
                0x08000dc4      0x11c ..\obj\stm32f4xx_gpio.o
                0x08000dc4                GPIO_Init
 .text.GPIO_PinAFConfig
                0x08000ee0       0x8c ..\obj\stm32f4xx_gpio.o
                0x08000ee0                GPIO_PinAFConfig
 .text.DMA_Init
                0x08000f6c       0xac ..\obj\stm32f4xx_dma.o
                0x08000f6c                DMA_Init
 .text.DMA_Cmd  0x08001018       0x38 ..\obj\stm32f4xx_dma.o
                0x08001018                DMA_Cmd
 .text.DMA_GetCmdStatus
                0x08001050       0x30 ..\obj\stm32f4xx_dma.o
                0x08001050                DMA_GetCmdStatus
 .text.DMA_GetFlagStatus
                0x08001080       0x78 ..\obj\stm32f4xx_dma.o
                0x08001080                DMA_GetFlagStatus
 .text.DMA_ClearFlag
                0x080010f8       0x5c ..\obj\stm32f4xx_dma.o
                0x080010f8                DMA_ClearFlag
 .text.EVAL_AUDIO_TransferComplete_CallBack
                0x08001154       0x14 ..\obj\stm32f4_discovery_callbacks.o
                0x08001154                EVAL_AUDIO_TransferComplete_CallBack
 .text.EVAL_AUDIO_GetSampleCallBack
                0x08001168       0x10 ..\obj\stm32f4_discovery_callbacks.o
                0x08001168                EVAL_AUDIO_GetSampleCallBack
 .text.SPI_I2S_SendData
                0x08001178       0x1c ..\obj\stm32f4xx_spi.o
                0x08001178                SPI_I2S_SendData
 .text.SPI_I2S_GetFlagStatus
                0x08001194       0x38 ..\obj\stm32f4xx_spi.o
                0x08001194                SPI_I2S_GetFlagStatus
 .text.NVIC_Init
                0x080011cc       0xbc ..\obj\misc.o
                0x080011cc                NVIC_Init
 .text          0x08001288      0xa1c c:/program files (x86)/gnu tools arm embedded/4.8 2014q3/bin/../lib/gcc/arm-none-eabi/4.8.4/armv7e-m\libgcc.a(unwind-arm.o)
                0x0800156c                _Unwind_GetCFA
                0x08001570                __gnu_Unwind_RaiseException
                0x080015d0                __gnu_Unwind_ForcedUnwind
                0x080015e4                __gnu_Unwind_Resume
                0x08001628                __gnu_Unwind_Resume_or_Rethrow
                0x08001638                _Unwind_Complete
                0x0800163c                _Unwind_DeleteException
                0x0800164c                _Unwind_VRS_Get
                0x0800169c                _Unwind_VRS_Set
                0x080016ec                __gnu_Unwind_Backtrace
                0x08001a40                __aeabi_unwind_cpp_pr0
                0x08001a48                __aeabi_unwind_cpp_pr1
                0x08001a50                __aeabi_unwind_cpp_pr2
                0x08001a58                _Unwind_VRS_Pop
 .text          0x08001ca4      0x1ac c:/program files (x86)/gnu tools arm embedded/4.8 2014q3/bin/../lib/gcc/arm-none-eabi/4.8.4/armv7e-m\libgcc.a(libunwind.o)
                0x08001ca4                __restore_core_regs
                0x08001ca4                restore_core_regs
                0x08001cbc                __gnu_Unwind_Restore_VFP
                0x08001cc4                __gnu_Unwind_Save_VFP
                0x08001ccc                __gnu_Unwind_Restore_VFP_D
                0x08001cd4                __gnu_Unwind_Save_VFP_D
                0x08001cdc                __gnu_Unwind_Restore_VFP_D_16_to_31
                0x08001ce4                __gnu_Unwind_Save_VFP_D_16_to_31
                0x08001cec                __gnu_Unwind_Restore_WMMXD
                0x08001d30                __gnu_Unwind_Save_WMMXD
                0x08001d74                __gnu_Unwind_Restore_WMMXC
                0x08001d88                __gnu_Unwind_Save_WMMXC
                0x08001d9c                ___Unwind_RaiseException
                0x08001d9c                _Unwind_RaiseException
                0x08001dc0                _Unwind_Resume
                0x08001dc0                ___Unwind_Resume
                0x08001de4                _Unwind_Resume_or_Rethrow
                0x08001de4                ___Unwind_Resume_or_Rethrow
                0x08001e08                _Unwind_ForcedUnwind
                0x08001e08                ___Unwind_ForcedUnwind
                0x08001e2c                ___Unwind_Backtrace
                0x08001e2c                _Unwind_Backtrace
 .text          0x08001e50      0x33c c:/program files (x86)/gnu tools arm embedded/4.8 2014q3/bin/../lib/gcc/arm-none-eabi/4.8.4/armv7e-m\libgcc.a(pr-support.o)
                0x08001ea4                __gnu_unwind_execute
                0x08002130                __gnu_unwind_frame
                0x0800215c                _Unwind_GetRegionStart
                0x08002168                _Unwind_GetLanguageSpecificData
                0x0800217c                _Unwind_GetDataRelBase
                0x08002184                _Unwind_GetTextRelBase
 .text.abort    0x0800218c       0x10 c:/program files (x86)/gnu tools arm embedded/4.8 2014q3/bin/../lib/gcc/arm-none-eabi/4.8.4/../../../../arm-none-eabi/lib/armv7e-m\libc.a(lib_a-abort.o)
                0x0800218c                abort
 .text.__aeabi_atexit
                0x0800219c        0xc c:/program files (x86)/gnu tools arm embedded/4.8 2014q3/bin/../lib/gcc/arm-none-eabi/4.8.4/../../../../arm-none-eabi/lib/armv7e-m\libc.a(lib_a-aeabi_atexit.o)
                0x0800219c                __aeabi_atexit
 .text.__cxa_atexit
                0x080021a8       0x14 c:/program files (x86)/gnu tools arm embedded/4.8 2014q3/bin/../lib/gcc/arm-none-eabi/4.8.4/../../../../arm-none-eabi/lib/armv7e-m\libc.a(lib_a-cxa_atexit.o)
                0x080021a8                __cxa_atexit
 .text.exit     0x080021bc       0x20 c:/program files (x86)/gnu tools arm embedded/4.8 2014q3/bin/../lib/gcc/arm-none-eabi/4.8.4/../../../../arm-none-eabi/lib/armv7e-m\libc.a(lib_a-exit.o)
                0x080021bc                exit
 .text.__libc_init_array
                0x080021dc       0x50 c:/program files (x86)/gnu tools arm embedded/4.8 2014q3/bin/../lib/gcc/arm-none-eabi/4.8.4/../../../../arm-none-eabi/lib/armv7e-m\libc.a(lib_a-init.o)
                0x080021dc                __libc_init_array
 .text.malloc   0x0800222c       0x10 c:/program files (x86)/gnu tools arm embedded/4.8 2014q3/bin/../lib/gcc/arm-none-eabi/4.8.4/../../../../arm-none-eabi/lib/armv7e-m\libc.a(lib_a-malloc.o)
                0x0800222c                malloc
 .text.free     0x0800223c       0x10 c:/program files (x86)/gnu tools arm embedded/4.8 2014q3/bin/../lib/gcc/arm-none-eabi/4.8.4/../../../../arm-none-eabi/lib/armv7e-m\libc.a(lib_a-malloc.o)
                0x0800223c                free
 .text._malloc_r
                0x0800224c      0x538 c:/program files (x86)/gnu tools arm embedded/4.8 2014q3/bin/../lib/gcc/arm-none-eabi/4.8.4/../../../../arm-none-eabi/lib/armv7e-m\libc.a(lib_a-mallocr.o)
                0x0800224c                _malloc_r
 .text          0x08002784      0x134 c:/program files (x86)/gnu tools arm embedded/4.8 2014q3/bin/../lib/gcc/arm-none-eabi/4.8.4/../../../../arm-none-eabi/lib/armv7e-m\libc.a(lib_a-memcpy.o)
                0x08002784                memcpy
 .text.memset   0x080028b8       0x94 c:/program files (x86)/gnu tools arm embedded/4.8 2014q3/bin/../lib/gcc/arm-none-eabi/4.8.4/../../../../arm-none-eabi/lib/armv7e-m\libc.a(lib_a-memset.o)
                0x080028b8                memset
 .text.__malloc_lock
                0x0800294c        0x4 c:/program files (x86)/gnu tools arm embedded/4.8 2014q3/bin/../lib/gcc/arm-none-eabi/4.8.4/../../../../arm-none-eabi/lib/armv7e-m\libc.a(lib_a-mlock.o)
                0x0800294c                __malloc_lock
 .text.__malloc_unlock
                0x08002950        0x4 c:/program files (x86)/gnu tools arm embedded/4.8 2014q3/bin/../lib/gcc/arm-none-eabi/4.8.4/../../../../arm-none-eabi/lib/armv7e-m\libc.a(lib_a-mlock.o)
                0x08002950                __malloc_unlock
 .text._sbrk_r  0x08002954       0x24 c:/program files (x86)/gnu tools arm embedded/4.8 2014q3/bin/../lib/gcc/arm-none-eabi/4.8.4/../../../../arm-none-eabi/lib/armv7e-m\libc.a(lib_a-sbrkr.o)
                0x08002954                _sbrk_r
 .text._raise_r
                0x08002978       0x58 c:/program files (x86)/gnu tools arm embedded/4.8 2014q3/bin/../lib/gcc/arm-none-eabi/4.8.4/../../../../arm-none-eabi/lib/armv7e-m\libc.a(lib_a-signal.o)
                0x08002978                _raise_r
 .text.raise    0x080029d0       0x10 c:/program files (x86)/gnu tools arm embedded/4.8 2014q3/bin/../lib/gcc/arm-none-eabi/4.8.4/../../../../arm-none-eabi/lib/armv7e-m\libc.a(lib_a-signal.o)
                0x080029d0                raise
 .text._kill_r  0x080029e0       0x28 c:/program files (x86)/gnu tools arm embedded/4.8 2014q3/bin/../lib/gcc/arm-none-eabi/4.8.4/../../../../arm-none-eabi/lib/armv7e-m\libc.a(lib_a-signalr.o)
                0x080029e0                _kill_r
 .text._getpid_r
                0x08002a08        0x4 c:/program files (x86)/gnu tools arm embedded/4.8 2014q3/bin/../lib/gcc/arm-none-eabi/4.8.4/../../../../arm-none-eabi/lib/armv7e-m\libc.a(lib_a-signalr.o)
                0x08002a08                _getpid_r
 .text.__register_exitproc
                0x08002a0c       0xa8 c:/program files (x86)/gnu tools arm embedded/4.8 2014q3/bin/../lib/gcc/arm-none-eabi/4.8.4/../../../../arm-none-eabi/lib/armv7e-m\libc.a(lib_a-__atexit.o)
                0x08002a0c                __register_exitproc
 .text.startup.register_fini
                0x08002ab4       0x14 c:/program files (x86)/gnu tools arm embedded/4.8 2014q3/bin/../lib/gcc/arm-none-eabi/4.8.4/../../../../arm-none-eabi/lib/armv7e-m\libc.a(lib_a-__call_atexit.o)
 .text.__call_exitprocs
                0x08002ac8       0xf0 c:/program files (x86)/gnu tools arm embedded/4.8 2014q3/bin/../lib/gcc/arm-none-eabi/4.8.4/../../../../arm-none-eabi/lib/armv7e-m\libc.a(lib_a-__call_atexit.o)
                0x08002ac8                __call_exitprocs
 .text.atexit   0x08002bb8        0xc c:/program files (x86)/gnu tools arm embedded/4.8 2014q3/bin/../lib/gcc/arm-none-eabi/4.8.4/../../../../arm-none-eabi/lib/armv7e-m\libc.a(lib_a-atexit.o)
                0x08002bb8                atexit
 .text.__libc_fini_array
                0x08002bc4       0x30 c:/program files (x86)/gnu tools arm embedded/4.8 2014q3/bin/../lib/gcc/arm-none-eabi/4.8.4/../../../../arm-none-eabi/lib/armv7e-m\libc.a(lib_a-fini.o)
                0x08002bc4                __libc_fini_array
 .text._malloc_trim_r
                0x08002bf4       0x9c c:/program files (x86)/gnu tools arm embedded/4.8 2014q3/bin/../lib/gcc/arm-none-eabi/4.8.4/../../../../arm-none-eabi/lib/armv7e-m\libc.a(lib_a-freer.o)
                0x08002bf4                _malloc_trim_r
 .text._free_r  0x08002c90      0x19c c:/program files (x86)/gnu tools arm embedded/4.8 2014q3/bin/../lib/gcc/arm-none-eabi/4.8.4/../../../../arm-none-eabi/lib/armv7e-m\libc.a(lib_a-freer.o)
                0x08002c90                _free_r
 .text._getpid  0x08002e2c       0x10 c:/program files (x86)/gnu tools arm embedded/4.8 2014q3/bin/../lib/gcc/arm-none-eabi/4.8.4/../../../../arm-none-eabi/lib/armv7e-m\libnosys.a(getpid.o)
                0x08002e2c                _getpid
 .text._kill    0x08002e3c       0x10 c:/program files (x86)/gnu tools arm embedded/4.8 2014q3/bin/../lib/gcc/arm-none-eabi/4.8.4/../../../../arm-none-eabi/lib/armv7e-m\libnosys.a(kill.o)
                0x08002e3c                _kill
 .text._sbrk    0x08002e4c       0x34 c:/program files (x86)/gnu tools arm embedded/4.8 2014q3/bin/../lib/gcc/arm-none-eabi/4.8.4/../../../../arm-none-eabi/lib/armv7e-m\libnosys.a(sbrk.o)
                0x08002e4c                _sbrk
 .text._exit    0x08002e80        0x4 c:/program files (x86)/gnu tools arm embedded/4.8 2014q3/bin/../lib/gcc/arm-none-eabi/4.8.4/../../../../arm-none-eabi/lib/armv7e-m\libnosys.a(_exit.o)
                0x08002e80                _exit
 *(.init)
 .init          0x08002e84        0x4 c:/program files (x86)/gnu tools arm embedded/4.8 2014q3/bin/../lib/gcc/arm-none-eabi/4.8.4/armv7e-m/crti.o
                0x08002e84                _init
 .init          0x08002e88        0x8 c:/program files (x86)/gnu tools arm embedded/4.8 2014q3/bin/../lib/gcc/arm-none-eabi/4.8.4/armv7e-m/crtn.o
 *(.fini)
 .fini          0x08002e90        0x4 c:/program files (x86)/gnu tools arm embedded/4.8 2014q3/bin/../lib/gcc/arm-none-eabi/4.8.4/armv7e-m/crti.o
                0x08002e90                _fini
 .fini          0x08002e94        0x8 c:/program files (x86)/gnu tools arm embedded/4.8 2014q3/bin/../lib/gcc/arm-none-eabi/4.8.4/armv7e-m/crtn.o
 *crtbegin.o(.ctors)
 *crtbegin?.o(.ctors)
 *(EXCLUDE_FILE(*crtend.o *crtend?.o) .ctors)
 *(SORT(.ctors.*))
 *(.ctors)
 *crtbegin.o(.dtors)
 *crtbegin?.o(.dtors)
 *(EXCLUDE_FILE(*crtend.o *crtend?.o) .dtors)
 *(SORT(.dtors.*))
 *(.dtors)
 *(.rodata*)
 .rodata        0x08002e9c       0x30 ..\obj\stm32f4_discovery.o
                0x08002e9c                GPIO_PIN
                0x08002ea4                GPIO_CLK
                0x08002eb4                BUTTON_PIN
                0x08002eb8                BUTTON_CLK
                0x08002ebc                BUTTON_EXTI_LINE
                0x08002ec0                BUTTON_PORT_SOURCE
                0x08002ec4                BUTTON_PIN_SOURCE
                0x08002ec8                BUTTON_IRQn
 .rodata        0x08002ecc       0x18 ..\obj\main.o
 .rodata.str1.4
                0x08002ee4        0x4 c:/program files (x86)/gnu tools arm embedded/4.8 2014q3/bin/../lib/gcc/arm-none-eabi/4.8.4/../../../../arm-none-eabi/lib/armv7e-m\libc.a(lib_a-impure.o)
 .rodata._global_impure_ptr
                0x08002ee8        0x4 c:/program files (x86)/gnu tools arm embedded/4.8 2014q3/bin/../lib/gcc/arm-none-eabi/4.8.4/../../../../arm-none-eabi/lib/armv7e-m\libc.a(lib_a-impure.o)
                0x08002ee8                _global_impure_ptr
 *(.eh_frame*)
 .eh_frame      0x08002eec        0x0 c:/program files (x86)/gnu tools arm embedded/4.8 2014q3/bin/../lib/gcc/arm-none-eabi/4.8.4/armv7e-m/crtbegin.o
 .eh_frame      0x08002eec        0x4 c:/program files (x86)/gnu tools arm embedded/4.8 2014q3/bin/../lib/gcc/arm-none-eabi/4.8.4/armv7e-m/crtend.o

.glue_7         0x08002ef0        0x0
 .glue_7        0x00000000        0x0 linker stubs

.glue_7t        0x08002ef0        0x0
 .glue_7t       0x00000000        0x0 linker stubs

.vfp11_veneer   0x08002ef0        0x0
 .vfp11_veneer  0x00000000        0x0 linker stubs

.v4_bx          0x08002ef0        0x0
 .v4_bx         0x00000000        0x0 linker stubs

.iplt           0x08002ef0        0x0
 .iplt          0x00000000        0x0 c:/program files (x86)/gnu tools arm embedded/4.8 2014q3/bin/../lib/gcc/arm-none-eabi/4.8.4/armv7e-m/crtbegin.o

.ARM.extab      0x08002ef0       0x90
 *(.ARM.extab* .gnu.linkonce.armextab.*)
 .ARM.extab.text._ZN3LEDC2Ev
                0x08002ef0        0xc ..\obj\led.o
 .ARM.extab.text._ZN3LED2OnEv
                0x08002efc        0xc ..\obj\led.o
 .ARM.extab.text._ZN3LED3OffEv
                0x08002f08        0xc ..\obj\led.o
 .ARM.extab.text._ZN5UsartC2Ev
                0x08002f14        0xc ..\obj\uart.o
 .ARM.extab.text._ZN5UsartC2Ei
                0x08002f20        0xc ..\obj\uart.o
 .ARM.extab.text._ZN5Usart10usart3InitEv
                0x08002f2c        0xc ..\obj\uart.o
 .ARM.extab.text._ZN5Usart11uartPutCharEt
                0x08002f38        0xc ..\obj\uart.o
 .ARM.extab.text._ZN5Usart14uartSendStringEPc
                0x08002f44        0xc ..\obj\uart.o
 .ARM.extab.text.USART3_IRQHandler
                0x08002f50        0xc ..\obj\uart.o
 .ARM.extab     0x08002f5c        0xc c:/program files (x86)/gnu tools arm embedded/4.8 2014q3/bin/../lib/gcc/arm-none-eabi/4.8.4/armv7e-m\libgcc.a(unwind-arm.o)
 .ARM.extab     0x08002f68       0x18 c:/program files (x86)/gnu tools arm embedded/4.8 2014q3/bin/../lib/gcc/arm-none-eabi/4.8.4/armv7e-m\libgcc.a(pr-support.o)
                0x08002f80                __exidx_start = .

.ARM.exidx      0x08002f80      0x140
 *(.ARM.exidx* .gnu.linkonce.armexidx.*)
 .ARM.exidx     0x08002f80        0x8 c:/program files (x86)/gnu tools arm embedded/4.8 2014q3/bin/../lib/gcc/arm-none-eabi/4.8.4/../../../../arm-none-eabi/lib/armv7e-m/crt0.o
 .ARM.exidx.text._ZN3LEDC2Ev
                0x08002f88        0x8 ..\obj\led.o
 .ARM.exidx.text._ZN3LEDD2Ev
                0x08002f90        0x8 ..\obj\led.o
 .ARM.exidx.text._ZN3LED2OnEv
                0x08002f98        0x8 ..\obj\led.o
 .ARM.exidx.text._ZN3LED3OffEv
                0x08002fa0       0x10 ..\obj\led.o
                                  0x8 (size before relaxing)
 .ARM.exidx.text._ZN5UsartC2Ev
                0x08002fb0        0x8 ..\obj\uart.o
 .ARM.exidx.text._ZN5UsartC2Ei
                0x08002fb8        0x8 ..\obj\uart.o
 .ARM.exidx.text._ZN5Usart8BufferInEc
                0x08002fc0        0x8 ..\obj\uart.o
 .ARM.exidx.text._ZN5Usart10usart3InitEv
                0x08002fc8        0x8 ..\obj\uart.o
 .ARM.exidx.text._ZN5Usart11uartPutCharEt
                0x08002fd0        0x8 ..\obj\uart.o
 .ARM.exidx.text._ZN5Usart14uartSendStringEPc
                0x08002fd8        0x8 ..\obj\uart.o
 .ARM.exidx.text.USART3_IRQHandler
                0x08002fe0        0x8 ..\obj\uart.o
 .ARM.exidx.text._Z41__static_initialization_and_destruction_0ii
                0x08002fe8        0x8 ..\obj\uart.o
 .ARM.exidx.text._GLOBAL__sub_I_com3
                0x08002ff0        0x0 ..\obj\uart.o
                                  0x8 (size before relaxing)
 .ARM.exidx.text._ZL5Delayi
                0x08002ff0        0x0 ..\obj\main.o
                                  0x8 (size before relaxing)
 .ARM.exidx.text.main
                0x08002ff0        0x8 ..\obj\main.o
 .ARM.exidx.text._Z41__static_initialization_and_destruction_0ii
                0x08002ff8        0x8 ..\obj\main.o
 .ARM.exidx.text._GLOBAL__sub_I_LPC1768_LED
                0x08003000        0x0 ..\obj\main.o
                                  0x8 (size before relaxing)
 .ARM.exidx     0x08003000       0x88 c:/program files (x86)/gnu tools arm embedded/4.8 2014q3/bin/../lib/gcc/arm-none-eabi/4.8.4/armv7e-m\libgcc.a(unwind-arm.o)
                                 0xd8 (size before relaxing)
 .ARM.exidx     0x08003088       0x38 c:/program files (x86)/gnu tools arm embedded/4.8 2014q3/bin/../lib/gcc/arm-none-eabi/4.8.4/armv7e-m\libgcc.a(pr-support.o)
                                 0x48 (size before relaxing)
                0x080030c0                __exidx_end = .
                0x080030c0                __etext = .
                0x080030c0                _sidata = __etext

.rel.dyn        0x080030c0        0x0
 .rel.iplt      0x00000000        0x0 c:/program files (x86)/gnu tools arm embedded/4.8 2014q3/bin/../lib/gcc/arm-none-eabi/4.8.4/armv7e-m/crtbegin.o

.data           0x20000000      0x8b4 load address 0x080030c0
                0x20000000                __data_start__ = .
                0x20000000                _sdata = __data_start__
 *(vtable)
 *(.data*)
 .data          0x20000000        0x4 c:/program files (x86)/gnu tools arm embedded/4.8 2014q3/bin/../lib/gcc/arm-none-eabi/4.8.4/armv7e-m/crtbegin.o
                0x20000000                __dso_handle
 .data          0x20000004       0x34 ..\obj\stm32f4_discovery_audio_codec.o
                0x20000004                AudioTotalSize
                0x20000008                AudioRemSize
                0x2000000c                CODECTimeout
                0x20000010                CurrAudioInterface
                0x20000014                AUDIO_MAL_DMA_CLOCK
                0x20000018                AUDIO_MAL_DMA_STREAM
                0x2000001c                AUDIO_MAL_DMA_DREG
                0x20000020                AUDIO_MAL_DMA_IRQ
                0x20000024                AUDIO_MAL_DMA_FLAG_TC
                0x20000028                AUDIO_MAL_DMA_FLAG_HT
                0x2000002c                AUDIO_MAL_DMA_FLAG_FE
                0x20000030                AUDIO_MAL_DMA_FLAG_TE
                0x20000034                AUDIO_MAL_DMA_FLAG_DME
 .data          0x20000038       0x14 ..\obj\stm32f4_discovery.o
                0x20000038                GPIO_PORT
                0x20000048                BUTTON_PORT
 .data          0x2000004c       0x10 ..\obj\stm32f4xx_rcc.o
 *fill*         0x2000005c        0x4 
 .data.impure_data
                0x20000060      0x428 c:/program files (x86)/gnu tools arm embedded/4.8 2014q3/bin/../lib/gcc/arm-none-eabi/4.8.4/../../../../arm-none-eabi/lib/armv7e-m\libc.a(lib_a-impure.o)
 .data._impure_ptr
                0x20000488        0x4 c:/program files (x86)/gnu tools arm embedded/4.8 2014q3/bin/../lib/gcc/arm-none-eabi/4.8.4/../../../../arm-none-eabi/lib/armv7e-m\libc.a(lib_a-impure.o)
                0x20000488                _impure_ptr
 .data.__malloc_av_
                0x2000048c      0x408 c:/program files (x86)/gnu tools arm embedded/4.8 2014q3/bin/../lib/gcc/arm-none-eabi/4.8.4/../../../../arm-none-eabi/lib/armv7e-m\libc.a(lib_a-mallocr.o)
                0x2000048c                __malloc_av_
 .data.__malloc_trim_threshold
                0x20000894        0x4 c:/program files (x86)/gnu tools arm embedded/4.8 2014q3/bin/../lib/gcc/arm-none-eabi/4.8.4/../../../../arm-none-eabi/lib/armv7e-m\libc.a(lib_a-mallocr.o)
                0x20000894                __malloc_trim_threshold
 .data.__malloc_sbrk_base
                0x20000898        0x4 c:/program files (x86)/gnu tools arm embedded/4.8 2014q3/bin/../lib/gcc/arm-none-eabi/4.8.4/../../../../arm-none-eabi/lib/armv7e-m\libc.a(lib_a-mallocr.o)
                0x20000898                __malloc_sbrk_base
                0x2000089c                . = ALIGN (0x4)
                0x2000089c                PROVIDE (__preinit_array_start, .)
 *(.preinit_array)
                0x2000089c                PROVIDE (__preinit_array_end, .)
                0x2000089c                . = ALIGN (0x4)
                0x2000089c                PROVIDE (__init_array_start, .)
 *(SORT(.init_array.*))
 .init_array.00000
                0x2000089c        0x4 c:/program files (x86)/gnu tools arm embedded/4.8 2014q3/bin/../lib/gcc/arm-none-eabi/4.8.4/../../../../arm-none-eabi/lib/armv7e-m\libc.a(lib_a-__call_atexit.o)
 *(.init_array)
 .init_array    0x200008a0        0x4 c:/program files (x86)/gnu tools arm embedded/4.8 2014q3/bin/../lib/gcc/arm-none-eabi/4.8.4/armv7e-m/crtbegin.o
 .init_array    0x200008a4        0x4 ..\obj\uart.o
 .init_array    0x200008a8        0x4 ..\obj\main.o
                0x200008ac                PROVIDE (__init_array_end, .)
                0x200008ac                . = ALIGN (0x4)
                0x200008ac                PROVIDE (__fini_array_start, .)
 *(SORT(.fini_array.*))
 *(.fini_array)
 .fini_array    0x200008ac        0x4 c:/program files (x86)/gnu tools arm embedded/4.8 2014q3/bin/../lib/gcc/arm-none-eabi/4.8.4/armv7e-m/crtbegin.o
                0x200008b0                PROVIDE (__fini_array_end, .)
 *(.jcr*)
 .jcr           0x200008b0        0x0 c:/program files (x86)/gnu tools arm embedded/4.8 2014q3/bin/../lib/gcc/arm-none-eabi/4.8.4/armv7e-m/crtbegin.o
 .jcr           0x200008b0        0x4 c:/program files (x86)/gnu tools arm embedded/4.8 2014q3/bin/../lib/gcc/arm-none-eabi/4.8.4/armv7e-m/crtend.o
                0x200008b4                . = ALIGN (0x4)
                0x200008b4                __data_end__ = .
                0x200008b4                _edata = __data_end__

.igot.plt       0x200008b4        0x0 load address 0x08003974
 .igot.plt      0x00000000        0x0 c:/program files (x86)/gnu tools arm embedded/4.8 2014q3/bin/../lib/gcc/arm-none-eabi/4.8.4/armv7e-m/crtbegin.o

.bss            0x200008b4       0xf8 load address 0x08003974
                0x200008b4                . = ALIGN (0x4)
                0x200008b4                __bss_start__ = .
                0x200008b4                _sbss = __bss_start__
 *(.bss*)
 .bss           0x200008b4       0x1c c:/program files (x86)/gnu tools arm embedded/4.8 2014q3/bin/../lib/gcc/arm-none-eabi/4.8.4/armv7e-m/crtbegin.o
 .bss           0x200008d0       0x10 ..\obj\uart.o
                0x200008d0                com3
 .bss           0x200008e0       0x14 ..\obj\main.o
                0x200008e0                LPC1768_LED
                0x200008e4                com1
 .bss.__malloc_max_total_mem
                0x200008f4        0x4 c:/program files (x86)/gnu tools arm embedded/4.8 2014q3/bin/../lib/gcc/arm-none-eabi/4.8.4/../../../../arm-none-eabi/lib/armv7e-m\libc.a(lib_a-mallocr.o)
                0x200008f4                __malloc_max_total_mem
 .bss.__malloc_max_sbrked_mem
                0x200008f8        0x4 c:/program files (x86)/gnu tools arm embedded/4.8 2014q3/bin/../lib/gcc/arm-none-eabi/4.8.4/../../../../arm-none-eabi/lib/armv7e-m\libc.a(lib_a-mallocr.o)
                0x200008f8                __malloc_max_sbrked_mem
 .bss.__malloc_top_pad
                0x200008fc        0x4 c:/program files (x86)/gnu tools arm embedded/4.8 2014q3/bin/../lib/gcc/arm-none-eabi/4.8.4/../../../../arm-none-eabi/lib/armv7e-m\libc.a(lib_a-mallocr.o)
                0x200008fc                __malloc_top_pad
 .bss.__malloc_current_mallinfo
                0x20000900       0x28 c:/program files (x86)/gnu tools arm embedded/4.8 2014q3/bin/../lib/gcc/arm-none-eabi/4.8.4/../../../../arm-none-eabi/lib/armv7e-m\libc.a(lib_a-mallocr.o)
                0x20000900                __malloc_current_mallinfo
 .bss.heap_end.4246
                0x20000928        0x4 c:/program files (x86)/gnu tools arm embedded/4.8 2014q3/bin/../lib/gcc/arm-none-eabi/4.8.4/../../../../arm-none-eabi/lib/armv7e-m\libnosys.a(sbrk.o)
 *(COMMON)
 COMMON         0x2000092c       0x7c ..\obj\stm32f4_discovery_audio_codec.o
                0x2000092c                CurrentPos
                0x20000930                AUDIO_MAL_DMA_InitStructure
                0x2000096c                DMA_InitStructure
 COMMON         0x200009a8        0x4 c:/program files (x86)/gnu tools arm embedded/4.8 2014q3/bin/../lib/gcc/arm-none-eabi/4.8.4/../../../../arm-none-eabi/lib/armv7e-m\libc.a(lib_a-reent.o)
                0x200009a8                errno
                0x200009ac                . = ALIGN (0x4)
                0x200009ac                __bss_end__ = .
                0x200009ac                _ebss = __bss_end__

.heap           0x200009ac        0x0
                0x200009ac                __end__ = .
                0x200009ac                _end = __end__
                0x200009ac                end = __end__
 *(.heap*)
                0x200009ac                __HeapLimit = .

.co_stack       0x200009ac      0x804 load address 0x08003a6c
                0x200009b0                . = ALIGN (0x8)
 *fill*         0x200009ac        0x4 
 *(.co_stack .co_stack.*)
 .co_stack      0x200009b0      0x800 ..\obj\startup_stm32f4xx.o
                0x200009b0                pulStack
                0x20020000                __StackTop = (ORIGIN (RAM) + 0x20000)
                0x2001f7fc                __StackLimit = (__StackTop - SIZEOF (.co_stack))
                0x20020000                PROVIDE (__stack, __StackTop)
                0x00000001                ASSERT ((__StackLimit >= __HeapLimit), region RAM overflowed with stack)
LOAD ..\obj\stm32f4xx_syscfg.o
LOAD ..\obj\stm32f4_discovery_audio_codec.o
LOAD ..\obj\stm32f4xx_usart.o
LOAD ..\obj\led.o
LOAD ..\obj\stm32f4xx_dac.o
LOAD ..\obj\uart.o
LOAD ..\obj\startup_stm32f4xx.o
LOAD ..\obj\stm32f4_discovery.o
LOAD ..\obj\main.o
LOAD ..\obj\stm32f4xx_rcc.o
LOAD ..\obj\stm32f4xx_gpio.o
LOAD ..\obj\system_stm32f4xx.o
LOAD ..\obj\stm32f4xx_dma.o
LOAD ..\obj\stm32f4_discovery_callbacks.o
LOAD ..\obj\stm32f4xx_spi.o
LOAD ..\obj\stm32f4xx_i2c.o
LOAD ..\obj\stm32f4xx_exti.o
LOAD ..\obj\misc.o
LOAD ..\obj\stm32f4_discovery_lis302dl.o
LOAD ..\..\..\STM32F4-Discovery\libpdmfilter_gcc.a
LOAD c:/program files (x86)/gnu tools arm embedded/4.8 2014q3/bin/../lib/gcc/arm-none-eabi/4.8.4/../../../../arm-none-eabi/lib/armv7e-m\libm.a
LOAD c:/program files (x86)/gnu tools arm embedded/4.8 2014q3/bin/../lib/gcc/arm-none-eabi/4.8.4/armv7e-m\libgcc.a
LOAD c:/program files (x86)/gnu tools arm embedded/4.8 2014q3/bin/../lib/gcc/arm-none-eabi/4.8.4/../../../../arm-none-eabi/lib/armv7e-m\libc.a
LOAD c:/program files (x86)/gnu tools arm embedded/4.8 2014q3/bin/../lib/gcc/arm-none-eabi/4.8.4/../../../../arm-none-eabi/lib/armv7e-m\libstdc++.a
LOAD c:/program files (x86)/gnu tools arm embedded/4.8 2014q3/bin/../lib/gcc/arm-none-eabi/4.8.4/../../../../arm-none-eabi/lib/armv7e-m\libsupc++.a
LOAD c:/program files (x86)/gnu tools arm embedded/4.8 2014q3/bin/../lib/gcc/arm-none-eabi/4.8.4/../../../../arm-none-eabi/lib/armv7e-m\libnosys.a
START GROUP
LOAD c:/program files (x86)/gnu tools arm embedded/4.8 2014q3/bin/../lib/gcc/arm-none-eabi/4.8.4/armv7e-m\libgcc.a
LOAD c:/program files (x86)/gnu tools arm embedded/4.8 2014q3/bin/../lib/gcc/arm-none-eabi/4.8.4/../../../../arm-none-eabi/lib/armv7e-m\libg.a
LOAD c:/program files (x86)/gnu tools arm embedded/4.8 2014q3/bin/../lib/gcc/arm-none-eabi/4.8.4/../../../../arm-none-eabi/lib/armv7e-m\libc.a
END GROUP
LOAD c:/program files (x86)/gnu tools arm embedded/4.8 2014q3/bin/../lib/gcc/arm-none-eabi/4.8.4/armv7e-m/crtend.o
LOAD c:/program files (x86)/gnu tools arm embedded/4.8 2014q3/bin/../lib/gcc/arm-none-eabi/4.8.4/armv7e-m/crtn.o
OUTPUT(Gewaechshaus.elf elf32-littlearm)

.ARM.attributes
                0x00000000       0x2a
 .ARM.attributes
                0x00000000       0x1e c:/program files (x86)/gnu tools arm embedded/4.8 2014q3/bin/../lib/gcc/arm-none-eabi/4.8.4/armv7e-m/crti.o
 .ARM.attributes
                0x0000001e       0x2e c:/program files (x86)/gnu tools arm embedded/4.8 2014q3/bin/../lib/gcc/arm-none-eabi/4.8.4/armv7e-m/crtbegin.o
 .ARM.attributes
                0x0000004c       0x1c c:/program files (x86)/gnu tools arm embedded/4.8 2014q3/bin/../lib/gcc/arm-none-eabi/4.8.4/../../../../arm-none-eabi/lib/armv7e-m/crt0.o
 .ARM.attributes
                0x00000068       0x33 ..\obj\stm32f4_discovery_audio_codec.o
 .ARM.attributes
                0x0000009b       0x33 ..\obj\stm32f4xx_usart.o
 .ARM.attributes
                0x000000ce       0x33 ..\obj\led.o
 .ARM.attributes
                0x00000101       0x33 ..\obj\stm32f4xx_dac.o
 .ARM.attributes
                0x00000134       0x33 ..\obj\uart.o
 .ARM.attributes
                0x00000167       0x33 ..\obj\startup_stm32f4xx.o
 .ARM.attributes
                0x0000019a       0x33 ..\obj\stm32f4_discovery.o
 .ARM.attributes
                0x000001cd       0x33 ..\obj\main.o
 .ARM.attributes
                0x00000200       0x33 ..\obj\stm32f4xx_rcc.o
 .ARM.attributes
                0x00000233       0x33 ..\obj\stm32f4xx_gpio.o
 .ARM.attributes
                0x00000266       0x33 ..\obj\stm32f4xx_dma.o
 .ARM.attributes
                0x00000299       0x33 ..\obj\stm32f4_discovery_callbacks.o
 .ARM.attributes
                0x000002cc       0x33 ..\obj\stm32f4xx_spi.o
 .ARM.attributes
                0x000002ff       0x33 ..\obj\misc.o
 .ARM.attributes
                0x00000332       0x2e c:/program files (x86)/gnu tools arm embedded/4.8 2014q3/bin/../lib/gcc/arm-none-eabi/4.8.4/../../../../arm-none-eabi/lib/armv7e-m\libc.a(lib_a-aeabi_atexit.o)
 .ARM.attributes
                0x00000360       0x2e c:/program files (x86)/gnu tools arm embedded/4.8 2014q3/bin/../lib/gcc/arm-none-eabi/4.8.4/../../../../arm-none-eabi/lib/armv7e-m\libc.a(lib_a-cxa_atexit.o)
 .ARM.attributes
                0x0000038e       0x2e c:/program files (x86)/gnu tools arm embedded/4.8 2014q3/bin/../lib/gcc/arm-none-eabi/4.8.4/../../../../arm-none-eabi/lib/armv7e-m\libc.a(lib_a-exit.o)
 .ARM.attributes
                0x000003bc       0x2e c:/program files (x86)/gnu tools arm embedded/4.8 2014q3/bin/../lib/gcc/arm-none-eabi/4.8.4/../../../../arm-none-eabi/lib/armv7e-m\libc.a(lib_a-impure.o)
 .ARM.attributes
                0x000003ea       0x2e c:/program files (x86)/gnu tools arm embedded/4.8 2014q3/bin/../lib/gcc/arm-none-eabi/4.8.4/../../../../arm-none-eabi/lib/armv7e-m\libc.a(lib_a-init.o)
 .ARM.attributes
                0x00000418       0x2e c:/program files (x86)/gnu tools arm embedded/4.8 2014q3/bin/../lib/gcc/arm-none-eabi/4.8.4/../../../../arm-none-eabi/lib/armv7e-m\libc.a(lib_a-malloc.o)
 .ARM.attributes
                0x00000446       0x2e c:/program files (x86)/gnu tools arm embedded/4.8 2014q3/bin/../lib/gcc/arm-none-eabi/4.8.4/../../../../arm-none-eabi/lib/armv7e-m\libc.a(lib_a-mallocr.o)
 .ARM.attributes
                0x00000474       0x2e c:/program files (x86)/gnu tools arm embedded/4.8 2014q3/bin/../lib/gcc/arm-none-eabi/4.8.4/../../../../arm-none-eabi/lib/armv7e-m\libc.a(lib_a-memset.o)
 .ARM.attributes
                0x000004a2       0x2e c:/program files (x86)/gnu tools arm embedded/4.8 2014q3/bin/../lib/gcc/arm-none-eabi/4.8.4/../../../../arm-none-eabi/lib/armv7e-m\libc.a(lib_a-mlock.o)
 .ARM.attributes
                0x000004d0       0x2e c:/program files (x86)/gnu tools arm embedded/4.8 2014q3/bin/../lib/gcc/arm-none-eabi/4.8.4/../../../../arm-none-eabi/lib/armv7e-m\libc.a(lib_a-sbrkr.o)
 .ARM.attributes
                0x000004fe       0x2e c:/program files (x86)/gnu tools arm embedded/4.8 2014q3/bin/../lib/gcc/arm-none-eabi/4.8.4/../../../../arm-none-eabi/lib/armv7e-m\libc.a(lib_a-__atexit.o)
 .ARM.attributes
                0x0000052c       0x2e c:/program files (x86)/gnu tools arm embedded/4.8 2014q3/bin/../lib/gcc/arm-none-eabi/4.8.4/../../../../arm-none-eabi/lib/armv7e-m\libc.a(lib_a-__call_atexit.o)
 .ARM.attributes
                0x0000055a       0x2e c:/program files (x86)/gnu tools arm embedded/4.8 2014q3/bin/../lib/gcc/arm-none-eabi/4.8.4/../../../../arm-none-eabi/lib/armv7e-m\libc.a(lib_a-atexit.o)
 .ARM.attributes
                0x00000588       0x2e c:/program files (x86)/gnu tools arm embedded/4.8 2014q3/bin/../lib/gcc/arm-none-eabi/4.8.4/../../../../arm-none-eabi/lib/armv7e-m\libc.a(lib_a-fini.o)
 .ARM.attributes
                0x000005b6       0x2e c:/program files (x86)/gnu tools arm embedded/4.8 2014q3/bin/../lib/gcc/arm-none-eabi/4.8.4/../../../../arm-none-eabi/lib/armv7e-m\libc.a(lib_a-freer.o)
 .ARM.attributes
                0x000005e4       0x2e c:/program files (x86)/gnu tools arm embedded/4.8 2014q3/bin/../lib/gcc/arm-none-eabi/4.8.4/../../../../arm-none-eabi/lib/armv7e-m\libc.a(lib_a-reent.o)
 .ARM.attributes
                0x00000612       0x2e c:/program files (x86)/gnu tools arm embedded/4.8 2014q3/bin/../lib/gcc/arm-none-eabi/4.8.4/../../../../arm-none-eabi/lib/armv7e-m\libnosys.a(sbrk.o)
 .ARM.attributes
                0x00000640       0x2e c:/program files (x86)/gnu tools arm embedded/4.8 2014q3/bin/../lib/gcc/arm-none-eabi/4.8.4/../../../../arm-none-eabi/lib/armv7e-m\libnosys.a(_exit.o)
 .ARM.attributes
                0x0000066e       0x2e c:/program files (x86)/gnu tools arm embedded/4.8 2014q3/bin/../lib/gcc/arm-none-eabi/4.8.4/armv7e-m/crtend.o
 .ARM.attributes
                0x0000069c       0x1e c:/program files (x86)/gnu tools arm embedded/4.8 2014q3/bin/../lib/gcc/arm-none-eabi/4.8.4/armv7e-m/crtn.o

.comment        0x00000000       0x70
 .comment       0x00000000       0x70 ..\obj\stm32f4_discovery_audio_codec.o
                                 0x71 (size before relaxing)
 .comment       0x00000000       0x71 ..\obj\stm32f4xx_usart.o
 .comment       0x00000000       0x71 ..\obj\led.o
 .comment       0x00000000       0x71 ..\obj\stm32f4xx_dac.o
 .comment       0x00000000       0x71 ..\obj\uart.o
 .comment       0x00000000       0x71 ..\obj\startup_stm32f4xx.o
 .comment       0x00000000       0x71 ..\obj\stm32f4_discovery.o
 .comment       0x00000000       0x71 ..\obj\main.o
 .comment       0x00000000       0x71 ..\obj\stm32f4xx_rcc.o
 .comment       0x00000000       0x71 ..\obj\stm32f4xx_gpio.o
 .comment       0x00000000       0x71 ..\obj\stm32f4xx_dma.o
 .comment       0x00000000       0x71 ..\obj\stm32f4_discovery_callbacks.o
 .comment       0x00000000       0x71 ..\obj\stm32f4xx_spi.o
 .comment       0x00000000       0x71 ..\obj\misc.o

.debug_info     0x00000000     0x6507
 .debug_info    0x00000000     0x1070 ..\obj\stm32f4_discovery_audio_codec.o
 .debug_info    0x00001070      0x9c2 ..\obj\stm32f4xx_usart.o
 .debug_info    0x00001a32      0x22b ..\obj\led.o
 .debug_info    0x00001c5d      0x63a ..\obj\stm32f4xx_dac.o
 .debug_info    0x00002297      0xa5f ..\obj\uart.o
 .debug_info    0x00002cf6      0x122 ..\obj\startup_stm32f4xx.o
 .debug_info    0x00002e18      0x889 ..\obj\stm32f4_discovery.o
 .debug_info    0x000036a1      0x391 ..\obj\main.o
 .debug_info    0x00003a32      0xc4d ..\obj\stm32f4xx_rcc.o
 .debug_info    0x0000467f      0x602 ..\obj\stm32f4xx_gpio.o
 .debug_info    0x00004c81      0x739 ..\obj\stm32f4xx_dma.o
 .debug_info    0x000053ba      0x109 ..\obj\stm32f4_discovery_callbacks.o
 .debug_info    0x000054c3      0xb07 ..\obj\stm32f4xx_spi.o
 .debug_info    0x00005fca      0x53d ..\obj\misc.o

.debug_abbrev   0x00000000     0x1592
 .debug_abbrev  0x00000000      0x256 ..\obj\stm32f4_discovery_audio_codec.o
 .debug_abbrev  0x00000256      0x155 ..\obj\stm32f4xx_usart.o
 .debug_abbrev  0x000003ab      0x175 ..\obj\led.o
 .debug_abbrev  0x00000520      0x17c ..\obj\stm32f4xx_dac.o
 .debug_abbrev  0x0000069c      0x2a0 ..\obj\uart.o
 .debug_abbrev  0x0000093c       0xce ..\obj\startup_stm32f4xx.o
 .debug_abbrev  0x00000a0a      0x183 ..\obj\stm32f4_discovery.o
 .debug_abbrev  0x00000b8d      0x1ee ..\obj\main.o
 .debug_abbrev  0x00000d7b      0x1e3 ..\obj\stm32f4xx_rcc.o
 .debug_abbrev  0x00000f5e      0x1a3 ..\obj\stm32f4xx_gpio.o
 .debug_abbrev  0x00001101      0x155 ..\obj\stm32f4xx_dma.o
 .debug_abbrev  0x00001256       0x90 ..\obj\stm32f4_discovery_callbacks.o
 .debug_abbrev  0x000012e6      0x167 ..\obj\stm32f4xx_spi.o
 .debug_abbrev  0x0000144d      0x145 ..\obj\misc.o

.debug_aranges  0x00000000      0x818
 .debug_aranges
                0x00000000      0x130 ..\obj\stm32f4_discovery_audio_codec.o
 .debug_aranges
                0x00000130      0x100 ..\obj\stm32f4xx_usart.o
 .debug_aranges
                0x00000230       0x38 ..\obj\led.o
 .debug_aranges
                0x00000268       0xa0 ..\obj\stm32f4xx_dac.o
 .debug_aranges
                0x00000308       0x70 ..\obj\uart.o
 .debug_aranges
                0x00000378       0x28 ..\obj\startup_stm32f4xx.o
 .debug_aranges
                0x000003a0       0x48 ..\obj\stm32f4_discovery.o
 .debug_aranges
                0x000003e8       0x38 ..\obj\main.o
 .debug_aranges
                0x00000420      0x178 ..\obj\stm32f4xx_rcc.o
 .debug_aranges
                0x00000598       0x88 ..\obj\stm32f4xx_gpio.o
 .debug_aranges
                0x00000620       0xb0 ..\obj\stm32f4xx_dma.o
 .debug_aranges
                0x000006d0       0x28 ..\obj\stm32f4_discovery_callbacks.o
 .debug_aranges
                0x000006f8       0xe0 ..\obj\stm32f4xx_spi.o
 .debug_aranges
                0x000007d8       0x40 ..\obj\misc.o

.debug_ranges   0x00000000      0x738
 .debug_ranges  0x00000000      0x120 ..\obj\stm32f4_discovery_audio_codec.o
 .debug_ranges  0x00000120       0xf0 ..\obj\stm32f4xx_usart.o
 .debug_ranges  0x00000210       0x28 ..\obj\led.o
 .debug_ranges  0x00000238       0x90 ..\obj\stm32f4xx_dac.o
 .debug_ranges  0x000002c8       0x60 ..\obj\uart.o
 .debug_ranges  0x00000328       0x18 ..\obj\startup_stm32f4xx.o
 .debug_ranges  0x00000340       0x38 ..\obj\stm32f4_discovery.o
 .debug_ranges  0x00000378       0x28 ..\obj\main.o
 .debug_ranges  0x000003a0      0x168 ..\obj\stm32f4xx_rcc.o
 .debug_ranges  0x00000508       0x78 ..\obj\stm32f4xx_gpio.o
 .debug_ranges  0x00000580       0xa0 ..\obj\stm32f4xx_dma.o
 .debug_ranges  0x00000620       0x18 ..\obj\stm32f4_discovery_callbacks.o
 .debug_ranges  0x00000638       0xd0 ..\obj\stm32f4xx_spi.o
 .debug_ranges  0x00000708       0x30 ..\obj\misc.o

.debug_line     0x00000000     0x2e06
 .debug_line    0x00000000      0x701 ..\obj\stm32f4_discovery_audio_codec.o
 .debug_line    0x00000701      0x49d ..\obj\stm32f4xx_usart.o
 .debug_line    0x00000b9e      0x1e4 ..\obj\led.o
 .debug_line    0x00000d82      0x353 ..\obj\stm32f4xx_dac.o
 .debug_line    0x000010d5      0x30e ..\obj\uart.o
 .debug_line    0x000013e3       0x9c ..\obj\startup_stm32f4xx.o
 .debug_line    0x0000147f      0x2a4 ..\obj\stm32f4_discovery.o
 .debug_line    0x00001723      0x235 ..\obj\main.o
 .debug_line    0x00001958      0x595 ..\obj\stm32f4xx_rcc.o
 .debug_line    0x00001eed      0x33a ..\obj\stm32f4xx_gpio.o
 .debug_line    0x00002227      0x3d7 ..\obj\stm32f4xx_dma.o
 .debug_line    0x000025fe      0x17b ..\obj\stm32f4_discovery_callbacks.o
 .debug_line    0x00002779      0x44d ..\obj\stm32f4xx_spi.o
 .debug_line    0x00002bc6      0x240 ..\obj\misc.o

.debug_str      0x00000000     0x2c94
 .debug_str     0x00000000      0xf47 ..\obj\stm32f4_discovery_audio_codec.o
                               0x106d (size before relaxing)
 .debug_str     0x00000f47      0x47e ..\obj\stm32f4xx_usart.o
                                0x68a (size before relaxing)
 .debug_str     0x000013c5      0x11f ..\obj\led.o
                                0x1d7 (size before relaxing)
 .debug_str     0x000014e4      0x235 ..\obj\stm32f4xx_dac.o
                                0x44e (size before relaxing)
 .debug_str     0x00001719      0x306 ..\obj\uart.o
                                0xc9f (size before relaxing)
 .debug_str     0x00001a1f       0xbd ..\obj\startup_stm32f4xx.o
                                0x154 (size before relaxing)
 .debug_str     0x00001adc      0x273 ..\obj\stm32f4_discovery.o
                                0xb32 (size before relaxing)
 .debug_str     0x00001d4f       0x63 ..\obj\main.o
                                0x397 (size before relaxing)
 .debug_str     0x00001db2      0x5c4 ..\obj\stm32f4xx_rcc.o
                                0x84b (size before relaxing)
 .debug_str     0x00002376      0x176 ..\obj\stm32f4xx_gpio.o
                                0x49e (size before relaxing)
 .debug_str     0x000024ec      0x262 ..\obj\stm32f4xx_dma.o
                                0x53d (size before relaxing)
 .debug_str     0x0000274e       0x83 ..\obj\stm32f4_discovery_callbacks.o
                                0x1e0 (size before relaxing)
 .debug_str     0x000027d1      0x313 ..\obj\stm32f4xx_spi.o
                                0x685 (size before relaxing)
 .debug_str     0x00002ae4      0x1b0 ..\obj\misc.o
                                0x3c9 (size before relaxing)

.debug_frame    0x00000000     0x1c58
 .debug_frame   0x00000000      0x438 ..\obj\stm32f4_discovery_audio_codec.o
 .debug_frame   0x00000438      0x344 ..\obj\stm32f4xx_usart.o
 .debug_frame   0x0000077c       0x8c ..\obj\led.o
 .debug_frame   0x00000808      0x1ec ..\obj\stm32f4xx_dac.o
 .debug_frame   0x000009f4      0x164 ..\obj\uart.o
 .debug_frame   0x00000b58       0x48 ..\obj\startup_stm32f4xx.o
 .debug_frame   0x00000ba0       0xc4 ..\obj\stm32f4_discovery.o
 .debug_frame   0x00000c64       0x84 ..\obj\main.o
 .debug_frame   0x00000ce8      0x4d8 ..\obj\stm32f4xx_rcc.o
 .debug_frame   0x000011c0      0x19c ..\obj\stm32f4xx_gpio.o
 .debug_frame   0x0000135c      0x224 ..\obj\stm32f4xx_dma.o
 .debug_frame   0x00001580       0x44 ..\obj\stm32f4_discovery_callbacks.o
 .debug_frame   0x000015c4      0x2d0 ..\obj\stm32f4xx_spi.o
 .debug_frame   0x00001894       0x9c ..\obj\misc.o
 .debug_frame   0x00001930       0x20 c:/program files (x86)/gnu tools arm embedded/4.8 2014q3/bin/../lib/gcc/arm-none-eabi/4.8.4/../../../../arm-none-eabi/lib/armv7e-m\libc.a(lib_a-aeabi_atexit.o)
 .debug_frame   0x00001950       0x28 c:/program files (x86)/gnu tools arm embedded/4.8 2014q3/bin/../lib/gcc/arm-none-eabi/4.8.4/../../../../arm-none-eabi/lib/armv7e-m\libc.a(lib_a-cxa_atexit.o)
 .debug_frame   0x00001978       0x28 c:/program files (x86)/gnu tools arm embedded/4.8 2014q3/bin/../lib/gcc/arm-none-eabi/4.8.4/../../../../arm-none-eabi/lib/armv7e-m\libc.a(lib_a-exit.o)
 .debug_frame   0x000019a0       0x2c c:/program files (x86)/gnu tools arm embedded/4.8 2014q3/bin/../lib/gcc/arm-none-eabi/4.8.4/../../../../arm-none-eabi/lib/armv7e-m\libc.a(lib_a-init.o)
 .debug_frame   0x000019cc       0x30 c:/program files (x86)/gnu tools arm embedded/4.8 2014q3/bin/../lib/gcc/arm-none-eabi/4.8.4/../../../../arm-none-eabi/lib/armv7e-m\libc.a(lib_a-malloc.o)
 .debug_frame   0x000019fc       0x38 c:/program files (x86)/gnu tools arm embedded/4.8 2014q3/bin/../lib/gcc/arm-none-eabi/4.8.4/../../../../arm-none-eabi/lib/armv7e-m\libc.a(lib_a-mallocr.o)
 .debug_frame   0x00001a34       0x2c c:/program files (x86)/gnu tools arm embedded/4.8 2014q3/bin/../lib/gcc/arm-none-eabi/4.8.4/../../../../arm-none-eabi/lib/armv7e-m\libc.a(lib_a-memset.o)
 .debug_frame   0x00001a60       0x30 c:/program files (x86)/gnu tools arm embedded/4.8 2014q3/bin/../lib/gcc/arm-none-eabi/4.8.4/../../../../arm-none-eabi/lib/armv7e-m\libc.a(lib_a-mlock.o)
 .debug_frame   0x00001a90       0x2c c:/program files (x86)/gnu tools arm embedded/4.8 2014q3/bin/../lib/gcc/arm-none-eabi/4.8.4/../../../../arm-none-eabi/lib/armv7e-m\libc.a(lib_a-sbrkr.o)
 .debug_frame   0x00001abc       0x30 c:/program files (x86)/gnu tools arm embedded/4.8 2014q3/bin/../lib/gcc/arm-none-eabi/4.8.4/../../../../arm-none-eabi/lib/armv7e-m\libc.a(lib_a-__atexit.o)
 .debug_frame   0x00001aec       0x48 c:/program files (x86)/gnu tools arm embedded/4.8 2014q3/bin/../lib/gcc/arm-none-eabi/4.8.4/../../../../arm-none-eabi/lib/armv7e-m\libc.a(lib_a-__call_atexit.o)
 .debug_frame   0x00001b34       0x20 c:/program files (x86)/gnu tools arm embedded/4.8 2014q3/bin/../lib/gcc/arm-none-eabi/4.8.4/../../../../arm-none-eabi/lib/armv7e-m\libc.a(lib_a-atexit.o)
 .debug_frame   0x00001b54       0x2c c:/program files (x86)/gnu tools arm embedded/4.8 2014q3/bin/../lib/gcc/arm-none-eabi/4.8.4/../../../../arm-none-eabi/lib/armv7e-m\libc.a(lib_a-fini.o)
 .debug_frame   0x00001b80       0x50 c:/program files (x86)/gnu tools arm embedded/4.8 2014q3/bin/../lib/gcc/arm-none-eabi/4.8.4/../../../../arm-none-eabi/lib/armv7e-m\libc.a(lib_a-freer.o)
 .debug_frame   0x00001bd0       0x48 c:/program files (x86)/gnu tools arm embedded/4.8 2014q3/bin/../lib/gcc/arm-none-eabi/4.8.4/../../../../arm-none-eabi/lib/armv7e-m\libc.a(lib_a-reent.o)
 .debug_frame   0x00001c18       0x20 c:/program files (x86)/gnu tools arm embedded/4.8 2014q3/bin/../lib/gcc/arm-none-eabi/4.8.4/../../../../arm-none-eabi/lib/armv7e-m\libnosys.a(sbrk.o)
 .debug_frame   0x00001c38       0x20 c:/program files (x86)/gnu tools arm embedded/4.8 2014q3/bin/../lib/gcc/arm-none-eabi/4.8.4/../../../../arm-none-eabi/lib/armv7e-m\libnosys.a(_exit.o)

.stabstr        0x00000000       0x76
 .stabstr       0x00000000       0x76 c:/program files (x86)/gnu tools arm embedded/4.8 2014q3/bin/../lib/gcc/arm-none-eabi/4.8.4/../../../../arm-none-eabi/lib/armv7e-m\libnosys.a(getpid.o)
