Archive member included because of file (symbol)

c:/program files (x86)/gnu tools arm embedded/4.8 2014q3/bin/../lib/gcc/arm-none-eabi/4.8.4/armv7e-m\libgcc.a(_arm_addsubdf3.o)
                              ..\obj\stepper.o (__aeabi_dsub)
c:/program files (x86)/gnu tools arm embedded/4.8 2014q3/bin/../lib/gcc/arm-none-eabi/4.8.4/armv7e-m\libgcc.a(_arm_muldivdf3.o)
                              ..\obj\stepper.o (__aeabi_dmul)
c:/program files (x86)/gnu tools arm embedded/4.8 2014q3/bin/../lib/gcc/arm-none-eabi/4.8.4/armv7e-m\libgcc.a(_arm_fixdfsi.o)
                              ..\obj\stepper.o (__aeabi_d2iz)
c:/program files (x86)/gnu tools arm embedded/4.8 2014q3/bin/../lib/gcc/arm-none-eabi/4.8.4/armv7e-m\libgcc.a(_arm_truncdfsf2.o)
                              ..\obj\ampermeter.o (__aeabi_d2f)
c:/program files (x86)/gnu tools arm embedded/4.8 2014q3/bin/../lib/gcc/arm-none-eabi/4.8.4/armv7e-m\libgcc.a(_arm_addsubsf3.o)
                              ..\obj\tm_stm32f4_ds18b20.o (__aeabi_fsub)
c:/program files (x86)/gnu tools arm embedded/4.8 2014q3/bin/../lib/gcc/arm-none-eabi/4.8.4/armv7e-m\libgcc.a(_arm_muldivsf3.o)
                              ..\obj\tm_stm32f4_ds18b20.o (__aeabi_fmul)
c:/program files (x86)/gnu tools arm embedded/4.8 2014q3/bin/../lib/gcc/arm-none-eabi/4.8.4/armv7e-m\libgcc.a(_arm_cmpsf2.o)
                              ..\obj\fassade.o (__aeabi_fcmplt)
c:/program files (x86)/gnu tools arm embedded/4.8 2014q3/bin/../lib/gcc/arm-none-eabi/4.8.4/armv7e-m\libgcc.a(_arm_fixsfsi.o)
                              ..\obj\fassade.o (__aeabi_f2iz)
c:/program files (x86)/gnu tools arm embedded/4.8 2014q3/bin/../lib/gcc/arm-none-eabi/4.8.4/armv7e-m\libgcc.a(unwind-arm.o)
                              ..\obj\fassade.o (__aeabi_unwind_cpp_pr0)
c:/program files (x86)/gnu tools arm embedded/4.8 2014q3/bin/../lib/gcc/arm-none-eabi/4.8.4/armv7e-m\libgcc.a(libunwind.o)
                              c:/program files (x86)/gnu tools arm embedded/4.8 2014q3/bin/../lib/gcc/arm-none-eabi/4.8.4/armv7e-m\libgcc.a(unwind-arm.o) (restore_core_regs)
c:/program files (x86)/gnu tools arm embedded/4.8 2014q3/bin/../lib/gcc/arm-none-eabi/4.8.4/armv7e-m\libgcc.a(pr-support.o)
                              c:/program files (x86)/gnu tools arm embedded/4.8 2014q3/bin/../lib/gcc/arm-none-eabi/4.8.4/armv7e-m\libgcc.a(unwind-arm.o) (__gnu_unwind_execute)
c:/program files (x86)/gnu tools arm embedded/4.8 2014q3/bin/../lib/gcc/arm-none-eabi/4.8.4/../../../../arm-none-eabi/lib/armv7e-m\libc.a(lib_a-abort.o)
                              c:/program files (x86)/gnu tools arm embedded/4.8 2014q3/bin/../lib/gcc/arm-none-eabi/4.8.4/armv7e-m\libgcc.a(unwind-arm.o) (abort)
c:/program files (x86)/gnu tools arm embedded/4.8 2014q3/bin/../lib/gcc/arm-none-eabi/4.8.4/../../../../arm-none-eabi/lib/armv7e-m\libc.a(lib_a-aeabi_atexit.o)
                              ..\obj\main.o (__aeabi_atexit)
c:/program files (x86)/gnu tools arm embedded/4.8 2014q3/bin/../lib/gcc/arm-none-eabi/4.8.4/../../../../arm-none-eabi/lib/armv7e-m\libc.a(lib_a-atoi.o)
                              ..\obj\terminal.o (atoi)
c:/program files (x86)/gnu tools arm embedded/4.8 2014q3/bin/../lib/gcc/arm-none-eabi/4.8.4/../../../../arm-none-eabi/lib/armv7e-m\libc.a(lib_a-cxa_atexit.o)
                              c:/program files (x86)/gnu tools arm embedded/4.8 2014q3/bin/../lib/gcc/arm-none-eabi/4.8.4/../../../../arm-none-eabi/lib/armv7e-m\libc.a(lib_a-aeabi_atexit.o) (__cxa_atexit)
c:/program files (x86)/gnu tools arm embedded/4.8 2014q3/bin/../lib/gcc/arm-none-eabi/4.8.4/../../../../arm-none-eabi/lib/armv7e-m\libc.a(lib_a-exit.o)
                              c:/program files (x86)/gnu tools arm embedded/4.8 2014q3/bin/../lib/gcc/arm-none-eabi/4.8.4/../../../../arm-none-eabi/lib/armv7e-m/crt0.o (exit)
c:/program files (x86)/gnu tools arm embedded/4.8 2014q3/bin/../lib/gcc/arm-none-eabi/4.8.4/../../../../arm-none-eabi/lib/armv7e-m\libc.a(lib_a-impure.o)
                              c:/program files (x86)/gnu tools arm embedded/4.8 2014q3/bin/../lib/gcc/arm-none-eabi/4.8.4/../../../../arm-none-eabi/lib/armv7e-m\libc.a(lib_a-exit.o) (_global_impure_ptr)
c:/program files (x86)/gnu tools arm embedded/4.8 2014q3/bin/../lib/gcc/arm-none-eabi/4.8.4/../../../../arm-none-eabi/lib/armv7e-m\libc.a(lib_a-init.o)
                              c:/program files (x86)/gnu tools arm embedded/4.8 2014q3/bin/../lib/gcc/arm-none-eabi/4.8.4/../../../../arm-none-eabi/lib/armv7e-m/crt0.o (__libc_init_array)
c:/program files (x86)/gnu tools arm embedded/4.8 2014q3/bin/../lib/gcc/arm-none-eabi/4.8.4/../../../../arm-none-eabi/lib/armv7e-m\libc.a(lib_a-malloc.o)
                              ..\obj\terminal.o (malloc)
c:/program files (x86)/gnu tools arm embedded/4.8 2014q3/bin/../lib/gcc/arm-none-eabi/4.8.4/../../../../arm-none-eabi/lib/armv7e-m\libc.a(lib_a-mallocr.o)
[...]
Memory Configuration

Name             Origin             Length             Attributes
FLASH            0x08000000         0x00100000         xr
RAM              0x20000000         0x00020000         xrw
RAM1             0x10000000         0x00010000         xrw
*default*        0x00000000         0xffffffff

Linker script and memory map

LOAD c:/program files (x86)/gnu tools arm embedded/4.8 2014q3/bin/../lib/gcc/arm-none-eabi/4.8.4/armv7e-m/crti.o
LOAD c:/program files (x86)/gnu tools arm embedded/4.8 2014q3/bin/../lib/gcc/arm-none-eabi/4.8.4/armv7e-m/crtbegin.o
LOAD c:/program files (x86)/gnu tools arm embedded/4.8 2014q3/bin/../lib/gcc/arm-none-eabi/4.8.4/../../../../arm-none-eabi/lib/armv7e-m/crt0.o

.text           0x08000000     0xbc50
 *(.isr_vector)
 .isr_vector    0x08000000      0x188 ..\obj\startup_stm32f4xx.o
                0x08000000                g_pfnVectors
 *(.text*)
 .text          0x08000188       0x54 c:/program files (x86)/gnu tools arm embedded/4.8 2014q3/bin/../lib/gcc/arm-none-eabi/4.8.4/armv7e-m/crtbegin.o
 .text          0x080001dc       0x74 c:/program files (x86)/gnu tools arm embedded/4.8 2014q3/bin/../lib/gcc/arm-none-eabi/4.8.4/../../../../arm-none-eabi/lib/armv7e-m/crt0.o
                0x080001dc                _start
                0x080001dc                _mainCRTStartup
 .text._ZN18TemperaturSensorenC2Ev
                0x08000250       0x9c ..\obj\temp_sensors.o
                0x08000250                TemperaturSensoren::TemperaturSensoren()
                0x08000250                TemperaturSensoren::TemperaturSensoren()
 .text._ZN18TemperaturSensoren30startTempMeasurementAllSensorsEv
                0x080002ec       0x5c ..\obj\temp_sensors.o
                0x080002ec                TemperaturSensoren::startTempMeasurementAllSensors()
 .text._ZN18TemperaturSensoren25getAnzahlGefunderSensorenEv
                0x08000348       0x18 ..\obj\temp_sensors.o
                0x08000348                TemperaturSensoren::getAnzahlGefunderSensoren()
 .text._ZN18TemperaturSensoren16getAlleTempWerteEPf
                0x08000360       0x40 ..\obj\temp_sensors.o
                0x08000360                TemperaturSensoren::getAlleTempWerte(float*)
 .text.TM_DS18B20_StartAll
                0x080003a0       0x18 ..\obj\tm_stm32f4_ds18b20.o
                0x080003a0                TM_DS18B20_StartAll
 .text.TM_DS18B20_Read
                0x080003b8      0x19c ..\obj\tm_stm32f4_ds18b20.o
                0x080003b8                TM_DS18B20_Read
 .text.TM_DS18B20_GetResolution
                0x08000554       0x58 ..\obj\tm_stm32f4_ds18b20.o
                0x08000554                TM_DS18B20_GetResolution
 .text.TM_DS18B20_SetResolution
                0x080005ac       0xec ..\obj\tm_stm32f4_ds18b20.o
                0x080005ac                TM_DS18B20_SetResolution
 .text.TM_DS18B20_Is
                0x08000698       0x30 ..\obj\tm_stm32f4_ds18b20.o
                0x08000698                TM_DS18B20_Is
 .text.TM_DS18B20_AllDone
                0x080006c8       0x10 ..\obj\tm_stm32f4_ds18b20.o
                0x080006c8                TM_DS18B20_AllDone
 .text.Audio_MAL_IRQHandler
                0x080006d8       0xf8 ..\obj\stm32f4_discovery_audio_codec.o
 .text.DMA1_Stream7_IRQHandler
                0x080007d0        0xc ..\obj\stm32f4_discovery_audio_codec.o
                0x080007d0                DMA1_Stream7_IRQHandler
 .text.DMA1_Stream0_IRQHandler
                0x080007dc        0xc ..\obj\stm32f4_discovery_audio_codec.o
                0x080007dc                DMA1_Stream0_IRQHandler
 .text.SPI3_IRQHandler
                0x080007e8       0x40 ..\obj\stm32f4_discovery_audio_codec.o
                0x080007e8                SPI3_IRQHandler
 .text.USART_Init
                0x08000828      0x174 ..\obj\stm32f4xx_usart.o
                0x08000828                USART_Init
 .text.USART_Cmd
                0x0800099c       0x40 ..\obj\stm32f4xx_usart.o
                0x0800099c                USART_Cmd
 .text.USART_SendData
                0x080009dc       0x24 ..\obj\stm32f4xx_usart.o
                0x080009dc                USART_SendData
 .text.USART_ReceiveData
                0x08000a00       0x20 ..\obj\stm32f4xx_usart.o
                0x08000a00                USART_ReceiveData
 .text.USART_DMACmd
                0x08000a20       0x48 ..\obj\stm32f4xx_usart.o
                0x08000a20                USART_DMACmd
 .text.USART_ITConfig
                0x08000a68       0x90 ..\obj\stm32f4xx_usart.o
                0x08000a68                USART_ITConfig
 .text.USART_GetFlagStatus
                0x08000af8       0x38 ..\obj\stm32f4xx_usart.o
                0x08000af8                USART_GetFlagStatus
 .text.USART_ClearFlag
                0x08000b30       0x20 ..\obj\stm32f4xx_usart.o
                0x08000b30                USART_ClearFlag
 .text.USART_GetITStatus
                0x08000b50       0xb0 ..\obj\stm32f4xx_usart.o
                0x08000b50                USART_GetITStatus
 .text._ZN17QuadratureEncoderC2Ev
                0x08000c00       0xa0 ..\obj\quadrature_encoder.o
                0x08000c00                QuadratureEncoder::QuadratureEncoder()
                0x08000c00                QuadratureEncoder::QuadratureEncoder()
 .text._ZN17QuadratureEncoder5resetEv
                0x08000ca0       0x24 ..\obj\quadrature_encoder.o
                0x08000ca0                QuadratureEncoder::reset()
 .text._ZN3LedC2Ev
                0x08000cc4       0x18 ..\obj\led.o
                0x08000cc4                Led::Led()
                0x08000cc4                Led::Led()
 .text._ZN3LedD2Ev
                0x08000cdc       0x18 ..\obj\led.o
                0x08000cdc                Led::~Led()
                0x08000cdc                Led::~Led()
 .text._ZN3Led2OnEv
                0x08000cf4       0x14 ..\obj\led.o
                0x08000cf4                Led::On()
 .text._ZN3Led3OffEv
                0x08000d08       0x14 ..\obj\led.o
                0x08000d08                Led::Off()
 .text.DAC_SetChannel1Data
                0x08000d1c       0x34 ..\obj\stm32f4xx_dac.o
                0x08000d1c                DAC_SetChannel1Data
 .text.EXTI9_5_IRQHandler
                0x08000d50       0xb8 ..\obj\rotary.o
                0x08000d50                EXTI9_5_IRQHandler
 .text._ZN7StepperC2Ev
                0x08000e08       0x20 ..\obj\stepper.o
                0x08000e08                Stepper::Stepper()
                0x08000e08                Stepper::Stepper()
 .text._ZN7Stepper4InitEv
                0x08000e28       0x74 ..\obj\stepper.o
                0x08000e28                Stepper::Init()
 .text._ZN7Stepper4LeftEii
                0x08000e9c       0x48 ..\obj\stepper.o
                0x08000e9c                Stepper::Left(int, int)
 .text._ZN7Stepper5RightEii
                0x08000ee4       0x48 ..\obj\stepper.o
                0x08000ee4                Stepper::Right(int, int)
 .text._ZN7Stepper7Go2StepEi
                0x08000f2c       0x64 ..\obj\stepper.o
                0x08000f2c                Stepper::Go2Step(int)
 .text._ZN7Stepper8LeerlaufEv
                0x08000f90       0x30 ..\obj\stepper.o
                0x08000f90                Stepper::Leerlauf()
 .text._ZN7Stepper7RunStepEv
                0x08000fc0       0xb8 ..\obj\stepper.o
                0x08000fc0                Stepper::RunStep()
 .text._ZN7Stepper15EnableSingeltonEv
                0x08001078       0x1c ..\obj\stepper.o
                0x08001078                Stepper::EnableSingelton()
 .text._ZN7Stepper8InitTim2Eii
                0x08001094       0x80 ..\obj\stepper.o
                0x08001094                Stepper::InitTim2(int, int)
 .text.TIM2_IRQHandler
                0x08001114      0x230 ..\obj\stepper.o
                0x08001114                TIM2_IRQHandler
 .text.Default_Reset_Handler
                0x08001344       0x5c ..\obj\startup_stm32f4xx.o
                0x08001344                Default_Reset_Handler
                0x08001344                Reset_Handler
 .text.Default_Handler
                0x080013a0        0x8 ..\obj\startup_stm32f4xx.o
                0x080013a0                RTC_Alarm_IRQHandler
                0x080013a0                HASH_RNG_IRQHandler
                0x080013a0                EXTI2_IRQHandler
                0x080013a0                TIM8_CC_IRQHandler
                0x080013a0                DebugMon_Handler
                0x080013a0                TIM1_CC_IRQHandler
                0x080013a0                DMA2_Stream5_IRQHandler
                0x080013a0                HardFault_Handler
                0x080013a0                PVD_IRQHandler
                0x080013a0                SDIO_IRQHandler
                0x080013a0                TAMP_STAMP_IRQHandler
                0x080013a0                PendSV_Handler
                0x080013a0                NMI_Handler
                0x080013a0                CAN2_RX1_IRQHandler
                0x080013a0                EXTI3_IRQHandler
                0x080013a0                TIM8_TRG_COM_TIM14_IRQHandler
                0x080013a0                TIM1_UP_TIM10_IRQHandler
                0x080013a0                TIM8_UP_TIM13_IRQHandler
                0x080013a0                I2C3_ER_IRQHandler
                0x080013a0                EXTI0_IRQHandler
                0x080013a0                I2C2_EV_IRQHandler
                0x080013a0                DMA1_Stream2_IRQHandler
                0x080013a0                CAN1_RX0_IRQHandler
                0x080013a0                FPU_IRQHandler
                0x080013a0                OTG_HS_WKUP_IRQHandler
                0x080013a0                UsageFault_Handler
                0x080013a0                CAN2_SCE_IRQHandler
                0x080013a0                DMA2_Stream2_IRQHandler
                0x080013a0                SPI1_IRQHandler
                0x080013a0                TIM6_DAC_IRQHandler
                0x080013a0                TIM1_BRK_TIM9_IRQHandler
                0x080013a0                DCMI_IRQHandler
                0x080013a0                CAN2_RX0_IRQHandler
                0x080013a0                DMA2_Stream3_IRQHandler
                0x080013a0                USART6_IRQHandler
                0x080013a0                CRYP_IRQHandler
                0x080013a0                CAN1_RX1_IRQHandler
                0x080013a0                UART5_IRQHandler
                0x080013a0                DMA2_Stream0_IRQHandler
                0x080013a0                TIM4_IRQHandler
                0x080013a0                I2C1_EV_IRQHandler
                0x080013a0                DMA1_Stream6_IRQHandler
                0x080013a0                DMA1_Stream1_IRQHandler
                0x080013a0                UART4_IRQHandler
                0x080013a0                TIM3_IRQHandler
                0x080013a0                RCC_IRQHandler
                0x080013a0                TIM8_BRK_TIM12_IRQHandler
                0x080013a0                EXTI15_10_IRQHandler
                0x080013a0                ADC_IRQHandler
                0x080013a0                TIM7_IRQHandler
                0x080013a0                CAN2_TX_IRQHandler
                0x080013a0                TIM5_IRQHandler
                0x080013a0                DMA2_Stream7_IRQHandler
                0x080013a0                I2C3_EV_IRQHandler
                0x080013a0                RTC_WKUP_IRQHandler
                0x080013a0                ETH_WKUP_IRQHandler
                0x080013a0                SPI2_IRQHandler
                0x080013a0                OTG_HS_EP1_IN_IRQHandler
                0x080013a0                MemManage_Handler
                0x080013a0                CAN1_TX_IRQHandler
                0x080013a0                SVC_Handler
                0x080013a0                EXTI4_IRQHandler
                0x080013a0                FSMC_IRQHandler
                0x080013a0                ETH_IRQHandler
                0x080013a0                OTG_HS_EP1_OUT_IRQHandler
                0x080013a0                WWDG_IRQHandler
                0x080013a0                OTG_FS_WKUP_IRQHandler
                0x080013a0                TIM1_TRG_COM_TIM11_IRQHandler
                0x080013a0                OTG_HS_IRQHandler
                0x080013a0                EXTI1_IRQHandler
                0x080013a0                I2C2_ER_IRQHandler
                0x080013a0                DMA2_Stream1_IRQHandler
                0x080013a0                CAN1_SCE_IRQHandler
                0x080013a0                FLASH_IRQHandler
                0x080013a0                DMA2_Stream4_IRQHandler
                0x080013a0                BusFault_Handler
                0x080013a0                USART1_IRQHandler
                0x080013a0                OTG_FS_IRQHandler
                0x080013a0                DMA1_Stream4_IRQHandler
                0x080013a0                I2C1_ER_IRQHandler
                0x080013a0                DMA2_Stream6_IRQHandler
 .text.STM_EVAL_LEDInit
                0x080013a8       0x5c ..\obj\stm32f4_discovery.o
                0x080013a8                STM_EVAL_LEDInit
 .text.STM_EVAL_LEDOn
                0x08001404       0x30 ..\obj\stm32f4_discovery.o
                0x08001404                STM_EVAL_LEDOn
 .text.STM_EVAL_LEDOff
                0x08001434       0x30 ..\obj\stm32f4_discovery.o
                0x08001434                STM_EVAL_LEDOff
 .text.main     0x08001464      0x1e0 ..\obj\main.o
                0x08001464                main
 .text._Z41__static_initialization_and_destruction_0ii
                0x08001644       0x3c ..\obj\main.o
 .text._GLOBAL__sub_I_OutputString
                0x08001680       0x10 ..\obj\main.o
 .text.RCC_GetClocksFreq
                0x08001690      0x154 ..\obj\stm32f4xx_rcc.o
                0x08001690                RCC_GetClocksFreq
 .text.RCC_AHB1PeriphClockCmd
                0x080017e4       0x3c ..\obj\stm32f4xx_rcc.o
                0x080017e4                RCC_AHB1PeriphClockCmd
 .text.RCC_APB1PeriphClockCmd
                0x08001820       0x3c ..\obj\stm32f4xx_rcc.o
                0x08001820                RCC_APB1PeriphClockCmd
 .text.RCC_APB2PeriphClockCmd
                0x0800185c       0x3c ..\obj\stm32f4xx_rcc.o
                0x0800185c                RCC_APB2PeriphClockCmd
 .text.RCC_APB2PeriphResetCmd
                0x08001898       0x3c ..\obj\stm32f4xx_rcc.o
                0x08001898                RCC_APB2PeriphResetCmd
 .text._ZN7Fassade16InitGewaechshausEv
                0x080018d4       0x40 ..\obj\fassade.o
                0x080018d4                Fassade::InitGewaechshaus()
 .text._ZN7Fassade15RegelungFensterEv
                0x08001914      0x304 ..\obj\fassade.o
                0x08001914                Fassade::RegelungFenster()
 .text._ZN7Fassade15Window2PositionEi
                0x08001c18       0x68 ..\obj\fassade.o
                0x08001c18                Fassade::Window2Position(int)
 .text._ZN7Fassade19UpdateDisplayValuesEv
                0x08001c80      0x114 ..\obj\fassade.o
                0x08001c80                Fassade::UpdateDisplayValues()
 .text._ZN7Fassade19TerminalDisplayTempEv
                0x08001d94       0xe4 ..\obj\fassade.o
                0x08001d94                Fassade::TerminalDisplayTemp()
 .text._ZN10AmpermeterC2Ev
                0x08001e78       0x18 ..\obj\ampermeter.o
                0x08001e78                Ampermeter::Ampermeter()
                0x08001e78                Ampermeter::Ampermeter()
 .text._ZN10Ampermeter10getCurrentEv
                0x08001e90       0x70 ..\obj\ampermeter.o
                0x08001e90                Ampermeter::getCurrent()
 .text.ADC_DeInit
                0x08001f00       0x1c ..\obj\stm32f4xx_adc.o
                0x08001f00                ADC_DeInit
 .text.ADC_Init
                0x08001f1c       0xa8 ..\obj\stm32f4xx_adc.o
                0x08001f1c                ADC_Init
 .text.ADC_CommonInit
                0x08001fc4       0x50 ..\obj\stm32f4xx_adc.o
                0x08001fc4                ADC_CommonInit
 .text.ADC_Cmd  0x08002014       0x38 ..\obj\stm32f4xx_adc.o
                0x08002014                ADC_Cmd
 .text.ADC_RegularChannelConfig
                0x0800204c      0x188 ..\obj\stm32f4xx_adc.o
                0x0800204c                ADC_RegularChannelConfig
 .text.ADC_SoftwareStartConv
                0x080021d4       0x20 ..\obj\stm32f4xx_adc.o
                0x080021d4                ADC_SoftwareStartConv
 .text.ADC_DMACmd
                0x080021f4       0x38 ..\obj\stm32f4xx_adc.o
                0x080021f4                ADC_DMACmd
 .text.ADC_DMARequestAfterLastTransferCmd
                0x0800222c       0x38 ..\obj\stm32f4xx_adc.o
                0x0800222c                ADC_DMARequestAfterLastTransferCmd
 .text.NVIC_SetPriority
                0x08002264       0x54 ..\obj\stm32_ub_systick.o
 .text.SysTick_Config
                0x080022b8       0x44 ..\obj\stm32_ub_systick.o
 .text.UB_Systick_Init
                0x080022fc       0x68 ..\obj\stm32_ub_systick.o
                0x080022fc                UB_Systick_Init
 .text.UB_Systick_Pause_us
                0x08002364       0x28 ..\obj\stm32_ub_systick.o
                0x08002364                UB_Systick_Pause_us
 .text.UB_Systick_Pause_ms
                0x0800238c       0x2c ..\obj\stm32_ub_systick.o
                0x0800238c                UB_Systick_Pause_ms
 .text.SysTick_Handler
                0x080023b8       0x7c ..\obj\stm32_ub_systick.o
                0x080023b8                SysTick_Handler
 .text._ZN7DisplayC2Ei
                0x08002434       0x2c ..\obj\display.o
                0x08002434                Display::Display(int)
                0x08002434                Display::Display(int)
 .text._ZN7Display10SendViaDmaEPci
                0x08002460       0xac ..\obj\display.o
                0x08002460                Display::SendViaDma(char*, int)
 .text._ZN7Display4InitEv
                0x0800250c       0xa4 ..\obj\display.o
                0x0800250c                Display::Init()
 .text._ZN7Display7PutCharEti
                0x080025b0       0x6c ..\obj\display.o
                0x080025b0                Display::PutChar(unsigned short, int)
 .text._ZN7Display10SendStringEPci
                0x0800261c       0x64 ..\obj\display.o
                0x0800261c                Display::SendString(char*, int)
 .text._ZN7Display11SendMessageEPci
                0x08002680       0x58 ..\obj\display.o
                0x08002680                Display::SendMessage(char*, int)
 .text._ZN7Display8SendByteEPcii
                0x080026d8       0x6c ..\obj\display.o
                0x080026d8                Display::SendByte(char*, int, int)
 .text._ZN7Display9BacklightEci
                0x08002744       0x4c ..\obj\display.o
                0x08002744                Display::Backlight(char, int)
 .text._ZN7Display14SpecialCommandEci
                0x08002790       0x40 ..\obj\display.o
                0x08002790                Display::SpecialCommand(char, int)
 .text._ZN7Display17SetCursorPositionEcci
                0x080027d0       0x80 ..\obj\display.o
                0x080027d0                Display::SetCursorPosition(char, char, int)
 .text.TM_OneWire_Init
                0x08002850       0x40 ..\obj\tm_stm32f4_onewire.o
                0x08002850                TM_OneWire_Init
 .text.TM_OneWire_Reset
                0x08002890       0x5c ..\obj\tm_stm32f4_onewire.o
                0x08002890                TM_OneWire_Reset
 .text.TM_OneWire_ReadBit
                0x080028ec       0x64 ..\obj\tm_stm32f4_onewire.o
                0x080028ec                TM_OneWire_ReadBit
 .text.TM_OneWire_ReadByte
                0x08002950       0x3c ..\obj\tm_stm32f4_onewire.o
                0x08002950                TM_OneWire_ReadByte
 .text.TM_OneWire_WriteBit
                0x0800298c       0x5c ..\obj\tm_stm32f4_onewire.o
                0x0800298c                TM_OneWire_WriteBit
 .text.TM_OneWire_WriteByte
                0x080029e8       0x34 ..\obj\tm_stm32f4_onewire.o
                0x080029e8                TM_OneWire_WriteByte
 .text.TM_OneWire_First
                0x08002a1c       0x14 ..\obj\tm_stm32f4_onewire.o
                0x08002a1c                TM_OneWire_First
 .text.TM_OneWire_Next
                0x08002a30       0x10 ..\obj\tm_stm32f4_onewire.o
                0x08002a30                TM_OneWire_Next
 .text.TM_OneWire_ResetSearch
                0x08002a40       0x2c ..\obj\tm_stm32f4_onewire.o
                0x08002a40                TM_OneWire_ResetSearch
 .text.TM_OneWire_Search
                0x08002a6c      0x180 ..\obj\tm_stm32f4_onewire.o
                0x08002a6c                TM_OneWire_Search
 .text.TM_OneWire_SelectWithPointer
                0x08002bec       0x34 ..\obj\tm_stm32f4_onewire.o
                0x08002bec                TM_OneWire_SelectWithPointer
 .text.TM_OneWire_GetFullROM
                0x08002c20       0x38 ..\obj\tm_stm32f4_onewire.o
                0x08002c20                TM_OneWire_GetFullROM
 .text._ZN8TerminalC2Ei
                0x08002c58       0x74 ..\obj\terminal.o
                0x08002c58                Terminal::Terminal(int)
                0x08002c58                Terminal::Terminal(int)
 .text._ZN8Terminal11buffer_initEv
                0x08002ccc       0x34 ..\obj\terminal.o
                0x08002ccc                Terminal::buffer_init()
 .text._ZN8Terminal8BufferInEc
                0x08002d00       0x88 ..\obj\terminal.o
                0x08002d00                Terminal::BufferIn(char)
 .text._ZN8Terminal9BufferOutEPc
                0x08002d88       0x68 ..\obj\terminal.o
                0x08002d88                Terminal::BufferOut(char*)
 .text._ZN8Terminal10ReadBufferEPc
                0x08002df0       0x54 ..\obj\terminal.o
                0x08002df0                Terminal::ReadBuffer(char*)
 .text._ZN8Terminal13usart3InitDMAEv
                0x08002e44       0xc8 ..\obj\terminal.o
                0x08002e44                Terminal::usart3InitDMA()
 .text._ZN8Terminal10SendViaDmaEPci
                0x08002f0c       0xbc ..\obj\terminal.o
                0x08002f0c                Terminal::SendViaDma(char*, int)
 .text._ZN8Terminal10usart3InitEv
                0x08002fc8       0xe0 ..\obj\terminal.o
                0x08002fc8                Terminal::usart3Init()
 .text._ZN8Terminal11uartPutCharEt
                0x080030a8       0x3c ..\obj\terminal.o
                0x080030a8                Terminal::uartPutChar(unsigned short)
 .text._ZN8Terminal14uartSendStringEPc
                0x080030e4       0x2c ..\obj\terminal.o
                0x080030e4                Terminal::uartSendString(char*)
 .text._ZN8Terminal11SendMessageEPc
                0x08003110       0x24 ..\obj\terminal.o
                0x08003110                Terminal::SendMessage(char*)
 .text._ZN8Terminal18IsCommandoAvalibleEv
                0x08003134       0x8c ..\obj\terminal.o
                0x08003134                Terminal::IsCommandoAvalible()
 .text._ZN8Terminal15ProzessCommandoEv
                0x080031c0       0x84 ..\obj\terminal.o
                0x080031c0                Terminal::ProzessCommando()
 .text._ZN8Terminal15CommandoProzessEPc
                0x08003244      0x28c ..\obj\terminal.o
                0x08003244                Terminal::CommandoProzess(char*)
 .text._ZN8Terminal15EnableSingeltonEv
                0x080034d0       0x1c ..\obj\terminal.o
                0x080034d0                Terminal::EnableSingelton()
 .text.DMA1_Stream3_IRQHandler
                0x080034ec       0x30 ..\obj\terminal.o
                0x080034ec                DMA1_Stream3_IRQHandler
 .text.USART3_IRQHandler
                0x0800351c       0x48 ..\obj\terminal.o
                0x0800351c                USART3_IRQHandler
 .text.GPIO_Init
                0x08003564      0x11c ..\obj\stm32f4xx_gpio.o
                0x08003564                GPIO_Init
 .text.GPIO_ReadInputDataBit
                0x08003680       0x34 ..\obj\stm32f4xx_gpio.o
                0x08003680                GPIO_ReadInputDataBit
 .text.GPIO_SetBits
                0x080036b4       0x1c ..\obj\stm32f4xx_gpio.o
                0x080036b4                GPIO_SetBits
 .text.GPIO_ResetBits
                0x080036d0       0x1c ..\obj\stm32f4xx_gpio.o
                0x080036d0                GPIO_ResetBits
 .text.GPIO_WriteBit
                0x080036ec       0x30 ..\obj\stm32f4xx_gpio.o
                0x080036ec                GPIO_WriteBit
 .text.GPIO_PinAFConfig
                0x0800371c       0x8c ..\obj\stm32f4xx_gpio.o
                0x0800371c                GPIO_PinAFConfig
 .text.SystemInit
                0x080037a8       0x58 ..\obj\system_stm32f4xx.o
                0x080037a8                SystemInit
 .text.SetSysClock
                0x08003800       0xf4 ..\obj\system_stm32f4xx.o
 .text.DMA_DeInit
                0x080038f4      0x1a4 ..\obj\stm32f4xx_dma.o
                0x080038f4                DMA_DeInit
 .text.DMA_Init
                0x08003a98       0xac ..\obj\stm32f4xx_dma.o
                0x08003a98                DMA_Init
 .text.DMA_Cmd  0x08003b44       0x38 ..\obj\stm32f4xx_dma.o
                0x08003b44                DMA_Cmd
 .text.DMA_GetCmdStatus
                0x08003b7c       0x30 ..\obj\stm32f4xx_dma.o
                0x08003b7c                DMA_GetCmdStatus
 .text.DMA_GetFlagStatus
                0x08003bac       0x78 ..\obj\stm32f4xx_dma.o
                0x08003bac                DMA_GetFlagStatus
 .text.DMA_ClearFlag
                0x08003c24       0x5c ..\obj\stm32f4xx_dma.o
                0x08003c24                DMA_ClearFlag
 .text.DMA_ITConfig
                0x08003c80       0x74 ..\obj\stm32f4xx_dma.o
                0x08003c80                DMA_ITConfig
 .text.DMA_GetITStatus
                0x08003cf4       0xb0 ..\obj\stm32f4xx_dma.o
                0x08003cf4                DMA_GetITStatus
 .text.DMA_ClearITPendingBit
                0x08003da4       0x5c ..\obj\stm32f4xx_dma.o
                0x08003da4                DMA_ClearITPendingBit
 .text._ZN22AnalogDigitalConverterC2Ev
                0x08003e00      0x154 ..\obj\adc.o
                0x08003e00                AnalogDigitalConverter::AnalogDigitalConverter()
                0x08003e00                AnalogDigitalConverter::AnalogDigitalConverter()
 *fill*         0x08003f54        0x4 
 .text._ZN22AnalogDigitalConverter26getConvertedValueAsVoltageEi
                0x08003f58       0x50 ..\obj\adc.o
                0x08003f58                AnalogDigitalConverter::getConvertedValueAsVoltage(int)
 .text.EVAL_AUDIO_TransferComplete_CallBack
                0x08003fa8       0x14 ..\obj\stm32f4_discovery_callbacks.o
                0x08003fa8                EVAL_AUDIO_TransferComplete_CallBack
 .text.EVAL_AUDIO_GetSampleCallBack
                0x08003fbc       0x10 ..\obj\stm32f4_discovery_callbacks.o
                0x08003fbc                EVAL_AUDIO_GetSampleCallBack
 .text.SPI_I2S_SendData
                0x08003fcc       0x1c ..\obj\stm32f4xx_spi.o
                0x08003fcc                SPI_I2S_SendData
 .text.SPI_I2S_GetFlagStatus
                0x08003fe8       0x38 ..\obj\stm32f4xx_spi.o
                0x08003fe8                SPI_I2S_GetFlagStatus
 .text.EXTI_GetITStatus
                0x08004020       0x48 ..\obj\stm32f4xx_exti.o
                0x08004020                EXTI_GetITStatus
 .text.EXTI_ClearITPendingBit
                0x08004068       0x1c ..\obj\stm32f4xx_exti.o
                0x08004068                EXTI_ClearITPendingBit
 .text.NVIC_PriorityGroupConfig
                0x08004084       0x24 ..\obj\misc.o
                0x08004084                NVIC_PriorityGroupConfig
 .text.NVIC_Init
                0x080040a8       0xbc ..\obj\misc.o
                0x080040a8                NVIC_Init
 .text.TIM_TimeBaseInit
                0x08004164       0xd4 ..\obj\stm32f4xx_tim.o
                0x08004164                TIM_TimeBaseInit
 .text.TIM_SetAutoreload
                0x08004238       0x1c ..\obj\stm32f4xx_tim.o
                0x08004238                TIM_SetAutoreload
 .text.TIM_Cmd  0x08004254       0x40 ..\obj\stm32f4xx_tim.o
                0x08004254                TIM_Cmd
 .text.TIM_ICInit
                0x08004294       0xa8 ..\obj\stm32f4xx_tim.o
                0x08004294                TIM_ICInit
 .text.TIM_ICStructInit
                0x0800433c       0x30 ..\obj\stm32f4xx_tim.o
                0x0800433c                TIM_ICStructInit
 .text.TIM_SetIC1Prescaler
                0x0800436c       0x38 ..\obj\stm32f4xx_tim.o
                0x0800436c                TIM_SetIC1Prescaler
 .text.TIM_SetIC2Prescaler
                0x080043a4       0x3c ..\obj\stm32f4xx_tim.o
                0x080043a4                TIM_SetIC2Prescaler
 .text.TIM_SetIC3Prescaler
                0x080043e0       0x38 ..\obj\stm32f4xx_tim.o
                0x080043e0                TIM_SetIC3Prescaler
 .text.TIM_SetIC4Prescaler
                0x08004418       0x3c ..\obj\stm32f4xx_tim.o
                0x08004418                TIM_SetIC4Prescaler
 .text.TIM_ITConfig
                0x08004454       0x48 ..\obj\stm32f4xx_tim.o
                0x08004454                TIM_ITConfig
 .text.TIM_GetITStatus
                0x0800449c       0x54 ..\obj\stm32f4xx_tim.o
                0x0800449c                TIM_GetITStatus
 .text.TIM_ClearITPendingBit
                0x080044f0       0x20 ..\obj\stm32f4xx_tim.o
                0x080044f0                TIM_ClearITPendingBit
 .text.TIM_EncoderInterfaceConfig
                0x08004510       0x8c ..\obj\stm32f4xx_tim.o
                0x08004510                TIM_EncoderInterfaceConfig
 .text.TI1_Config
                0x0800459c       0x78 ..\obj\stm32f4xx_tim.o
 .text.TI2_Config
                0x08004614       0x8c ..\obj\stm32f4xx_tim.o
 .text.TI3_Config
                0x080046a0       0x84 ..\obj\stm32f4xx_tim.o
 .text.TI4_Config
                0x08004724       0x90 ..\obj\stm32f4xx_tim.o
 .text._ZN4XbeeC2Eii
                0x080047b4       0x84 ..\obj\xbee.o
                0x080047b4                Xbee::Xbee(int, int)
                0x080047b4                Xbee::Xbee(int, int)
 .text._ZN4Xbee11buffer_initEv
                0x08004838       0x34 ..\obj\xbee.o
                0x08004838                Xbee::buffer_init()
 .text._ZN4Xbee8BufferInEc
                0x0800486c       0x88 ..\obj\xbee.o
                0x0800486c                Xbee::BufferIn(char)
 .text._ZN4Xbee9BufferOutEPc
                0x080048f4       0x68 ..\obj\xbee.o
                0x080048f4                Xbee::BufferOut(char*)
 .text._ZN4Xbee10ReadBufferEPc
                0x0800495c       0x54 ..\obj\xbee.o
                0x0800495c                Xbee::ReadBuffer(char*)
 .text._ZN4Xbee7InitDMAEv
                0x080049b0       0xc8 ..\obj\xbee.o
                0x080049b0                Xbee::InitDMA()
 .text._ZN4Xbee4InitEv
                0x08004a78       0xd0 ..\obj\xbee.o
                0x08004a78                Xbee::Init()
 .text._ZN4Xbee7PutCharEt
                0x08004b48       0x3c ..\obj\xbee.o
                0x08004b48                Xbee::PutChar(unsigned short)
 .text._ZN4Xbee16SendTransmissionEccccPcc
                0x08004b84       0xd4 ..\obj\xbee.o
                0x08004b84                Xbee::SendTransmission(char, char, char, char, char*, char)
 .text._ZN4Xbee18IsCommandoAvalibleEv
                0x08004c58       0x70 ..\obj\xbee.o
                0x08004c58                Xbee::IsCommandoAvalible()
 .text._ZN4Xbee15ProzessCommandoEv
                0x08004cc8       0xfc ..\obj\xbee.o
                0x08004cc8                Xbee::ProzessCommando()
 .text._ZN4Xbee15CommandoProzessEPc
                0x08004dc4      0x174 ..\obj\xbee.o
                0x08004dc4                Xbee::CommandoProzess(char*)
 .text.DMA1_Stream5_IRQHandler
                0x08004f38       0x30 ..\obj\xbee.o
                0x08004f38                DMA1_Stream5_IRQHandler
 .text.USART2_IRQHandler
                0x08004f68       0x54 ..\obj\xbee.o
                0x08004f68                USART2_IRQHandler
 .text          0x08004fbc      0x370 c:/program files (x86)/gnu tools arm embedded/4.8 2014q3/bin/../lib/gcc/arm-none-eabi/4.8.4/armv7e-m\libgcc.a(_arm_addsubdf3.o)
                0x08004fbc                __aeabi_drsub
                0x08004fc4                __aeabi_dsub
                0x08004fc4                __subdf3
                0x08004fc8                __aeabi_dadd
                0x08004fc8                __adddf3
                0x08005240                __floatunsidf
                0x08005240                __aeabi_ui2d
                0x08005260                __floatsidf
                0x08005260                __aeabi_i2d
                0x08005284                __aeabi_f2d
                0x08005284                __extendsfdf2
                0x080052c0                __floatundidf
                0x080052c0                __aeabi_ul2d
                0x080052d0                __floatdidf
                0x080052d0                __aeabi_l2d
 .text          0x0800532c      0x424 c:/program files (x86)/gnu tools arm embedded/4.8 2014q3/bin/../lib/gcc/arm-none-eabi/4.8.4/armv7e-m\libgcc.a(_arm_muldivdf3.o)
                0x0800532c                __aeabi_dmul
                0x0800532c                __muldf3
                0x08005580                __divdf3
                0x08005580                __aeabi_ddiv
 .text          0x08005750       0x50 c:/program files (x86)/gnu tools arm embedded/4.8 2014q3/bin/../lib/gcc/arm-none-eabi/4.8.4/armv7e-m\libgcc.a(_arm_fixdfsi.o)
                0x08005750                __aeabi_d2iz
                0x08005750                __fixdfsi
 .text          0x080057a0       0xa0 c:/program files (x86)/gnu tools arm embedded/4.8 2014q3/bin/../lib/gcc/arm-none-eabi/4.8.4/armv7e-m\libgcc.a(_arm_truncdfsf2.o)
                0x080057a0                __truncdfsf2
                0x080057a0                __aeabi_d2f
 .text          0x08005840      0x21c c:/program files (x86)/gnu tools arm embedded/4.8 2014q3/bin/../lib/gcc/arm-none-eabi/4.8.4/armv7e-m\libgcc.a(_arm_addsubsf3.o)
                0x08005840                __aeabi_frsub
                0x08005848                __subsf3
                0x08005848                __aeabi_fsub
                0x0800584c                __aeabi_fadd
                0x0800584c                __addsf3
                0x080059ac                __aeabi_ui2f
                0x080059ac                __floatunsisf
                0x080059b4                __aeabi_i2f
                0x080059b4                __floatsisf
                0x080059d0                __aeabi_ul2f
                0x080059d0                __floatundisf
                0x080059e0                __aeabi_l2f
                0x080059e0                __floatdisf
 .text          0x08005a5c      0x2a0 c:/program files (x86)/gnu tools arm embedded/4.8 2014q3/bin/../lib/gcc/arm-none-eabi/4.8.4/armv7e-m\libgcc.a(_arm_muldivsf3.o)
                0x08005a5c                __mulsf3
                0x08005a5c                __aeabi_fmul
                0x08005bc4                __aeabi_fdiv
                0x08005bc4                __divsf3
 .text          0x08005cfc       0xec c:/program files (x86)/gnu tools arm embedded/4.8 2014q3/bin/../lib/gcc/arm-none-eabi/4.8.4/armv7e-m\libgcc.a(_arm_cmpsf2.o)
                0x08005cfc                __gesf2
                0x08005cfc                __gtsf2
                0x08005d04                __lesf2
                0x08005d04                __ltsf2
                0x08005d0c                __nesf2
                0x08005d0c                __eqsf2
                0x08005d0c                __cmpsf2
                0x08005d6c                __aeabi_cfrcmple
                0x08005d74                __aeabi_cfcmpeq
                0x08005d74                __aeabi_cfcmple
                0x08005d84                __aeabi_fcmpeq
                0x08005d98                __aeabi_fcmplt
                0x08005dac                __aeabi_fcmple
                0x08005dc0                __aeabi_fcmpge
                0x08005dd4                __aeabi_fcmpgt
 .text          0x08005de8       0x4c c:/program files (x86)/gnu tools arm embedded/4.8 2014q3/bin/../lib/gcc/arm-none-eabi/4.8.4/armv7e-m\libgcc.a(_arm_fixsfsi.o)
                0x08005de8                __aeabi_f2iz
                0x08005de8                __fixsfsi
 .text          0x08005e34      0xa1c c:/program files (x86)/gnu tools arm embedded/4.8 2014q3/bin/../lib/gcc/arm-none-eabi/4.8.4/armv7e-m\libgcc.a(unwind-arm.o)
                0x08006118                _Unwind_GetCFA
                0x0800611c                __gnu_Unwind_RaiseException
                0x0800617c                __gnu_Unwind_ForcedUnwind
                0x08006190                __gnu_Unwind_Resume
                0x080061d4                __gnu_Unwind_Resume_or_Rethrow
                0x080061e4                _Unwind_Complete
                0x080061e8                _Unwind_DeleteException
                0x080061f8                _Unwind_VRS_Get
                0x08006248                _Unwind_VRS_Set
                0x08006298                __gnu_Unwind_Backtrace
                0x080065ec                __aeabi_unwind_cpp_pr0
                0x080065f4                __aeabi_unwind_cpp_pr1
                0x080065fc                __aeabi_unwind_cpp_pr2
                0x08006604                _Unwind_VRS_Pop
 .text          0x08006850      0x1ac c:/program files (x86)/gnu tools arm embedded/4.8 2014q3/bin/../lib/gcc/arm-none-eabi/4.8.4/armv7e-m\libgcc.a(libunwind.o)
                0x08006850                __restore_core_regs
                0x08006850                restore_core_regs
                0x08006868                __gnu_Unwind_Restore_VFP
                0x08006870                __gnu_Unwind_Save_VFP
                0x08006878                __gnu_Unwind_Restore_VFP_D
                0x08006880                __gnu_Unwind_Save_VFP_D
                0x08006888                __gnu_Unwind_Restore_VFP_D_16_to_31
                0x08006890                __gnu_Unwind_Save_VFP_D_16_to_31
                0x08006898                __gnu_Unwind_Restore_WMMXD
                0x080068dc                __gnu_Unwind_Save_WMMXD
                0x08006920                __gnu_Unwind_Restore_WMMXC
                0x08006934                __gnu_Unwind_Save_WMMXC
                0x08006948                ___Unwind_RaiseException
                0x08006948                _Unwind_RaiseException
                0x0800696c                _Unwind_Resume
                0x0800696c                ___Unwind_Resume
                0x08006990                _Unwind_Resume_or_Rethrow
                0x08006990                ___Unwind_Resume_or_Rethrow
                0x080069b4                _Unwind_ForcedUnwind
                0x080069b4                ___Unwind_ForcedUnwind
                0x080069d8                ___Unwind_Backtrace
                0x080069d8                _Unwind_Backtrace
 .text          0x080069fc      0x33c c:/program files (x86)/gnu tools arm embedded/4.8 2014q3/bin/../lib/gcc/arm-none-eabi/4.8.4/armv7e-m\libgcc.a(pr-support.o)
                0x08006a50                __gnu_unwind_execute
                0x08006cdc                __gnu_unwind_frame
                0x08006d08                _Unwind_GetRegionStart
                0x08006d14                _Unwind_GetLanguageSpecificData
                0x08006d28                _Unwind_GetDataRelBase
                0x08006d30                _Unwind_GetTextRelBase
 .text.abort    0x08006d38       0x10 c:/program files (x86)/gnu tools arm embedded/4.8 2014q3/bin/../lib/gcc/arm-none-eabi/4.8.4/../../../../arm-none-eabi/lib/armv7e-m\libc.a(lib_a-abort.o)
                0x08006d38                abort
 .text.__aeabi_atexit
                0x08006d48        0xc c:/program files (x86)/gnu tools arm embedded/4.8 2014q3/bin/../lib/gcc/arm-none-eabi/4.8.4/../../../../arm-none-eabi/lib/armv7e-m\libc.a(lib_a-aeabi_atexit.o)
                0x08006d48                __aeabi_atexit
 .text.atoi     0x08006d54        0x8 c:/program files (x86)/gnu tools arm embedded/4.8 2014q3/bin/../lib/gcc/arm-none-eabi/4.8.4/../../../../arm-none-eabi/lib/armv7e-m\libc.a(lib_a-atoi.o)
                0x08006d54                atoi
 .text.__cxa_atexit
                0x08006d5c       0x14 c:/program files (x86)/gnu tools arm embedded/4.8 2014q3/bin/../lib/gcc/arm-none-eabi/4.8.4/../../../../arm-none-eabi/lib/armv7e-m\libc.a(lib_a-cxa_atexit.o)
                0x08006d5c                __cxa_atexit
 .text.exit     0x08006d70       0x20 c:/program files (x86)/gnu tools arm embedded/4.8 2014q3/bin/../lib/gcc/arm-none-eabi/4.8.4/../../../../arm-none-eabi/lib/armv7e-m\libc.a(lib_a-exit.o)
                0x08006d70                exit
 .text.__libc_init_array
                0x08006d90       0x50 c:/program files (x86)/gnu tools arm embedded/4.8 2014q3/bin/../lib/gcc/arm-none-eabi/4.8.4/../../../../arm-none-eabi/lib/armv7e-m\libc.a(lib_a-init.o)
                0x08006d90                __libc_init_array
 .text.malloc   0x08006de0       0x10 c:/program files (x86)/gnu tools arm embedded/4.8 2014q3/bin/../lib/gcc/arm-none-eabi/4.8.4/../../../../arm-none-eabi/lib/armv7e-m\libc.a(lib_a-malloc.o)
                0x08006de0                malloc
 .text.free     0x08006df0       0x10 c:/program files (x86)/gnu tools arm embedded/4.8 2014q3/bin/../lib/gcc/arm-none-eabi/4.8.4/../../../../arm-none-eabi/lib/armv7e-m\libc.a(lib_a-malloc.o)
                0x08006df0                free
 .text._malloc_r
                0x08006e00      0x538 c:/program files (x86)/gnu tools arm embedded/4.8 2014q3/bin/../lib/gcc/arm-none-eabi/4.8.4/../../../../arm-none-eabi/lib/armv7e-m\libc.a(lib_a-mallocr.o)
                0x08006e00                _malloc_r
 .text          0x08007338      0x134 c:/program files (x86)/gnu tools arm embedded/4.8 2014q3/bin/../lib/gcc/arm-none-eabi/4.8.4/../../../../arm-none-eabi/lib/armv7e-m\libc.a(lib_a-memcpy.o)
                0x08007338                memcpy
 .text.memset   0x0800746c       0x94 c:/program files (x86)/gnu tools arm embedded/4.8 2014q3/bin/../lib/gcc/arm-none-eabi/4.8.4/../../../../arm-none-eabi/lib/armv7e-m\libc.a(lib_a-memset.o)
                0x0800746c                memset
 .text.__malloc_lock
                0x08007500        0x4 c:/program files (x86)/gnu tools arm embedded/4.8 2014q3/bin/../lib/gcc/arm-none-eabi/4.8.4/../../../../arm-none-eabi/lib/armv7e-m\libc.a(lib_a-mlock.o)
                0x08007500                __malloc_lock
 .text.__malloc_unlock
                0x08007504        0x4 c:/program files (x86)/gnu tools arm embedded/4.8 2014q3/bin/../lib/gcc/arm-none-eabi/4.8.4/../../../../arm-none-eabi/lib/armv7e-m\libc.a(lib_a-mlock.o)
                0x08007504                __malloc_unlock
 .text._sbrk_r  0x08007508       0x24 c:/program files (x86)/gnu tools arm embedded/4.8 2014q3/bin/../lib/gcc/arm-none-eabi/4.8.4/../../../../arm-none-eabi/lib/armv7e-m\libc.a(lib_a-sbrkr.o)
                0x08007508                _sbrk_r
 .text._raise_r
                0x0800752c       0x58 c:/program files (x86)/gnu tools arm embedded/4.8 2014q3/bin/../lib/gcc/arm-none-eabi/4.8.4/../../../../arm-none-eabi/lib/armv7e-m\libc.a(lib_a-signal.o)
                0x0800752c                _raise_r
 .text.raise    0x08007584       0x10 c:/program files (x86)/gnu tools arm embedded/4.8 2014q3/bin/../lib/gcc/arm-none-eabi/4.8.4/../../../../arm-none-eabi/lib/armv7e-m\libc.a(lib_a-signal.o)
                0x08007584                raise
 .text._kill_r  0x08007594       0x28 c:/program files (x86)/gnu tools arm embedded/4.8 2014q3/bin/../lib/gcc/arm-none-eabi/4.8.4/../../../../arm-none-eabi/lib/armv7e-m\libc.a(lib_a-signalr.o)
                0x08007594                _kill_r
 .text._getpid_r
                0x080075bc        0x4 c:/program files (x86)/gnu tools arm embedded/4.8 2014q3/bin/../lib/gcc/arm-none-eabi/4.8.4/../../../../arm-none-eabi/lib/armv7e-m\libc.a(lib_a-signalr.o)
                0x080075bc                _getpid_r
 .text.sprintf  0x080075c0       0x4c c:/program files (x86)/gnu tools arm embedded/4.8 2014q3/bin/../lib/gcc/arm-none-eabi/4.8.4/../../../../arm-none-eabi/lib/armv7e-m\libc.a(lib_a-sprintf.o)
                0x080075c0                sprintf
 .text          0x0800760c      0x21c c:/program files (x86)/gnu tools arm embedded/4.8 2014q3/bin/../lib/gcc/arm-none-eabi/4.8.4/../../../../arm-none-eabi/lib/armv7e-m\libc.a(lib_a-strcmp.o)
                0x0800760c                strcmp
 .text.strcpy   0x08007828       0xbc c:/program files (x86)/gnu tools arm embedded/4.8 2014q3/bin/../lib/gcc/arm-none-eabi/4.8.4/../../../../arm-none-eabi/lib/armv7e-m\libc.a(lib_a-strcpy.o)
                0x08007828                strcpy
 .text.strlen   0x080078e4       0x60 c:/program files (x86)/gnu tools arm embedded/4.8 2014q3/bin/../lib/gcc/arm-none-eabi/4.8.4/../../../../arm-none-eabi/lib/armv7e-m\libc.a(lib_a-strlen.o)
                0x080078e4                strlen
 .text.strtok   0x08007944       0x10 c:/program files (x86)/gnu tools arm embedded/4.8 2014q3/bin/../lib/gcc/arm-none-eabi/4.8.4/../../../../arm-none-eabi/lib/armv7e-m\libc.a(lib_a-strtok.o)
                0x08007944                strtok
 .text.__strtok_r
                0x08007954       0x64 c:/program files (x86)/gnu tools arm embedded/4.8 2014q3/bin/../lib/gcc/arm-none-eabi/4.8.4/../../../../arm-none-eabi/lib/armv7e-m\libc.a(lib_a-strtok_r.o)
                0x08007954                __strtok_r
 .text._strtol_r
                0x080079b8      0x114 c:/program files (x86)/gnu tools arm embedded/4.8 2014q3/bin/../lib/gcc/arm-none-eabi/4.8.4/../../../../arm-none-eabi/lib/armv7e-m\libc.a(lib_a-strtol.o)
                0x080079b8                _strtol_r
 .text.strtol   0x08007acc       0x18 c:/program files (x86)/gnu tools arm embedded/4.8 2014q3/bin/../lib/gcc/arm-none-eabi/4.8.4/../../../../arm-none-eabi/lib/armv7e-m\libc.a(lib_a-strtol.o)
                0x08007acc                strtol
 .text._svfprintf_r
                0x08007ae4     0x14f8 c:/program files (x86)/gnu tools arm embedded/4.8 2014q3/bin/../lib/gcc/arm-none-eabi/4.8.4/../../../../arm-none-eabi/lib/armv7e-m\libc.a(lib_a-svfprintf.o)
                0x08007ae4                _svfprintf_r
 .text.__register_exitproc
                0x08008fdc       0xa8 c:/program files (x86)/gnu tools arm embedded/4.8 2014q3/bin/../lib/gcc/arm-none-eabi/4.8.4/../../../../arm-none-eabi/lib/armv7e-m\libc.a(lib_a-__atexit.o)
                0x08008fdc                __register_exitproc
 .text.startup.register_fini
                0x08009084       0x14 c:/program files (x86)/gnu tools arm embedded/4.8 2014q3/bin/../lib/gcc/arm-none-eabi/4.8.4/../../../../arm-none-eabi/lib/armv7e-m\libc.a(lib_a-__call_atexit.o)
 .text.__call_exitprocs
                0x08009098       0xf0 c:/program files (x86)/gnu tools arm embedded/4.8 2014q3/bin/../lib/gcc/arm-none-eabi/4.8.4/../../../../arm-none-eabi/lib/armv7e-m\libc.a(lib_a-__call_atexit.o)
                0x08009098                __call_exitprocs
 .text.atexit   0x08009188        0xc c:/program files (x86)/gnu tools arm embedded/4.8 2014q3/bin/../lib/gcc/arm-none-eabi/4.8.4/../../../../arm-none-eabi/lib/armv7e-m\libc.a(lib_a-atexit.o)
                0x08009188                atexit
 .text.quorem   0x08009194      0x130 c:/program files (x86)/gnu tools arm embedded/4.8 2014q3/bin/../lib/gcc/arm-none-eabi/4.8.4/../../../../arm-none-eabi/lib/armv7e-m\libc.a(lib_a-dtoa.o)
 *fill*         0x080092c4        0x4 
 .text._dtoa_r  0x080092c8      0xe38 c:/program files (x86)/gnu tools arm embedded/4.8 2014q3/bin/../lib/gcc/arm-none-eabi/4.8.4/../../../../arm-none-eabi/lib/armv7e-m\libc.a(lib_a-dtoa.o)
                0x080092c8                _dtoa_r
 .text.__libc_fini_array
                0x0800a100       0x30 c:/program files (x86)/gnu tools arm embedded/4.8 2014q3/bin/../lib/gcc/arm-none-eabi/4.8.4/../../../../arm-none-eabi/lib/armv7e-m\libc.a(lib_a-fini.o)
                0x0800a100                __libc_fini_array
 .text._malloc_trim_r
                0x0800a130       0x9c c:/program files (x86)/gnu tools arm embedded/4.8 2014q3/bin/../lib/gcc/arm-none-eabi/4.8.4/../../../../arm-none-eabi/lib/armv7e-m\libc.a(lib_a-freer.o)
                0x0800a130                _malloc_trim_r
 .text._free_r  0x0800a1cc      0x19c c:/program files (x86)/gnu tools arm embedded/4.8 2014q3/bin/../lib/gcc/arm-none-eabi/4.8.4/../../../../arm-none-eabi/lib/armv7e-m\libc.a(lib_a-freer.o)
                0x0800a1cc                _free_r
 .text._localeconv_r
                0x0800a368        0x8 c:/program files (x86)/gnu tools arm embedded/4.8 2014q3/bin/../lib/gcc/arm-none-eabi/4.8.4/../../../../arm-none-eabi/lib/armv7e-m\libc.a(lib_a-locale.o)
                0x0800a368                _localeconv_r
 .text.memchr   0x0800a370       0x90 c:/program files (x86)/gnu tools arm embedded/4.8 2014q3/bin/../lib/gcc/arm-none-eabi/4.8.4/../../../../arm-none-eabi/lib/armv7e-m\libc.a(lib_a-memchr-stub.o)
                0x0800a370                memchr
 .text._Balloc  0x0800a400       0x4c c:/program files (x86)/gnu tools arm embedded/4.8 2014q3/bin/../lib/gcc/arm-none-eabi/4.8.4/../../../../arm-none-eabi/lib/armv7e-m\libc.a(lib_a-mprec.o)
                0x0800a400                _Balloc
 .text._Bfree   0x0800a44c       0x14 c:/program files (x86)/gnu tools arm embedded/4.8 2014q3/bin/../lib/gcc/arm-none-eabi/4.8.4/../../../../arm-none-eabi/lib/armv7e-m\libc.a(lib_a-mprec.o)
                0x0800a44c                _Bfree
 .text.__multadd
                0x0800a460       0x98 c:/program files (x86)/gnu tools arm embedded/4.8 2014q3/bin/../lib/gcc/arm-none-eabi/4.8.4/../../../../arm-none-eabi/lib/armv7e-m\libc.a(lib_a-mprec.o)
                0x0800a460                __multadd
 .text.__hi0bits
                0x0800a4f8       0x40 c:/program files (x86)/gnu tools arm embedded/4.8 2014q3/bin/../lib/gcc/arm-none-eabi/4.8.4/../../../../arm-none-eabi/lib/armv7e-m\libc.a(lib_a-mprec.o)
                0x0800a4f8                __hi0bits
 .text.__lo0bits
                0x0800a538       0x5c c:/program files (x86)/gnu tools arm embedded/4.8 2014q3/bin/../lib/gcc/arm-none-eabi/4.8.4/../../../../arm-none-eabi/lib/armv7e-m\libc.a(lib_a-mprec.o)
                0x0800a538                __lo0bits
 .text.__i2b    0x0800a594       0x14 c:/program files (x86)/gnu tools arm embedded/4.8 2014q3/bin/../lib/gcc/arm-none-eabi/4.8.4/../../../../arm-none-eabi/lib/armv7e-m\libc.a(lib_a-mprec.o)
                0x0800a594                __i2b
 .text.__multiply
                0x0800a5a8      0x13c c:/program files (x86)/gnu tools arm embedded/4.8 2014q3/bin/../lib/gcc/arm-none-eabi/4.8.4/../../../../arm-none-eabi/lib/armv7e-m\libc.a(lib_a-mprec.o)
                0x0800a5a8                __multiply
 .text.__pow5mult
                0x0800a6e4       0x9c c:/program files (x86)/gnu tools arm embedded/4.8 2014q3/bin/../lib/gcc/arm-none-eabi/4.8.4/../../../../arm-none-eabi/lib/armv7e-m\libc.a(lib_a-mprec.o)
                0x0800a6e4                __pow5mult
 .text.__lshift
                0x0800a780       0xbc c:/program files (x86)/gnu tools arm embedded/4.8 2014q3/bin/../lib/gcc/arm-none-eabi/4.8.4/../../../../arm-none-eabi/lib/armv7e-m\libc.a(lib_a-mprec.o)
                0x0800a780                __lshift
 .text.__mcmp   0x0800a83c       0x48 c:/program files (x86)/gnu tools arm embedded/4.8 2014q3/bin/../lib/gcc/arm-none-eabi/4.8.4/../../../../arm-none-eabi/lib/armv7e-m\libc.a(lib_a-mprec.o)
                0x0800a83c                __mcmp
 .text.__mdiff  0x0800a884       0xd4 c:/program files (x86)/gnu tools arm embedded/4.8 2014q3/bin/../lib/gcc/arm-none-eabi/4.8.4/../../../../arm-none-eabi/lib/armv7e-m\libc.a(lib_a-mprec.o)
                0x0800a884                __mdiff
 .text.__d2b    0x0800a958       0xbc c:/program files (x86)/gnu tools arm embedded/4.8 2014q3/bin/../lib/gcc/arm-none-eabi/4.8.4/../../../../arm-none-eabi/lib/armv7e-m\libc.a(lib_a-mprec.o)
                0x0800a958                __d2b
 .text.__fpclassifyd
                0x0800aa14       0x50 c:/program files (x86)/gnu tools arm embedded/4.8 2014q3/bin/../lib/gcc/arm-none-eabi/4.8.4/../../../../arm-none-eabi/lib/armv7e-m\libc.a(lib_a-s_fpclassify.o)
                0x0800aa14                __fpclassifyd
 .text.__ssprint_r
                0x0800aa64      0x100 c:/program files (x86)/gnu tools arm embedded/4.8 2014q3/bin/../lib/gcc/arm-none-eabi/4.8.4/../../../../arm-none-eabi/lib/armv7e-m\libc.a(lib_a-svfiprintf.o)
                0x0800aa64                __ssprint_r
 .text._calloc_r
                0x0800ab64       0x60 c:/program files (x86)/gnu tools arm embedded/4.8 2014q3/bin/../lib/gcc/arm-none-eabi/4.8.4/../../../../arm-none-eabi/lib/armv7e-m\libc.a(lib_a-callocr.o)
                0x0800ab64                _calloc_r
 .text.memmove  0x0800abc4       0xc0 c:/program files (x86)/gnu tools arm embedded/4.8 2014q3/bin/../lib/gcc/arm-none-eabi/4.8.4/../../../../arm-none-eabi/lib/armv7e-m\libc.a(lib_a-memmove.o)
                0x0800abc4                memmove
 .text._realloc_r
                0x0800ac84      0x3cc c:/program files (x86)/gnu tools arm embedded/4.8 2014q3/bin/../lib/gcc/arm-none-eabi/4.8.4/../../../../arm-none-eabi/lib/armv7e-m\libc.a(lib_a-reallocr.o)
                0x0800ac84                _realloc_r
 .text._getpid  0x0800b050       0x10 c:/program files (x86)/gnu tools arm embedded/4.8 2014q3/bin/../lib/gcc/arm-none-eabi/4.8.4/../../../../arm-none-eabi/lib/armv7e-m\libnosys.a(getpid.o)
                0x0800b050                _getpid
 .text._kill    0x0800b060       0x10 c:/program files (x86)/gnu tools arm embedded/4.8 2014q3/bin/../lib/gcc/arm-none-eabi/4.8.4/../../../../arm-none-eabi/lib/armv7e-m\libnosys.a(kill.o)
                0x0800b060                _kill
 .text._sbrk    0x0800b070       0x34 c:/program files (x86)/gnu tools arm embedded/4.8 2014q3/bin/../lib/gcc/arm-none-eabi/4.8.4/../../../../arm-none-eabi/lib/armv7e-m\libnosys.a(sbrk.o)
                0x0800b070                _sbrk
 .text._exit    0x0800b0a4        0x4 c:/program files (x86)/gnu tools arm embedded/4.8 2014q3/bin/../lib/gcc/arm-none-eabi/4.8.4/../../../../arm-none-eabi/lib/armv7e-m\libnosys.a(_exit.o)
                0x0800b0a4                _exit
 .text          0x0800b0a8      0x110 c:/program files (x86)/gnu tools arm embedded/4.8 2014q3/bin/../lib/gcc/arm-none-eabi/4.8.4/armv7e-m\libgcc.a(_arm_cmpdf2.o)
                0x0800b0a8                __gtdf2
                0x0800b0a8                __gedf2
                0x0800b0b0                __ltdf2
                0x0800b0b0                __ledf2
                0x0800b0b8                __nedf2
                0x0800b0b8                __eqdf2
                0x0800b0b8                __cmpdf2
                0x0800b134                __aeabi_cdrcmple
                0x0800b144                __aeabi_cdcmpeq
                0x0800b144                __aeabi_cdcmple
                0x0800b154                __aeabi_dcmpeq
                0x0800b168                __aeabi_dcmplt
                0x0800b17c                __aeabi_dcmple
                0x0800b190                __aeabi_dcmpge
                0x0800b1a4                __aeabi_dcmpgt
 .text          0x0800b1b8       0x2c c:/program files (x86)/gnu tools arm embedded/4.8 2014q3/bin/../lib/gcc/arm-none-eabi/4.8.4/armv7e-m\libgcc.a(_aeabi_uldivmod.o)
                0x0800b1b8                __aeabi_uldivmod
 .text          0x0800b1e4       0x60 c:/program files (x86)/gnu tools arm embedded/4.8 2014q3/bin/../lib/gcc/arm-none-eabi/4.8.4/armv7e-m\libgcc.a(bpabi.o)
                0x0800b1e4                __gnu_ldivmod_helper
                0x0800b214                __gnu_uldivmod_helper
 .text          0x0800b244        0x4 c:/program files (x86)/gnu tools arm embedded/4.8 2014q3/bin/../lib/gcc/arm-none-eabi/4.8.4/armv7e-m\libgcc.a(_dvmd_tls.o)
                0x0800b244                __aeabi_idiv0
                0x0800b244                __aeabi_ldiv0
 .text          0x0800b248      0x298 c:/program files (x86)/gnu tools arm embedded/4.8 2014q3/bin/../lib/gcc/arm-none-eabi/4.8.4/armv7e-m\libgcc.a(_divdi3.o)
                0x0800b248                __divdi3
 .text          0x0800b4e0      0x284 c:/program files (x86)/gnu tools arm embedded/4.8 2014q3/bin/../lib/gcc/arm-none-eabi/4.8.4/armv7e-m\libgcc.a(_udivdi3.o)
                0x0800b4e0                __udivdi3
 *(.init)
 .init          0x0800b764        0x4 c:/program files (x86)/gnu tools arm embedded/4.8 2014q3/bin/../lib/gcc/arm-none-eabi/4.8.4/armv7e-m/crti.o
                0x0800b764                _init
 .init          0x0800b768        0x8 c:/program files (x86)/gnu tools arm embedded/4.8 2014q3/bin/../lib/gcc/arm-none-eabi/4.8.4/armv7e-m/crtn.o
 *(.fini)
 .fini          0x0800b770        0x4 c:/program files (x86)/gnu tools arm embedded/4.8 2014q3/bin/../lib/gcc/arm-none-eabi/4.8.4/armv7e-m/crti.o
                0x0800b770                _fini
 .fini          0x0800b774        0x8 c:/program files (x86)/gnu tools arm embedded/4.8 2014q3/bin/../lib/gcc/arm-none-eabi/4.8.4/armv7e-m/crtn.o
 *crtbegin.o(.ctors)
 *crtbegin?.o(.ctors)
 *(EXCLUDE_FILE(*crtend.o *crtend?.o) .ctors)
 *(SORT(.ctors.*))
 *(.ctors)
 *crtbegin.o(.dtors)
 *crtbegin?.o(.dtors)
 *(EXCLUDE_FILE(*crtend.o *crtend?.o) .dtors)
 *(SORT(.dtors.*))
 *(.dtors)
 *(.rodata*)
 .rodata        0x0800b77c       0x40 ..\obj\stepper.o
 .rodata        0x0800b7bc       0x30 ..\obj\stm32f4_discovery.o
                0x0800b7bc                GPIO_PIN
                0x0800b7c4                GPIO_CLK
                0x0800b7d4                BUTTON_PIN
                0x0800b7d8                BUTTON_CLK
                0x0800b7dc                BUTTON_EXTI_LINE
                0x0800b7e0                BUTTON_PORT_SOURCE
                0x0800b7e4                BUTTON_PIN_SOURCE
                0x0800b7e8                BUTTON_IRQn
 .rodata        0x0800b7ec       0x1c ..\obj\main.o
 .rodata        0x0800b808       0x74 ..\obj\fassade.o
 .rodata        0x0800b87c       0xe8 ..\obj\terminal.o
 .rodata        0x0800b964       0x5c ..\obj\xbee.o
 .rodata.str1.4
                0x0800b9c0        0x2 c:/program files (x86)/gnu tools arm embedded/4.8 2014q3/bin/../lib/gcc/arm-none-eabi/4.8.4/../../../../arm-none-eabi/lib/armv7e-m\libc.a(lib_a-impure.o)
                                  0x4 (size before relaxing)
 *fill*         0x0800b9c2        0x2 
 .rodata._global_impure_ptr
                0x0800b9c4        0x4 c:/program files (x86)/gnu tools arm embedded/4.8 2014q3/bin/../lib/gcc/arm-none-eabi/4.8.4/../../../../arm-none-eabi/lib/armv7e-m\libc.a(lib_a-impure.o)
                0x0800b9c4                _global_impure_ptr
 .rodata.zeroes.6763
                0x0800b9c8       0x10 c:/program files (x86)/gnu tools arm embedded/4.8 2014q3/bin/../lib/gcc/arm-none-eabi/4.8.4/../../../../arm-none-eabi/lib/armv7e-m\libc.a(lib_a-svfprintf.o)
 .rodata.str1.4
                0x0800b9d8       0x42 c:/program files (x86)/gnu tools arm embedded/4.8 2014q3/bin/../lib/gcc/arm-none-eabi/4.8.4/../../../../arm-none-eabi/lib/armv7e-m\libc.a(lib_a-svfprintf.o)
                                 0x44 (size before relaxing)
 *fill*         0x0800ba1a        0x2 
 .rodata.blanks.6762
                0x0800ba1c       0x10 c:/program files (x86)/gnu tools arm embedded/4.8 2014q3/bin/../lib/gcc/arm-none-eabi/4.8.4/../../../../arm-none-eabi/lib/armv7e-m\libc.a(lib_a-svfprintf.o)
 .rodata._ctype_
                0x0800ba2c      0x104 c:/program files (x86)/gnu tools arm embedded/4.8 2014q3/bin/../lib/gcc/arm-none-eabi/4.8.4/../../../../arm-none-eabi/lib/armv7e-m\libc.a(lib_a-ctype_.o)
                0x0800ba2c                _ctype_
 .rodata.str1.4
                0x0800bb30       0x10 c:/program files (x86)/gnu tools arm embedded/4.8 2014q3/bin/../lib/gcc/arm-none-eabi/4.8.4/../../../../arm-none-eabi/lib/armv7e-m\libc.a(lib_a-dtoa.o)
                                 0x14 (size before relaxing)
 .rodata.str1.4
                0x0800bb40        0xc c:/program files (x86)/gnu tools arm embedded/4.8 2014q3/bin/../lib/gcc/arm-none-eabi/4.8.4/../../../../arm-none-eabi/lib/armv7e-m\libc.a(lib_a-locale.o)
                                 0x14 (size before relaxing)
 *fill*         0x0800bb4c        0x4 
 .rodata.__mprec_tens
                0x0800bb50       0xc8 c:/program files (x86)/gnu tools arm embedded/4.8 2014q3/bin/../lib/gcc/arm-none-eabi/4.8.4/../../../../arm-none-eabi/lib/armv7e-m\libc.a(lib_a-mprec.o)
                0x0800bb50                __mprec_tens
 .rodata.__mprec_bigtens
                0x0800bc18       0x28 c:/program files (x86)/gnu tools arm embedded/4.8 2014q3/bin/../lib/gcc/arm-none-eabi/4.8.4/../../../../arm-none-eabi/lib/armv7e-m\libc.a(lib_a-mprec.o)
                0x0800bc18                __mprec_bigtens
 .rodata.p05.5269
                0x0800bc40        0xc c:/program files (x86)/gnu tools arm embedded/4.8 2014q3/bin/../lib/gcc/arm-none-eabi/4.8.4/../../../../arm-none-eabi/lib/armv7e-m\libc.a(lib_a-mprec.o)
 *(.eh_frame*)
 .eh_frame      0x0800bc4c        0x0 c:/program files (x86)/gnu tools arm embedded/4.8 2014q3/bin/../lib/gcc/arm-none-eabi/4.8.4/armv7e-m/crtbegin.o
 .eh_frame      0x0800bc4c        0x4 c:/program files (x86)/gnu tools arm embedded/4.8 2014q3/bin/../lib/gcc/arm-none-eabi/4.8.4/armv7e-m/crtend.o

.glue_7         0x0800bc50        0x0
 .glue_7        0x00000000        0x0 linker stubs

.glue_7t        0x0800bc50        0x0
 .glue_7t       0x00000000        0x0 linker stubs

.vfp11_veneer   0x0800bc50        0x0
 .vfp11_veneer  0x00000000        0x0 linker stubs

.v4_bx          0x0800bc50        0x0
 .v4_bx         0x00000000        0x0 linker stubs

.iplt           0x0800bc50        0x0
 .iplt          0x00000000        0x0 c:/program files (x86)/gnu tools arm embedded/4.8 2014q3/bin/../lib/gcc/arm-none-eabi/4.8.4/armv7e-m/crtbegin.o

.ARM.extab      0x0800bc50      0x27c
 *(.ARM.extab* .gnu.linkonce.armextab.*)
 .ARM.extab.text._ZN18TemperaturSensorenC2Ev
                0x0800bc50        0xc ..\obj\temp_sensors.o
 .ARM.extab.text._ZN18TemperaturSensoren30startTempMeasurementAllSensorsEv
                0x0800bc5c        0xc ..\obj\temp_sensors.o
 .ARM.extab.text._ZN17QuadratureEncoderC2Ev
                0x0800bc68        0xc ..\obj\quadrature_encoder.o
 .ARM.extab.text._ZN3LedC2Ev
                0x0800bc74        0xc ..\obj\led.o
 .ARM.extab.text._ZN3Led2OnEv
                0x0800bc80        0xc ..\obj\led.o
 .ARM.extab.text._ZN3Led3OffEv
                0x0800bc8c        0xc ..\obj\led.o
 .ARM.extab.text.EXTI9_5_IRQHandler
                0x0800bc98        0xc ..\obj\rotary.o
 .ARM.extab.text._ZN7StepperC2Ev
                0x0800bca4        0xc ..\obj\stepper.o
 .ARM.extab.text._ZN7Stepper4InitEv
                0x0800bcb0        0xc ..\obj\stepper.o
 .ARM.extab.text._ZN7Stepper4LeftEii
                0x0800bcbc        0xc ..\obj\stepper.o
 .ARM.extab.text._ZN7Stepper5RightEii
                0x0800bcc8        0xc ..\obj\stepper.o
 .ARM.extab.text._ZN7Stepper7Go2StepEi
                0x0800bcd4        0xc ..\obj\stepper.o
 .ARM.extab.text._ZN7Stepper8LeerlaufEv
                0x0800bce0        0xc ..\obj\stepper.o
 .ARM.extab.text._ZN7Stepper7RunStepEv
                0x0800bcec        0xc ..\obj\stepper.o
 .ARM.extab.text._ZN7Stepper8InitTim2Eii
                0x0800bcf8        0xc ..\obj\stepper.o
 .ARM.extab.text.TIM2_IRQHandler
                0x0800bd04        0xc ..\obj\stepper.o
 .ARM.extab.text.main
                0x0800bd10        0xc ..\obj\main.o
 .ARM.extab.text._ZN7Fassade16InitGewaechshausEv
                0x0800bd1c        0xc ..\obj\fassade.o
 .ARM.extab.text._ZN7Fassade15Window2PositionEi
                0x0800bd28        0xc ..\obj\fassade.o
 .ARM.extab.text._ZN10Ampermeter10getCurrentEv
                0x0800bd34        0xc ..\obj\ampermeter.o
 .ARM.extab.text._ZN7DisplayC2Ei
                0x0800bd40        0xc ..\obj\display.o
 .ARM.extab.text._ZN7Display10SendViaDmaEPci
                0x0800bd4c        0xc ..\obj\display.o
 .ARM.extab.text._ZN7Display4InitEv
                0x0800bd58        0xc ..\obj\display.o
 .ARM.extab.text._ZN7Display7PutCharEti
                0x0800bd64        0xc ..\obj\display.o
 .ARM.extab.text._ZN7Display10SendStringEPci
                0x0800bd70        0xc ..\obj\display.o
 .ARM.extab.text._ZN7Display11SendMessageEPci
                0x0800bd7c        0xc ..\obj\display.o
 .ARM.extab.text._ZN7Display8SendByteEPcii
                0x0800bd88        0xc ..\obj\display.o
 .ARM.extab.text._ZN7Display9BacklightEci
                0x0800bd94        0xc ..\obj\display.o
 .ARM.extab.text._ZN7Display14SpecialCommandEci
                0x0800bda0        0xc ..\obj\display.o
 .ARM.extab.text._ZN7Display17SetCursorPositionEcci
                0x0800bdac        0xc ..\obj\display.o
 .ARM.extab.text._ZN8TerminalC2Ei
                0x0800bdb8        0xc ..\obj\terminal.o
 .ARM.extab.text._ZN8Terminal13usart3InitDMAEv
                0x0800bdc4        0xc ..\obj\terminal.o
 .ARM.extab.text._ZN8Terminal10SendViaDmaEPci
                0x0800bdd0        0xc ..\obj\terminal.o
 .ARM.extab.text._ZN8Terminal10usart3InitEv
                0x0800bddc        0xc ..\obj\terminal.o
 .ARM.extab.text._ZN8Terminal11uartPutCharEt
                0x0800bde8        0xc ..\obj\terminal.o
 .ARM.extab.text._ZN8Terminal14uartSendStringEPc
                0x0800bdf4        0xc ..\obj\terminal.o
 .ARM.extab.text._ZN8Terminal11SendMessageEPc
                0x0800be00        0xc ..\obj\terminal.o
 .ARM.extab.text._ZN8Terminal18IsCommandoAvalibleEv
                0x0800be0c        0xc ..\obj\terminal.o
 .ARM.extab.text._ZN8Terminal15ProzessCommandoEv
                0x0800be18        0xc ..\obj\terminal.o
 .ARM.extab.text._ZN8Terminal15CommandoProzessEPc
                0x0800be24        0xc ..\obj\terminal.o
 .ARM.extab.text.USART3_IRQHandler
                0x0800be30        0xc ..\obj\terminal.o
 .ARM.extab.text._ZN22AnalogDigitalConverterC2Ev
                0x0800be3c        0xc ..\obj\adc.o
 .ARM.extab.text._ZN4XbeeC2Eii
                0x0800be48        0xc ..\obj\xbee.o
 .ARM.extab.text._ZN4Xbee7InitDMAEv
                0x0800be54        0xc ..\obj\xbee.o
 .ARM.extab.text._ZN4Xbee4InitEv
                0x0800be60        0xc ..\obj\xbee.o
 .ARM.extab.text._ZN4Xbee7PutCharEt
                0x0800be6c        0xc ..\obj\xbee.o
 .ARM.extab.text._ZN4Xbee16SendTransmissionEccccPcc
                0x0800be78        0xc ..\obj\xbee.o
 .ARM.extab.text._ZN4Xbee15ProzessCommandoEv
                0x0800be84        0xc ..\obj\xbee.o
 .ARM.extab.text._ZN4Xbee15CommandoProzessEPc
                0x0800be90        0xc ..\obj\xbee.o
 .ARM.extab.text.USART2_IRQHandler
                0x0800be9c        0xc ..\obj\xbee.o
 .ARM.extab     0x0800bea8        0xc c:/program files (x86)/gnu tools arm embedded/4.8 2014q3/bin/../lib/gcc/arm-none-eabi/4.8.4/armv7e-m\libgcc.a(unwind-arm.o)
 .ARM.extab     0x0800beb4       0x18 c:/program files (x86)/gnu tools arm embedded/4.8 2014q3/bin/../lib/gcc/arm-none-eabi/4.8.4/armv7e-m\libgcc.a(pr-support.o)
                0x0800becc                __exidx_start = .

.ARM.exidx      0x0800becc      0x308
 *(.ARM.exidx* .gnu.linkonce.armexidx.*)
 .ARM.exidx     0x0800becc        0x8 c:/program files (x86)/gnu tools arm embedded/4.8 2014q3/bin/../lib/gcc/arm-none-eabi/4.8.4/../../../../arm-none-eabi/lib/armv7e-m/crt0.o
 .ARM.exidx.text._ZN18TemperaturSensorenC2Ev
                0x0800bed4        0x8 ..\obj\temp_sensors.o
 .ARM.exidx.text._ZN18TemperaturSensoren30startTempMeasurementAllSensorsEv
                0x0800bedc        0x8 ..\obj\temp_sensors.o
 .ARM.exidx.text._ZN18TemperaturSensoren25getAnzahlGefunderSensorenEv
                0x0800bee4        0x8 ..\obj\temp_sensors.o
 .ARM.exidx.text._ZN18TemperaturSensoren16getAlleTempWerteEPf
                0x0800beec        0x0 ..\obj\temp_sensors.o
                                  0x8 (size before relaxing)
 .ARM.exidx.text._ZN17QuadratureEncoderC2Ev
                0x0800beec        0x8 ..\obj\quadrature_encoder.o
 .ARM.exidx.text._ZN17QuadratureEncoder5resetEv
                0x0800bef4        0x8 ..\obj\quadrature_encoder.o
 .ARM.exidx.text._ZN3LedC2Ev
                0x0800befc        0x8 ..\obj\led.o
 .ARM.exidx.text._ZN3LedD2Ev
                0x0800bf04        0x8 ..\obj\led.o
 .ARM.exidx.text._ZN3Led2OnEv
                0x0800bf0c        0x8 ..\obj\led.o
 .ARM.exidx.text._ZN3Led3OffEv
                0x0800bf14       0x10 ..\obj\led.o
                                  0x8 (size before relaxing)
 .ARM.exidx.text.EXTI9_5_IRQHandler
                0x0800bf24        0x8 ..\obj\rotary.o
 .ARM.exidx.text._ZN7StepperC2Ev
                0x0800bf2c        0x8 ..\obj\stepper.o
 .ARM.exidx.text._ZN7Stepper4InitEv
                0x0800bf34        0x8 ..\obj\stepper.o
 .ARM.exidx.text._ZN7Stepper4LeftEii
                0x0800bf3c        0x8 ..\obj\stepper.o
 .ARM.exidx.text._ZN7Stepper5RightEii
                0x0800bf44        0x8 ..\obj\stepper.o
 .ARM.exidx.text._ZN7Stepper7Go2StepEi
                0x0800bf4c        0x8 ..\obj\stepper.o
 .ARM.exidx.text._ZN7Stepper8LeerlaufEv
                0x0800bf54        0x8 ..\obj\stepper.o
 .ARM.exidx.text._ZN7Stepper7RunStepEv
                0x0800bf5c        0x8 ..\obj\stepper.o
 .ARM.exidx.text._ZN7Stepper15EnableSingeltonEv
                0x0800bf64        0x8 ..\obj\stepper.o
 .ARM.exidx.text._ZN7Stepper8InitTim2Eii
                0x0800bf6c        0x8 ..\obj\stepper.o
 .ARM.exidx.text.TIM2_IRQHandler
                0x0800bf74       0x10 ..\obj\stepper.o
                                  0x8 (size before relaxing)
 .ARM.exidx.text.main
                0x0800bf84        0x8 ..\obj\main.o
 .ARM.exidx.text._Z41__static_initialization_and_destruction_0ii
                0x0800bf8c        0x8 ..\obj\main.o
 .ARM.exidx.text._GLOBAL__sub_I_OutputString
                0x0800bf94        0x0 ..\obj\main.o
                                  0x8 (size before relaxing)
 .ARM.exidx.text._ZN7Fassade16InitGewaechshausEv
                0x0800bf94        0x8 ..\obj\fassade.o
 .ARM.exidx.text._ZN7Fassade15RegelungFensterEv
                0x0800bf9c        0x8 ..\obj\fassade.o
 .ARM.exidx.text._ZN7Fassade15Window2PositionEi
                0x0800bfa4        0x8 ..\obj\fassade.o
 .ARM.exidx.text._ZN7Fassade19UpdateDisplayValuesEv
                0x0800bfac        0x8 ..\obj\fassade.o
 .ARM.exidx.text._ZN7Fassade19TerminalDisplayTempEv
                0x0800bfb4        0x8 ..\obj\fassade.o
 .ARM.exidx.text._ZN10AmpermeterC2Ev
                0x0800bfbc        0x8 ..\obj\ampermeter.o
 .ARM.exidx.text._ZN10Ampermeter10getCurrentEv
                0x0800bfc4       0x10 ..\obj\ampermeter.o
                                  0x8 (size before relaxing)
 .ARM.exidx.text._ZN7DisplayC2Ei
                0x0800bfd4        0x8 ..\obj\display.o
 .ARM.exidx.text._ZN7Display10SendViaDmaEPci
                0x0800bfdc        0x8 ..\obj\display.o
 .ARM.exidx.text._ZN7Display4InitEv
                0x0800bfe4        0x8 ..\obj\display.o
 .ARM.exidx.text._ZN7Display7PutCharEti
                0x0800bfec        0x8 ..\obj\display.o
 .ARM.exidx.text._ZN7Display10SendStringEPci
                0x0800bff4        0x8 ..\obj\display.o
 .ARM.exidx.text._ZN7Display11SendMessageEPci
                0x0800bffc        0x8 ..\obj\display.o
 .ARM.exidx.text._ZN7Display8SendByteEPcii
                0x0800c004        0x8 ..\obj\display.o
 .ARM.exidx.text._ZN7Display9BacklightEci
                0x0800c00c        0x8 ..\obj\display.o
 .ARM.exidx.text._ZN7Display14SpecialCommandEci
                0x0800c014        0x8 ..\obj\display.o
 .ARM.exidx.text._ZN7Display17SetCursorPositionEcci
                0x0800c01c       0x10 ..\obj\display.o
                                  0x8 (size before relaxing)
 .ARM.exidx.text._ZN8TerminalC2Ei
                0x0800c02c        0x8 ..\obj\terminal.o
 .ARM.exidx.text._ZN8Terminal11buffer_initEv
                0x0800c034        0x8 ..\obj\terminal.o
 .ARM.exidx.text._ZN8Terminal8BufferInEc
                0x0800c03c        0x0 ..\obj\terminal.o
                                  0x8 (size before relaxing)
 .ARM.exidx.text._ZN8Terminal9BufferOutEPc
                0x0800c03c        0x0 ..\obj\terminal.o
                                  0x8 (size before relaxing)
 .ARM.exidx.text._ZN8Terminal10ReadBufferEPc
                0x0800c03c        0x0 ..\obj\terminal.o
                                  0x8 (size before relaxing)
 .ARM.exidx.text._ZN8Terminal13usart3InitDMAEv
                0x0800c03c        0x8 ..\obj\terminal.o
 .ARM.exidx.text._ZN8Terminal10SendViaDmaEPci
                0x0800c044        0x8 ..\obj\terminal.o
 .ARM.exidx.text._ZN8Terminal10usart3InitEv
                0x0800c04c        0x8 ..\obj\terminal.o
 .ARM.exidx.text._ZN8Terminal11uartPutCharEt
                0x0800c054        0x8 ..\obj\terminal.o
 .ARM.exidx.text._ZN8Terminal14uartSendStringEPc
                0x0800c05c        0x8 ..\obj\terminal.o
 .ARM.exidx.text._ZN8Terminal11SendMessageEPc
                0x0800c064        0x8 ..\obj\terminal.o
 .ARM.exidx.text._ZN8Terminal18IsCommandoAvalibleEv
                0x0800c06c        0x8 ..\obj\terminal.o
 .ARM.exidx.text._ZN8Terminal15ProzessCommandoEv
                0x0800c074        0x8 ..\obj\terminal.o
 .ARM.exidx.text._ZN8Terminal15CommandoProzessEPc
                0x0800c07c        0x8 ..\obj\terminal.o
 .ARM.exidx.text._ZN8Terminal15EnableSingeltonEv
                0x0800c084        0x8 ..\obj\terminal.o
 .ARM.exidx.text.DMA1_Stream3_IRQHandler
                0x0800c08c        0x8 ..\obj\terminal.o
 .ARM.exidx.text.USART3_IRQHandler
                0x0800c094       0x10 ..\obj\terminal.o
                                  0x8 (size before relaxing)
 .ARM.exidx.text._ZN22AnalogDigitalConverterC2Ev
                0x0800c0a4        0x8 ..\obj\adc.o
 .ARM.exidx.text._ZN22AnalogDigitalConverter26getConvertedValueAsVoltageEi
                0x0800c0ac        0x8 ..\obj\adc.o
 .ARM.exidx.text._ZN4XbeeC2Eii
                0x0800c0b4        0x8 ..\obj\xbee.o
 .ARM.exidx.text._ZN4Xbee11buffer_initEv
                0x0800c0bc        0x8 ..\obj\xbee.o
 .ARM.exidx.text._ZN4Xbee8BufferInEc
                0x0800c0c4        0x0 ..\obj\xbee.o
                                  0x8 (size before relaxing)
 .ARM.exidx.text._ZN4Xbee9BufferOutEPc
                0x0800c0c4        0x0 ..\obj\xbee.o
                                  0x8 (size before relaxing)
 .ARM.exidx.text._ZN4Xbee10ReadBufferEPc
                0x0800c0c4        0x0 ..\obj\xbee.o
                                  0x8 (size before relaxing)
 .ARM.exidx.text._ZN4Xbee7InitDMAEv
                0x0800c0c4        0x8 ..\obj\xbee.o
 .ARM.exidx.text._ZN4Xbee4InitEv
                0x0800c0cc        0x8 ..\obj\xbee.o
 .ARM.exidx.text._ZN4Xbee7PutCharEt
                0x0800c0d4        0x8 ..\obj\xbee.o
 .ARM.exidx.text._ZN4Xbee16SendTransmissionEccccPcc
                0x0800c0dc        0x8 ..\obj\xbee.o
 .ARM.exidx.text._ZN4Xbee18IsCommandoAvalibleEv
                0x0800c0e4        0x8 ..\obj\xbee.o
 .ARM.exidx.text._ZN4Xbee15ProzessCommandoEv
                0x0800c0ec        0x8 ..\obj\xbee.o
 .ARM.exidx.text._ZN4Xbee15CommandoProzessEPc
                0x0800c0f4        0x8 ..\obj\xbee.o
 .ARM.exidx.text.DMA1_Stream5_IRQHandler
                0x0800c0fc        0x8 ..\obj\xbee.o
 .ARM.exidx.text.USART2_IRQHandler
                0x0800c104       0x10 ..\obj\xbee.o
                                  0x8 (size before relaxing)
 .ARM.exidx     0x0800c114       0x88 c:/program files (x86)/gnu tools arm embedded/4.8 2014q3/bin/../lib/gcc/arm-none-eabi/4.8.4/armv7e-m\libgcc.a(unwind-arm.o)
                                 0xd8 (size before relaxing)
 .ARM.exidx     0x0800c19c       0x38 c:/program files (x86)/gnu tools arm embedded/4.8 2014q3/bin/../lib/gcc/arm-none-eabi/4.8.4/armv7e-m\libgcc.a(pr-support.o)
                                 0x48 (size before relaxing)
 .ARM.exidx     0x0800c1d4        0x0 c:/program files (x86)/gnu tools arm embedded/4.8 2014q3/bin/../lib/gcc/arm-none-eabi/4.8.4/armv7e-m\libgcc.a(_divdi3.o)
                                  0x8 (size before relaxing)
 .ARM.exidx     0x0800c1d4        0x0 c:/program files (x86)/gnu tools arm embedded/4.8 2014q3/bin/../lib/gcc/arm-none-eabi/4.8.4/armv7e-m\libgcc.a(_udivdi3.o)
                                  0x8 (size before relaxing)
                0x0800c1d4                __exidx_end = .
                0x0800c1d4                __etext = .
                0x0800c1d4                _sidata = __etext

.rel.dyn        0x0800c1d4        0x0
 .rel.iplt      0x00000000        0x0 c:/program files (x86)/gnu tools arm embedded/4.8 2014q3/bin/../lib/gcc/arm-none-eabi/4.8.4/armv7e-m/crtbegin.o

.data           0x20000000      0xa54 load address 0x0800c1d4
                0x20000000                __data_start__ = .
                0x20000000                _sdata = __data_start__
 *(vtable)
 *(.data*)
 .data          0x20000000        0x4 c:/program files (x86)/gnu tools arm embedded/4.8 2014q3/bin/../lib/gcc/arm-none-eabi/4.8.4/armv7e-m/crtbegin.o
                0x20000000                __dso_handle
 .data          0x20000004       0x34 ..\obj\stm32f4_discovery_audio_codec.o
                0x20000004                AudioTotalSize
                0x20000008                AudioRemSize
                0x2000000c                CODECTimeout
                0x20000010                CurrAudioInterface
                0x20000014                AUDIO_MAL_DMA_CLOCK
                0x20000018                AUDIO_MAL_DMA_STREAM
                0x2000001c                AUDIO_MAL_DMA_DREG
                0x20000020                AUDIO_MAL_DMA_IRQ
                0x20000024                AUDIO_MAL_DMA_FLAG_TC
                0x20000028                AUDIO_MAL_DMA_FLAG_HT
                0x2000002c                AUDIO_MAL_DMA_FLAG_FE
                0x20000030                AUDIO_MAL_DMA_FLAG_TE
                0x20000034                AUDIO_MAL_DMA_FLAG_DME
 .data          0x20000038       0x14 ..\obj\stm32f4_discovery.o
                0x20000038                GPIO_PORT
                0x20000048                BUTTON_PORT
 .data          0x2000004c       0x10 ..\obj\stm32f4xx_rcc.o
 .data          0x2000005c       0x5c ..\obj\fassade.o
                0x200000b4                idealeTemp
 .data          0x200000b8      0x110 ..\obj\terminal.o
 .data.impure_data
                0x200001c8      0x428 c:/program files (x86)/gnu tools arm embedded/4.8 2014q3/bin/../lib/gcc/arm-none-eabi/4.8.4/../../../../arm-none-eabi/lib/armv7e-m\libc.a(lib_a-impure.o)
 .data._impure_ptr
                0x200005f0        0x4 c:/program files (x86)/gnu tools arm embedded/4.8 2014q3/bin/../lib/gcc/arm-none-eabi/4.8.4/../../../../arm-none-eabi/lib/armv7e-m\libc.a(lib_a-impure.o)
                0x200005f0                _impure_ptr
 .data.__malloc_av_
                0x200005f4      0x408 c:/program files (x86)/gnu tools arm embedded/4.8 2014q3/bin/../lib/gcc/arm-none-eabi/4.8.4/../../../../arm-none-eabi/lib/armv7e-m\libc.a(lib_a-mallocr.o)
                0x200005f4                __malloc_av_
 .data.__malloc_trim_threshold
                0x200009fc        0x4 c:/program files (x86)/gnu tools arm embedded/4.8 2014q3/bin/../lib/gcc/arm-none-eabi/4.8.4/../../../../arm-none-eabi/lib/armv7e-m\libc.a(lib_a-mallocr.o)
                0x200009fc                __malloc_trim_threshold
 .data.__malloc_sbrk_base
                0x20000a00        0x4 c:/program files (x86)/gnu tools arm embedded/4.8 2014q3/bin/../lib/gcc/arm-none-eabi/4.8.4/../../../../arm-none-eabi/lib/armv7e-m\libc.a(lib_a-mallocr.o)
                0x20000a00                __malloc_sbrk_base
 .data.__ctype_ptr__
                0x20000a04        0x4 c:/program files (x86)/gnu tools arm embedded/4.8 2014q3/bin/../lib/gcc/arm-none-eabi/4.8.4/../../../../arm-none-eabi/lib/armv7e-m\libc.a(lib_a-ctype_.o)
                0x20000a04                __ctype_ptr__
 .data.lconv    0x20000a08       0x38 c:/program files (x86)/gnu tools arm embedded/4.8 2014q3/bin/../lib/gcc/arm-none-eabi/4.8.4/../../../../arm-none-eabi/lib/armv7e-m\libc.a(lib_a-locale.o)
                0x20000a40                . = ALIGN (0x4)
                0x20000a40                PROVIDE (__preinit_array_start, .)
 *(.preinit_array)
                0x20000a40                PROVIDE (__preinit_array_end, .)
                0x20000a40                . = ALIGN (0x4)
                0x20000a40                PROVIDE (__init_array_start, .)
 *(SORT(.init_array.*))
 .init_array.00000
                0x20000a40        0x4 c:/program files (x86)/gnu tools arm embedded/4.8 2014q3/bin/../lib/gcc/arm-none-eabi/4.8.4/../../../../arm-none-eabi/lib/armv7e-m\libc.a(lib_a-__call_atexit.o)
 *(.init_array)
 .init_array    0x20000a44        0x4 c:/program files (x86)/gnu tools arm embedded/4.8 2014q3/bin/../lib/gcc/arm-none-eabi/4.8.4/armv7e-m/crtbegin.o
 .init_array    0x20000a48        0x4 ..\obj\main.o
                0x20000a4c                PROVIDE (__init_array_end, .)
                0x20000a4c                . = ALIGN (0x4)
                0x20000a4c                PROVIDE (__fini_array_start, .)
 *(SORT(.fini_array.*))
 *(.fini_array)
 .fini_array    0x20000a4c        0x4 c:/program files (x86)/gnu tools arm embedded/4.8 2014q3/bin/../lib/gcc/arm-none-eabi/4.8.4/armv7e-m/crtbegin.o
                0x20000a50                PROVIDE (__fini_array_end, .)
 *(.jcr*)
 .jcr           0x20000a50        0x0 c:/program files (x86)/gnu tools arm embedded/4.8 2014q3/bin/../lib/gcc/arm-none-eabi/4.8.4/armv7e-m/crtbegin.o
 .jcr           0x20000a50        0x4 c:/program files (x86)/gnu tools arm embedded/4.8 2014q3/bin/../lib/gcc/arm-none-eabi/4.8.4/armv7e-m/crtend.o
                0x20000a54                . = ALIGN (0x4)
                0x20000a54                __data_end__ = .
                0x20000a54                _edata = __data_end__

.igot.plt       0x20000a54        0x0 load address 0x0800cc28
 .igot.plt      0x00000000        0x0 c:/program files (x86)/gnu tools arm embedded/4.8 2014q3/bin/../lib/gcc/arm-none-eabi/4.8.4/armv7e-m/crtbegin.o

.bss            0x20000a54      0x450 load address 0x0800cc28
                0x20000a54                . = ALIGN (0x4)
                0x20000a54                __bss_start__ = .
                0x20000a54                _sbss = __bss_start__
 *(.bss*)
 .bss           0x20000a54       0x1c c:/program files (x86)/gnu tools arm embedded/4.8 2014q3/bin/../lib/gcc/arm-none-eabi/4.8.4/armv7e-m/crtbegin.o
 .bss           0x20000a70        0x4 ..\obj\temp_sensors.o
                0x20000a70                TemperaturSensorenInstance
 .bss           0x20000a74        0x4 ..\obj\rotary.o
                0x20000a74                RotaryInstance
 .bss           0x20000a78       0x14 ..\obj\stepper.o
                0x20000a78                runValue
                0x20000a7c                timerValue
                0x20000a80                timerValueDown
                0x20000a84                rest
                0x20000a88                StepperInstance
 .bss           0x20000a8c       0x8c ..\obj\main.o
                0x20000a8c                OutputString
                0x20000a90                buff
                0x20000b14                led
 .bss           0x20000b18      0x188 ..\obj\fassade.o
                0x20000b18                bufferT
                0x20000c18                bufferD
                0x20000c9c                FassadeInstance
 .bss           0x20000ca0        0x4 ..\obj\ampermeter.o
                0x20000ca0                AmpermeterInstance
 .bss           0x20000ca4       0x1c ..\obj\stm32_ub_systick.o
 .bss           0x20000cc0        0x4 ..\obj\display.o
                0x20000cc0                DisplayInstance
 .bss           0x20000cc4      0x104 ..\obj\terminal.o
                0x20000cc4                writeBuffer
                0x20000dc4                TerminalInstance
 .bss           0x20000dc8        0x8 ..\obj\adc.o
                0x20000dc8                ADC_BUFF
                0x20000dcc                AnalogDigitalConverterInstance
 .bss           0x20000dd0        0x4 ..\obj\xbee.o
                0x20000dd0                XbeeInstance
 .bss.__malloc_max_total_mem
                0x20000dd4        0x4 c:/program files (x86)/gnu tools arm embedded/4.8 2014q3/bin/../lib/gcc/arm-none-eabi/4.8.4/../../../../arm-none-eabi/lib/armv7e-m\libc.a(lib_a-mallocr.o)
                0x20000dd4                __malloc_max_total_mem
 .bss.__malloc_max_sbrked_mem
                0x20000dd8        0x4 c:/program files (x86)/gnu tools arm embedded/4.8 2014q3/bin/../lib/gcc/arm-none-eabi/4.8.4/../../../../arm-none-eabi/lib/armv7e-m\libc.a(lib_a-mallocr.o)
                0x20000dd8                __malloc_max_sbrked_mem
 .bss.__malloc_top_pad
                0x20000ddc        0x4 c:/program files (x86)/gnu tools arm embedded/4.8 2014q3/bin/../lib/gcc/arm-none-eabi/4.8.4/../../../../arm-none-eabi/lib/armv7e-m\libc.a(lib_a-mallocr.o)
                0x20000ddc                __malloc_top_pad
 .bss.__malloc_current_mallinfo
                0x20000de0       0x28 c:/program files (x86)/gnu tools arm embedded/4.8 2014q3/bin/../lib/gcc/arm-none-eabi/4.8.4/../../../../arm-none-eabi/lib/armv7e-m\libc.a(lib_a-mallocr.o)
                0x20000de0                __malloc_current_mallinfo
 .bss.heap_end.4246
                0x20000e08        0x4 c:/program files (x86)/gnu tools arm embedded/4.8 2014q3/bin/../lib/gcc/arm-none-eabi/4.8.4/../../../../arm-none-eabi/lib/armv7e-m\libnosys.a(sbrk.o)
 *(COMMON)
 COMMON         0x20000e0c       0x7c ..\obj\stm32f4_discovery_audio_codec.o
                0x20000e0c                CurrentPos
                0x20000e10                AUDIO_MAL_DMA_InitStructure
                0x20000e4c                DMA_InitStructure
 COMMON         0x20000e88       0x16 ..\obj\tm_stm32f4_onewire.o
                0x20000e88                TM_OneWire_GPIO_InitDef
                0x20000e90                TM_OneWire_LastDeviceFlag
                0x20000e94                TM_OneWire_ROM_NO
                0x20000e9c                TM_OneWire_LastFamilyDiscrepancy
                0x20000e9d                TM_OneWire_LastDiscrepancy
 *fill*         0x20000e9e        0x2 
 COMMON         0x20000ea0        0x4 c:/program files (x86)/gnu tools arm embedded/4.8 2014q3/bin/../lib/gcc/arm-none-eabi/4.8.4/../../../../arm-none-eabi/lib/armv7e-m\libc.a(lib_a-reent.o)
                0x20000ea0                errno
                0x20000ea4                . = ALIGN (0x4)
                0x20000ea4                __bss_end__ = .
                0x20000ea4                _ebss = __bss_end__

.heap           0x20000ea4        0x0
                0x20000ea4                __end__ = .
                0x20000ea4                _end = __end__
                0x20000ea4                end = __end__
 *(.heap*)
                0x20000ea4                __HeapLimit = .

.co_stack       0x20000ea4      0x804 load address 0x0800d078
                0x20000ea8                . = ALIGN (0x8)
 *fill*         0x20000ea4        0x4 
 *(.co_stack .co_stack.*)
 .co_stack      0x20000ea8      0x800 ..\obj\startup_stm32f4xx.o
                0x20000ea8                pulStack
                0x20020000                __StackTop = (ORIGIN (RAM) + 0x20000)
                0x2001f7fc                __StackLimit = (__StackTop - SIZEOF (.co_stack))
                0x20020000                PROVIDE (__stack, __StackTop)
                0x00000001                ASSERT ((__StackLimit >= __HeapLimit), region RAM overflowed with stack)
LOAD ..\obj\stm32f4xx_syscfg.o
LOAD ..\obj\temp_sensors.o
LOAD ..\obj\tm_stm32f4_ds18b20.o
LOAD ..\obj\stm32f4_discovery_audio_codec.o
LOAD ..\obj\stm32f4xx_usart.o
LOAD ..\obj\stm32f4xx_pwr.o
LOAD ..\obj\rtc.o
LOAD ..\obj\quadrature_encoder.o
LOAD ..\obj\led.o
LOAD ..\obj\stm32f4xx_dac.o
LOAD ..\obj\rotary.o
LOAD ..\obj\stepper.o
LOAD ..\obj\startup_stm32f4xx.o
LOAD ..\obj\stm32f4_discovery.o
LOAD ..\obj\main.o
LOAD ..\obj\stm32f4xx_rcc.o
LOAD ..\obj\fassade.o
LOAD ..\obj\ampermeter.o
LOAD ..\obj\stm32f4xx_adc.o
LOAD ..\obj\stm32_ub_systick.o
LOAD ..\obj\display.o
LOAD ..\obj\tm_stm32f4_onewire.o
LOAD ..\obj\terminal.o
LOAD ..\obj\stm32f4xx_gpio.o
LOAD ..\obj\system_stm32f4xx.o
LOAD ..\obj\stm32f4xx_dma.o
LOAD ..\obj\adc.o
LOAD ..\obj\stm32f4_discovery_callbacks.o
LOAD ..\obj\stm32f4xx_spi.o
LOAD ..\obj\stm32f4xx_i2c.o
LOAD ..\obj\stm32f4xx_exti.o
LOAD ..\obj\misc.o
LOAD ..\obj\stm32f4_discovery_lis302dl.o
LOAD ..\obj\stm32f4xx_rtc.o
LOAD ..\obj\stm32f4xx_tim.o
LOAD ..\obj\xbee.o
LOAD ..\..\..\STM32F4-Discovery\libpdmfilter_gcc.a
LOAD c:/program files (x86)/gnu tools arm embedded/4.8 2014q3/bin/../lib/gcc/arm-none-eabi/4.8.4/../../../../arm-none-eabi/lib/armv7e-m\libm.a
LOAD c:/program files (x86)/gnu tools arm embedded/4.8 2014q3/bin/../lib/gcc/arm-none-eabi/4.8.4/armv7e-m\libgcc.a
LOAD c:/program files (x86)/gnu tools arm embedded/4.8 2014q3/bin/../lib/gcc/arm-none-eabi/4.8.4/../../../../arm-none-eabi/lib/armv7e-m\libc.a
LOAD c:/program files (x86)/gnu tools arm embedded/4.8 2014q3/bin/../lib/gcc/arm-none-eabi/4.8.4/../../../../arm-none-eabi/lib/armv7e-m\libstdc++.a
LOAD c:/program files (x86)/gnu tools arm embedded/4.8 2014q3/bin/../lib/gcc/arm-none-eabi/4.8.4/../../../../arm-none-eabi/lib/armv7e-m\libsupc++.a
LOAD c:/program files (x86)/gnu tools arm embedded/4.8 2014q3/bin/../lib/gcc/arm-none-eabi/4.8.4/../../../../arm-none-eabi/lib/armv7e-m\libnosys.a
START GROUP
LOAD c:/program files (x86)/gnu tools arm embedded/4.8 2014q3/bin/../lib/gcc/arm-none-eabi/4.8.4/armv7e-m\libgcc.a
LOAD c:/program files (x86)/gnu tools arm embedded/4.8 2014q3/bin/../lib/gcc/arm-none-eabi/4.8.4/../../../../arm-none-eabi/lib/armv7e-m\libg.a
LOAD c:/program files (x86)/gnu tools arm embedded/4.8 2014q3/bin/../lib/gcc/arm-none-eabi/4.8.4/../../../../arm-none-eabi/lib/armv7e-m\libc.a
END GROUP
LOAD c:/program files (x86)/gnu tools arm embedded/4.8 2014q3/bin/../lib/gcc/arm-none-eabi/4.8.4/armv7e-m/crtend.o
LOAD c:/program files (x86)/gnu tools arm embedded/4.8 2014q3/bin/../lib/gcc/arm-none-eabi/4.8.4/armv7e-m/crtn.o
OUTPUT(Gewaechshaus.elf elf32-littlearm)

.ARM.attributes
                0x00000000       0x2a
 .ARM.attributes
                0x00000000       0x1e c:/program files (x86)/gnu tools arm embedded/4.8 2014q3/bin/../lib/gcc/arm-none-eabi/4.8.4/armv7e-m/crti.o
 .ARM.attributes
                0x0000001e       0x2e c:/program files (x86)/gnu tools arm embedded/4.8 2014q3/bin/../lib/gcc/arm-none-eabi/4.8.4/armv7e-m/crtbegin.o
 .ARM.attributes
                0x0000004c       0x1c c:/program files (x86)/gnu tools arm embedded/4.8 2014q3/bin/../lib/gcc/arm-none-eabi/4.8.4/../../../../arm-none-eabi/lib/armv7e-m/crt0.o
 .ARM.attributes
                0x00000068       0x33 ..\obj\temp_sensors.o
 .ARM.attributes
                0x0000009b       0x33 ..\obj\tm_stm32f4_ds18b20.o
 .ARM.attributes
                0x000000ce       0x33 ..\obj\stm32f4_discovery_audio_codec.o
 .ARM.attributes
                0x00000101       0x33 ..\obj\stm32f4xx_usart.o
 .ARM.attributes
                0x00000134       0x33 ..\obj\quadrature_encoder.o
 .ARM.attributes
                0x00000167       0x33 ..\obj\led.o
 .ARM.attributes
                0x0000019a       0x33 ..\obj\stm32f4xx_dac.o
 .ARM.attributes
                0x000001cd       0x33 ..\obj\rotary.o
 .ARM.attributes
                0x00000200       0x33 ..\obj\stepper.o
 .ARM.attributes
                0x00000233       0x33 ..\obj\startup_stm32f4xx.o
 .ARM.attributes
                0x00000266       0x33 ..\obj\stm32f4_discovery.o
 .ARM.attributes
                0x00000299       0x33 ..\obj\main.o
 .ARM.attributes
                0x000002cc       0x33 ..\obj\stm32f4xx_rcc.o
 .ARM.attributes
                0x000002ff       0x33 ..\obj\fassade.o
 .ARM.attributes
                0x00000332       0x33 ..\obj\ampermeter.o
 .ARM.attributes
                0x00000365       0x33 ..\obj\stm32f4xx_adc.o
 .ARM.attributes
                0x00000398       0x33 ..\obj\stm32_ub_systick.o
 .ARM.attributes
                0x000003cb       0x33 ..\obj\display.o
 .ARM.attributes
                0x000003fe       0x33 ..\obj\tm_stm32f4_onewire.o
 .ARM.attributes
                0x00000431       0x33 ..\obj\terminal.o
 .ARM.attributes
                0x00000464       0x33 ..\obj\stm32f4xx_gpio.o
 .ARM.attributes
                0x00000497       0x33 ..\obj\system_stm32f4xx.o
 .ARM.attributes
                0x000004ca       0x33 ..\obj\stm32f4xx_dma.o
 .ARM.attributes
                0x000004fd       0x33 ..\obj\adc.o
 .ARM.attributes
                0x00000530       0x33 ..\obj\stm32f4_discovery_callbacks.o
 .ARM.attributes
                0x00000563       0x33 ..\obj\stm32f4xx_spi.o
 .ARM.attributes
                0x00000596       0x33 ..\obj\stm32f4xx_exti.o
 .ARM.attributes
                0x000005c9       0x33 ..\obj\misc.o
 .ARM.attributes
                0x000005fc       0x33 ..\obj\stm32f4xx_tim.o
 .ARM.attributes
                0x0000062f       0x33 ..\obj\xbee.o
 .ARM.attributes
                0x00000662       0x1e c:/program files (x86)/gnu tools arm embedded/4.8 2014q3/bin/../lib/gcc/arm-none-eabi/4.8.4/armv7e-m\libgcc.a(_arm_addsubdf3.o)
 .ARM.attributes
                0x00000680       0x1e c:/program files (x86)/gnu tools arm embedded/4.8 2014q3/bin/../lib/gcc/arm-none-eabi/4.8.4/armv7e-m\libgcc.a(_arm_muldivdf3.o)
 .ARM.attributes
                0x0000069e       0x1e c:/program files (x86)/gnu tools arm embedded/4.8 2014q3/bin/../lib/gcc/arm-none-eabi/4.8.4/armv7e-m\libgcc.a(_arm_fixdfsi.o)
 .ARM.attributes
                0x000006bc       0x1e c:/program files (x86)/gnu tools arm embedded/4.8 2014q3/bin/../lib/gcc/arm-none-eabi/4.8.4/armv7e-m\libgcc.a(_arm_truncdfsf2.o)
 .ARM.attributes