Archive member included because of file (symbol)

c:/program files (x86)/gnu tools arm embedded/4.8 2014q3/bin/../lib/gcc/arm-none-eabi/4.8.4/armv7e-m\libgcc.a(_arm_addsubdf3.o)
                              ..\obj\stepper.o (__aeabi_dsub)
c:/program files (x86)/gnu tools arm embedded/4.8 2014q3/bin/../lib/gcc/arm-none-eabi/4.8.4/armv7e-m\libgcc.a(_arm_muldivdf3.o)
                              ..\obj\stepper.o (__aeabi_dmul)
c:/program files (x86)/gnu tools arm embedded/4.8 2014q3/bin/../lib/gcc/arm-none-eabi/4.8.4/armv7e-m\libgcc.a(_arm_fixdfsi.o)
                              ..\obj\stepper.o (__aeabi_d2iz)
c:/program files (x86)/gnu tools arm embedded/4.8 2014q3/bin/../lib/gcc/arm-none-eabi/4.8.4/armv7e-m\libgcc.a(_arm_truncdfsf2.o)
                              ..\obj\ampermeter.o (__aeabi_d2f)
c:/program files (x86)/gnu tools arm embedded/4.8 2014q3/bin/../lib/gcc/arm-none-eabi/4.8.4/armv7e-m\libgcc.a(_arm_addsubsf3.o)
                              ..\obj\tm_stm32f4_ds18b20.o (__aeabi_fsub)
c:/program files (x86)/gnu tools arm embedded/4.8 2014q3/bin/../lib/gcc/arm-none-eabi/4.8.4/armv7e-m\libgcc.a(_arm_muldivsf3.o)
                              ..\obj\tm_stm32f4_ds18b20.o (__aeabi_fmul)
c:/program files (x86)/gnu tools arm embedded/4.8 2014q3/bin/../lib/gcc/arm-none-eabi/4.8.4/armv7e-m\libgcc.a(_arm_cmpsf2.o)
                              ..\obj\fassade.o (__aeabi_fcmplt)
c:/program files (x86)/gnu tools arm embedded/4.8 2014q3/bin/../lib/gcc/arm-none-eabi/4.8.4/armv7e-m\libgcc.a(_arm_fixsfsi.o)
                              ..\obj\fassade.o (__aeabi_f2iz)
c:/program files (x86)/gnu tools arm embedded/4.8 2014q3/bin/../lib/gcc/arm-none-eabi/4.8.4/armv7e-m\libgcc.a(unwind-arm.o)
                              ..\obj\fassade.o (__aeabi_unwind_cpp_pr0)
c:/program files (x86)/gnu tools arm embedded/4.8 2014q3/bin/../lib/gcc/arm-none-eabi/4.8.4/armv7e-m\libgcc.a(libunwind.o)
                              c:/program files (x86)/gnu tools arm embedded/4.8 2014q3/bin/../lib/gcc/arm-none-eabi/4.8.4/armv7e-m\libgcc.a(unwind-arm.o) (restore_core_regs)
c:/program files (x86)/gnu tools arm embedded/4.8 2014q3/bin/../lib/gcc/arm-none-eabi/4.8.4/armv7e-m\libgcc.a(pr-support.o)
                              c:/program files (x86)/gnu tools arm embedded/4.8 2014q3/bin/../lib/gcc/arm-none-eabi/4.8.4/armv7e-m\libgcc.a(unwind-arm.o) (__gnu_unwind_execute)
c:/program files (x86)/gnu tools arm embedded/4.8 2014q3/bin/../lib/gcc/arm-none-eabi/4.8.4/../../../../arm-none-eabi/lib/armv7e-m\libc.a(lib_a-abort.o)
                              c:/program files (x86)/gnu tools arm embedded/4.8 2014q3/bin/../lib/gcc/arm-none-eabi/4.8.4/armv7e-m\libgcc.a(unwind-arm.o) (abort)
c:/program files (x86)/gnu tools arm embedded/4.8 2014q3/bin/../lib/gcc/arm-none-eabi/4.8.4/../../../../arm-none-eabi/lib/armv7e-m\libc.a(lib_a-aeabi_atexit.o)
                              ..\obj\main.o (__aeabi_atexit)
c:/program files (x86)/gnu tools arm embedded/4.8 2014q3/bin/../lib/gcc/arm-none-eabi/4.8.4/../../../../arm-none-eabi/lib/armv7e-m\libc.a(lib_a-atoff.o)
                              ..\obj\xbee.o (atoff)
c:/program files (x86)/gnu tools arm embedded/4.8 2014q3/bin/../lib/gcc/arm-none-eabi/4.8.4/../../../../arm-none-eabi/lib/armv7e-m\libc.a(lib_a-atoi.o)
                              ..\obj\terminal.o (atoi)
c:/program files (x86)/gnu tools arm embedded/4.8 2014q3/bin/../lib/gcc/arm-none-eabi/4.8.4/../../../../arm-none-eabi/lib/armv7e-m\libc.a(lib_a-cxa_atexit.o)
                              c:/program files (x86)/gnu tools arm embedded/4.8 2014q3/bin/../lib/gcc/arm-none-eabi/4.8.4/../../../../arm-none-eabi/lib/armv7e-m\libc.a(lib_a-aeabi_atexit.o) (__cxa_atexit)
c:/program files (x86)/gnu tools arm embedded/4.8 2014q3/bin/../lib/gcc/arm-none-eabi/4.8.4/../../../../arm-none-eabi/lib/armv7e-m\libc.a(lib_a-exit.o)
                              c:/program files (x86)/gnu tools arm embedded/4.8 2014q3/bin/../lib/gcc/arm-none-eabi/4.8.4/../../../../arm-none-eabi/lib/armv7e-m/crt0.o (exit)
c:/program files (x86)/gnu tools arm embedded/4.8 2014q3/bin/../lib/gcc/arm-none-eabi/4.8.4/../../../../arm-none-eabi/lib/armv7e-m\libc.a(lib_a-impure.o)
                              c:/program files (x86)/gnu tools arm embedded/4.8 2014q3/bin/../lib/gcc/arm-none-eabi/4.8.4/../../../../arm-none-eabi/lib/armv7e-m\libc.a(lib_a-exit.o) (_global_impure_ptr)
c:/program files (x86)/gnu tools arm embedded/4.8 2014q3/bin/../lib/gcc/arm-none-eabi/4.8.4/../../../../arm-none-eabi/lib/armv7e-m\libc.a(lib_a-init.o)
                              c:/program files (x86)/gnu tools arm embedded/4.8 2014q3/bin/../lib/gcc/arm-none-eabi/4.8.4/../../../../arm-none-eabi/lib/armv7e-m/crt0.o (__libc_init_array)
c:/program files (x86)/gnu tools arm embedded/4.8 2014q3/bin/../lib/gcc/arm-none-eabi/4.8.4/../../../../arm-none-eabi/lib/armv7e-m\libc.a(lib_a-malloc.o)
                              ..\obj\terminal.o (malloc)
[...]
Memory Configuration

Name             Origin             Length             Attributes
FLASH            0x08000000         0x00100000         xr
RAM              0x20000000         0x00020000         xrw
RAM1             0x10000000         0x00010000         xrw
*default*        0x00000000         0xffffffff

Linker script and memory map

LOAD c:/program files (x86)/gnu tools arm embedded/4.8 2014q3/bin/../lib/gcc/arm-none-eabi/4.8.4/armv7e-m/crti.o
LOAD c:/program files (x86)/gnu tools arm embedded/4.8 2014q3/bin/../lib/gcc/arm-none-eabi/4.8.4/armv7e-m/crtbegin.o
LOAD c:/program files (x86)/gnu tools arm embedded/4.8 2014q3/bin/../lib/gcc/arm-none-eabi/4.8.4/../../../../arm-none-eabi/lib/armv7e-m/crt0.o

.text           0x08000000     0xde58
 *(.isr_vector)
 .isr_vector    0x08000000      0x188 ..\obj\startup_stm32f4xx.o
                0x08000000                g_pfnVectors
 *(.text*)
 .text          0x08000188       0x54 c:/program files (x86)/gnu tools arm embedded/4.8 2014q3/bin/../lib/gcc/arm-none-eabi/4.8.4/armv7e-m/crtbegin.o
 .text          0x080001dc       0x74 c:/program files (x86)/gnu tools arm embedded/4.8 2014q3/bin/../lib/gcc/arm-none-eabi/4.8.4/../../../../arm-none-eabi/lib/armv7e-m/crt0.o
                0x080001dc                _start
                0x080001dc                _mainCRTStartup
 .text.SYSCFG_EXTILineConfig
                0x08000250       0x7c ..\obj\stm32f4xx_syscfg.o
                0x08000250                SYSCFG_EXTILineConfig
 .text._ZN18TemperaturSensorenC2Ev
                0x080002cc       0x9c ..\obj\temp_sensors.o
                0x080002cc                TemperaturSensoren::TemperaturSensoren()
                0x080002cc                TemperaturSensoren::TemperaturSensoren()
 .text._ZN18TemperaturSensoren30startTempMeasurementAllSensorsEv
                0x08000368       0x5c ..\obj\temp_sensors.o
                0x08000368                TemperaturSensoren::startTempMeasurementAllSensors()
 .text._ZN18TemperaturSensoren25getAnzahlGefunderSensorenEv
                0x080003c4       0x18 ..\obj\temp_sensors.o
                0x080003c4                TemperaturSensoren::getAnzahlGefunderSensoren()
 .text._ZN18TemperaturSensoren16getAlleTempWerteEPf
                0x080003dc       0x40 ..\obj\temp_sensors.o
                0x080003dc                TemperaturSensoren::getAlleTempWerte(float*)
 .text.TM_DS18B20_StartAll
                0x0800041c       0x18 ..\obj\tm_stm32f4_ds18b20.o
                0x0800041c                TM_DS18B20_StartAll
 .text.TM_DS18B20_Read
                0x08000434      0x19c ..\obj\tm_stm32f4_ds18b20.o
                0x08000434                TM_DS18B20_Read
 .text.TM_DS18B20_GetResolution
                0x080005d0       0x58 ..\obj\tm_stm32f4_ds18b20.o
                0x080005d0                TM_DS18B20_GetResolution
 .text.TM_DS18B20_SetResolution
                0x08000628       0xec ..\obj\tm_stm32f4_ds18b20.o
                0x08000628                TM_DS18B20_SetResolution
 .text.TM_DS18B20_Is
                0x08000714       0x30 ..\obj\tm_stm32f4_ds18b20.o
                0x08000714                TM_DS18B20_Is
 .text.TM_DS18B20_AllDone
                0x08000744       0x10 ..\obj\tm_stm32f4_ds18b20.o
                0x08000744                TM_DS18B20_AllDone
 .text.Audio_MAL_IRQHandler
                0x08000754       0xf8 ..\obj\stm32f4_discovery_audio_codec.o
 .text.DMA1_Stream7_IRQHandler
                0x0800084c        0xc ..\obj\stm32f4_discovery_audio_codec.o
                0x0800084c                DMA1_Stream7_IRQHandler
 .text.DMA1_Stream0_IRQHandler
                0x08000858        0xc ..\obj\stm32f4_discovery_audio_codec.o
                0x08000858                DMA1_Stream0_IRQHandler
 .text.SPI3_IRQHandler
                0x08000864       0x40 ..\obj\stm32f4_discovery_audio_codec.o
                0x08000864                SPI3_IRQHandler
 .text.USART_Init
                0x080008a4      0x174 ..\obj\stm32f4xx_usart.o
                0x080008a4                USART_Init
 .text.USART_Cmd
                0x08000a18       0x40 ..\obj\stm32f4xx_usart.o
                0x08000a18                USART_Cmd
 .text.USART_SendData
                0x08000a58       0x24 ..\obj\stm32f4xx_usart.o
                0x08000a58                USART_SendData
 .text.USART_ReceiveData
                0x08000a7c       0x20 ..\obj\stm32f4xx_usart.o
                0x08000a7c                USART_ReceiveData
 .text.USART_DMACmd
                0x08000a9c       0x48 ..\obj\stm32f4xx_usart.o
                0x08000a9c                USART_DMACmd
 .text.USART_ITConfig
                0x08000ae4       0x90 ..\obj\stm32f4xx_usart.o
                0x08000ae4                USART_ITConfig
 .text.USART_GetFlagStatus
                0x08000b74       0x38 ..\obj\stm32f4xx_usart.o
                0x08000b74                USART_GetFlagStatus
 .text.USART_ClearFlag
                0x08000bac       0x20 ..\obj\stm32f4xx_usart.o
                0x08000bac                USART_ClearFlag
 .text.USART_GetITStatus
                0x08000bcc       0xb0 ..\obj\stm32f4xx_usart.o
                0x08000bcc                USART_GetITStatus
 .text._ZN3LedC2Ev
                0x08000c7c       0x18 ..\obj\led.o
                0x08000c7c                Led::Led()
                0x08000c7c                Led::Led()
 .text._ZN3LedD2Ev
                0x08000c94       0x18 ..\obj\led.o
                0x08000c94                Led::~Led()
                0x08000c94                Led::~Led()
 .text._ZN3Led2OnEv
                0x08000cac       0x14 ..\obj\led.o
                0x08000cac                Led::On()
 .text._ZN3Led3OffEv
                0x08000cc0       0x14 ..\obj\led.o
                0x08000cc0                Led::Off()
 .text.DAC_SetChannel1Data
                0x08000cd4       0x34 ..\obj\stm32f4xx_dac.o
                0x08000cd4                DAC_SetChannel1Data
 .text._ZN6RotaryC2Ev
                0x08000d08       0x60 ..\obj\rotary.o
                0x08000d08                Rotary::Rotary()
                0x08000d08                Rotary::Rotary()
 .text._ZN6Rotary4InitEv
                0x08000d68      0x108 ..\obj\rotary.o
                0x08000d68                Rotary::Init()
 .text._ZN6Rotary15EnableSingeltonEv
                0x08000e70       0x1c ..\obj\rotary.o
                0x08000e70                Rotary::EnableSingelton()
 .text.EXTI9_5_IRQHandler
                0x08000e8c      0x158 ..\obj\rotary.o
                0x08000e8c                EXTI9_5_IRQHandler
 .text._ZN7StepperC2Ev
                0x08000fe4       0x20 ..\obj\stepper.o
                0x08000fe4                Stepper::Stepper()
                0x08000fe4                Stepper::Stepper()
 .text._ZN7Stepper4InitEv
                0x08001004       0x74 ..\obj\stepper.o
                0x08001004                Stepper::Init()
 .text._ZN7Stepper4LeftEii
                0x08001078       0x48 ..\obj\stepper.o
                0x08001078                Stepper::Left(int, int)
 .text._ZN7Stepper5RightEii
                0x080010c0       0x48 ..\obj\stepper.o
                0x080010c0                Stepper::Right(int, int)
 .text._ZN7Stepper7Go2StepEi
                0x08001108       0x64 ..\obj\stepper.o
                0x08001108                Stepper::Go2Step(int)
 .text._ZN7Stepper8LeerlaufEv
                0x0800116c       0x30 ..\obj\stepper.o
                0x0800116c                Stepper::Leerlauf()
 .text._ZN7Stepper7RunStepEv
                0x0800119c       0xb8 ..\obj\stepper.o
                0x0800119c                Stepper::RunStep()
 .text._ZN7Stepper15EnableSingeltonEv
                0x08001254       0x1c ..\obj\stepper.o
                0x08001254                Stepper::EnableSingelton()
 .text._ZN7Stepper8InitTim2Eii
                0x08001270       0x80 ..\obj\stepper.o
                0x08001270                Stepper::InitTim2(int, int)
 .text._ZN7Stepper20GetPositionInProzentEv
                0x080012f0       0x60 ..\obj\stepper.o
                0x080012f0                Stepper::GetPositionInProzent()
 .text.TIM2_IRQHandler
                0x08001350      0x230 ..\obj\stepper.o
                0x08001350                TIM2_IRQHandler
 .text.Default_Reset_Handler
                0x08001580       0x5c ..\obj\startup_stm32f4xx.o
                0x08001580                Default_Reset_Handler
                0x08001580                Reset_Handler
 .text.Default_Handler
                0x080015dc        0x8 ..\obj\startup_stm32f4xx.o
                0x080015dc                RTC_Alarm_IRQHandler
                0x080015dc                HASH_RNG_IRQHandler
                0x080015dc                EXTI2_IRQHandler
                0x080015dc                TIM8_CC_IRQHandler
                0x080015dc                DebugMon_Handler
                0x080015dc                TIM1_CC_IRQHandler
                0x080015dc                DMA2_Stream5_IRQHandler
                0x080015dc                HardFault_Handler
                0x080015dc                PVD_IRQHandler
                0x080015dc                SDIO_IRQHandler
                0x080015dc                TAMP_STAMP_IRQHandler
                0x080015dc                PendSV_Handler
                0x080015dc                NMI_Handler
                0x080015dc                CAN2_RX1_IRQHandler
                0x080015dc                EXTI3_IRQHandler
                0x080015dc                TIM8_TRG_COM_TIM14_IRQHandler
                0x080015dc                TIM1_UP_TIM10_IRQHandler
                0x080015dc                TIM8_UP_TIM13_IRQHandler
                0x080015dc                I2C3_ER_IRQHandler
                0x080015dc                EXTI0_IRQHandler
                0x080015dc                I2C2_EV_IRQHandler
                0x080015dc                DMA1_Stream2_IRQHandler
                0x080015dc                CAN1_RX0_IRQHandler
                0x080015dc                FPU_IRQHandler
                0x080015dc                OTG_HS_WKUP_IRQHandler
                0x080015dc                UsageFault_Handler
                0x080015dc                CAN2_SCE_IRQHandler
                0x080015dc                DMA2_Stream2_IRQHandler
                0x080015dc                SPI1_IRQHandler
                0x080015dc                TIM6_DAC_IRQHandler
                0x080015dc                TIM1_BRK_TIM9_IRQHandler
                0x080015dc                DCMI_IRQHandler
                0x080015dc                CAN2_RX0_IRQHandler
                0x080015dc                DMA2_Stream3_IRQHandler
                0x080015dc                USART6_IRQHandler
                0x080015dc                CRYP_IRQHandler
                0x080015dc                CAN1_RX1_IRQHandler
                0x080015dc                UART5_IRQHandler
                0x080015dc                DMA2_Stream0_IRQHandler
                0x080015dc                TIM4_IRQHandler
                0x080015dc                I2C1_EV_IRQHandler
                0x080015dc                DMA1_Stream6_IRQHandler
                0x080015dc                DMA1_Stream1_IRQHandler
                0x080015dc                UART4_IRQHandler
                0x080015dc                TIM3_IRQHandler
                0x080015dc                RCC_IRQHandler
                0x080015dc                TIM8_BRK_TIM12_IRQHandler
                0x080015dc                EXTI15_10_IRQHandler
                0x080015dc                ADC_IRQHandler
                0x080015dc                TIM7_IRQHandler
                0x080015dc                CAN2_TX_IRQHandler
                0x080015dc                TIM5_IRQHandler
                0x080015dc                DMA2_Stream7_IRQHandler
                0x080015dc                I2C3_EV_IRQHandler
                0x080015dc                RTC_WKUP_IRQHandler
                0x080015dc                ETH_WKUP_IRQHandler
                0x080015dc                SPI2_IRQHandler
                0x080015dc                OTG_HS_EP1_IN_IRQHandler
                0x080015dc                MemManage_Handler
                0x080015dc                CAN1_TX_IRQHandler
                0x080015dc                SVC_Handler
                0x080015dc                EXTI4_IRQHandler
                0x080015dc                FSMC_IRQHandler
                0x080015dc                ETH_IRQHandler
                0x080015dc                OTG_HS_EP1_OUT_IRQHandler
                0x080015dc                WWDG_IRQHandler
                0x080015dc                OTG_FS_WKUP_IRQHandler
                0x080015dc                TIM1_TRG_COM_TIM11_IRQHandler
                0x080015dc                OTG_HS_IRQHandler
                0x080015dc                EXTI1_IRQHandler
                0x080015dc                I2C2_ER_IRQHandler
                0x080015dc                DMA2_Stream1_IRQHandler
                0x080015dc                CAN1_SCE_IRQHandler
                0x080015dc                FLASH_IRQHandler
                0x080015dc                DMA2_Stream4_IRQHandler
                0x080015dc                BusFault_Handler
                0x080015dc                USART1_IRQHandler
                0x080015dc                OTG_FS_IRQHandler
                0x080015dc                DMA1_Stream4_IRQHandler
                0x080015dc                I2C1_ER_IRQHandler
                0x080015dc                DMA2_Stream6_IRQHandler
 .text.STM_EVAL_LEDInit
                0x080015e4       0x5c ..\obj\stm32f4_discovery.o
                0x080015e4                STM_EVAL_LEDInit
 .text.STM_EVAL_LEDOn
                0x08001640       0x30 ..\obj\stm32f4_discovery.o
                0x08001640                STM_EVAL_LEDOn
 .text.STM_EVAL_LEDOff
                0x08001670       0x30 ..\obj\stm32f4_discovery.o
                0x08001670                STM_EVAL_LEDOff
 .text.main     0x080016a0      0x234 ..\obj\main.o
                0x080016a0                main
 .text._Z41__static_initialization_and_destruction_0ii
                0x080018d4       0x3c ..\obj\main.o
 .text._GLOBAL__sub_I_OutputString
                0x08001910       0x10 ..\obj\main.o
 .text.RCC_GetClocksFreq
                0x08001920      0x154 ..\obj\stm32f4xx_rcc.o
                0x08001920                RCC_GetClocksFreq
 .text.RCC_AHB1PeriphClockCmd
                0x08001a74       0x3c ..\obj\stm32f4xx_rcc.o
                0x08001a74                RCC_AHB1PeriphClockCmd
 .text.RCC_APB1PeriphClockCmd
                0x08001ab0       0x3c ..\obj\stm32f4xx_rcc.o
                0x08001ab0                RCC_APB1PeriphClockCmd
 .text.RCC_APB2PeriphClockCmd
                0x08001aec       0x3c ..\obj\stm32f4xx_rcc.o
                0x08001aec                RCC_APB2PeriphClockCmd
 .text.RCC_APB2PeriphResetCmd
                0x08001b28       0x3c ..\obj\stm32f4xx_rcc.o
                0x08001b28                RCC_APB2PeriphResetCmd
 .text._ZN7FassadeC2Ei
                0x08001b64       0x28 ..\obj\fassade.o
                0x08001b64                Fassade::Fassade(int)
                0x08001b64                Fassade::Fassade(int)
 .text._ZN7Fassade16InitGewaechshausEv
                0x08001b8c       0x4c ..\obj\fassade.o
                0x08001b8c                Fassade::InitGewaechshaus()
 .text._ZN7Fassade15RegelungFensterEv
                0x08001bd8      0x300 ..\obj\fassade.o
                0x08001bd8                Fassade::RegelungFenster()
 .text._ZN7Fassade15Window2PositionEi
                0x08001ed8       0x64 ..\obj\fassade.o
                0x08001ed8                Fassade::Window2Position(int)
 .text._ZN7Fassade19UpdateDisplayValuesEv
                0x08001f3c      0x110 ..\obj\fassade.o
                0x08001f3c                Fassade::UpdateDisplayValues()
 .text._ZN7Fassade25SendValuesToRemoteDisplayEv
                0x0800204c      0x10c ..\obj\fassade.o
                0x0800204c                Fassade::SendValuesToRemoteDisplay()
 .text._ZN7Fassade19TerminalDisplayTempEv
                0x08002158       0xe4 ..\obj\fassade.o
                0x08002158                Fassade::TerminalDisplayTemp()
 .text._ZN7Fassade11SetSolltempEf
                0x0800223c       0x20 ..\obj\fassade.o
                0x0800223c                Fassade::SetSolltemp(float)
 .text._ZN7Fassade11GetSolltempEv
                0x0800225c       0x1c ..\obj\fassade.o
                0x0800225c                Fassade::GetSolltemp()
 .text._ZN10AmpermeterC2Ev
                0x08002278       0x18 ..\obj\ampermeter.o
                0x08002278                Ampermeter::Ampermeter()
                0x08002278                Ampermeter::Ampermeter()
 .text._ZN10Ampermeter10getCurrentEv
                0x08002290       0x70 ..\obj\ampermeter.o
                0x08002290                Ampermeter::getCurrent()
 .text.ADC_DeInit
                0x08002300       0x1c ..\obj\stm32f4xx_adc.o
                0x08002300                ADC_DeInit
 .text.ADC_Init
                0x0800231c       0xa8 ..\obj\stm32f4xx_adc.o
                0x0800231c                ADC_Init
 .text.ADC_CommonInit
                0x080023c4       0x50 ..\obj\stm32f4xx_adc.o
                0x080023c4                ADC_CommonInit
 .text.ADC_Cmd  0x08002414       0x38 ..\obj\stm32f4xx_adc.o
                0x08002414                ADC_Cmd
 .text.ADC_RegularChannelConfig
                0x0800244c      0x188 ..\obj\stm32f4xx_adc.o
                0x0800244c                ADC_RegularChannelConfig
 .text.ADC_SoftwareStartConv
                0x080025d4       0x20 ..\obj\stm32f4xx_adc.o
                0x080025d4                ADC_SoftwareStartConv
 .text.ADC_DMACmd
                0x080025f4       0x38 ..\obj\stm32f4xx_adc.o
                0x080025f4                ADC_DMACmd
 .text.ADC_DMARequestAfterLastTransferCmd
                0x0800262c       0x38 ..\obj\stm32f4xx_adc.o
                0x0800262c                ADC_DMARequestAfterLastTransferCmd
 .text.NVIC_SetPriority
                0x08002664       0x54 ..\obj\stm32_ub_systick.o
 .text.SysTick_Config
                0x080026b8       0x44 ..\obj\stm32_ub_systick.o
 .text.UB_Systick_Init
                0x080026fc       0x68 ..\obj\stm32_ub_systick.o
                0x080026fc                UB_Systick_Init
 .text.UB_Systick_Pause_us
                0x08002764       0x28 ..\obj\stm32_ub_systick.o
                0x08002764                UB_Systick_Pause_us
 .text.UB_Systick_Pause_ms
                0x0800278c       0x2c ..\obj\stm32_ub_systick.o
                0x0800278c                UB_Systick_Pause_ms
 .text.SysTick_Handler
                0x080027b8       0x7c ..\obj\stm32_ub_systick.o
                0x080027b8                SysTick_Handler
 .text._ZN7DisplayC2Ei
                0x08002834       0x2c ..\obj\display.o
                0x08002834                Display::Display(int)
                0x08002834                Display::Display(int)
 .text._ZN7Display10SendViaDmaEPci
                0x08002860       0xac ..\obj\display.o
                0x08002860                Display::SendViaDma(char*, int)
 .text._ZN7Display4InitEv
                0x0800290c       0xa4 ..\obj\display.o
                0x0800290c                Display::Init()
 .text._ZN7Display7PutCharEti
                0x080029b0       0x6c ..\obj\display.o
                0x080029b0                Display::PutChar(unsigned short, int)
 .text._ZN7Display10SendStringEPci
                0x08002a1c       0x64 ..\obj\display.o
                0x08002a1c                Display::SendString(char*, int)
 .text._ZN7Display11SendMessageEPci
                0x08002a80       0x58 ..\obj\display.o
                0x08002a80                Display::SendMessage(char*, int)
 .text._ZN7Display8SendByteEPcii
                0x08002ad8       0x6c ..\obj\display.o
                0x08002ad8                Display::SendByte(char*, int, int)
 .text._ZN7Display9BacklightEci
                0x08002b44       0x4c ..\obj\display.o
                0x08002b44                Display::Backlight(char, int)
 .text._ZN7Display14SpecialCommandEci
                0x08002b90       0x40 ..\obj\display.o
                0x08002b90                Display::SpecialCommand(char, int)
 .text._ZN7Display17SetCursorPositionEcci
                0x08002bd0       0x80 ..\obj\display.o
                0x08002bd0                Display::SetCursorPosition(char, char, int)
 .text.TM_OneWire_Init
                0x08002c50       0x40 ..\obj\tm_stm32f4_onewire.o
                0x08002c50                TM_OneWire_Init
 .text.TM_OneWire_Reset
                0x08002c90       0x5c ..\obj\tm_stm32f4_onewire.o
                0x08002c90                TM_OneWire_Reset
 .text.TM_OneWire_ReadBit
                0x08002cec       0x64 ..\obj\tm_stm32f4_onewire.o
                0x08002cec                TM_OneWire_ReadBit
 .text.TM_OneWire_ReadByte
                0x08002d50       0x3c ..\obj\tm_stm32f4_onewire.o
                0x08002d50                TM_OneWire_ReadByte
 .text.TM_OneWire_WriteBit
                0x08002d8c       0x5c ..\obj\tm_stm32f4_onewire.o
                0x08002d8c                TM_OneWire_WriteBit
 .text.TM_OneWire_WriteByte
                0x08002de8       0x34 ..\obj\tm_stm32f4_onewire.o
                0x08002de8                TM_OneWire_WriteByte
 .text.TM_OneWire_First
                0x08002e1c       0x14 ..\obj\tm_stm32f4_onewire.o
                0x08002e1c                TM_OneWire_First
 .text.TM_OneWire_Next
                0x08002e30       0x10 ..\obj\tm_stm32f4_onewire.o
                0x08002e30                TM_OneWire_Next
 .text.TM_OneWire_ResetSearch
                0x08002e40       0x2c ..\obj\tm_stm32f4_onewire.o
                0x08002e40                TM_OneWire_ResetSearch
 .text.TM_OneWire_Search
                0x08002e6c      0x180 ..\obj\tm_stm32f4_onewire.o
                0x08002e6c                TM_OneWire_Search
 .text.TM_OneWire_SelectWithPointer
                0x08002fec       0x34 ..\obj\tm_stm32f4_onewire.o
                0x08002fec                TM_OneWire_SelectWithPointer
 .text.TM_OneWire_GetFullROM
                0x08003020       0x38 ..\obj\tm_stm32f4_onewire.o
                0x08003020                TM_OneWire_GetFullROM
 .text._ZN8TerminalC2Ei
                0x08003058       0x74 ..\obj\terminal.o
                0x08003058                Terminal::Terminal(int)
                0x08003058                Terminal::Terminal(int)
 .text._ZN8Terminal11buffer_initEv
                0x080030cc       0x34 ..\obj\terminal.o
                0x080030cc                Terminal::buffer_init()
 .text._ZN8Terminal8BufferInEc
                0x08003100       0x88 ..\obj\terminal.o
                0x08003100                Terminal::BufferIn(char)
 .text._ZN8Terminal9BufferOutEPc
                0x08003188       0x68 ..\obj\terminal.o
                0x08003188                Terminal::BufferOut(char*)
 .text._ZN8Terminal10ReadBufferEPc
                0x080031f0       0x54 ..\obj\terminal.o
                0x080031f0                Terminal::ReadBuffer(char*)
 .text._ZN8Terminal13usart3InitDMAEv
                0x08003244       0xc8 ..\obj\terminal.o
                0x08003244                Terminal::usart3InitDMA()
 .text._ZN8Terminal10SendViaDmaEPci
                0x0800330c       0xbc ..\obj\terminal.o
                0x0800330c                Terminal::SendViaDma(char*, int)
 .text._ZN8Terminal10usart3InitEv
                0x080033c8       0xe0 ..\obj\terminal.o
                0x080033c8                Terminal::usart3Init()
 .text._ZN8Terminal11uartPutCharEt
                0x080034a8       0x3c ..\obj\terminal.o
                0x080034a8                Terminal::uartPutChar(unsigned short)
 .text._ZN8Terminal14uartSendStringEPc
                0x080034e4       0x2c ..\obj\terminal.o
                0x080034e4                Terminal::uartSendString(char*)
 .text._ZN8Terminal11SendMessageEPc
                0x08003510       0x24 ..\obj\terminal.o
                0x08003510                Terminal::SendMessage(char*)
 .text._ZN8Terminal18IsCommandoAvalibleEv
                0x08003534       0x8c ..\obj\terminal.o
                0x08003534                Terminal::IsCommandoAvalible()
 .text._ZN8Terminal15ProzessCommandoEv
                0x080035c0       0x84 ..\obj\terminal.o
                0x080035c0                Terminal::ProzessCommando()
 .text._ZN8Terminal15CommandoProzessEPc
                0x08003644      0x28c ..\obj\terminal.o
                0x08003644                Terminal::CommandoProzess(char*)
 .text._ZN8Terminal15EnableSingeltonEv
                0x080038d0       0x1c ..\obj\terminal.o
                0x080038d0                Terminal::EnableSingelton()
 .text.DMA1_Stream3_IRQHandler
                0x080038ec       0x30 ..\obj\terminal.o
                0x080038ec                DMA1_Stream3_IRQHandler
 .text.USART3_IRQHandler
                0x0800391c       0x48 ..\obj\terminal.o
                0x0800391c                USART3_IRQHandler
 .text._ZN4MenuC2Ev
                0x08003964       0x3c ..\obj\menu.o
                0x08003964                Menu::Menu()
                0x08003964                Menu::Menu()
 .text._ZN4Menu4InitEv
                0x080039a0       0x28 ..\obj\menu.o
                0x080039a0                Menu::Init()
 .text.GPIO_Init
                0x080039c8      0x11c ..\obj\stm32f4xx_gpio.o
                0x080039c8                GPIO_Init
 .text.GPIO_ReadInputDataBit
                0x08003ae4       0x34 ..\obj\stm32f4xx_gpio.o
                0x08003ae4                GPIO_ReadInputDataBit
 .text.GPIO_SetBits
                0x08003b18       0x1c ..\obj\stm32f4xx_gpio.o
                0x08003b18                GPIO_SetBits
 .text.GPIO_ResetBits
                0x08003b34       0x1c ..\obj\stm32f4xx_gpio.o
                0x08003b34                GPIO_ResetBits
 .text.GPIO_WriteBit
                0x08003b50       0x30 ..\obj\stm32f4xx_gpio.o
                0x08003b50                GPIO_WriteBit
 .text.GPIO_PinAFConfig
                0x08003b80       0x8c ..\obj\stm32f4xx_gpio.o
                0x08003b80                GPIO_PinAFConfig
 .text.SystemInit
                0x08003c0c       0x58 ..\obj\system_stm32f4xx.o
                0x08003c0c                SystemInit
 .text.SetSysClock
                0x08003c64       0xf4 ..\obj\system_stm32f4xx.o
 .text.DMA_DeInit
                0x08003d58      0x1a4 ..\obj\stm32f4xx_dma.o
                0x08003d58                DMA_DeInit
 .text.DMA_Init
                0x08003efc       0xac ..\obj\stm32f4xx_dma.o
                0x08003efc                DMA_Init
 .text.DMA_Cmd  0x08003fa8       0x38 ..\obj\stm32f4xx_dma.o
                0x08003fa8                DMA_Cmd
 .text.DMA_GetCmdStatus
                0x08003fe0       0x30 ..\obj\stm32f4xx_dma.o
                0x08003fe0                DMA_GetCmdStatus
 .text.DMA_GetFlagStatus
                0x08004010       0x78 ..\obj\stm32f4xx_dma.o
                0x08004010                DMA_GetFlagStatus
 .text.DMA_ClearFlag
                0x08004088       0x5c ..\obj\stm32f4xx_dma.o
                0x08004088                DMA_ClearFlag
 .text.DMA_ITConfig
                0x080040e4       0x74 ..\obj\stm32f4xx_dma.o
                0x080040e4                DMA_ITConfig
 .text.DMA_GetITStatus
                0x08004158       0xb0 ..\obj\stm32f4xx_dma.o
                0x08004158                DMA_GetITStatus
 .text.DMA_ClearITPendingBit
                0x08004208       0x5c ..\obj\stm32f4xx_dma.o
                0x08004208                DMA_ClearITPendingBit
 .text._ZN22AnalogDigitalConverterC2Ev
                0x08004264      0x154 ..\obj\adc.o
                0x08004264                AnalogDigitalConverter::AnalogDigitalConverter()
                0x08004264                AnalogDigitalConverter::AnalogDigitalConverter()
 .text._ZN22AnalogDigitalConverter26getConvertedValueAsVoltageEi
                0x080043b8       0x50 ..\obj\adc.o
                0x080043b8                AnalogDigitalConverter::getConvertedValueAsVoltage(int)
 .text.EVAL_AUDIO_TransferComplete_CallBack
                0x08004408       0x14 ..\obj\stm32f4_discovery_callbacks.o
                0x08004408                EVAL_AUDIO_TransferComplete_CallBack
 .text.EVAL_AUDIO_GetSampleCallBack
                0x0800441c       0x10 ..\obj\stm32f4_discovery_callbacks.o
                0x0800441c                EVAL_AUDIO_GetSampleCallBack
 .text.SPI_I2S_SendData
                0x0800442c       0x1c ..\obj\stm32f4xx_spi.o
                0x0800442c                SPI_I2S_SendData
 .text.SPI_I2S_GetFlagStatus
                0x08004448       0x38 ..\obj\stm32f4xx_spi.o
                0x08004448                SPI_I2S_GetFlagStatus
 .text.EXTI_Init
                0x08004480       0xdc ..\obj\stm32f4xx_exti.o
                0x08004480                EXTI_Init
 .text.EXTI_GenerateSWInterrupt
                0x0800455c       0x24 ..\obj\stm32f4xx_exti.o
                0x0800455c                EXTI_GenerateSWInterrupt
 .text.EXTI_GetITStatus
                0x08004580       0x48 ..\obj\stm32f4xx_exti.o
                0x08004580                EXTI_GetITStatus
 .text.EXTI_ClearITPendingBit
                0x080045c8       0x1c ..\obj\stm32f4xx_exti.o
                0x080045c8                EXTI_ClearITPendingBit
 .text.NVIC_PriorityGroupConfig
                0x080045e4       0x24 ..\obj\misc.o
                0x080045e4                NVIC_PriorityGroupConfig
 .text.NVIC_Init
                0x08004608       0xbc ..\obj\misc.o
                0x08004608                NVIC_Init
 .text.TIM_TimeBaseInit
                0x080046c4       0xd4 ..\obj\stm32f4xx_tim.o
                0x080046c4                TIM_TimeBaseInit
 .text.TIM_Cmd  0x08004798       0x40 ..\obj\stm32f4xx_tim.o
                0x08004798                TIM_Cmd
 .text.TIM_ITConfig
                0x080047d8       0x48 ..\obj\stm32f4xx_tim.o
                0x080047d8                TIM_ITConfig
 .text.TIM_GetITStatus
                0x08004820       0x54 ..\obj\stm32f4xx_tim.o
                0x08004820                TIM_GetITStatus
 .text.TIM_ClearITPendingBit
                0x08004874       0x20 ..\obj\stm32f4xx_tim.o
                0x08004874                TIM_ClearITPendingBit
 .text._ZN4XbeeC2Eii
                0x08004894       0xc0 ..\obj\xbee.o
                0x08004894                Xbee::Xbee(int, int)
                0x08004894                Xbee::Xbee(int, int)
 .text._ZN4Xbee11buffer_initEv
                0x08004954       0x34 ..\obj\xbee.o
                0x08004954                Xbee::buffer_init()
 .text._ZN4Xbee8BufferInEc
                0x08004988       0x88 ..\obj\xbee.o
                0x08004988                Xbee::BufferIn(char)
 .text._ZN4Xbee9BufferOutEPc
                0x08004a10       0x68 ..\obj\xbee.o
                0x08004a10                Xbee::BufferOut(char*)
 .text._ZN4Xbee10ReadBufferEPc
                0x08004a78       0x54 ..\obj\xbee.o
                0x08004a78                Xbee::ReadBuffer(char*)
 .text._ZN4Xbee7InitDMAEv
                0x08004acc       0xc8 ..\obj\xbee.o
                0x08004acc                Xbee::InitDMA()
 .text._ZN4Xbee4InitEv
                0x08004b94       0xd0 ..\obj\xbee.o
                0x08004b94                Xbee::Init()
 .text._ZN4Xbee7PutCharEt
                0x08004c64       0x3c ..\obj\xbee.o
                0x08004c64                Xbee::PutChar(unsigned short)
 .text._ZN4Xbee16SendTransmissionEccccPcc
                0x08004ca0       0xd4 ..\obj\xbee.o
                0x08004ca0                Xbee::SendTransmission(char, char, char, char, char*, char)
 .text._ZN4Xbee18IsCommandoAvalibleEv
                0x08004d74       0x70 ..\obj\xbee.o
                0x08004d74                Xbee::IsCommandoAvalible()
 .text._ZN4Xbee15ProzessCommandoEv
                0x08004de4      0x10c ..\obj\xbee.o
                0x08004de4                Xbee::ProzessCommando()
 .text._ZN4Xbee15CommandoProzessEPc
                0x08004ef0      0x434 ..\obj\xbee.o
                0x08004ef0                Xbee::CommandoProzess(char*)
 .text._ZN4Xbee16TransmittPValuesEv
                0x08005324      0x18c ..\obj\xbee.o
                0x08005324                Xbee::TransmittPValues()
 .text.DMA1_Stream5_IRQHandler
                0x080054b0       0x30 ..\obj\xbee.o
                0x080054b0                DMA1_Stream5_IRQHandler
 .text.USART2_IRQHandler
                0x080054e0       0x54 ..\obj\xbee.o
                0x080054e0                USART2_IRQHandler
 .text          0x08005534      0x370 c:/program files (x86)/gnu tools arm embedded/4.8 2014q3/bin/../lib/gcc/arm-none-eabi/4.8.4/armv7e-m\libgcc.a(_arm_addsubdf3.o)
                0x08005534                __aeabi_drsub
                0x0800553c                __aeabi_dsub
                0x0800553c                __subdf3
                0x08005540                __aeabi_dadd
                0x08005540                __adddf3
                0x080057b8                __floatunsidf
                0x080057b8                __aeabi_ui2d
                0x080057d8                __floatsidf
                0x080057d8                __aeabi_i2d
                0x080057fc                __aeabi_f2d
                0x080057fc                __extendsfdf2
                0x08005838                __floatundidf
                0x08005838                __aeabi_ul2d
                0x08005848                __floatdidf
                0x08005848                __aeabi_l2d
 .text          0x080058a4      0x424 c:/program files (x86)/gnu tools arm embedded/4.8 2014q3/bin/../lib/gcc/arm-none-eabi/4.8.4/armv7e-m\libgcc.a(_arm_muldivdf3.o)
                0x080058a4                __aeabi_dmul
                0x080058a4                __muldf3
                0x08005af8                __divdf3
                0x08005af8                __aeabi_ddiv
 .text          0x08005cc8       0x50 c:/program files (x86)/gnu tools arm embedded/4.8 2014q3/bin/../lib/gcc/arm-none-eabi/4.8.4/armv7e-m\libgcc.a(_arm_fixdfsi.o)
                0x08005cc8                __aeabi_d2iz
                0x08005cc8                __fixdfsi
 .text          0x08005d18       0xa0 c:/program files (x86)/gnu tools arm embedded/4.8 2014q3/bin/../lib/gcc/arm-none-eabi/4.8.4/armv7e-m\libgcc.a(_arm_truncdfsf2.o)
                0x08005d18                __truncdfsf2
                0x08005d18                __aeabi_d2f
 .text          0x08005db8      0x21c c:/program files (x86)/gnu tools arm embedded/4.8 2014q3/bin/../lib/gcc/arm-none-eabi/4.8.4/armv7e-m\libgcc.a(_arm_addsubsf3.o)
                0x08005db8                __aeabi_frsub
                0x08005dc0                __subsf3
                0x08005dc0                __aeabi_fsub
                0x08005dc4                __aeabi_fadd
                0x08005dc4                __addsf3
                0x08005f24                __aeabi_ui2f
                0x08005f24                __floatunsisf
                0x08005f2c                __aeabi_i2f
                0x08005f2c                __floatsisf
                0x08005f48                __aeabi_ul2f
                0x08005f48                __floatundisf
                0x08005f58                __aeabi_l2f
                0x08005f58                __floatdisf
 .text          0x08005fd4      0x2a0 c:/program files (x86)/gnu tools arm embedded/4.8 2014q3/bin/../lib/gcc/arm-none-eabi/4.8.4/armv7e-m\libgcc.a(_arm_muldivsf3.o)
                0x08005fd4                __mulsf3
                0x08005fd4                __aeabi_fmul
                0x0800613c                __aeabi_fdiv
                0x0800613c                __divsf3
 .text          0x08006274       0xec c:/program files (x86)/gnu tools arm embedded/4.8 2014q3/bin/../lib/gcc/arm-none-eabi/4.8.4/armv7e-m\libgcc.a(_arm_cmpsf2.o)
                0x08006274                __gesf2
                0x08006274                __gtsf2
                0x0800627c                __lesf2
                0x0800627c                __ltsf2
                0x08006284                __nesf2
                0x08006284                __eqsf2
                0x08006284                __cmpsf2
                0x080062e4                __aeabi_cfrcmple
                0x080062ec                __aeabi_cfcmpeq
                0x080062ec                __aeabi_cfcmple
                0x080062fc                __aeabi_fcmpeq
                0x08006310                __aeabi_fcmplt
                0x08006324                __aeabi_fcmple
                0x08006338                __aeabi_fcmpge
                0x0800634c                __aeabi_fcmpgt
 .text          0x08006360       0x4c c:/program files (x86)/gnu tools arm embedded/4.8 2014q3/bin/../lib/gcc/arm-none-eabi/4.8.4/armv7e-m\libgcc.a(_arm_fixsfsi.o)
                0x08006360                __aeabi_f2iz
                0x08006360                __fixsfsi
 .text          0x080063ac      0xa1c c:/program files (x86)/gnu tools arm embedded/4.8 2014q3/bin/../lib/gcc/arm-none-eabi/4.8.4/armv7e-m\libgcc.a(unwind-arm.o)
                0x08006690                _Unwind_GetCFA
                0x08006694                __gnu_Unwind_RaiseException
                0x080066f4                __gnu_Unwind_ForcedUnwind
                0x08006708                __gnu_Unwind_Resume
                0x0800674c                __gnu_Unwind_Resume_or_Rethrow
                0x0800675c                _Unwind_Complete
                0x08006760                _Unwind_DeleteException
                0x08006770                _Unwind_VRS_Get
                0x080067c0                _Unwind_VRS_Set
                0x08006810                __gnu_Unwind_Backtrace
                0x08006b64                __aeabi_unwind_cpp_pr0
                0x08006b6c                __aeabi_unwind_cpp_pr1
                0x08006b74                __aeabi_unwind_cpp_pr2
                0x08006b7c                _Unwind_VRS_Pop
 .text          0x08006dc8      0x1ac c:/program files (x86)/gnu tools arm embedded/4.8 2014q3/bin/../lib/gcc/arm-none-eabi/4.8.4/armv7e-m\libgcc.a(libunwind.o)
                0x08006dc8                __restore_core_regs
                0x08006dc8                restore_core_regs
                0x08006de0                __gnu_Unwind_Restore_VFP
                0x08006de8                __gnu_Unwind_Save_VFP
                0x08006df0                __gnu_Unwind_Restore_VFP_D
                0x08006df8                __gnu_Unwind_Save_VFP_D
                0x08006e00                __gnu_Unwind_Restore_VFP_D_16_to_31
                0x08006e08                __gnu_Unwind_Save_VFP_D_16_to_31
                0x08006e10                __gnu_Unwind_Restore_WMMXD
                0x08006e54                __gnu_Unwind_Save_WMMXD
                0x08006e98                __gnu_Unwind_Restore_WMMXC
                0x08006eac                __gnu_Unwind_Save_WMMXC
                0x08006ec0                ___Unwind_RaiseException
                0x08006ec0                _Unwind_RaiseException
                0x08006ee4                _Unwind_Resume
                0x08006ee4                ___Unwind_Resume
                0x08006f08                _Unwind_Resume_or_Rethrow
                0x08006f08                ___Unwind_Resume_or_Rethrow
                0x08006f2c                _Unwind_ForcedUnwind
                0x08006f2c                ___Unwind_ForcedUnwind
                0x08006f50                ___Unwind_Backtrace
                0x08006f50                _Unwind_Backtrace
 .text          0x08006f74      0x33c c:/program files (x86)/gnu tools arm embedded/4.8 2014q3/bin/../lib/gcc/arm-none-eabi/4.8.4/armv7e-m\libgcc.a(pr-support.o)
                0x08006fc8                __gnu_unwind_execute
                0x08007254                __gnu_unwind_frame
                0x08007280                _Unwind_GetRegionStart
                0x0800728c                _Unwind_GetLanguageSpecificData
                0x080072a0                _Unwind_GetDataRelBase
                0x080072a8                _Unwind_GetTextRelBase
 .text.abort    0x080072b0       0x10 c:/program files (x86)/gnu tools arm embedded/4.8 2014q3/bin/../lib/gcc/arm-none-eabi/4.8.4/../../../../arm-none-eabi/lib/armv7e-m\libc.a(lib_a-abort.o)
                0x080072b0                abort
 .text.__aeabi_atexit
                0x080072c0        0xc c:/program files (x86)/gnu tools arm embedded/4.8 2014q3/bin/../lib/gcc/arm-none-eabi/4.8.4/../../../../arm-none-eabi/lib/armv7e-m\libc.a(lib_a-aeabi_atexit.o)
                0x080072c0                __aeabi_atexit
 .text.atoff    0x080072cc        0x8 c:/program files (x86)/gnu tools arm embedded/4.8 2014q3/bin/../lib/gcc/arm-none-eabi/4.8.4/../../../../arm-none-eabi/lib/armv7e-m\libc.a(lib_a-atoff.o)
                0x080072cc                atoff
 .text.atoi     0x080072d4        0x8 c:/program files (x86)/gnu tools arm embedded/4.8 2014q3/bin/../lib/gcc/arm-none-eabi/4.8.4/../../../../arm-none-eabi/lib/armv7e-m\libc.a(lib_a-atoi.o)
                0x080072d4                atoi
 .text.__cxa_atexit
                0x080072dc       0x14 c:/program files (x86)/gnu tools arm embedded/4.8 2014q3/bin/../lib/gcc/arm-none-eabi/4.8.4/../../../../arm-none-eabi/lib/armv7e-m\libc.a(lib_a-cxa_atexit.o)
                0x080072dc                __cxa_atexit
 .text.exit     0x080072f0       0x20 c:/program files (x86)/gnu tools arm embedded/4.8 2014q3/bin/../lib/gcc/arm-none-eabi/4.8.4/../../../../arm-none-eabi/lib/armv7e-m\libc.a(lib_a-exit.o)
                0x080072f0                exit
 .text.__libc_init_array
                0x08007310       0x50 c:/program files (x86)/gnu tools arm embedded/4.8 2014q3/bin/../lib/gcc/arm-none-eabi/4.8.4/../../../../arm-none-eabi/lib/armv7e-m\libc.a(lib_a-init.o)
                0x08007310                __libc_init_array
 .text.malloc   0x08007360       0x10 c:/program files (x86)/gnu tools arm embedded/4.8 2014q3/bin/../lib/gcc/arm-none-eabi/4.8.4/../../../../arm-none-eabi/lib/armv7e-m\libc.a(lib_a-malloc.o)
                0x08007360                malloc
 .text.free     0x08007370       0x10 c:/program files (x86)/gnu tools arm embedded/4.8 2014q3/bin/../lib/gcc/arm-none-eabi/4.8.4/../../../../arm-none-eabi/lib/armv7e-m\libc.a(lib_a-malloc.o)
                0x08007370                free
 .text._malloc_r
                0x08007380      0x538 c:/program files (x86)/gnu tools arm embedded/4.8 2014q3/bin/../lib/gcc/arm-none-eabi/4.8.4/../../../../arm-none-eabi/lib/armv7e-m\libc.a(lib_a-mallocr.o)
                0x08007380                _malloc_r
 .text          0x080078b8      0x134 c:/program files (x86)/gnu tools arm embedded/4.8 2014q3/bin/../lib/gcc/arm-none-eabi/4.8.4/../../../../arm-none-eabi/lib/armv7e-m\libc.a(lib_a-memcpy.o)
                0x080078b8                memcpy
 .text.memset   0x080079ec       0x94 c:/program files (x86)/gnu tools arm embedded/4.8 2014q3/bin/../lib/gcc/arm-none-eabi/4.8.4/../../../../arm-none-eabi/lib/armv7e-m\libc.a(lib_a-memset.o)
                0x080079ec                memset
 .text.__malloc_lock
                0x08007a80        0x4 c:/program files (x86)/gnu tools arm embedded/4.8 2014q3/bin/../lib/gcc/arm-none-eabi/4.8.4/../../../../arm-none-eabi/lib/armv7e-m\libc.a(lib_a-mlock.o)
                0x08007a80                __malloc_lock
 .text.__malloc_unlock
                0x08007a84        0x4 c:/program files (x86)/gnu tools arm embedded/4.8 2014q3/bin/../lib/gcc/arm-none-eabi/4.8.4/../../../../arm-none-eabi/lib/armv7e-m\libc.a(lib_a-mlock.o)
                0x08007a84                __malloc_unlock
 .text._sbrk_r  0x08007a88       0x24 c:/program files (x86)/gnu tools arm embedded/4.8 2014q3/bin/../lib/gcc/arm-none-eabi/4.8.4/../../../../arm-none-eabi/lib/armv7e-m\libc.a(lib_a-sbrkr.o)
                0x08007a88                _sbrk_r
 .text._raise_r
                0x08007aac       0x58 c:/program files (x86)/gnu tools arm embedded/4.8 2014q3/bin/../lib/gcc/arm-none-eabi/4.8.4/../../../../arm-none-eabi/lib/armv7e-m\libc.a(lib_a-signal.o)
                0x08007aac                _raise_r
 .text.raise    0x08007b04       0x10 c:/program files (x86)/gnu tools arm embedded/4.8 2014q3/bin/../lib/gcc/arm-none-eabi/4.8.4/../../../../arm-none-eabi/lib/armv7e-m\libc.a(lib_a-signal.o)
                0x08007b04                raise
 .text._kill_r  0x08007b14       0x28 c:/program files (x86)/gnu tools arm embedded/4.8 2014q3/bin/../lib/gcc/arm-none-eabi/4.8.4/../../../../arm-none-eabi/lib/armv7e-m\libc.a(lib_a-signalr.o)
                0x08007b14                _kill_r
 .text._getpid_r
                0x08007b3c        0x4 c:/program files (x86)/gnu tools arm embedded/4.8 2014q3/bin/../lib/gcc/arm-none-eabi/4.8.4/../../../../arm-none-eabi/lib/armv7e-m\libc.a(lib_a-signalr.o)
                0x08007b3c                _getpid_r
 .text.sprintf  0x08007b40       0x4c c:/program files (x86)/gnu tools arm embedded/4.8 2014q3/bin/../lib/gcc/arm-none-eabi/4.8.4/../../../../arm-none-eabi/lib/armv7e-m\libc.a(lib_a-sprintf.o)
                0x08007b40                sprintf
 .text          0x08007b8c      0x21c c:/program files (x86)/gnu tools arm embedded/4.8 2014q3/bin/../lib/gcc/arm-none-eabi/4.8.4/../../../../arm-none-eabi/lib/armv7e-m\libc.a(lib_a-strcmp.o)
                0x08007b8c                strcmp
 .text.strcpy   0x08007da8       0xbc c:/program files (x86)/gnu tools arm embedded/4.8 2014q3/bin/../lib/gcc/arm-none-eabi/4.8.4/../../../../arm-none-eabi/lib/armv7e-m\libc.a(lib_a-strcpy.o)
                0x08007da8                strcpy
 .text.strlen   0x08007e64       0x60 c:/program files (x86)/gnu tools arm embedded/4.8 2014q3/bin/../lib/gcc/arm-none-eabi/4.8.4/../../../../arm-none-eabi/lib/armv7e-m\libc.a(lib_a-strlen.o)
                0x08007e64                strlen
 .text.sulp     0x08007ec4       0x40 c:/program files (x86)/gnu tools arm embedded/4.8 2014q3/bin/../lib/gcc/arm-none-eabi/4.8.4/../../../../arm-none-eabi/lib/armv7e-m\libc.a(lib_a-strtod.o)
 *fill*         0x08007f04        0x4 
 .text._strtod_r
                0x08007f08      0xf40 c:/program files (x86)/gnu tools arm embedded/4.8 2014q3/bin/../lib/gcc/arm-none-eabi/4.8.4/../../../../arm-none-eabi/lib/armv7e-m\libc.a(lib_a-strtod.o)
                0x08007f08                _strtod_r
 .text.strtof   0x08008e48       0x30 c:/program files (x86)/gnu tools arm embedded/4.8 2014q3/bin/../lib/gcc/arm-none-eabi/4.8.4/../../../../arm-none-eabi/lib/armv7e-m\libc.a(lib_a-strtod.o)
                0x08008e48                strtof
 .text.strtok   0x08008e78       0x10 c:/program files (x86)/gnu tools arm embedded/4.8 2014q3/bin/../lib/gcc/arm-none-eabi/4.8.4/../../../../arm-none-eabi/lib/armv7e-m\libc.a(lib_a-strtok.o)
                0x08008e78                strtok
 .text.__strtok_r
                0x08008e88       0x64 c:/program files (x86)/gnu tools arm embedded/4.8 2014q3/bin/../lib/gcc/arm-none-eabi/4.8.4/../../../../arm-none-eabi/lib/armv7e-m\libc.a(lib_a-strtok_r.o)
                0x08008e88                __strtok_r
 .text._strtol_r
                0x08008eec      0x114 c:/program files (x86)/gnu tools arm embedded/4.8 2014q3/bin/../lib/gcc/arm-none-eabi/4.8.4/../../../../arm-none-eabi/lib/armv7e-m\libc.a(lib_a-strtol.o)
                0x08008eec                _strtol_r
 .text.strtol   0x08009000       0x18 c:/program files (x86)/gnu tools arm embedded/4.8 2014q3/bin/../lib/gcc/arm-none-eabi/4.8.4/../../../../arm-none-eabi/lib/armv7e-m\libc.a(lib_a-strtol.o)
                0x08009000                strtol
 .text._svfprintf_r
                0x08009018     0x14f8 c:/program files (x86)/gnu tools arm embedded/4.8 2014q3/bin/../lib/gcc/arm-none-eabi/4.8.4/../../../../arm-none-eabi/lib/armv7e-m\libc.a(lib_a-svfprintf.o)
                0x08009018                _svfprintf_r
 .text.__register_exitproc
                0x0800a510       0xa8 c:/program files (x86)/gnu tools arm embedded/4.8 2014q3/bin/../lib/gcc/arm-none-eabi/4.8.4/../../../../arm-none-eabi/lib/armv7e-m\libc.a(lib_a-__atexit.o)
                0x0800a510                __register_exitproc
 .text.startup.register_fini
                0x0800a5b8       0x14 c:/program files (x86)/gnu tools arm embedded/4.8 2014q3/bin/../lib/gcc/arm-none-eabi/4.8.4/../../../../arm-none-eabi/lib/armv7e-m\libc.a(lib_a-__call_atexit.o)
 .text.__call_exitprocs
                0x0800a5cc       0xf0 c:/program files (x86)/gnu tools arm embedded/4.8 2014q3/bin/../lib/gcc/arm-none-eabi/4.8.4/../../../../arm-none-eabi/lib/armv7e-m\libc.a(lib_a-__call_atexit.o)
                0x0800a5cc                __call_exitprocs
 .text.atexit   0x0800a6bc        0xc c:/program files (x86)/gnu tools arm embedded/4.8 2014q3/bin/../lib/gcc/arm-none-eabi/4.8.4/../../../../arm-none-eabi/lib/armv7e-m\libc.a(lib_a-atexit.o)
                0x0800a6bc                atexit
 .text.quorem   0x0800a6c8      0x130 c:/program files (x86)/gnu tools arm embedded/4.8 2014q3/bin/../lib/gcc/arm-none-eabi/4.8.4/../../../../arm-none-eabi/lib/armv7e-m\libc.a(lib_a-dtoa.o)
 .text._dtoa_r  0x0800a7f8      0xe38 c:/program files (x86)/gnu tools arm embedded/4.8 2014q3/bin/../lib/gcc/arm-none-eabi/4.8.4/../../../../arm-none-eabi/lib/armv7e-m\libc.a(lib_a-dtoa.o)
                0x0800a7f8                _dtoa_r
 .text.__libc_fini_array
                0x0800b630       0x30 c:/program files (x86)/gnu tools arm embedded/4.8 2014q3/bin/../lib/gcc/arm-none-eabi/4.8.4/../../../../arm-none-eabi/lib/armv7e-m\libc.a(lib_a-fini.o)
                0x0800b630                __libc_fini_array
 .text._malloc_trim_r
                0x0800b660       0x9c c:/program files (x86)/gnu tools arm embedded/4.8 2014q3/bin/../lib/gcc/arm-none-eabi/4.8.4/../../../../arm-none-eabi/lib/armv7e-m\libc.a(lib_a-freer.o)
                0x0800b660                _malloc_trim_r
 .text._free_r  0x0800b6fc      0x19c c:/program files (x86)/gnu tools arm embedded/4.8 2014q3/bin/../lib/gcc/arm-none-eabi/4.8.4/../../../../arm-none-eabi/lib/armv7e-m\libc.a(lib_a-freer.o)
                0x0800b6fc                _free_r
 .text.rshift   0x0800b898       0xa0 c:/program files (x86)/gnu tools arm embedded/4.8 2014q3/bin/../lib/gcc/arm-none-eabi/4.8.4/../../../../arm-none-eabi/lib/armv7e-m\libc.a(lib_a-gdtoa-gethex.o)
 .text.__gethex
                0x0800b938      0x530 c:/program files (x86)/gnu tools arm embedded/4.8 2014q3/bin/../lib/gcc/arm-none-eabi/4.8.4/../../../../arm-none-eabi/lib/armv7e-m\libc.a(lib_a-gdtoa-gethex.o)
                0x0800b938                __gethex
 .text.__hexnan
                0x0800be68      0x194 c:/program files (x86)/gnu tools arm embedded/4.8 2014q3/bin/../lib/gcc/arm-none-eabi/4.8.4/../../../../arm-none-eabi/lib/armv7e-m\libc.a(lib_a-gdtoa-hexnan.o)
                0x0800be68                __hexnan
 .text._localeconv_r
                0x0800bffc        0x8 c:/program files (x86)/gnu tools arm embedded/4.8 2014q3/bin/../lib/gcc/arm-none-eabi/4.8.4/../../../../arm-none-eabi/lib/armv7e-m\libc.a(lib_a-locale.o)
                0x0800bffc                _localeconv_r
 .text.memchr   0x0800c004       0x90 c:/program files (x86)/gnu tools arm embedded/4.8 2014q3/bin/../lib/gcc/arm-none-eabi/4.8.4/../../../../arm-none-eabi/lib/armv7e-m\libc.a(lib_a-memchr-stub.o)
                0x0800c004                memchr
 .text._Balloc  0x0800c094       0x4c c:/program files (x86)/gnu tools arm embedded/4.8 2014q3/bin/../lib/gcc/arm-none-eabi/4.8.4/../../../../arm-none-eabi/lib/armv7e-m\libc.a(lib_a-mprec.o)
                0x0800c094                _Balloc
 .text._Bfree   0x0800c0e0       0x14 c:/program files (x86)/gnu tools arm embedded/4.8 2014q3/bin/../lib/gcc/arm-none-eabi/4.8.4/../../../../arm-none-eabi/lib/armv7e-m\libc.a(lib_a-mprec.o)
                0x0800c0e0                _Bfree
 .text.__multadd
                0x0800c0f4       0x98 c:/program files (x86)/gnu tools arm embedded/4.8 2014q3/bin/../lib/gcc/arm-none-eabi/4.8.4/../../../../arm-none-eabi/lib/armv7e-m\libc.a(lib_a-mprec.o)
                0x0800c0f4                __multadd
 .text.__s2b    0x0800c18c       0x98 c:/program files (x86)/gnu tools arm embedded/4.8 2014q3/bin/../lib/gcc/arm-none-eabi/4.8.4/../../../../arm-none-eabi/lib/armv7e-m\libc.a(lib_a-mprec.o)
                0x0800c18c                __s2b
 .text.__hi0bits
                0x0800c224       0x40 c:/program files (x86)/gnu tools arm embedded/4.8 2014q3/bin/../lib/gcc/arm-none-eabi/4.8.4/../../../../arm-none-eabi/lib/armv7e-m\libc.a(lib_a-mprec.o)
                0x0800c224                __hi0bits
 .text.__lo0bits
                0x0800c264       0x5c c:/program files (x86)/gnu tools arm embedded/4.8 2014q3/bin/../lib/gcc/arm-none-eabi/4.8.4/../../../../arm-none-eabi/lib/armv7e-m\libc.a(lib_a-mprec.o)
                0x0800c264                __lo0bits
 .text.__i2b    0x0800c2c0       0x14 c:/program files (x86)/gnu tools arm embedded/4.8 2014q3/bin/../lib/gcc/arm-none-eabi/4.8.4/../../../../arm-none-eabi/lib/armv7e-m\libc.a(lib_a-mprec.o)
                0x0800c2c0                __i2b
 .text.__multiply
                0x0800c2d4      0x13c c:/program files (x86)/gnu tools arm embedded/4.8 2014q3/bin/../lib/gcc/arm-none-eabi/4.8.4/../../../../arm-none-eabi/lib/armv7e-m\libc.a(lib_a-mprec.o)
                0x0800c2d4                __multiply
 .text.__pow5mult
                0x0800c410       0x9c c:/program files (x86)/gnu tools arm embedded/4.8 2014q3/bin/../lib/gcc/arm-none-eabi/4.8.4/../../../../arm-none-eabi/lib/armv7e-m\libc.a(lib_a-mprec.o)
                0x0800c410                __pow5mult
 .text.__lshift
                0x0800c4ac       0xbc c:/program files (x86)/gnu tools arm embedded/4.8 2014q3/bin/../lib/gcc/arm-none-eabi/4.8.4/../../../../arm-none-eabi/lib/armv7e-m\libc.a(lib_a-mprec.o)
                0x0800c4ac                __lshift
 .text.__mcmp   0x0800c568       0x48 c:/program files (x86)/gnu tools arm embedded/4.8 2014q3/bin/../lib/gcc/arm-none-eabi/4.8.4/../../../../arm-none-eabi/lib/armv7e-m\libc.a(lib_a-mprec.o)
                0x0800c568                __mcmp
 .text.__mdiff  0x0800c5b0       0xd4 c:/program files (x86)/gnu tools arm embedded/4.8 2014q3/bin/../lib/gcc/arm-none-eabi/4.8.4/../../../../arm-none-eabi/lib/armv7e-m\libc.a(lib_a-mprec.o)
                0x0800c5b0                __mdiff
 .text.__ulp    0x0800c684       0x40 c:/program files (x86)/gnu tools arm embedded/4.8 2014q3/bin/../lib/gcc/arm-none-eabi/4.8.4/../../../../arm-none-eabi/lib/armv7e-m\libc.a(lib_a-mprec.o)
                0x0800c684                __ulp
 .text.__b2d    0x0800c6c4       0xb4 c:/program files (x86)/gnu tools arm embedded/4.8 2014q3/bin/../lib/gcc/arm-none-eabi/4.8.4/../../../../arm-none-eabi/lib/armv7e-m\libc.a(lib_a-mprec.o)
                0x0800c6c4                __b2d
 .text.__d2b    0x0800c778       0xbc c:/program files (x86)/gnu tools arm embedded/4.8 2014q3/bin/../lib/gcc/arm-none-eabi/4.8.4/../../../../arm-none-eabi/lib/armv7e-m\libc.a(lib_a-mprec.o)
                0x0800c778                __d2b
 .text.__ratio  0x0800c834       0x50 c:/program files (x86)/gnu tools arm embedded/4.8 2014q3/bin/../lib/gcc/arm-none-eabi/4.8.4/../../../../arm-none-eabi/lib/armv7e-m\libc.a(lib_a-mprec.o)
                0x0800c834                __ratio
 .text.__copybits
                0x0800c884       0x48 c:/program files (x86)/gnu tools arm embedded/4.8 2014q3/bin/../lib/gcc/arm-none-eabi/4.8.4/../../../../arm-none-eabi/lib/armv7e-m\libc.a(lib_a-mprec.o)
                0x0800c884                __copybits
 .text.__any_on
                0x0800c8cc       0x60 c:/program files (x86)/gnu tools arm embedded/4.8 2014q3/bin/../lib/gcc/arm-none-eabi/4.8.4/../../../../arm-none-eabi/lib/armv7e-m\libc.a(lib_a-mprec.o)
                0x0800c8cc                __any_on
 .text.__fpclassifyd
                0x0800c92c       0x50 c:/program files (x86)/gnu tools arm embedded/4.8 2014q3/bin/../lib/gcc/arm-none-eabi/4.8.4/../../../../arm-none-eabi/lib/armv7e-m\libc.a(lib_a-s_fpclassify.o)
                0x0800c92c                __fpclassifyd
 .text.nanf     0x0800c97c        0x8 c:/program files (x86)/gnu tools arm embedded/4.8 2014q3/bin/../lib/gcc/arm-none-eabi/4.8.4/../../../../arm-none-eabi/lib/armv7e-m\libc.a(lib_a-sf_nan.o)
                0x0800c97c                nanf
 .text.strncmp  0x0800c984       0xb4 c:/program files (x86)/gnu tools arm embedded/4.8 2014q3/bin/../lib/gcc/arm-none-eabi/4.8.4/../../../../arm-none-eabi/lib/armv7e-m\libc.a(lib_a-strncmp.o)
                0x0800c984                strncmp
 .text.__ssprint_r
                0x0800ca38      0x100 c:/program files (x86)/gnu tools arm embedded/4.8 2014q3/bin/../lib/gcc/arm-none-eabi/4.8.4/../../../../arm-none-eabi/lib/armv7e-m\libc.a(lib_a-svfiprintf.o)
                0x0800ca38                __ssprint_r
 .text._calloc_r
                0x0800cb38       0x60 c:/program files (x86)/gnu tools arm embedded/4.8 2014q3/bin/../lib/gcc/arm-none-eabi/4.8.4/../../../../arm-none-eabi/lib/armv7e-m\libc.a(lib_a-callocr.o)
                0x0800cb38                _calloc_r
 .text.memmove  0x0800cb98       0xc0 c:/program files (x86)/gnu tools arm embedded/4.8 2014q3/bin/../lib/gcc/arm-none-eabi/4.8.4/../../../../arm-none-eabi/lib/armv7e-m\libc.a(lib_a-memmove.o)
                0x0800cb98                memmove
 .text._realloc_r
                0x0800cc58      0x3cc c:/program files (x86)/gnu tools arm embedded/4.8 2014q3/bin/../lib/gcc/arm-none-eabi/4.8.4/../../../../arm-none-eabi/lib/armv7e-m\libc.a(lib_a-reallocr.o)
                0x0800cc58                _realloc_r
 .text._getpid  0x0800d024       0x10 c:/program files (x86)/gnu tools arm embedded/4.8 2014q3/bin/../lib/gcc/arm-none-eabi/4.8.4/../../../../arm-none-eabi/lib/armv7e-m\libnosys.a(getpid.o)
                0x0800d024                _getpid
 .text._kill    0x0800d034       0x10 c:/program files (x86)/gnu tools arm embedded/4.8 2014q3/bin/../lib/gcc/arm-none-eabi/4.8.4/../../../../arm-none-eabi/lib/armv7e-m\libnosys.a(kill.o)
                0x0800d034                _kill
 .text._sbrk    0x0800d044       0x34 c:/program files (x86)/gnu tools arm embedded/4.8 2014q3/bin/../lib/gcc/arm-none-eabi/4.8.4/../../../../arm-none-eabi/lib/armv7e-m\libnosys.a(sbrk.o)
                0x0800d044                _sbrk
 .text._exit    0x0800d078        0x4 c:/program files (x86)/gnu tools arm embedded/4.8 2014q3/bin/../lib/gcc/arm-none-eabi/4.8.4/../../../../arm-none-eabi/lib/armv7e-m\libnosys.a(_exit.o)
                0x0800d078                _exit
 .text          0x0800d07c      0x110 c:/program files (x86)/gnu tools arm embedded/4.8 2014q3/bin/../lib/gcc/arm-none-eabi/4.8.4/armv7e-m\libgcc.a(_arm_cmpdf2.o)
                0x0800d07c                __gtdf2
                0x0800d07c                __gedf2
                0x0800d084                __ltdf2
                0x0800d084                __ledf2
                0x0800d08c                __nedf2
                0x0800d08c                __eqdf2
                0x0800d08c                __cmpdf2
                0x0800d108                __aeabi_cdrcmple
                0x0800d118                __aeabi_cdcmpeq
                0x0800d118                __aeabi_cdcmple
                0x0800d128                __aeabi_dcmpeq
                0x0800d13c                __aeabi_dcmplt
                0x0800d150                __aeabi_dcmple
                0x0800d164                __aeabi_dcmpge
                0x0800d178                __aeabi_dcmpgt
 .text          0x0800d18c       0x40 c:/program files (x86)/gnu tools arm embedded/4.8 2014q3/bin/../lib/gcc/arm-none-eabi/4.8.4/armv7e-m\libgcc.a(_arm_fixunsdfsi.o)
                0x0800d18c                __aeabi_d2uiz
                0x0800d18c                __fixunsdfsi
 .text          0x0800d1cc       0x2c c:/program files (x86)/gnu tools arm embedded/4.8 2014q3/bin/../lib/gcc/arm-none-eabi/4.8.4/armv7e-m\libgcc.a(_aeabi_uldivmod.o)
                0x0800d1cc                __aeabi_uldivmod
 .text          0x0800d1f8       0x60 c:/program files (x86)/gnu tools arm embedded/4.8 2014q3/bin/../lib/gcc/arm-none-eabi/4.8.4/armv7e-m\libgcc.a(bpabi.o)
                0x0800d1f8                __gnu_ldivmod_helper
                0x0800d228                __gnu_uldivmod_helper
 .text          0x0800d258        0x4 c:/program files (x86)/gnu tools arm embedded/4.8 2014q3/bin/../lib/gcc/arm-none-eabi/4.8.4/armv7e-m\libgcc.a(_dvmd_tls.o)
                0x0800d258                __aeabi_idiv0
                0x0800d258                __aeabi_ldiv0
 .text          0x0800d25c      0x298 c:/program files (x86)/gnu tools arm embedded/4.8 2014q3/bin/../lib/gcc/arm-none-eabi/4.8.4/armv7e-m\libgcc.a(_divdi3.o)
                0x0800d25c                __divdi3
 .text          0x0800d4f4      0x284 c:/program files (x86)/gnu tools arm embedded/4.8 2014q3/bin/../lib/gcc/arm-none-eabi/4.8.4/armv7e-m\libgcc.a(_udivdi3.o)
                0x0800d4f4                __udivdi3
 *(.init)
 .init          0x0800d778        0x4 c:/program files (x86)/gnu tools arm embedded/4.8 2014q3/bin/../lib/gcc/arm-none-eabi/4.8.4/armv7e-m/crti.o
                0x0800d778                _init
 .init          0x0800d77c        0x8 c:/program files (x86)/gnu tools arm embedded/4.8 2014q3/bin/../lib/gcc/arm-none-eabi/4.8.4/armv7e-m/crtn.o
 *(.fini)
 .fini          0x0800d784        0x4 c:/program files (x86)/gnu tools arm embedded/4.8 2014q3/bin/../lib/gcc/arm-none-eabi/4.8.4/armv7e-m/crti.o
                0x0800d784                _fini
 .fini          0x0800d788        0x8 c:/program files (x86)/gnu tools arm embedded/4.8 2014q3/bin/../lib/gcc/arm-none-eabi/4.8.4/armv7e-m/crtn.o
 *crtbegin.o(.ctors)
 *crtbegin?.o(.ctors)
 *(EXCLUDE_FILE(*crtend.o *crtend?.o) .ctors)
 *(SORT(.ctors.*))
 *(.ctors)
 *crtbegin.o(.dtors)
 *crtbegin?.o(.dtors)
 *(EXCLUDE_FILE(*crtend.o *crtend?.o) .dtors)
 *(SORT(.dtors.*))
 *(.dtors)
 *(.rodata*)
 .rodata        0x0800d790       0x40 ..\obj\rotary.o
 .rodata        0x0800d7d0       0x40 ..\obj\stepper.o
 .rodata        0x0800d810       0x30 ..\obj\stm32f4_discovery.o
                0x0800d810                GPIO_PIN
                0x0800d818                GPIO_CLK
                0x0800d828                BUTTON_PIN
                0x0800d82c                BUTTON_CLK
                0x0800d830                BUTTON_EXTI_LINE
                0x0800d834                BUTTON_PORT_SOURCE
                0x0800d838                BUTTON_PIN_SOURCE
                0x0800d83c                BUTTON_IRQn
 .rodata        0x0800d840       0x1c ..\obj\main.o
 .rodata        0x0800d85c       0xbc ..\obj\fassade.o
 .rodata        0x0800d918       0xe8 ..\obj\terminal.o
 .rodata        0x0800da00       0x64 ..\obj\xbee.o
 .rodata.str1.4
                0x0800da64        0x2 c:/program files (x86)/gnu tools arm embedded/4.8 2014q3/bin/../lib/gcc/arm-none-eabi/4.8.4/../../../../arm-none-eabi/lib/armv7e-m\libc.a(lib_a-impure.o)
                                  0x4 (size before relaxing)
 *fill*         0x0800da66        0x2 
 .rodata._global_impure_ptr
                0x0800da68        0x4 c:/program files (x86)/gnu tools arm embedded/4.8 2014q3/bin/../lib/gcc/arm-none-eabi/4.8.4/../../../../arm-none-eabi/lib/armv7e-m\libc.a(lib_a-impure.o)
                0x0800da68                _global_impure_ptr
 .rodata.fpi.5238
                0x0800da6c       0x14 c:/program files (x86)/gnu tools arm embedded/4.8 2014q3/bin/../lib/gcc/arm-none-eabi/4.8.4/../../../../arm-none-eabi/lib/armv7e-m\libc.a(lib_a-strtod.o)
 .rodata.str1.4
                0x0800da80        0xf c:/program files (x86)/gnu tools arm embedded/4.8 2014q3/bin/../lib/gcc/arm-none-eabi/4.8.4/../../../../arm-none-eabi/lib/armv7e-m\libc.a(lib_a-strtod.o)
                                 0x10 (size before relaxing)
 *fill*         0x0800da8f        0x1 
 .rodata.fpinan.5274
                0x0800da90       0x14 c:/program files (x86)/gnu tools arm embedded/4.8 2014q3/bin/../lib/gcc/arm-none-eabi/4.8.4/../../../../arm-none-eabi/lib/armv7e-m\libc.a(lib_a-strtod.o)
 *fill*         0x0800daa4        0x4 
 .rodata.tinytens
                0x0800daa8       0x28 c:/program files (x86)/gnu tools arm embedded/4.8 2014q3/bin/../lib/gcc/arm-none-eabi/4.8.4/../../../../arm-none-eabi/lib/armv7e-m\libc.a(lib_a-strtod.o)
 .rodata.zeroes.6763
                0x0800dad0       0x10 c:/program files (x86)/gnu tools arm embedded/4.8 2014q3/bin/../lib/gcc/arm-none-eabi/4.8.4/../../../../arm-none-eabi/lib/armv7e-m\libc.a(lib_a-svfprintf.o)
 .rodata.str1.4
                0x0800dae0       0x42 c:/program files (x86)/gnu tools arm embedded/4.8 2014q3/bin/../lib/gcc/arm-none-eabi/4.8.4/../../../../arm-none-eabi/lib/armv7e-m\libc.a(lib_a-svfprintf.o)
                                 0x44 (size before relaxing)
 *fill*         0x0800db22        0x2 
 .rodata.blanks.6762
                0x0800db24       0x10 c:/program files (x86)/gnu tools arm embedded/4.8 2014q3/bin/../lib/gcc/arm-none-eabi/4.8.4/../../../../arm-none-eabi/lib/armv7e-m\libc.a(lib_a-svfprintf.o)
 .rodata._ctype_
                0x0800db34      0x104 c:/program files (x86)/gnu tools arm embedded/4.8 2014q3/bin/../lib/gcc/arm-none-eabi/4.8.4/../../../../arm-none-eabi/lib/armv7e-m\libc.a(lib_a-ctype_.o)
                0x0800db34                _ctype_
 .rodata.str1.4
                0x0800dc38       0x10 c:/program files (x86)/gnu tools arm embedded/4.8 2014q3/bin/../lib/gcc/arm-none-eabi/4.8.4/../../../../arm-none-eabi/lib/armv7e-m\libc.a(lib_a-dtoa.o)
                                 0x14 (size before relaxing)
 .rodata.__hexdig
                0x0800dc48      0x100 c:/program files (x86)/gnu tools arm embedded/4.8 2014q3/bin/../lib/gcc/arm-none-eabi/4.8.4/../../../../arm-none-eabi/lib/armv7e-m\libc.a(lib_a-gdtoa-gethex.o)
                0x0800dc48                __hexdig
 .rodata.str1.4
                0x0800dd48        0xc c:/program files (x86)/gnu tools arm embedded/4.8 2014q3/bin/../lib/gcc/arm-none-eabi/4.8.4/../../../../arm-none-eabi/lib/armv7e-m\libc.a(lib_a-locale.o)
                                 0x14 (size before relaxing)
 *fill*         0x0800dd54        0x4 
 .rodata.__mprec_tens
                0x0800dd58       0xc8 c:/program files (x86)/gnu tools arm embedded/4.8 2014q3/bin/../lib/gcc/arm-none-eabi/4.8.4/../../../../arm-none-eabi/lib/armv7e-m\libc.a(lib_a-mprec.o)
                0x0800dd58                __mprec_tens
 .rodata.__mprec_bigtens
                0x0800de20       0x28 c:/program files (x86)/gnu tools arm embedded/4.8 2014q3/bin/../lib/gcc/arm-none-eabi/4.8.4/../../../../arm-none-eabi/lib/armv7e-m\libc.a(lib_a-mprec.o)
                0x0800de20                __mprec_bigtens
 .rodata.p05.5269
                0x0800de48        0xc c:/program files (x86)/gnu tools arm embedded/4.8 2014q3/bin/../lib/gcc/arm-none-eabi/4.8.4/../../../../arm-none-eabi/lib/armv7e-m\libc.a(lib_a-mprec.o)
 *(.eh_frame*)
 .eh_frame      0x0800de54        0x0 c:/program files (x86)/gnu tools arm embedded/4.8 2014q3/bin/../lib/gcc/arm-none-eabi/4.8.4/armv7e-m/crtbegin.o
 .eh_frame      0x0800de54        0x4 c:/program files (x86)/gnu tools arm embedded/4.8 2014q3/bin/../lib/gcc/arm-none-eabi/4.8.4/armv7e-m/crtend.o

.glue_7         0x0800de58        0x0
 .glue_7        0x00000000        0x0 linker stubs

.glue_7t        0x0800de58        0x0
 .glue_7t       0x00000000        0x0 linker stubs

.vfp11_veneer   0x0800de58        0x0
 .vfp11_veneer  0x00000000        0x0 linker stubs

.v4_bx          0x0800de58        0x0
 .v4_bx         0x00000000        0x0 linker stubs

.iplt           0x0800de58        0x0
 .iplt          0x00000000        0x0 c:/program files (x86)/gnu tools arm embedded/4.8 2014q3/bin/../lib/gcc/arm-none-eabi/4.8.4/armv7e-m/crtbegin.o

.ARM.extab      0x0800de58      0x2a0
 *(.ARM.extab* .gnu.linkonce.armextab.*)
 .ARM.extab.text._ZN18TemperaturSensorenC2Ev
                0x0800de58        0xc ..\obj\temp_sensors.o
 .ARM.extab.text._ZN18TemperaturSensoren30startTempMeasurementAllSensorsEv
                0x0800de64        0xc ..\obj\temp_sensors.o
 .ARM.extab.text._ZN3LedC2Ev
                0x0800de70        0xc ..\obj\led.o
 .ARM.extab.text._ZN3Led2OnEv
                0x0800de7c        0xc ..\obj\led.o
 .ARM.extab.text._ZN3Led3OffEv
                0x0800de88        0xc ..\obj\led.o
 .ARM.extab.text._ZN6RotaryC2Ev
                0x0800de94        0xc ..\obj\rotary.o
 .ARM.extab.text._ZN6Rotary4InitEv
                0x0800dea0        0xc ..\obj\rotary.o
 .ARM.extab.text.EXTI9_5_IRQHandler
                0x0800deac        0xc ..\obj\rotary.o
 .ARM.extab.text._ZN7StepperC2Ev
                0x0800deb8        0xc ..\obj\stepper.o
 .ARM.extab.text._ZN7Stepper4InitEv
                0x0800dec4        0xc ..\obj\stepper.o
 .ARM.extab.text._ZN7Stepper4LeftEii
                0x0800ded0        0xc ..\obj\stepper.o
 .ARM.extab.text._ZN7Stepper5RightEii
                0x0800dedc        0xc ..\obj\stepper.o
 .ARM.extab.text._ZN7Stepper7Go2StepEi
                0x0800dee8        0xc ..\obj\stepper.o
 .ARM.extab.text._ZN7Stepper8LeerlaufEv
                0x0800def4        0xc ..\obj\stepper.o
 .ARM.extab.text._ZN7Stepper7RunStepEv
                0x0800df00        0xc ..\obj\stepper.o
 .ARM.extab.text._ZN7Stepper8InitTim2Eii
                0x0800df0c        0xc ..\obj\stepper.o
 .ARM.extab.text.TIM2_IRQHandler
                0x0800df18        0xc ..\obj\stepper.o
 .ARM.extab.text.main
                0x0800df24        0xc ..\obj\main.o
 .ARM.extab.text._ZN7Fassade16InitGewaechshausEv
                0x0800df30        0xc ..\obj\fassade.o
 .ARM.extab.text._ZN7Fassade15Window2PositionEi
                0x0800df3c        0xc ..\obj\fassade.o
 .ARM.extab.text._ZN7Fassade19UpdateDisplayValuesEv
                0x0800df48        0xc ..\obj\fassade.o
 .ARM.extab.text._ZN10Ampermeter10getCurrentEv
                0x0800df54        0xc ..\obj\ampermeter.o
 .ARM.extab.text._ZN7DisplayC2Ei
                0x0800df60        0xc ..\obj\display.o
 .ARM.extab.text._ZN7Display10SendViaDmaEPci
                0x0800df6c        0xc ..\obj\display.o
 .ARM.extab.text._ZN7Display4InitEv
                0x0800df78        0xc ..\obj\display.o
 .ARM.extab.text._ZN7Display7PutCharEti
                0x0800df84        0xc ..\obj\display.o
 .ARM.extab.text._ZN7Display10SendStringEPci
                0x0800df90        0xc ..\obj\display.o
 .ARM.extab.text._ZN7Display11SendMessageEPci
                0x0800df9c        0xc ..\obj\display.o
 .ARM.extab.text._ZN7Display8SendByteEPcii
                0x0800dfa8        0xc ..\obj\display.o
 .ARM.extab.text._ZN7Display9BacklightEci
                0x0800dfb4        0xc ..\obj\display.o
 .ARM.extab.text._ZN7Display14SpecialCommandEci
                0x0800dfc0        0xc ..\obj\display.o
 .ARM.extab.text._ZN7Display17SetCursorPositionEcci
                0x0800dfcc        0xc ..\obj\display.o
 .ARM.extab.text._ZN8TerminalC2Ei
                0x0800dfd8        0xc ..\obj\terminal.o
 .ARM.extab.text._ZN8Terminal13usart3InitDMAEv
                0x0800dfe4        0xc ..\obj\terminal.o
 .ARM.extab.text._ZN8Terminal10SendViaDmaEPci
                0x0800dff0        0xc ..\obj\terminal.o
 .ARM.extab.text._ZN8Terminal10usart3InitEv
                0x0800dffc        0xc ..\obj\terminal.o
 .ARM.extab.text._ZN8Terminal11uartPutCharEt
                0x0800e008        0xc ..\obj\terminal.o
 .ARM.extab.text._ZN8Terminal14uartSendStringEPc
                0x0800e014        0xc ..\obj\terminal.o
 .ARM.extab.text._ZN8Terminal11SendMessageEPc
                0x0800e020        0xc ..\obj\terminal.o
 .ARM.extab.text._ZN8Terminal18IsCommandoAvalibleEv
                0x0800e02c        0xc ..\obj\terminal.o
 .ARM.extab.text._ZN8Terminal15ProzessCommandoEv
                0x0800e038        0xc ..\obj\terminal.o
 .ARM.extab.text._ZN8Terminal15CommandoProzessEPc
                0x0800e044        0xc ..\obj\terminal.o
 .ARM.extab.text.USART3_IRQHandler
                0x0800e050        0xc ..\obj\terminal.o
 .ARM.extab.text._ZN22AnalogDigitalConverterC2Ev
                0x0800e05c        0xc ..\obj\adc.o
 .ARM.extab.text._ZN4XbeeC2Eii
                0x0800e068        0xc ..\obj\xbee.o
 .ARM.extab.text._ZN4Xbee7InitDMAEv
                0x0800e074        0xc ..\obj\xbee.o
 .ARM.extab.text._ZN4Xbee4InitEv
                0x0800e080        0xc ..\obj\xbee.o
 .ARM.extab.text._ZN4Xbee7PutCharEt
                0x0800e08c        0xc ..\obj\xbee.o
 .ARM.extab.text._ZN4Xbee16SendTransmissionEccccPcc
                0x0800e098        0xc ..\obj\xbee.o
 .ARM.extab.text._ZN4Xbee15ProzessCommandoEv
                0x0800e0a4        0xc ..\obj\xbee.o
 .ARM.extab.text._ZN4Xbee15CommandoProzessEPc
                0x0800e0b0        0xc ..\obj\xbee.o
 .ARM.extab.text._ZN4Xbee16TransmittPValuesEv
                0x0800e0bc        0xc ..\obj\xbee.o
 .ARM.extab.text.USART2_IRQHandler
                0x0800e0c8        0xc ..\obj\xbee.o
 .ARM.extab     0x0800e0d4        0xc c:/program files (x86)/gnu tools arm embedded/4.8 2014q3/bin/../lib/gcc/arm-none-eabi/4.8.4/armv7e-m\libgcc.a(unwind-arm.o)
 .ARM.extab     0x0800e0e0       0x18 c:/program files (x86)/gnu tools arm embedded/4.8 2014q3/bin/../lib/gcc/arm-none-eabi/4.8.4/armv7e-m\libgcc.a(pr-support.o)
                0x0800e0f8                __exidx_start = .

.ARM.exidx      0x0800e0f8      0x328
 *(.ARM.exidx* .gnu.linkonce.armexidx.*)
 .ARM.exidx     0x0800e0f8        0x8 c:/program files (x86)/gnu tools arm embedded/4.8 2014q3/bin/../lib/gcc/arm-none-eabi/4.8.4/../../../../arm-none-eabi/lib/armv7e-m/crt0.o
 .ARM.exidx.text._ZN18TemperaturSensorenC2Ev
                0x0800e100        0x8 ..\obj\temp_sensors.o
 .ARM.exidx.text._ZN18TemperaturSensoren30startTempMeasurementAllSensorsEv
                0x0800e108        0x8 ..\obj\temp_sensors.o
 .ARM.exidx.text._ZN18TemperaturSensoren25getAnzahlGefunderSensorenEv
                0x0800e110        0x8 ..\obj\temp_sensors.o
 .ARM.exidx.text._ZN18TemperaturSensoren16getAlleTempWerteEPf
                0x0800e118        0x0 ..\obj\temp_sensors.o
                                  0x8 (size before relaxing)
 .ARM.exidx.text._ZN3LedC2Ev
                0x0800e118        0x8 ..\obj\led.o
 .ARM.exidx.text._ZN3LedD2Ev
                0x0800e120        0x8 ..\obj\led.o
 .ARM.exidx.text._ZN3Led2OnEv
                0x0800e128        0x8 ..\obj\led.o
 .ARM.exidx.text._ZN3Led3OffEv
                0x0800e130       0x10 ..\obj\led.o
                                  0x8 (size before relaxing)
 .ARM.exidx.text._ZN6RotaryC2Ev
                0x0800e140        0x8 ..\obj\rotary.o
 .ARM.exidx.text._ZN6Rotary4InitEv
                0x0800e148        0x8 ..\obj\rotary.o
 .ARM.exidx.text._ZN6Rotary15EnableSingeltonEv
                0x0800e150        0x8 ..\obj\rotary.o
 .ARM.exidx.text.EXTI9_5_IRQHandler
                0x0800e158        0x8 ..\obj\rotary.o
 .ARM.exidx.text._ZN7StepperC2Ev
                0x0800e160        0x8 ..\obj\stepper.o
 .ARM.exidx.text._ZN7Stepper4InitEv
                0x0800e168        0x8 ..\obj\stepper.o
 .ARM.exidx.text._ZN7Stepper4LeftEii
                0x0800e170        0x8 ..\obj\stepper.o
 .ARM.exidx.text._ZN7Stepper5RightEii
                0x0800e178        0x8 ..\obj\stepper.o
 .ARM.exidx.text._ZN7Stepper7Go2StepEi
                0x0800e180        0x8 ..\obj\stepper.o
 .ARM.exidx.text._ZN7Stepper8LeerlaufEv
                0x0800e188        0x8 ..\obj\stepper.o
 .ARM.exidx.text._ZN7Stepper7RunStepEv
                0x0800e190        0x8 ..\obj\stepper.o
 .ARM.exidx.text._ZN7Stepper15EnableSingeltonEv
                0x0800e198        0x8 ..\obj\stepper.o
 .ARM.exidx.text._ZN7Stepper8InitTim2Eii
                0x0800e1a0        0x8 ..\obj\stepper.o
 .ARM.exidx.text._ZN7Stepper20GetPositionInProzentEv
                0x0800e1a8        0x8 ..\obj\stepper.o
 .ARM.exidx.text.TIM2_IRQHandler
                0x0800e1b0       0x10 ..\obj\stepper.o
                                  0x8 (size before relaxing)
 .ARM.exidx.text.main
                0x0800e1c0        0x8 ..\obj\main.o
 .ARM.exidx.text._Z41__static_initialization_and_destruction_0ii
                0x0800e1c8        0x8 ..\obj\main.o
 .ARM.exidx.text._GLOBAL__sub_I_OutputString
                0x0800e1d0        0x0 ..\obj\main.o
                                  0x8 (size before relaxing)
 .ARM.exidx.text._ZN7FassadeC2Ei
                0x0800e1d0        0x0 ..\obj\fassade.o
                                  0x8 (size before relaxing)
 .ARM.exidx.text._ZN7Fassade16InitGewaechshausEv
                0x0800e1d0        0x8 ..\obj\fassade.o
 .ARM.exidx.text._ZN7Fassade15RegelungFensterEv
                0x0800e1d8        0x8 ..\obj\fassade.o
 .ARM.exidx.text._ZN7Fassade15Window2PositionEi
                0x0800e1e0        0x8 ..\obj\fassade.o
 .ARM.exidx.text._ZN7Fassade19UpdateDisplayValuesEv
                0x0800e1e8        0x8 ..\obj\fassade.o
 .ARM.exidx.text._ZN7Fassade25SendValuesToRemoteDisplayEv
                0x0800e1f0        0x8 ..\obj\fassade.o
 .ARM.exidx.text._ZN7Fassade19TerminalDisplayTempEv
                0x0800e1f8        0x8 ..\obj\fassade.o
 .ARM.exidx.text._ZN7Fassade11SetSolltempEf
                0x0800e200        0x8 ..\obj\fassade.o
 .ARM.exidx.text._ZN7Fassade11GetSolltempEv
                0x0800e208        0x0 ..\obj\fassade.o
                                  0x8 (size before relaxing)
 .ARM.exidx.text._ZN10AmpermeterC2Ev
                0x0800e208        0x0 ..\obj\ampermeter.o
                                  0x8 (size before relaxing)
 .ARM.exidx.text._ZN10Ampermeter10getCurrentEv
                0x0800e208       0x10 ..\obj\ampermeter.o
                                  0x8 (size before relaxing)
 .ARM.exidx.text._ZN7DisplayC2Ei
                0x0800e218        0x8 ..\obj\display.o
 .ARM.exidx.text._ZN7Display10SendViaDmaEPci
                0x0800e220        0x8 ..\obj\display.o
 .ARM.exidx.text._ZN7Display4InitEv
                0x0800e228        0x8 ..\obj\display.o
 .ARM.exidx.text._ZN7Display7PutCharEti
                0x0800e230        0x8 ..\obj\display.o
 .ARM.exidx.text._ZN7Display10SendStringEPci
                0x0800e238        0x8 ..\obj\display.o
 .ARM.exidx.text._ZN7Display11SendMessageEPci
                0x0800e240        0x8 ..\obj\display.o
 .ARM.exidx.text._ZN7Display8SendByteEPcii
                0x0800e248        0x8 ..\obj\display.o
 .ARM.exidx.text._ZN7Display9BacklightEci
                0x0800e250        0x8 ..\obj\display.o
 .ARM.exidx.text._ZN7Display14SpecialCommandEci
                0x0800e258        0x8 ..\obj\display.o
 .ARM.exidx.text._ZN7Display17SetCursorPositionEcci
                0x0800e260       0x10 ..\obj\display.o
                                  0x8 (size before relaxing)
 .ARM.exidx.text._ZN8TerminalC2Ei
                0x0800e270        0x8 ..\obj\terminal.o
 .ARM.exidx.text._ZN8Terminal11buffer_initEv
                0x0800e278        0x8 ..\obj\terminal.o
 .ARM.exidx.text._ZN8Terminal8BufferInEc
                0x0800e280        0x0 ..\obj\terminal.o
                                  0x8 (size before relaxing)
 .ARM.exidx.text._ZN8Terminal9BufferOutEPc
                0x0800e280        0x0 ..\obj\terminal.o
                                  0x8 (size before relaxing)
 .ARM.exidx.text._ZN8Terminal10ReadBufferEPc
                0x0800e280        0x0 ..\obj\terminal.o
                                  0x8 (size before relaxing)
 .ARM.exidx.text._ZN8Terminal13usart3InitDMAEv
                0x0800e280        0x8 ..\obj\terminal.o
 .ARM.exidx.text._ZN8Terminal10SendViaDmaEPci
                0x0800e288        0x8 ..\obj\terminal.o
 .ARM.exidx.text._ZN8Terminal10usart3InitEv
                0x0800e290        0x8 ..\obj\terminal.o
 .ARM.exidx.text._ZN8Terminal11uartPutCharEt
                0x0800e298        0x8 ..\obj\terminal.o
 .ARM.exidx.text._ZN8Terminal14uartSendStringEPc
                0x0800e2a0        0x8 ..\obj\terminal.o
 .ARM.exidx.text._ZN8Terminal11SendMessageEPc
                0x0800e2a8        0x8 ..\obj\terminal.o
 .ARM.exidx.text._ZN8Terminal18IsCommandoAvalibleEv
                0x0800e2b0        0x8 ..\obj\terminal.o
 .ARM.exidx.text._ZN8Terminal15ProzessCommandoEv
                0x0800e2b8        0x8 ..\obj\terminal.o
 .ARM.exidx.text._ZN8Terminal15CommandoProzessEPc
                0x0800e2c0        0x8 ..\obj\terminal.o
 .ARM.exidx.text._ZN8Terminal15EnableSingeltonEv
                0x0800e2c8        0x8 ..\obj\terminal.o
 .ARM.exidx.text.DMA1_Stream3_IRQHandler
                0x0800e2d0        0x8 ..\obj\terminal.o
 .ARM.exidx.text.USART3_IRQHandler
                0x0800e2d8        0x8 ..\obj\terminal.o
 .ARM.exidx.text._ZN4MenuC2Ev
                0x0800e2e0        0x8 ..\obj\menu.o
 .ARM.exidx.text._ZN4Menu4InitEv
                0x0800e2e8        0x0 ..\obj\menu.o
                                  0x8 (size before relaxing)
 .ARM.exidx.text._ZN22AnalogDigitalConverterC2Ev
                0x0800e2e8        0x8 ..\obj\adc.o
 .ARM.exidx.text._ZN22AnalogDigitalConverter26getConvertedValueAsVoltageEi
                0x0800e2f0        0x8 ..\obj\adc.o
 .ARM.exidx.text._ZN4XbeeC2Eii
                0x0800e2f8        0x8 ..\obj\xbee.o
 .ARM.exidx.text._ZN4Xbee11buffer_initEv
                0x0800e300        0x8 ..\obj\xbee.o
 .ARM.exidx.text._ZN4Xbee8BufferInEc
                0x0800e308        0x0 ..\obj\xbee.o
                                  0x8 (size before relaxing)
 .ARM.exidx.text._ZN4Xbee9BufferOutEPc
                0x0800e308        0x0 ..\obj\xbee.o
                                  0x8 (size before relaxing)
 .ARM.exidx.text._ZN4Xbee10ReadBufferEPc
                0x0800e308        0x0 ..\obj\xbee.o
                                  0x8 (size before relaxing)
 .ARM.exidx.text._ZN4Xbee7InitDMAEv
                0x0800e308        0x8 ..\obj\xbee.o
 .ARM.exidx.text._ZN4Xbee4InitEv
                0x0800e310        0x8 ..\obj\xbee.o
 .ARM.exidx.text._ZN4Xbee7PutCharEt
                0x0800e318        0x8 ..\obj\xbee.o
 .ARM.exidx.text._ZN4Xbee16SendTransmissionEccccPcc
                0x0800e320        0x8 ..\obj\xbee.o
 .ARM.exidx.text._ZN4Xbee18IsCommandoAvalibleEv
                0x0800e328        0x8 ..\obj\xbee.o
 .ARM.exidx.text._ZN4Xbee15ProzessCommandoEv
                0x0800e330        0x8 ..\obj\xbee.o
 .ARM.exidx.text._ZN4Xbee15CommandoProzessEPc
                0x0800e338        0x8 ..\obj\xbee.o
 .ARM.exidx.text._ZN4Xbee16TransmittPValuesEv
                0x0800e340        0x8 ..\obj\xbee.o
 .ARM.exidx.text.DMA1_Stream5_IRQHandler
                0x0800e348        0x8 ..\obj\xbee.o
 .ARM.exidx.text.USART2_IRQHandler
                0x0800e350       0x10 ..\obj\xbee.o
                                  0x8 (size before relaxing)
 .ARM.exidx     0x0800e360       0x88 c:/program files (x86)/gnu tools arm embedded/4.8 2014q3/bin/../lib/gcc/arm-none-eabi/4.8.4/armv7e-m\libgcc.a(unwind-arm.o)
                                 0xd8 (size before relaxing)
 .ARM.exidx     0x0800e3e8       0x38 c:/program files (x86)/gnu tools arm embedded/4.8 2014q3/bin/../lib/gcc/arm-none-eabi/4.8.4/armv7e-m\libgcc.a(pr-support.o)
                                 0x48 (size before relaxing)
 .ARM.exidx     0x0800e420        0x0 c:/program files (x86)/gnu tools arm embedded/4.8 2014q3/bin/../lib/gcc/arm-none-eabi/4.8.4/armv7e-m\libgcc.a(_divdi3.o)
                                  0x8 (size before relaxing)
 .ARM.exidx     0x0800e420        0x0 c:/program files (x86)/gnu tools arm embedded/4.8 2014q3/bin/../lib/gcc/arm-none-eabi/4.8.4/armv7e-m\libgcc.a(_udivdi3.o)
                                  0x8 (size before relaxing)
                0x0800e420                __exidx_end = .
                0x0800e420                __etext = .
                0x0800e420                _sidata = __etext

.rel.dyn        0x0800e420        0x0
 .rel.iplt      0x00000000        0x0 c:/program files (x86)/gnu tools arm embedded/4.8 2014q3/bin/../lib/gcc/arm-none-eabi/4.8.4/armv7e-m/crtbegin.o

.data           0x20000000      0xa54 load address 0x0800e420
                0x20000000                __data_start__ = .
                0x20000000                _sdata = __data_start__
 *(vtable)
 *(.data*)
 .data          0x20000000        0x4 c:/program files (x86)/gnu tools arm embedded/4.8 2014q3/bin/../lib/gcc/arm-none-eabi/4.8.4/armv7e-m/crtbegin.o
                0x20000000                __dso_handle
 .data          0x20000004       0x34 ..\obj\stm32f4_discovery_audio_codec.o
                0x20000004                AudioTotalSize
                0x20000008                AudioRemSize
                0x2000000c                CODECTimeout
                0x20000010                CurrAudioInterface
                0x20000014                AUDIO_MAL_DMA_CLOCK
                0x20000018                AUDIO_MAL_DMA_STREAM
                0x2000001c                AUDIO_MAL_DMA_DREG
                0x20000020                AUDIO_MAL_DMA_IRQ
                0x20000024                AUDIO_MAL_DMA_FLAG_TC
                0x20000028                AUDIO_MAL_DMA_FLAG_HT
                0x2000002c                AUDIO_MAL_DMA_FLAG_FE
                0x20000030                AUDIO_MAL_DMA_FLAG_TE
                0x20000034                AUDIO_MAL_DMA_FLAG_DME
 .data          0x20000038       0x14 ..\obj\stm32f4_discovery.o
                0x20000038                GPIO_PORT
                0x20000048                BUTTON_PORT
 .data          0x2000004c       0x10 ..\obj\stm32f4xx_rcc.o
 .data          0x2000005c       0x58 ..\obj\fassade.o
 .data          0x200000b4      0x110 ..\obj\terminal.o
 *fill*         0x200001c4        0x4 
 .data.impure_data
                0x200001c8      0x428 c:/program files (x86)/gnu tools arm embedded/4.8 2014q3/bin/../lib/gcc/arm-none-eabi/4.8.4/../../../../arm-none-eabi/lib/armv7e-m\libc.a(lib_a-impure.o)
 .data._impure_ptr
                0x200005f0        0x4 c:/program files (x86)/gnu tools arm embedded/4.8 2014q3/bin/../lib/gcc/arm-none-eabi/4.8.4/../../../../arm-none-eabi/lib/armv7e-m\libc.a(lib_a-impure.o)
                0x200005f0                _impure_ptr
 .data.__malloc_av_
                0x200005f4      0x408 c:/program files (x86)/gnu tools arm embedded/4.8 2014q3/bin/../lib/gcc/arm-none-eabi/4.8.4/../../../../arm-none-eabi/lib/armv7e-m\libc.a(lib_a-mallocr.o)
                0x200005f4                __malloc_av_
 .data.__malloc_trim_threshold
                0x200009fc        0x4 c:/program files (x86)/gnu tools arm embedded/4.8 2014q3/bin/../lib/gcc/arm-none-eabi/4.8.4/../../../../arm-none-eabi/lib/armv7e-m\libc.a(lib_a-mallocr.o)
                0x200009fc                __malloc_trim_threshold
 .data.__malloc_sbrk_base
                0x20000a00        0x4 c:/program files (x86)/gnu tools arm embedded/4.8 2014q3/bin/../lib/gcc/arm-none-eabi/4.8.4/../../../../arm-none-eabi/lib/armv7e-m\libc.a(lib_a-mallocr.o)
                0x20000a00                __malloc_sbrk_base
 .data.__ctype_ptr__
                0x20000a04        0x4 c:/program files (x86)/gnu tools arm embedded/4.8 2014q3/bin/../lib/gcc/arm-none-eabi/4.8.4/../../../../arm-none-eabi/lib/armv7e-m\libc.a(lib_a-ctype_.o)
                0x20000a04                __ctype_ptr__
 .data.lconv    0x20000a08       0x38 c:/program files (x86)/gnu tools arm embedded/4.8 2014q3/bin/../lib/gcc/arm-none-eabi/4.8.4/../../../../arm-none-eabi/lib/armv7e-m\libc.a(lib_a-locale.o)
                0x20000a40                . = ALIGN (0x4)
                0x20000a40                PROVIDE (__preinit_array_start, .)
 *(.preinit_array)
                0x20000a40                PROVIDE (__preinit_array_end, .)
                0x20000a40                . = ALIGN (0x4)
                0x20000a40                PROVIDE (__init_array_start, .)
 *(SORT(.init_array.*))
 .init_array.00000
                0x20000a40        0x4 c:/program files (x86)/gnu tools arm embedded/4.8 2014q3/bin/../lib/gcc/arm-none-eabi/4.8.4/../../../../arm-none-eabi/lib/armv7e-m\libc.a(lib_a-__call_atexit.o)
 *(.init_array)
 .init_array    0x20000a44        0x4 c:/program files (x86)/gnu tools arm embedded/4.8 2014q3/bin/../lib/gcc/arm-none-eabi/4.8.4/armv7e-m/crtbegin.o
 .init_array    0x20000a48        0x4 ..\obj\main.o
                0x20000a4c                PROVIDE (__init_array_end, .)
                0x20000a4c                . = ALIGN (0x4)
                0x20000a4c                PROVIDE (__fini_array_start, .)
 *(SORT(.fini_array.*))
 *(.fini_array)
 .fini_array    0x20000a4c        0x4 c:/program files (x86)/gnu tools arm embedded/4.8 2014q3/bin/../lib/gcc/arm-none-eabi/4.8.4/armv7e-m/crtbegin.o
                0x20000a50                PROVIDE (__fini_array_end, .)
 *(.jcr*)
 .jcr           0x20000a50        0x0 c:/program files (x86)/gnu tools arm embedded/4.8 2014q3/bin/../lib/gcc/arm-none-eabi/4.8.4/armv7e-m/crtbegin.o
 .jcr           0x20000a50        0x4 c:/program files (x86)/gnu tools arm embedded/4.8 2014q3/bin/../lib/gcc/arm-none-eabi/4.8.4/armv7e-m/crtend.o
                0x20000a54                . = ALIGN (0x4)
                0x20000a54                __data_end__ = .
                0x20000a54                _edata = __data_end__

.igot.plt       0x20000a54        0x0 load address 0x0800ee74
 .igot.plt      0x00000000        0x0 c:/program files (x86)/gnu tools arm embedded/4.8 2014q3/bin/../lib/gcc/arm-none-eabi/4.8.4/armv7e-m/crtbegin.o

.bss            0x20000a54      0x55c load address 0x0800ee74
                0x20000a54                . = ALIGN (0x4)
                0x20000a54                __bss_start__ = .
                0x20000a54                _sbss = __bss_start__
 *(.bss*)
 .bss           0x20000a54       0x1c c:/program files (x86)/gnu tools arm embedded/4.8 2014q3/bin/../lib/gcc/arm-none-eabi/4.8.4/armv7e-m/crtbegin.o
 .bss           0x20000a70        0x4 ..\obj\temp_sensors.o
                0x20000a70                TemperaturSensorenInstance
 .bss           0x20000a74        0x4 ..\obj\rotary.o
                0x20000a74                RotaryInstance
 .bss           0x20000a78       0x14 ..\obj\stepper.o
                0x20000a78                runValue
                0x20000a7c                timerValue
                0x20000a80                timerValueDown
                0x20000a84                rest
                0x20000a88                StepperInstance
 .bss           0x20000a8c       0x8c ..\obj\main.o
                0x20000a8c                OutputString
                0x20000a90                buff
                0x20000b14                led
 .bss           0x20000b18      0x108 ..\obj\fassade.o
                0x20000b18                bufferT
                0x20000c18                solltemp
                0x20000c1c                FassadeInstance
 .bss           0x20000c20        0x4 ..\obj\ampermeter.o
                0x20000c20                AmpermeterInstance
 .bss           0x20000c24       0x1c ..\obj\stm32_ub_systick.o
 .bss           0x20000c40       0x88 ..\obj\display.o
                0x20000c40                bufferD
                0x20000cc4                DisplayInstance
 .bss           0x20000cc8      0x104 ..\obj\terminal.o
                0x20000cc8                writeBuffer
                0x20000dc8                TerminalInstance
 .bss           0x20000dcc        0x8 ..\obj\menu.o
                0x20000dcc                MenuInstance
                0x20000dd0                menuShow
 .bss           0x20000dd4        0x8 ..\obj\adc.o
                0x20000dd4                ADC_BUFF
                0x20000dd8                AnalogDigitalConverterInstance
 .bss           0x20000ddc      0x104 ..\obj\xbee.o
                0x20000ddc                XbeeInstance
                0x20000de0                bufferX
 .bss.__malloc_max_total_mem
                0x20000ee0        0x4 c:/program files (x86)/gnu tools arm embedded/4.8 2014q3/bin/../lib/gcc/arm-none-eabi/4.8.4/../../../../arm-none-eabi/lib/armv7e-m\libc.a(lib_a-mallocr.o)
                0x20000ee0                __malloc_max_total_mem
 .bss.__malloc_max_sbrked_mem
                0x20000ee4        0x4 c:/program files (x86)/gnu tools arm embedded/4.8 2014q3/bin/../lib/gcc/arm-none-eabi/4.8.4/../../../../arm-none-eabi/lib/armv7e-m\libc.a(lib_a-mallocr.o)
                0x20000ee4                __malloc_max_sbrked_mem
 .bss.__malloc_top_pad
                0x20000ee8        0x4 c:/program files (x86)/gnu tools arm embedded/4.8 2014q3/bin/../lib/gcc/arm-none-eabi/4.8.4/../../../../arm-none-eabi/lib/armv7e-m\libc.a(lib_a-mallocr.o)
                0x20000ee8                __malloc_top_pad
 .bss.__malloc_current_mallinfo
                0x20000eec       0x28 c:/program files (x86)/gnu tools arm embedded/4.8 2014q3/bin/../lib/gcc/arm-none-eabi/4.8.4/../../../../arm-none-eabi/lib/armv7e-m\libc.a(lib_a-mallocr.o)
                0x20000eec                __malloc_current_mallinfo
 .bss.heap_end.4246
                0x20000f14        0x4 c:/program files (x86)/gnu tools arm embedded/4.8 2014q3/bin/../lib/gcc/arm-none-eabi/4.8.4/../../../../arm-none-eabi/lib/armv7e-m\libnosys.a(sbrk.o)
 *(COMMON)
 COMMON         0x20000f18       0x7c ..\obj\stm32f4_discovery_audio_codec.o
                0x20000f18                CurrentPos
                0x20000f1c                AUDIO_MAL_DMA_InitStructure
                0x20000f58                DMA_InitStructure
 COMMON         0x20000f94       0x16 ..\obj\tm_stm32f4_onewire.o
                0x20000f94                TM_OneWire_GPIO_InitDef
                0x20000f9c                TM_OneWire_LastDeviceFlag
                0x20000fa0                TM_OneWire_ROM_NO
                0x20000fa8                TM_OneWire_LastFamilyDiscrepancy
                0x20000fa9                TM_OneWire_LastDiscrepancy
 *fill*         0x20000faa        0x2 
 COMMON         0x20000fac        0x4 c:/program files (x86)/gnu tools arm embedded/4.8 2014q3/bin/../lib/gcc/arm-none-eabi/4.8.4/../../../../arm-none-eabi/lib/armv7e-m\libc.a(lib_a-reent.o)
                0x20000fac                errno
                0x20000fb0                . = ALIGN (0x4)
                0x20000fb0                __bss_end__ = .
                0x20000fb0                _ebss = __bss_end__

.heap           0x20000fb0        0x0
                0x20000fb0                __end__ = .
                0x20000fb0                _end = __end__
                0x20000fb0                end = __end__
 *(.heap*)