Archive member included because of file (symbol)

c:/program files (x86)/gnu tools arm embedded/4.8 2014q3/bin/../lib/gcc/arm-none-eabi/4.8.4/armv7e-m\libgcc.a(unwind-arm.o)
                              ..\obj\led.o (__aeabi_unwind_cpp_pr1)
c:/program files (x86)/gnu tools arm embedded/4.8 2014q3/bin/../lib/gcc/arm-none-eabi/4.8.4/armv7e-m\libgcc.a(libunwind.o)
                              c:/program files (x86)/gnu tools arm embedded/4.8 2014q3/bin/../lib/gcc/arm-none-eabi/4.8.4/armv7e-m\libgcc.a(unwind-arm.o) (restore_core_regs)
c:/program files (x86)/gnu tools arm embedded/4.8 2014q3/bin/../lib/gcc/arm-none-eabi/4.8.4/armv7e-m\libgcc.a(pr-support.o)
                              c:/program files (x86)/gnu tools arm embedded/4.8 2014q3/bin/../lib/gcc/arm-none-eabi/4.8.4/armv7e-m\libgcc.a(unwind-arm.o) (__gnu_unwind_execute)
c:/program files (x86)/gnu tools arm embedded/4.8 2014q3/bin/../lib/gcc/arm-none-eabi/4.8.4/../../../../arm-none-eabi/lib/armv7e-m\libc.a(lib_a-abort.o)
                              c:/program files (x86)/gnu tools arm embedded/4.8 2014q3/bin/../lib/gcc/arm-none-eabi/4.8.4/armv7e-m\libgcc.a(unwind-arm.o) (abort)
c:/program files (x86)/gnu tools arm embedded/4.8 2014q3/bin/../lib/gcc/arm-none-eabi/4.8.4/../../../../arm-none-eabi/lib/armv7e-m\libc.a(lib_a-aeabi_atexit.o)
                              ..\obj\main.o (__aeabi_atexit)
c:/program files (x86)/gnu tools arm embedded/4.8 2014q3/bin/../lib/gcc/arm-none-eabi/4.8.4/../../../../arm-none-eabi/lib/armv7e-m\libc.a(lib_a-cxa_atexit.o)
                              c:/program files (x86)/gnu tools arm embedded/4.8 2014q3/bin/../lib/gcc/arm-none-eabi/4.8.4/../../../../arm-none-eabi/lib/armv7e-m\libc.a(lib_a-aeabi_atexit.o) (__cxa_atexit)
c:/program files (x86)/gnu tools arm embedded/4.8 2014q3/bin/../lib/gcc/arm-none-eabi/4.8.4/../../../../arm-none-eabi/lib/armv7e-m\libc.a(lib_a-exit.o)
                              c:/program files (x86)/gnu tools arm embedded/4.8 2014q3/bin/../lib/gcc/arm-none-eabi/4.8.4/../../../../arm-none-eabi/lib/armv7e-m/crt0.o (exit)
c:/program files (x86)/gnu tools arm embedded/4.8 2014q3/bin/../lib/gcc/arm-none-eabi/4.8.4/../../../../arm-none-eabi/lib/armv7e-m\libc.a(lib_a-impure.o)
                              c:/program files (x86)/gnu tools arm embedded/4.8 2014q3/bin/../lib/gcc/arm-none-eabi/4.8.4/../../../../arm-none-eabi/lib/armv7e-m\libc.a(lib_a-exit.o) (_global_impure_ptr)
c:/program files (x86)/gnu tools arm embedded/4.8 2014q3/bin/../lib/gcc/arm-none-eabi/4.8.4/../../../../arm-none-eabi/lib/armv7e-m\libc.a(lib_a-init.o)
                              c:/program files (x86)/gnu tools arm embedded/4.8 2014q3/bin/../lib/gcc/arm-none-eabi/4.8.4/../../../../arm-none-eabi/lib/armv7e-m/crt0.o (__libc_init_array)
c:/program files (x86)/gnu tools arm embedded/4.8 2014q3/bin/../lib/gcc/arm-none-eabi/4.8.4/../../../../arm-none-eabi/lib/armv7e-m\libc.a(lib_a-malloc.o)
                              ..\obj\uart.o (malloc)
c:/program files (x86)/gnu tools arm embedded/4.8 2014q3/bin/../lib/gcc/arm-none-eabi/4.8.4/../../../../arm-none-eabi/lib/armv7e-m\libc.a(lib_a-mallocr.o)
                              c:/program files (x86)/gnu tools arm embedded/4.8 2014q3/bin/../lib/gcc/arm-none-eabi/4.8.4/../../../../arm-none-eabi/lib/armv7e-m\libc.a(lib_a-malloc.o) (_malloc_r)
c:/program files (x86)/gnu tools arm embedded/4.8 2014q3/bin/../lib/gcc/arm-none-eabi/4.8.4/../../../../arm-none-eabi/lib/armv7e-m\libc.a(lib_a-memcpy.o)
                              c:/program files (x86)/gnu tools arm embedded/4.8 2014q3/bin/../lib/gcc/arm-none-eabi/4.8.4/armv7e-m\libgcc.a(unwind-arm.o) (memcpy)
c:/program files (x86)/gnu tools arm embedded/4.8 2014q3/bin/../lib/gcc/arm-none-eabi/4.8.4/../../../../arm-none-eabi/lib/armv7e-m\libc.a(lib_a-memset.o)
                              c:/program files (x86)/gnu tools arm embedded/4.8 2014q3/bin/../lib/gcc/arm-none-eabi/4.8.4/../../../../arm-none-eabi/lib/armv7e-m/crt0.o (memset)
c:/program files (x86)/gnu tools arm embedded/4.8 2014q3/bin/../lib/gcc/arm-none-eabi/4.8.4/../../../../arm-none-eabi/lib/armv7e-m\libc.a(lib_a-mlock.o)
                              c:/program files (x86)/gnu tools arm embedded/4.8 2014q3/bin/../lib/gcc/arm-none-eabi/4.8.4/../../../../arm-none-eabi/lib/armv7e-m\libc.a(lib_a-mallocr.o) (__malloc_lock)
c:/program files (x86)/gnu tools arm embedded/4.8 2014q3/bin/../lib/gcc/arm-none-eabi/4.8.4/../../../../arm-none-eabi/lib/armv7e-m\libc.a(lib_a-sbrkr.o)
                              c:/program files (x86)/gnu tools arm embedded/4.8 2014q3/bin/../lib/gcc/arm-none-eabi/4.8.4/../../../../arm-none-eabi/lib/armv7e-m\libc.a(lib_a-mallocr.o) (_sbrk_r)
c:/program files (x86)/gnu tools arm embedded/4.8 2014q3/bin/../lib/gcc/arm-none-eabi/4.8.4/../../../../arm-none-eabi/lib/armv7e-m\libc.a(lib_a-signal.o)
[...]
Memory Configuration

Name             Origin             Length             Attributes
FLASH            0x08000000         0x00100000         xr
RAM              0x20000000         0x00020000         xrw
RAM1             0x10000000         0x00010000         xrw
*default*        0x00000000         0xffffffff

Linker script and memory map

LOAD c:/program files (x86)/gnu tools arm embedded/4.8 2014q3/bin/../lib/gcc/arm-none-eabi/4.8.4/armv7e-m/crti.o
LOAD c:/program files (x86)/gnu tools arm embedded/4.8 2014q3/bin/../lib/gcc/arm-none-eabi/4.8.4/armv7e-m/crtbegin.o
LOAD c:/program files (x86)/gnu tools arm embedded/4.8 2014q3/bin/../lib/gcc/arm-none-eabi/4.8.4/../../../../arm-none-eabi/lib/armv7e-m/crt0.o

.text           0x08000000     0x3098
 *(.isr_vector)
 .isr_vector    0x08000000      0x188 ..\obj\startup_stm32f4xx.o
                0x08000000                g_pfnVectors
 *(.text*)
 .text          0x08000188       0x54 c:/program files (x86)/gnu tools arm embedded/4.8 2014q3/bin/../lib/gcc/arm-none-eabi/4.8.4/armv7e-m/crtbegin.o
 .text          0x080001dc       0x74 c:/program files (x86)/gnu tools arm embedded/4.8 2014q3/bin/../lib/gcc/arm-none-eabi/4.8.4/../../../../arm-none-eabi/lib/armv7e-m/crt0.o
                0x080001dc                _start
                0x080001dc                _mainCRTStartup
 .text.Audio_MAL_IRQHandler
                0x08000250       0xf8 ..\obj\stm32f4_discovery_audio_codec.o
 .text.DMA1_Stream7_IRQHandler
                0x08000348        0xc ..\obj\stm32f4_discovery_audio_codec.o
                0x08000348                DMA1_Stream7_IRQHandler
 .text.DMA1_Stream0_IRQHandler
                0x08000354        0xc ..\obj\stm32f4_discovery_audio_codec.o
                0x08000354                DMA1_Stream0_IRQHandler
 .text.SPI3_IRQHandler
                0x08000360       0x40 ..\obj\stm32f4_discovery_audio_codec.o
                0x08000360                SPI3_IRQHandler
 .text.USART_Init
                0x080003a0      0x174 ..\obj\stm32f4xx_usart.o
                0x080003a0                USART_Init
 .text.USART_Cmd
                0x08000514       0x40 ..\obj\stm32f4xx_usart.o
                0x08000514                USART_Cmd
 .text.USART_ReceiveData
                0x08000554       0x20 ..\obj\stm32f4xx_usart.o
                0x08000554                USART_ReceiveData
 .text.USART_DMACmd
                0x08000574       0x48 ..\obj\stm32f4xx_usart.o
                0x08000574                USART_DMACmd
 .text.USART_ITConfig
                0x080005bc       0x90 ..\obj\stm32f4xx_usart.o
                0x080005bc                USART_ITConfig
 .text.USART_GetITStatus
                0x0800064c       0xb0 ..\obj\stm32f4xx_usart.o
                0x0800064c                USART_GetITStatus
 .text._ZN3LEDC2Ev
                0x080006fc       0x18 ..\obj\led.o
                0x080006fc                LED::LED()
                0x080006fc                LED::LED()
 .text._ZN3LEDD2Ev
                0x08000714       0x18 ..\obj\led.o
                0x08000714                LED::~LED()
                0x08000714                LED::~LED()
 .text.DAC_SetChannel1Data
                0x0800072c       0x34 ..\obj\stm32f4xx_dac.o
                0x0800072c                DAC_SetChannel1Data
 .text._ZN5UsartC2Ei
                0x08000760       0x54 ..\obj\uart.o
                0x08000760                Usart::Usart(int)
                0x08000760                Usart::Usart(int)
 .text._ZN5Usart8BufferInEc
                0x080007b4       0x70 ..\obj\uart.o
                0x080007b4                Usart::BufferIn(char)
 .text._ZN5Usart9BufferOutEPc
                0x08000824       0x54 ..\obj\uart.o
                0x08000824                Usart::BufferOut(char*)
 .text._ZN5Usart10ReadBufferEv
                0x08000878       0x64 ..\obj\uart.o
                0x08000878                Usart::ReadBuffer()
 .text._ZN5Usart13usart3InitDMAEv
                0x080008dc       0x7c ..\obj\uart.o
                0x080008dc                Usart::usart3InitDMA()
 .text._ZN5Usart10SendViaDmaEPci
                0x08000958       0x38 ..\obj\uart.o
                0x08000958                Usart::SendViaDma(char*, int)
 .text._ZN5Usart10usart3InitEv
                0x08000990       0xe8 ..\obj\uart.o
                0x08000990                Usart::usart3Init()
 .text.USART3_IRQHandler
                0x08000a78       0x48 ..\obj\uart.o
                0x08000a78                USART3_IRQHandler
 .text.Default_Reset_Handler
                0x08000ac0       0x5c ..\obj\startup_stm32f4xx.o
                0x08000ac0                Default_Reset_Handler
                0x08000ac0                Reset_Handler
 .text.Default_Handler
                0x08000b1c        0x8 ..\obj\startup_stm32f4xx.o
                0x08000b1c                RTC_Alarm_IRQHandler
                0x08000b1c                HASH_RNG_IRQHandler
                0x08000b1c                EXTI2_IRQHandler
                0x08000b1c                TIM8_CC_IRQHandler
                0x08000b1c                DebugMon_Handler
                0x08000b1c                TIM1_CC_IRQHandler
                0x08000b1c                DMA2_Stream5_IRQHandler
                0x08000b1c                HardFault_Handler
                0x08000b1c                DMA1_Stream5_IRQHandler
                0x08000b1c                SysTick_Handler
                0x08000b1c                PVD_IRQHandler
                0x08000b1c                SDIO_IRQHandler
                0x08000b1c                TAMP_STAMP_IRQHandler
                0x08000b1c                PendSV_Handler
                0x08000b1c                NMI_Handler
                0x08000b1c                CAN2_RX1_IRQHandler
                0x08000b1c                EXTI3_IRQHandler
                0x08000b1c                TIM8_TRG_COM_TIM14_IRQHandler
                0x08000b1c                TIM1_UP_TIM10_IRQHandler
                0x08000b1c                TIM8_UP_TIM13_IRQHandler
                0x08000b1c                I2C3_ER_IRQHandler
                0x08000b1c                EXTI0_IRQHandler
                0x08000b1c                I2C2_EV_IRQHandler
                0x08000b1c                DMA1_Stream2_IRQHandler
                0x08000b1c                CAN1_RX0_IRQHandler
                0x08000b1c                FPU_IRQHandler
                0x08000b1c                OTG_HS_WKUP_IRQHandler
                0x08000b1c                UsageFault_Handler
                0x08000b1c                CAN2_SCE_IRQHandler
                0x08000b1c                DMA2_Stream2_IRQHandler
                0x08000b1c                SPI1_IRQHandler
                0x08000b1c                TIM6_DAC_IRQHandler
                0x08000b1c                TIM1_BRK_TIM9_IRQHandler
                0x08000b1c                DCMI_IRQHandler
                0x08000b1c                CAN2_RX0_IRQHandler
                0x08000b1c                DMA2_Stream3_IRQHandler
                0x08000b1c                USART6_IRQHandler
                0x08000b1c                CRYP_IRQHandler
                0x08000b1c                CAN1_RX1_IRQHandler
                0x08000b1c                UART5_IRQHandler
                0x08000b1c                DMA2_Stream0_IRQHandler
                0x08000b1c                TIM4_IRQHandler
                0x08000b1c                I2C1_EV_IRQHandler
                0x08000b1c                DMA1_Stream6_IRQHandler
                0x08000b1c                DMA1_Stream1_IRQHandler
                0x08000b1c                UART4_IRQHandler
                0x08000b1c                TIM3_IRQHandler
                0x08000b1c                RCC_IRQHandler
                0x08000b1c                TIM8_BRK_TIM12_IRQHandler
                0x08000b1c                EXTI15_10_IRQHandler
                0x08000b1c                ADC_IRQHandler
                0x08000b1c                TIM7_IRQHandler
                0x08000b1c                CAN2_TX_IRQHandler
                0x08000b1c                TIM5_IRQHandler
                0x08000b1c                DMA2_Stream7_IRQHandler
                0x08000b1c                I2C3_EV_IRQHandler
                0x08000b1c                EXTI9_5_IRQHandler
                0x08000b1c                RTC_WKUP_IRQHandler
                0x08000b1c                ETH_WKUP_IRQHandler
                0x08000b1c                SPI2_IRQHandler
                0x08000b1c                OTG_HS_EP1_IN_IRQHandler
                0x08000b1c                MemManage_Handler
                0x08000b1c                CAN1_TX_IRQHandler
                0x08000b1c                SVC_Handler
                0x08000b1c                EXTI4_IRQHandler
                0x08000b1c                FSMC_IRQHandler
                0x08000b1c                ETH_IRQHandler
                0x08000b1c                OTG_HS_EP1_OUT_IRQHandler
                0x08000b1c                WWDG_IRQHandler
                0x08000b1c                TIM2_IRQHandler
                0x08000b1c                OTG_FS_WKUP_IRQHandler
                0x08000b1c                TIM1_TRG_COM_TIM11_IRQHandler
                0x08000b1c                OTG_HS_IRQHandler
                0x08000b1c                EXTI1_IRQHandler
                0x08000b1c                USART2_IRQHandler
                0x08000b1c                I2C2_ER_IRQHandler
                0x08000b1c                DMA2_Stream1_IRQHandler
                0x08000b1c                CAN1_SCE_IRQHandler
                0x08000b1c                FLASH_IRQHandler
                0x08000b1c                DMA2_Stream4_IRQHandler
                0x08000b1c                BusFault_Handler
                0x08000b1c                USART1_IRQHandler
                0x08000b1c                OTG_FS_IRQHandler
                0x08000b1c                DMA1_Stream4_IRQHandler
                0x08000b1c                I2C1_ER_IRQHandler
                0x08000b1c                DMA2_Stream6_IRQHandler
                0x08000b1c                DMA1_Stream3_IRQHandler
 .text.STM_EVAL_LEDInit
                0x08000b24       0x5c ..\obj\stm32f4_discovery.o
                0x08000b24                STM_EVAL_LEDInit
 .text.main     0x08000b80       0x58 ..\obj\main.o
                0x08000b80                main
 .text._Z41__static_initialization_and_destruction_0ii
                0x08000bd8       0x48 ..\obj\main.o
 .text._GLOBAL__sub_I_buffer
                0x08000c20       0x10 ..\obj\main.o
 .text.RCC_GetClocksFreq
                0x08000c30      0x154 ..\obj\stm32f4xx_rcc.o
                0x08000c30                RCC_GetClocksFreq
 .text.RCC_AHB1PeriphClockCmd
                0x08000d84       0x3c ..\obj\stm32f4xx_rcc.o
                0x08000d84                RCC_AHB1PeriphClockCmd
 .text.RCC_APB1PeriphClockCmd
                0x08000dc0       0x3c ..\obj\stm32f4xx_rcc.o
                0x08000dc0                RCC_APB1PeriphClockCmd
 .text.GPIO_Init
                0x08000dfc      0x11c ..\obj\stm32f4xx_gpio.o
                0x08000dfc                GPIO_Init
 .text.GPIO_PinAFConfig
                0x08000f18       0x8c ..\obj\stm32f4xx_gpio.o
                0x08000f18                GPIO_PinAFConfig
 .text.DMA_Init
                0x08000fa4       0xac ..\obj\stm32f4xx_dma.o
                0x08000fa4                DMA_Init
 .text.DMA_StructInit
                0x08001050       0x6c ..\obj\stm32f4xx_dma.o
                0x08001050                DMA_StructInit
 .text.DMA_Cmd  0x080010bc       0x38 ..\obj\stm32f4xx_dma.o
                0x080010bc                DMA_Cmd
 .text.DMA_GetCmdStatus
                0x080010f4       0x30 ..\obj\stm32f4xx_dma.o
                0x080010f4                DMA_GetCmdStatus
 .text.DMA_GetFlagStatus
                0x08001124       0x78 ..\obj\stm32f4xx_dma.o
                0x08001124                DMA_GetFlagStatus
 .text.DMA_ClearFlag
                0x0800119c       0x5c ..\obj\stm32f4xx_dma.o
                0x0800119c                DMA_ClearFlag
 .text.EVAL_AUDIO_TransferComplete_CallBack
                0x080011f8       0x14 ..\obj\stm32f4_discovery_callbacks.o
                0x080011f8                EVAL_AUDIO_TransferComplete_CallBack
 .text.EVAL_AUDIO_GetSampleCallBack
                0x0800120c       0x10 ..\obj\stm32f4_discovery_callbacks.o
                0x0800120c                EVAL_AUDIO_GetSampleCallBack
 .text.SPI_I2S_SendData
                0x0800121c       0x1c ..\obj\stm32f4xx_spi.o
                0x0800121c                SPI_I2S_SendData
 .text.SPI_I2S_GetFlagStatus
                0x08001238       0x38 ..\obj\stm32f4xx_spi.o
                0x08001238                SPI_I2S_GetFlagStatus
 .text.NVIC_Init
                0x08001270       0xbc ..\obj\misc.o
                0x08001270                NVIC_Init
 .text          0x0800132c      0xa1c c:/program files (x86)/gnu tools arm embedded/4.8 2014q3/bin/../lib/gcc/arm-none-eabi/4.8.4/armv7e-m\libgcc.a(unwind-arm.o)
                0x08001610                _Unwind_GetCFA
                0x08001614                __gnu_Unwind_RaiseException
                0x08001674                __gnu_Unwind_ForcedUnwind
                0x08001688                __gnu_Unwind_Resume
                0x080016cc                __gnu_Unwind_Resume_or_Rethrow
                0x080016dc                _Unwind_Complete
                0x080016e0                _Unwind_DeleteException
                0x080016f0                _Unwind_VRS_Get
                0x08001740                _Unwind_VRS_Set
                0x08001790                __gnu_Unwind_Backtrace
                0x08001ae4                __aeabi_unwind_cpp_pr0
                0x08001aec                __aeabi_unwind_cpp_pr1
                0x08001af4                __aeabi_unwind_cpp_pr2
                0x08001afc                _Unwind_VRS_Pop
 .text          0x08001d48      0x1ac c:/program files (x86)/gnu tools arm embedded/4.8 2014q3/bin/../lib/gcc/arm-none-eabi/4.8.4/armv7e-m\libgcc.a(libunwind.o)
                0x08001d48                __restore_core_regs
                0x08001d48                restore_core_regs
                0x08001d60                __gnu_Unwind_Restore_VFP
                0x08001d68                __gnu_Unwind_Save_VFP
                0x08001d70                __gnu_Unwind_Restore_VFP_D
                0x08001d78                __gnu_Unwind_Save_VFP_D
                0x08001d80                __gnu_Unwind_Restore_VFP_D_16_to_31
                0x08001d88                __gnu_Unwind_Save_VFP_D_16_to_31
                0x08001d90                __gnu_Unwind_Restore_WMMXD
                0x08001dd4                __gnu_Unwind_Save_WMMXD
                0x08001e18                __gnu_Unwind_Restore_WMMXC
                0x08001e2c                __gnu_Unwind_Save_WMMXC
                0x08001e40                ___Unwind_RaiseException
                0x08001e40                _Unwind_RaiseException
                0x08001e64                _Unwind_Resume
                0x08001e64                ___Unwind_Resume
                0x08001e88                _Unwind_Resume_or_Rethrow
                0x08001e88                ___Unwind_Resume_or_Rethrow
                0x08001eac                _Unwind_ForcedUnwind
                0x08001eac                ___Unwind_ForcedUnwind
                0x08001ed0                ___Unwind_Backtrace
                0x08001ed0                _Unwind_Backtrace
 .text          0x08001ef4      0x33c c:/program files (x86)/gnu tools arm embedded/4.8 2014q3/bin/../lib/gcc/arm-none-eabi/4.8.4/armv7e-m\libgcc.a(pr-support.o)
                0x08001f48                __gnu_unwind_execute
                0x080021d4                __gnu_unwind_frame
                0x08002200                _Unwind_GetRegionStart
                0x0800220c                _Unwind_GetLanguageSpecificData
                0x08002220                _Unwind_GetDataRelBase
                0x08002228                _Unwind_GetTextRelBase
 .text.abort    0x08002230       0x10 c:/program files (x86)/gnu tools arm embedded/4.8 2014q3/bin/../lib/gcc/arm-none-eabi/4.8.4/../../../../arm-none-eabi/lib/armv7e-m\libc.a(lib_a-abort.o)
                0x08002230                abort
 .text.__aeabi_atexit
                0x08002240        0xc c:/program files (x86)/gnu tools arm embedded/4.8 2014q3/bin/../lib/gcc/arm-none-eabi/4.8.4/../../../../arm-none-eabi/lib/armv7e-m\libc.a(lib_a-aeabi_atexit.o)
                0x08002240                __aeabi_atexit
 .text.__cxa_atexit
                0x0800224c       0x14 c:/program files (x86)/gnu tools arm embedded/4.8 2014q3/bin/../lib/gcc/arm-none-eabi/4.8.4/../../../../arm-none-eabi/lib/armv7e-m\libc.a(lib_a-cxa_atexit.o)
                0x0800224c                __cxa_atexit
 .text.exit     0x08002260       0x20 c:/program files (x86)/gnu tools arm embedded/4.8 2014q3/bin/../lib/gcc/arm-none-eabi/4.8.4/../../../../arm-none-eabi/lib/armv7e-m\libc.a(lib_a-exit.o)
                0x08002260                exit
 .text.__libc_init_array
                0x08002280       0x50 c:/program files (x86)/gnu tools arm embedded/4.8 2014q3/bin/../lib/gcc/arm-none-eabi/4.8.4/../../../../arm-none-eabi/lib/armv7e-m\libc.a(lib_a-init.o)
                0x08002280                __libc_init_array
 .text.malloc   0x080022d0       0x10 c:/program files (x86)/gnu tools arm embedded/4.8 2014q3/bin/../lib/gcc/arm-none-eabi/4.8.4/../../../../arm-none-eabi/lib/armv7e-m\libc.a(lib_a-malloc.o)
                0x080022d0                malloc
 .text.free     0x080022e0       0x10 c:/program files (x86)/gnu tools arm embedded/4.8 2014q3/bin/../lib/gcc/arm-none-eabi/4.8.4/../../../../arm-none-eabi/lib/armv7e-m\libc.a(lib_a-malloc.o)
                0x080022e0                free
 .text._malloc_r
                0x080022f0      0x538 c:/program files (x86)/gnu tools arm embedded/4.8 2014q3/bin/../lib/gcc/arm-none-eabi/4.8.4/../../../../arm-none-eabi/lib/armv7e-m\libc.a(lib_a-mallocr.o)
                0x080022f0                _malloc_r
 .text          0x08002828      0x134 c:/program files (x86)/gnu tools arm embedded/4.8 2014q3/bin/../lib/gcc/arm-none-eabi/4.8.4/../../../../arm-none-eabi/lib/armv7e-m\libc.a(lib_a-memcpy.o)
                0x08002828                memcpy
 .text.memset   0x0800295c       0x94 c:/program files (x86)/gnu tools arm embedded/4.8 2014q3/bin/../lib/gcc/arm-none-eabi/4.8.4/../../../../arm-none-eabi/lib/armv7e-m\libc.a(lib_a-memset.o)
                0x0800295c                memset
 .text.__malloc_lock
                0x080029f0        0x4 c:/program files (x86)/gnu tools arm embedded/4.8 2014q3/bin/../lib/gcc/arm-none-eabi/4.8.4/../../../../arm-none-eabi/lib/armv7e-m\libc.a(lib_a-mlock.o)
                0x080029f0                __malloc_lock
 .text.__malloc_unlock
                0x080029f4        0x4 c:/program files (x86)/gnu tools arm embedded/4.8 2014q3/bin/../lib/gcc/arm-none-eabi/4.8.4/../../../../arm-none-eabi/lib/armv7e-m\libc.a(lib_a-mlock.o)
                0x080029f4                __malloc_unlock
 .text._sbrk_r  0x080029f8       0x24 c:/program files (x86)/gnu tools arm embedded/4.8 2014q3/bin/../lib/gcc/arm-none-eabi/4.8.4/../../../../arm-none-eabi/lib/armv7e-m\libc.a(lib_a-sbrkr.o)
                0x080029f8                _sbrk_r
 .text._raise_r
                0x08002a1c       0x58 c:/program files (x86)/gnu tools arm embedded/4.8 2014q3/bin/../lib/gcc/arm-none-eabi/4.8.4/../../../../arm-none-eabi/lib/armv7e-m\libc.a(lib_a-signal.o)
                0x08002a1c                _raise_r
 .text.raise    0x08002a74       0x10 c:/program files (x86)/gnu tools arm embedded/4.8 2014q3/bin/../lib/gcc/arm-none-eabi/4.8.4/../../../../arm-none-eabi/lib/armv7e-m\libc.a(lib_a-signal.o)
                0x08002a74                raise
 .text._kill_r  0x08002a84       0x28 c:/program files (x86)/gnu tools arm embedded/4.8 2014q3/bin/../lib/gcc/arm-none-eabi/4.8.4/../../../../arm-none-eabi/lib/armv7e-m\libc.a(lib_a-signalr.o)
                0x08002a84                _kill_r
 .text._getpid_r
                0x08002aac        0x4 c:/program files (x86)/gnu tools arm embedded/4.8 2014q3/bin/../lib/gcc/arm-none-eabi/4.8.4/../../../../arm-none-eabi/lib/armv7e-m\libc.a(lib_a-signalr.o)
                0x08002aac                _getpid_r
 .text.strcpy   0x08002ab0       0xbc c:/program files (x86)/gnu tools arm embedded/4.8 2014q3/bin/../lib/gcc/arm-none-eabi/4.8.4/../../../../arm-none-eabi/lib/armv7e-m\libc.a(lib_a-strcpy.o)
                0x08002ab0                strcpy
 .text.strlen   0x08002b6c       0x60 c:/program files (x86)/gnu tools arm embedded/4.8 2014q3/bin/../lib/gcc/arm-none-eabi/4.8.4/../../../../arm-none-eabi/lib/armv7e-m\libc.a(lib_a-strlen.o)
                0x08002b6c                strlen
 .text.__register_exitproc
                0x08002bcc       0xa8 c:/program files (x86)/gnu tools arm embedded/4.8 2014q3/bin/../lib/gcc/arm-none-eabi/4.8.4/../../../../arm-none-eabi/lib/armv7e-m\libc.a(lib_a-__atexit.o)
                0x08002bcc                __register_exitproc
 .text.startup.register_fini
                0x08002c74       0x14 c:/program files (x86)/gnu tools arm embedded/4.8 2014q3/bin/../lib/gcc/arm-none-eabi/4.8.4/../../../../arm-none-eabi/lib/armv7e-m\libc.a(lib_a-__call_atexit.o)
 .text.__call_exitprocs
                0x08002c88       0xf0 c:/program files (x86)/gnu tools arm embedded/4.8 2014q3/bin/../lib/gcc/arm-none-eabi/4.8.4/../../../../arm-none-eabi/lib/armv7e-m\libc.a(lib_a-__call_atexit.o)
                0x08002c88                __call_exitprocs
 .text.atexit   0x08002d78        0xc c:/program files (x86)/gnu tools arm embedded/4.8 2014q3/bin/../lib/gcc/arm-none-eabi/4.8.4/../../../../arm-none-eabi/lib/armv7e-m\libc.a(lib_a-atexit.o)
                0x08002d78                atexit
 .text.__libc_fini_array
                0x08002d84       0x30 c:/program files (x86)/gnu tools arm embedded/4.8 2014q3/bin/../lib/gcc/arm-none-eabi/4.8.4/../../../../arm-none-eabi/lib/armv7e-m\libc.a(lib_a-fini.o)
                0x08002d84                __libc_fini_array
 .text._malloc_trim_r
                0x08002db4       0x9c c:/program files (x86)/gnu tools arm embedded/4.8 2014q3/bin/../lib/gcc/arm-none-eabi/4.8.4/../../../../arm-none-eabi/lib/armv7e-m\libc.a(lib_a-freer.o)
                0x08002db4                _malloc_trim_r
 .text._free_r  0x08002e50      0x19c c:/program files (x86)/gnu tools arm embedded/4.8 2014q3/bin/../lib/gcc/arm-none-eabi/4.8.4/../../../../arm-none-eabi/lib/armv7e-m\libc.a(lib_a-freer.o)
                0x08002e50                _free_r
 .text._getpid  0x08002fec       0x10 c:/program files (x86)/gnu tools arm embedded/4.8 2014q3/bin/../lib/gcc/arm-none-eabi/4.8.4/../../../../arm-none-eabi/lib/armv7e-m\libnosys.a(getpid.o)
                0x08002fec                _getpid
 .text._kill    0x08002ffc       0x10 c:/program files (x86)/gnu tools arm embedded/4.8 2014q3/bin/../lib/gcc/arm-none-eabi/4.8.4/../../../../arm-none-eabi/lib/armv7e-m\libnosys.a(kill.o)
                0x08002ffc                _kill
 .text._sbrk    0x0800300c       0x34 c:/program files (x86)/gnu tools arm embedded/4.8 2014q3/bin/../lib/gcc/arm-none-eabi/4.8.4/../../../../arm-none-eabi/lib/armv7e-m\libnosys.a(sbrk.o)
                0x0800300c                _sbrk
 .text._exit    0x08003040        0x4 c:/program files (x86)/gnu tools arm embedded/4.8 2014q3/bin/../lib/gcc/arm-none-eabi/4.8.4/../../../../arm-none-eabi/lib/armv7e-m\libnosys.a(_exit.o)
                0x08003040                _exit
 *(.init)
 .init          0x08003044        0x4 c:/program files (x86)/gnu tools arm embedded/4.8 2014q3/bin/../lib/gcc/arm-none-eabi/4.8.4/armv7e-m/crti.o
                0x08003044                _init
 .init          0x08003048        0x8 c:/program files (x86)/gnu tools arm embedded/4.8 2014q3/bin/../lib/gcc/arm-none-eabi/4.8.4/armv7e-m/crtn.o
 *(.fini)
 .fini          0x08003050        0x4 c:/program files (x86)/gnu tools arm embedded/4.8 2014q3/bin/../lib/gcc/arm-none-eabi/4.8.4/armv7e-m/crti.o
                0x08003050                _fini
 .fini          0x08003054        0x8 c:/program files (x86)/gnu tools arm embedded/4.8 2014q3/bin/../lib/gcc/arm-none-eabi/4.8.4/armv7e-m/crtn.o
 *crtbegin.o(.ctors)
 *crtbegin?.o(.ctors)
 *(EXCLUDE_FILE(*crtend.o *crtend?.o) .ctors)
 *(SORT(.ctors.*))
 *(.ctors)
 *crtbegin.o(.dtors)
 *crtbegin?.o(.dtors)
 *(EXCLUDE_FILE(*crtend.o *crtend?.o) .dtors)
 *(SORT(.dtors.*))
 *(.dtors)
 *(.rodata*)
 .rodata        0x0800305c       0x30 ..\obj\stm32f4_discovery.o
                0x0800305c                GPIO_PIN
                0x08003064                GPIO_CLK
                0x08003074                BUTTON_PIN
                0x08003078                BUTTON_CLK
                0x0800307c                BUTTON_EXTI_LINE
                0x08003080                BUTTON_PORT_SOURCE
                0x08003084                BUTTON_PIN_SOURCE
                0x08003088                BUTTON_IRQn
 .rodata.str1.4
                0x0800308c        0x4 c:/program files (x86)/gnu tools arm embedded/4.8 2014q3/bin/../lib/gcc/arm-none-eabi/4.8.4/../../../../arm-none-eabi/lib/armv7e-m\libc.a(lib_a-impure.o)
 .rodata._global_impure_ptr
                0x08003090        0x4 c:/program files (x86)/gnu tools arm embedded/4.8 2014q3/bin/../lib/gcc/arm-none-eabi/4.8.4/../../../../arm-none-eabi/lib/armv7e-m\libc.a(lib_a-impure.o)
                0x08003090                _global_impure_ptr
 *(.eh_frame*)
 .eh_frame      0x08003094        0x0 c:/program files (x86)/gnu tools arm embedded/4.8 2014q3/bin/../lib/gcc/arm-none-eabi/4.8.4/armv7e-m/crtbegin.o
 .eh_frame      0x08003094        0x4 c:/program files (x86)/gnu tools arm embedded/4.8 2014q3/bin/../lib/gcc/arm-none-eabi/4.8.4/armv7e-m/crtend.o

.glue_7         0x08003098        0x0
 .glue_7        0x00000000        0x0 linker stubs

.glue_7t        0x08003098        0x0
 .glue_7t       0x00000000        0x0 linker stubs

.vfp11_veneer   0x08003098        0x0
 .vfp11_veneer  0x00000000        0x0 linker stubs

.v4_bx          0x08003098        0x0
 .v4_bx         0x00000000        0x0 linker stubs

.iplt           0x08003098        0x0
 .iplt          0x00000000        0x0 c:/program files (x86)/gnu tools arm embedded/4.8 2014q3/bin/../lib/gcc/arm-none-eabi/4.8.4/armv7e-m/crtbegin.o

.ARM.extab      0x08003098       0x78
 *(.ARM.extab* .gnu.linkonce.armextab.*)
 .ARM.extab.text._ZN3LEDC2Ev
                0x08003098        0xc ..\obj\led.o
 .ARM.extab.text._ZN5UsartC2Ei
                0x080030a4        0xc ..\obj\uart.o
 .ARM.extab.text._ZN5Usart13usart3InitDMAEv
                0x080030b0        0xc ..\obj\uart.o
 .ARM.extab.text._ZN5Usart10SendViaDmaEPci
                0x080030bc        0xc ..\obj\uart.o
 .ARM.extab.text._ZN5Usart10usart3InitEv
                0x080030c8        0xc ..\obj\uart.o
 .ARM.extab.text.USART3_IRQHandler
                0x080030d4        0xc ..\obj\uart.o
 .ARM.extab.text.main
                0x080030e0        0xc ..\obj\main.o
 .ARM.extab     0x080030ec        0xc c:/program files (x86)/gnu tools arm embedded/4.8 2014q3/bin/../lib/gcc/arm-none-eabi/4.8.4/armv7e-m\libgcc.a(unwind-arm.o)
 .ARM.extab     0x080030f8       0x18 c:/program files (x86)/gnu tools arm embedded/4.8 2014q3/bin/../lib/gcc/arm-none-eabi/4.8.4/armv7e-m\libgcc.a(pr-support.o)
                0x08003110                __exidx_start = .

.ARM.exidx      0x08003110      0x120
 *(.ARM.exidx* .gnu.linkonce.armexidx.*)
 .ARM.exidx     0x08003110        0x8 c:/program files (x86)/gnu tools arm embedded/4.8 2014q3/bin/../lib/gcc/arm-none-eabi/4.8.4/../../../../arm-none-eabi/lib/armv7e-m/crt0.o
 .ARM.exidx.text._ZN3LEDC2Ev
                0x08003118        0x8 ..\obj\led.o
 .ARM.exidx.text._ZN3LEDD2Ev
                0x08003120        0x8 ..\obj\led.o
 .ARM.exidx.text._ZN5UsartC2Ei
                0x08003128        0x8 ..\obj\uart.o
 .ARM.exidx.text._ZN5Usart8BufferInEc
                0x08003130        0x8 ..\obj\uart.o
 .ARM.exidx.text._ZN5Usart9BufferOutEPc
                0x08003138        0x0 ..\obj\uart.o
                                  0x8 (size before relaxing)
 .ARM.exidx.text._ZN5Usart10ReadBufferEv
                0x08003138        0x0 ..\obj\uart.o
                                  0x8 (size before relaxing)
 .ARM.exidx.text._ZN5Usart13usart3InitDMAEv
                0x08003138        0x8 ..\obj\uart.o
 .ARM.exidx.text._ZN5Usart10SendViaDmaEPci
                0x08003140        0x8 ..\obj\uart.o
 .ARM.exidx.text._ZN5Usart10usart3InitEv
                0x08003148        0x8 ..\obj\uart.o
 .ARM.exidx.text.USART3_IRQHandler
                0x08003150       0x10 ..\obj\uart.o
                                  0x8 (size before relaxing)
 .ARM.exidx.text.main
                0x08003160        0x8 ..\obj\main.o
 .ARM.exidx.text._Z41__static_initialization_and_destruction_0ii
                0x08003168        0x8 ..\obj\main.o
 .ARM.exidx.text._GLOBAL__sub_I_buffer
                0x08003170        0x0 ..\obj\main.o
                                  0x8 (size before relaxing)
 .ARM.exidx     0x08003170       0x88 c:/program files (x86)/gnu tools arm embedded/4.8 2014q3/bin/../lib/gcc/arm-none-eabi/4.8.4/armv7e-m\libgcc.a(unwind-arm.o)
                                 0xd8 (size before relaxing)
 .ARM.exidx     0x080031f8       0x38 c:/program files (x86)/gnu tools arm embedded/4.8 2014q3/bin/../lib/gcc/arm-none-eabi/4.8.4/armv7e-m\libgcc.a(pr-support.o)
                                 0x48 (size before relaxing)
                0x08003230                __exidx_end = .
                0x08003230                __etext = .
                0x08003230                _sidata = __etext

.rel.dyn        0x08003230        0x0
 .rel.iplt      0x00000000        0x0 c:/program files (x86)/gnu tools arm embedded/4.8 2014q3/bin/../lib/gcc/arm-none-eabi/4.8.4/armv7e-m/crtbegin.o

.data           0x20000000      0x930 load address 0x08003230
                0x20000000                __data_start__ = .
                0x20000000                _sdata = __data_start__
 *(vtable)
 *(.data*)
 .data          0x20000000        0x4 c:/program files (x86)/gnu tools arm embedded/4.8 2014q3/bin/../lib/gcc/arm-none-eabi/4.8.4/armv7e-m/crtbegin.o
                0x20000000                __dso_handle
 .data          0x20000004       0x34 ..\obj\stm32f4_discovery_audio_codec.o
                0x20000004                AudioTotalSize
                0x20000008                AudioRemSize
                0x2000000c                CODECTimeout
                0x20000010                CurrAudioInterface
                0x20000014                AUDIO_MAL_DMA_CLOCK
                0x20000018                AUDIO_MAL_DMA_STREAM
                0x2000001c                AUDIO_MAL_DMA_DREG
                0x20000020                AUDIO_MAL_DMA_IRQ
                0x20000024                AUDIO_MAL_DMA_FLAG_TC
                0x20000028                AUDIO_MAL_DMA_FLAG_HT
                0x2000002c                AUDIO_MAL_DMA_FLAG_FE
                0x20000030                AUDIO_MAL_DMA_FLAG_TE
                0x20000034                AUDIO_MAL_DMA_FLAG_DME
 .data          0x20000038       0x14 ..\obj\stm32f4_discovery.o
                0x20000038                GPIO_PORT
                0x20000048                BUTTON_PORT
 .data          0x2000004c       0x84 ..\obj\main.o
                0x2000004c                buffer
 .data          0x200000d0       0x10 ..\obj\stm32f4xx_rcc.o
 .data.impure_data
                0x200000e0      0x428 c:/program files (x86)/gnu tools arm embedded/4.8 2014q3/bin/../lib/gcc/arm-none-eabi/4.8.4/../../../../arm-none-eabi/lib/armv7e-m\libc.a(lib_a-impure.o)
 .data._impure_ptr
                0x20000508        0x4 c:/program files (x86)/gnu tools arm embedded/4.8 2014q3/bin/../lib/gcc/arm-none-eabi/4.8.4/../../../../arm-none-eabi/lib/armv7e-m\libc.a(lib_a-impure.o)
                0x20000508                _impure_ptr
 .data.__malloc_av_
                0x2000050c      0x408 c:/program files (x86)/gnu tools arm embedded/4.8 2014q3/bin/../lib/gcc/arm-none-eabi/4.8.4/../../../../arm-none-eabi/lib/armv7e-m\libc.a(lib_a-mallocr.o)
                0x2000050c                __malloc_av_
 .data.__malloc_trim_threshold
                0x20000914        0x4 c:/program files (x86)/gnu tools arm embedded/4.8 2014q3/bin/../lib/gcc/arm-none-eabi/4.8.4/../../../../arm-none-eabi/lib/armv7e-m\libc.a(lib_a-mallocr.o)
                0x20000914                __malloc_trim_threshold
 .data.__malloc_sbrk_base
                0x20000918        0x4 c:/program files (x86)/gnu tools arm embedded/4.8 2014q3/bin/../lib/gcc/arm-none-eabi/4.8.4/../../../../arm-none-eabi/lib/armv7e-m\libc.a(lib_a-mallocr.o)
                0x20000918                __malloc_sbrk_base
                0x2000091c                . = ALIGN (0x4)
                0x2000091c                PROVIDE (__preinit_array_start, .)
 *(.preinit_array)
                0x2000091c                PROVIDE (__preinit_array_end, .)
                0x2000091c                . = ALIGN (0x4)
                0x2000091c                PROVIDE (__init_array_start, .)
 *(SORT(.init_array.*))
 .init_array.00000
                0x2000091c        0x4 c:/program files (x86)/gnu tools arm embedded/4.8 2014q3/bin/../lib/gcc/arm-none-eabi/4.8.4/../../../../arm-none-eabi/lib/armv7e-m\libc.a(lib_a-__call_atexit.o)
 *(.init_array)
 .init_array    0x20000920        0x4 c:/program files (x86)/gnu tools arm embedded/4.8 2014q3/bin/../lib/gcc/arm-none-eabi/4.8.4/armv7e-m/crtbegin.o
 .init_array    0x20000924        0x4 ..\obj\main.o
                0x20000928                PROVIDE (__init_array_end, .)
                0x20000928                . = ALIGN (0x4)
                0x20000928                PROVIDE (__fini_array_start, .)
 *(SORT(.fini_array.*))
 *(.fini_array)
 .fini_array    0x20000928        0x4 c:/program files (x86)/gnu tools arm embedded/4.8 2014q3/bin/../lib/gcc/arm-none-eabi/4.8.4/armv7e-m/crtbegin.o
                0x2000092c                PROVIDE (__fini_array_end, .)
 *(.jcr*)
 .jcr           0x2000092c        0x0 c:/program files (x86)/gnu tools arm embedded/4.8 2014q3/bin/../lib/gcc/arm-none-eabi/4.8.4/armv7e-m/crtbegin.o
 .jcr           0x2000092c        0x4 c:/program files (x86)/gnu tools arm embedded/4.8 2014q3/bin/../lib/gcc/arm-none-eabi/4.8.4/armv7e-m/crtend.o
                0x20000930                . = ALIGN (0x4)
                0x20000930                __data_end__ = .
                0x20000930                _edata = __data_end__

.igot.plt       0x20000930        0x0 load address 0x08003b60
 .igot.plt      0x00000000        0x0 c:/program files (x86)/gnu tools arm embedded/4.8 2014q3/bin/../lib/gcc/arm-none-eabi/4.8.4/armv7e-m/crtbegin.o

.bss            0x20000930      0x130 load address 0x08003b60
                0x20000930                . = ALIGN (0x4)
                0x20000930                __bss_start__ = .
                0x20000930                _sbss = __bss_start__
 *(.bss*)
 .bss           0x20000930       0x1c c:/program files (x86)/gnu tools arm embedded/4.8 2014q3/bin/../lib/gcc/arm-none-eabi/4.8.4/armv7e-m/crtbegin.o
 .bss           0x2000094c        0x4 ..\obj\uart.o
                0x2000094c                Usart3Instance
 .bss           0x20000950       0x58 ..\obj\main.o
                0x20000950                OutputString
                0x20000954                LPC1768_LED
                0x20000958                com3
 .bss.__malloc_max_total_mem
                0x200009a8        0x4 c:/program files (x86)/gnu tools arm embedded/4.8 2014q3/bin/../lib/gcc/arm-none-eabi/4.8.4/../../../../arm-none-eabi/lib/armv7e-m\libc.a(lib_a-mallocr.o)
                0x200009a8                __malloc_max_total_mem
 .bss.__malloc_max_sbrked_mem
                0x200009ac        0x4 c:/program files (x86)/gnu tools arm embedded/4.8 2014q3/bin/../lib/gcc/arm-none-eabi/4.8.4/../../../../arm-none-eabi/lib/armv7e-m\libc.a(lib_a-mallocr.o)
                0x200009ac                __malloc_max_sbrked_mem
 .bss.__malloc_top_pad
                0x200009b0        0x4 c:/program files (x86)/gnu tools arm embedded/4.8 2014q3/bin/../lib/gcc/arm-none-eabi/4.8.4/../../../../arm-none-eabi/lib/armv7e-m\libc.a(lib_a-mallocr.o)
                0x200009b0                __malloc_top_pad
 .bss.__malloc_current_mallinfo
                0x200009b4       0x28 c:/program files (x86)/gnu tools arm embedded/4.8 2014q3/bin/../lib/gcc/arm-none-eabi/4.8.4/../../../../arm-none-eabi/lib/armv7e-m\libc.a(lib_a-mallocr.o)
                0x200009b4                __malloc_current_mallinfo
 .bss.heap_end.4246
                0x200009dc        0x4 c:/program files (x86)/gnu tools arm embedded/4.8 2014q3/bin/../lib/gcc/arm-none-eabi/4.8.4/../../../../arm-none-eabi/lib/armv7e-m\libnosys.a(sbrk.o)
 *(COMMON)
 COMMON         0x200009e0       0x7c ..\obj\stm32f4_discovery_audio_codec.o
                0x200009e0                CurrentPos
                0x200009e4                AUDIO_MAL_DMA_InitStructure
                0x20000a20                DMA_InitStructure
 COMMON         0x20000a5c        0x4 c:/program files (x86)/gnu tools arm embedded/4.8 2014q3/bin/../lib/gcc/arm-none-eabi/4.8.4/../../../../arm-none-eabi/lib/armv7e-m\libc.a(lib_a-reent.o)
                0x20000a5c                errno
                0x20000a60                . = ALIGN (0x4)
                0x20000a60                __bss_end__ = .
                0x20000a60                _ebss = __bss_end__

.heap           0x20000a60        0x0
                0x20000a60                __end__ = .
                0x20000a60                _end = __end__
                0x20000a60                end = __end__
 *(.heap*)
                0x20000a60                __HeapLimit = .

.co_stack       0x20000a60      0x800 load address 0x08003c90
                0x20000a60                . = ALIGN (0x8)
 *(.co_stack .co_stack.*)
 .co_stack      0x20000a60      0x800 ..\obj\startup_stm32f4xx.o
                0x20000a60                pulStack
                0x20020000                __StackTop = (ORIGIN (RAM) + 0x20000)
                0x2001f800                __StackLimit = (__StackTop - SIZEOF (.co_stack))
                0x20020000                PROVIDE (__stack, __StackTop)
                0x00000001                ASSERT ((__StackLimit >= __HeapLimit), region RAM overflowed with stack)
LOAD ..\obj\stm32f4xx_syscfg.o
LOAD ..\obj\stm32f4_discovery_audio_codec.o
LOAD ..\obj\stm32f4xx_usart.o
LOAD ..\obj\led.o
LOAD ..\obj\stm32f4xx_dac.o
LOAD ..\obj\uart.o
LOAD ..\obj\startup_stm32f4xx.o
LOAD ..\obj\stm32f4_discovery.o
LOAD ..\obj\main.o
LOAD ..\obj\stm32f4xx_rcc.o
LOAD ..\obj\stm32f4xx_gpio.o
LOAD ..\obj\system_stm32f4xx.o
LOAD ..\obj\stm32f4xx_dma.o
LOAD ..\obj\stm32f4_discovery_callbacks.o
LOAD ..\obj\stm32f4xx_spi.o
LOAD ..\obj\stm32f4xx_i2c.o
LOAD ..\obj\stm32f4xx_exti.o
LOAD ..\obj\misc.o
LOAD ..\obj\stm32f4_discovery_lis302dl.o
LOAD ..\..\..\STM32F4-Discovery\libpdmfilter_gcc.a
LOAD c:/program files (x86)/gnu tools arm embedded/4.8 2014q3/bin/../lib/gcc/arm-none-eabi/4.8.4/../../../../arm-none-eabi/lib/armv7e-m\libm.a
LOAD c:/program files (x86)/gnu tools arm embedded/4.8 2014q3/bin/../lib/gcc/arm-none-eabi/4.8.4/armv7e-m\libgcc.a
LOAD c:/program files (x86)/gnu tools arm embedded/4.8 2014q3/bin/../lib/gcc/arm-none-eabi/4.8.4/../../../../arm-none-eabi/lib/armv7e-m\libc.a
LOAD c:/program files (x86)/gnu tools arm embedded/4.8 2014q3/bin/../lib/gcc/arm-none-eabi/4.8.4/../../../../arm-none-eabi/lib/armv7e-m\libstdc++.a
LOAD c:/program files (x86)/gnu tools arm embedded/4.8 2014q3/bin/../lib/gcc/arm-none-eabi/4.8.4/../../../../arm-none-eabi/lib/armv7e-m\libsupc++.a
LOAD c:/program files (x86)/gnu tools arm embedded/4.8 2014q3/bin/../lib/gcc/arm-none-eabi/4.8.4/../../../../arm-none-eabi/lib/armv7e-m\libnosys.a
START GROUP
LOAD c:/program files (x86)/gnu tools arm embedded/4.8 2014q3/bin/../lib/gcc/arm-none-eabi/4.8.4/armv7e-m\libgcc.a
LOAD c:/program files (x86)/gnu tools arm embedded/4.8 2014q3/bin/../lib/gcc/arm-none-eabi/4.8.4/../../../../arm-none-eabi/lib/armv7e-m\libg.a
LOAD c:/program files (x86)/gnu tools arm embedded/4.8 2014q3/bin/../lib/gcc/arm-none-eabi/4.8.4/../../../../arm-none-eabi/lib/armv7e-m\libc.a
END GROUP
LOAD c:/program files (x86)/gnu tools arm embedded/4.8 2014q3/bin/../lib/gcc/arm-none-eabi/4.8.4/armv7e-m/crtend.o
LOAD c:/program files (x86)/gnu tools arm embedded/4.8 2014q3/bin/../lib/gcc/arm-none-eabi/4.8.4/armv7e-m/crtn.o
OUTPUT(Gewaechshaus.elf elf32-littlearm)

.ARM.attributes
                0x00000000       0x2a
 .ARM.attributes
                0x00000000       0x1e c:/program files (x86)/gnu tools arm embedded/4.8 2014q3/bin/../lib/gcc/arm-none-eabi/4.8.4/armv7e-m/crti.o
 .ARM.attributes
                0x0000001e       0x2e c:/program files (x86)/gnu tools arm embedded/4.8 2014q3/bin/../lib/gcc/arm-none-eabi/4.8.4/armv7e-m/crtbegin.o
 .ARM.attributes
                0x0000004c       0x1c c:/program files (x86)/gnu tools arm embedded/4.8 2014q3/bin/../lib/gcc/arm-none-eabi/4.8.4/../../../../arm-none-eabi/lib/armv7e-m/crt0.o
 .ARM.attributes
                0x00000068       0x33 ..\obj\stm32f4_discovery_audio_codec.o
 .ARM.attributes
                0x0000009b       0x33 ..\obj\stm32f4xx_usart.o
 .ARM.attributes
                0x000000ce       0x33 ..\obj\led.o
 .ARM.attributes
                0x00000101       0x33 ..\obj\stm32f4xx_dac.o
 .ARM.attributes
                0x00000134       0x33 ..\obj\uart.o
 .ARM.attributes
                0x00000167       0x33 ..\obj\startup_stm32f4xx.o
 .ARM.attributes
                0x0000019a       0x33 ..\obj\stm32f4_discovery.o
 .ARM.attributes
                0x000001cd       0x33 ..\obj\main.o
 .ARM.attributes
                0x00000200       0x33 ..\obj\stm32f4xx_rcc.o
 .ARM.attributes
                0x00000233       0x33 ..\obj\stm32f4xx_gpio.o
 .ARM.attributes
                0x00000266       0x33 ..\obj\stm32f4xx_dma.o
 .ARM.attributes
                0x00000299       0x33 ..\obj\stm32f4_discovery_callbacks.o
 .ARM.attributes
                0x000002cc       0x33 ..\obj\stm32f4xx_spi.o
 .ARM.attributes
                0x000002ff       0x33 ..\obj\misc.o
 .ARM.attributes
                0x00000332       0x2e c:/program files (x86)/gnu tools arm embedded/4.8 2014q3/bin/../lib/gcc/arm-none-eabi/4.8.4/../../../../arm-none-eabi/lib/armv7e-m\libc.a(lib_a-aeabi_atexit.o)
 .ARM.attributes
                0x00000360       0x2e c:/program files (x86)/gnu tools arm embedded/4.8 2014q3/bin/../lib/gcc/arm-none-eabi/4.8.4/../../../../arm-none-eabi/lib/armv7e-m\libc.a(lib_a-cxa_atexit.o)
 .ARM.attributes
                0x0000038e       0x2e c:/program files (x86)/gnu tools arm embedded/4.8 2014q3/bin/../lib/gcc/arm-none-eabi/4.8.4/../../../../arm-none-eabi/lib/armv7e-m\libc.a(lib_a-exit.o)
 .ARM.attributes
                0x000003bc       0x2e c:/program files (x86)/gnu tools arm embedded/4.8 2014q3/bin/../lib/gcc/arm-none-eabi/4.8.4/../../../../arm-none-eabi/lib/armv7e-m\libc.a(lib_a-impure.o)
 .ARM.attributes
                0x000003ea       0x2e c:/program files (x86)/gnu tools arm embedded/4.8 2014q3/bin/../lib/gcc/arm-none-eabi/4.8.4/../../../../arm-none-eabi/lib/armv7e-m\libc.a(lib_a-init.o)
 .ARM.attributes
                0x00000418       0x2e c:/program files (x86)/gnu tools arm embedded/4.8 2014q3/bin/../lib/gcc/arm-none-eabi/4.8.4/../../../../arm-none-eabi/lib/armv7e-m\libc.a(lib_a-malloc.o)
 .ARM.attributes
                0x00000446       0x2e c:/program files (x86)/gnu tools arm embedded/4.8 2014q3/bin/../lib/gcc/arm-none-eabi/4.8.4/../../../../arm-none-eabi/lib/armv7e-m\libc.a(lib_a-mallocr.o)
 .ARM.attributes
                0x00000474       0x2e c:/program files (x86)/gnu tools arm embedded/4.8 2014q3/bin/../lib/gcc/arm-none-eabi/4.8.4/../../../../arm-none-eabi/lib/armv7e-m\libc.a(lib_a-memset.o)
 .ARM.attributes
                0x000004a2       0x2e c:/program files (x86)/gnu tools arm embedded/4.8 2014q3/bin/../lib/gcc/arm-none-eabi/4.8.4/../../../../arm-none-eabi/lib/armv7e-m\libc.a(lib_a-mlock.o)
 .ARM.attributes
                0x000004d0       0x2e c:/program files (x86)/gnu tools arm embedded/4.8 2014q3/bin/../lib/gcc/arm-none-eabi/4.8.4/../../../../arm-none-eabi/lib/armv7e-m\libc.a(lib_a-sbrkr.o)
 .ARM.attributes
                0x000004fe       0x2e c:/program files (x86)/gnu tools arm embedded/4.8 2014q3/bin/../lib/gcc/arm-none-eabi/4.8.4/../../../../arm-none-eabi/lib/armv7e-m\libc.a(lib_a-strcpy.o)
 .ARM.attributes
                0x0000052c       0x2e c:/program files (x86)/gnu tools arm embedded/4.8 2014q3/bin/../lib/gcc/arm-none-eabi/4.8.4/../../../../arm-none-eabi/lib/armv7e-m\libc.a(lib_a-strlen.o)
 .ARM.attributes
                0x0000055a       0x2e c:/program files (x86)/gnu tools arm embedded/4.8 2014q3/bin/../lib/gcc/arm-none-eabi/4.8.4/../../../../arm-none-eabi/lib/armv7e-m\libc.a(lib_a-__atexit.o)
 .ARM.attributes
                0x00000588       0x2e c:/program files (x86)/gnu tools arm embedded/4.8 2014q3/bin/../lib/gcc/arm-none-eabi/4.8.4/../../../../arm-none-eabi/lib/armv7e-m\libc.a(lib_a-__call_atexit.o)
 .ARM.attributes
                0x000005b6       0x2e c:/program files (x86)/gnu tools arm embedded/4.8 2014q3/bin/../lib/gcc/arm-none-eabi/4.8.4/../../../../arm-none-eabi/lib/armv7e-m\libc.a(lib_a-atexit.o)
 .ARM.attributes
                0x000005e4       0x2e c:/program files (x86)/gnu tools arm embedded/4.8 2014q3/bin/../lib/gcc/arm-none-eabi/4.8.4/../../../../arm-none-eabi/lib/armv7e-m\libc.a(lib_a-fini.o)
 .ARM.attributes
                0x00000612       0x2e c:/program files (x86)/gnu tools arm embedded/4.8 2014q3/bin/../lib/gcc/arm-none-eabi/4.8.4/../../../../arm-none-eabi/lib/armv7e-m\libc.a(lib_a-freer.o)
 .ARM.attributes
                0x00000640       0x2e c:/program files (x86)/gnu tools arm embedded/4.8 2014q3/bin/../lib/gcc/arm-none-eabi/4.8.4/../../../../arm-none-eabi/lib/armv7e-m\libc.a(lib_a-reent.o)
 .ARM.attributes
                0x0000066e       0x2e c:/program files (x86)/gnu tools arm embedded/4.8 2014q3/bin/../lib/gcc/arm-none-eabi/4.8.4/../../../../arm-none-eabi/lib/armv7e-m\libnosys.a(sbrk.o)
 .ARM.attributes
                0x0000069c       0x2e c:/program files (x86)/gnu tools arm embedded/4.8 2014q3/bin/../lib/gcc/arm-none-eabi/4.8.4/../../../../arm-none-eabi/lib/armv7e-m\libnosys.a(_exit.o)
 .ARM.attributes
                0x000006ca       0x2e c:/program files (x86)/gnu tools arm embedded/4.8 2014q3/bin/../lib/gcc/arm-none-eabi/4.8.4/armv7e-m/crtend.o
 .ARM.attributes
                0x000006f8       0x1e c:/program files (x86)/gnu tools arm embedded/4.8 2014q3/bin/../lib/gcc/arm-none-eabi/4.8.4/armv7e-m/crtn.o

.comment        0x00000000       0x70
 .comment       0x00000000       0x70 ..\obj\stm32f4_discovery_audio_codec.o
                                 0x71 (size before relaxing)
 .comment       0x00000000       0x71 ..\obj\stm32f4xx_usart.o
 .comment       0x00000000       0x71 ..\obj\led.o
 .comment       0x00000000       0x71 ..\obj\stm32f4xx_dac.o
 .comment       0x00000000       0x71 ..\obj\uart.o
 .comment       0x00000000       0x71 ..\obj\startup_stm32f4xx.o
 .comment       0x00000000       0x71 ..\obj\stm32f4_discovery.o
 .comment       0x00000000       0x71 ..\obj\main.o
 .comment       0x00000000       0x71 ..\obj\stm32f4xx_rcc.o
 .comment       0x00000000       0x71 ..\obj\stm32f4xx_gpio.o
 .comment       0x00000000       0x71 ..\obj\stm32f4xx_dma.o
 .comment       0x00000000       0x71 ..\obj\stm32f4_discovery_callbacks.o
 .comment       0x00000000       0x71 ..\obj\stm32f4xx_spi.o
 .comment       0x00000000       0x71 ..\obj\misc.o

.debug_info     0x00000000     0x68ce
 .debug_info    0x00000000     0x1070 ..\obj\stm32f4_discovery_audio_codec.o
 .debug_info    0x00001070      0x9c2 ..\obj\stm32f4xx_usart.o
 .debug_info    0x00001a32      0x22b ..\obj\led.o
 .debug_info    0x00001c5d      0x63a ..\obj\stm32f4xx_dac.o
 .debug_info    0x00002297      0xc7e ..\obj\uart.o
 .debug_info    0x00002f15      0x122 ..\obj\startup_stm32f4xx.o
 .debug_info    0x00003037      0x889 ..\obj\stm32f4_discovery.o
 .debug_info    0x000038c0      0x539 ..\obj\main.o
 .debug_info    0x00003df9      0xc4d ..\obj\stm32f4xx_rcc.o
 .debug_info    0x00004a46      0x602 ..\obj\stm32f4xx_gpio.o
 .debug_info    0x00005048      0x739 ..\obj\stm32f4xx_dma.o
 .debug_info    0x00005781      0x109 ..\obj\stm32f4_discovery_callbacks.o
 .debug_info    0x0000588a      0xb07 ..\obj\stm32f4xx_spi.o
 .debug_info    0x00006391      0x53d ..\obj\misc.o

.debug_abbrev   0x00000000     0x15c1
 .debug_abbrev  0x00000000      0x256 ..\obj\stm32f4_discovery_audio_codec.o
 .debug_abbrev  0x00000256      0x155 ..\obj\stm32f4xx_usart.o
 .debug_abbrev  0x000003ab      0x175 ..\obj\led.o
 .debug_abbrev  0x00000520      0x17c ..\obj\stm32f4xx_dac.o
 .debug_abbrev  0x0000069c      0x287 ..\obj\uart.o
 .debug_abbrev  0x00000923       0xce ..\obj\startup_stm32f4xx.o
 .debug_abbrev  0x000009f1      0x183 ..\obj\stm32f4_discovery.o
 .debug_abbrev  0x00000b74      0x236 ..\obj\main.o
 .debug_abbrev  0x00000daa      0x1e3 ..\obj\stm32f4xx_rcc.o
 .debug_abbrev  0x00000f8d      0x1a3 ..\obj\stm32f4xx_gpio.o
 .debug_abbrev  0x00001130      0x155 ..\obj\stm32f4xx_dma.o
 .debug_abbrev  0x00001285       0x90 ..\obj\stm32f4_discovery_callbacks.o
 .debug_abbrev  0x00001315      0x167 ..\obj\stm32f4xx_spi.o
 .debug_abbrev  0x0000147c      0x145 ..\obj\misc.o

.debug_aranges  0x00000000      0x820
 .debug_aranges
                0x00000000      0x130 ..\obj\stm32f4_discovery_audio_codec.o
 .debug_aranges
                0x00000130      0x100 ..\obj\stm32f4xx_usart.o
 .debug_aranges
                0x00000230       0x38 ..\obj\led.o
 .debug_aranges
                0x00000268       0xa0 ..\obj\stm32f4xx_dac.o
 .debug_aranges
                0x00000308       0x78 ..\obj\uart.o
 .debug_aranges
                0x00000380       0x28 ..\obj\startup_stm32f4xx.o
 .debug_aranges
                0x000003a8       0x48 ..\obj\stm32f4_discovery.o
 .debug_aranges
                0x000003f0       0x38 ..\obj\main.o
 .debug_aranges
                0x00000428      0x178 ..\obj\stm32f4xx_rcc.o
 .debug_aranges
                0x000005a0       0x88 ..\obj\stm32f4xx_gpio.o
 .debug_aranges
                0x00000628       0xb0 ..\obj\stm32f4xx_dma.o
 .debug_aranges
                0x000006d8       0x28 ..\obj\stm32f4_discovery_callbacks.o
 .debug_aranges
                0x00000700       0xe0 ..\obj\stm32f4xx_spi.o
 .debug_aranges
                0x000007e0       0x40 ..\obj\misc.o

.debug_ranges   0x00000000      0x740
 .debug_ranges  0x00000000      0x120 ..\obj\stm32f4_discovery_audio_codec.o
 .debug_ranges  0x00000120       0xf0 ..\obj\stm32f4xx_usart.o
 .debug_ranges  0x00000210       0x28 ..\obj\led.o
 .debug_ranges  0x00000238       0x90 ..\obj\stm32f4xx_dac.o
 .debug_ranges  0x000002c8       0x68 ..\obj\uart.o
 .debug_ranges  0x00000330       0x18 ..\obj\startup_stm32f4xx.o
 .debug_ranges  0x00000348       0x38 ..\obj\stm32f4_discovery.o
 .debug_ranges  0x00000380       0x28 ..\obj\main.o
 .debug_ranges  0x000003a8      0x168 ..\obj\stm32f4xx_rcc.o
 .debug_ranges  0x00000510       0x78 ..\obj\stm32f4xx_gpio.o
 .debug_ranges  0x00000588       0xa0 ..\obj\stm32f4xx_dma.o
 .debug_ranges  0x00000628       0x18 ..\obj\stm32f4_discovery_callbacks.o
 .debug_ranges  0x00000640       0xd0 ..\obj\stm32f4xx_spi.o
 .debug_ranges  0x00000710       0x30 ..\obj\misc.o

.debug_line     0x00000000     0x2e7b
 .debug_line    0x00000000      0x701 ..\obj\stm32f4_discovery_audio_codec.o
 .debug_line    0x00000701      0x49d ..\obj\stm32f4xx_usart.o
 .debug_line    0x00000b9e      0x1e4 ..\obj\led.o
 .debug_line    0x00000d82      0x353 ..\obj\stm32f4xx_dac.o
 .debug_line    0x000010d5      0x347 ..\obj\uart.o
 .debug_line    0x0000141c       0x9c ..\obj\startup_stm32f4xx.o
 .debug_line    0x000014b8      0x2a4 ..\obj\stm32f4_discovery.o
 .debug_line    0x0000175c      0x271 ..\obj\main.o
 .debug_line    0x000019cd      0x595 ..\obj\stm32f4xx_rcc.o
 .debug_line    0x00001f62      0x33a ..\obj\stm32f4xx_gpio.o
 .debug_line    0x0000229c      0x3d7 ..\obj\stm32f4xx_dma.o
 .debug_line    0x00002673      0x17b ..\obj\stm32f4_discovery_callbacks.o
 .debug_line    0x000027ee      0x44d ..\obj\stm32f4xx_spi.o
 .debug_line    0x00002c3b      0x240 ..\obj\misc.o

.debug_str      0x00000000     0x2d32
 .debug_str     0x00000000      0xf24 ..\obj\stm32f4_discovery_audio_codec.o
                               0x106d (size before relaxing)
 .debug_str     0x00000f24      0x47e ..\obj\stm32f4xx_usart.o
                                0x68a (size before relaxing)
 .debug_str     0x000013a2      0x11f ..\obj\led.o
                                0x1d7 (size before relaxing)
 .debug_str     0x000014c1      0x235 ..\obj\stm32f4xx_dac.o
                                0x44e (size before relaxing)
 .debug_str     0x000016f6      0x385 ..\obj\uart.o
                                0xe43 (size before relaxing)
 .debug_str     0x00001a7b       0xbd ..\obj\startup_stm32f4xx.o
                                0x154 (size before relaxing)
 .debug_str     0x00001b38      0x273 ..\obj\stm32f4_discovery.o
                                0xb32 (size before relaxing)
 .debug_str     0x00001dab       0xb4 ..\obj\main.o
                                0x586 (size before relaxing)
 .debug_str     0x00001e5f      0x5c4 ..\obj\stm32f4xx_rcc.o
                                0x84b (size before relaxing)
 .debug_str     0x00002423      0x176 ..\obj\stm32f4xx_gpio.o
                                0x49e (size before relaxing)
 .debug_str     0x00002599      0x253 ..\obj\stm32f4xx_dma.o
                                0x53d (size before relaxing)
 .debug_str     0x000027ec       0x83 ..\obj\stm32f4_discovery_callbacks.o
                                0x1e0 (size before relaxing)
 .debug_str     0x0000286f      0x313 ..\obj\stm32f4xx_spi.o
                                0x685 (size before relaxing)
 .debug_str     0x00002b82      0x1b0 ..\obj\misc.o
                                0x3c9 (size before relaxing)

.debug_frame    0x00000000     0x1cc0
 .debug_frame   0x00000000      0x438 ..\obj\stm32f4_discovery_audio_codec.o
 .debug_frame   0x00000438      0x344 ..\obj\stm32f4xx_usart.o
 .debug_frame   0x0000077c       0x8c ..\obj\led.o
 .debug_frame   0x00000808      0x1ec ..\obj\stm32f4xx_dac.o
 .debug_frame   0x000009f4      0x188 ..\obj\uart.o
 .debug_frame   0x00000b7c       0x48 ..\obj\startup_stm32f4xx.o
 .debug_frame   0x00000bc4       0xc4 ..\obj\stm32f4_discovery.o
 .debug_frame   0x00000c88       0x88 ..\obj\main.o
 .debug_frame   0x00000d10      0x4d8 ..\obj\stm32f4xx_rcc.o
 .debug_frame   0x000011e8      0x19c ..\obj\stm32f4xx_gpio.o
 .debug_frame   0x00001384      0x224 ..\obj\stm32f4xx_dma.o
 .debug_frame   0x000015a8       0x44 ..\obj\stm32f4_discovery_callbacks.o
 .debug_frame   0x000015ec      0x2d0 ..\obj\stm32f4xx_spi.o
 .debug_frame   0x000018bc       0x9c ..\obj\misc.o
 .debug_frame   0x00001958       0x20 c:/program files (x86)/gnu tools arm embedded/4.8 2014q3/bin/../lib/gcc/arm-none-eabi/4.8.4/../../../../arm-none-eabi/lib/armv7e-m\libc.a(lib_a-aeabi_atexit.o)
 .debug_frame   0x00001978       0x28 c:/program files (x86)/gnu tools arm embedded/4.8 2014q3/bin/../lib/gcc/arm-none-eabi/4.8.4/../../../../arm-none-eabi/lib/armv7e-m\libc.a(lib_a-cxa_atexit.o)
 .debug_frame   0x000019a0       0x28 c:/program files (x86)/gnu tools arm embedded/4.8 2014q3/bin/../lib/gcc/arm-none-eabi/4.8.4/../../../../arm-none-eabi/lib/armv7e-m\libc.a(lib_a-exit.o)
 .debug_frame   0x000019c8       0x2c c:/program files (x86)/gnu tools arm embedded/4.8 2014q3/bin/../lib/gcc/arm-none-eabi/4.8.4/../../../../arm-none-eabi/lib/armv7e-m\libc.a(lib_a-init.o)
 .debug_frame   0x000019f4       0x30 c:/program files (x86)/gnu tools arm embedded/4.8 2014q3/bin/../lib/gcc/arm-none-eabi/4.8.4/../../../../arm-none-eabi/lib/armv7e-m\libc.a(lib_a-malloc.o)
 .debug_frame   0x00001a24       0x38 c:/program files (x86)/gnu tools arm embedded/4.8 2014q3/bin/../lib/gcc/arm-none-eabi/4.8.4/../../../../arm-none-eabi/lib/armv7e-m\libc.a(lib_a-mallocr.o)
 .debug_frame   0x00001a5c       0x2c c:/program files (x86)/gnu tools arm embedded/4.8 2014q3/bin/../lib/gcc/arm-none-eabi/4.8.4/../../../../arm-none-eabi/lib/armv7e-m\libc.a(lib_a-memset.o)
 .debug_frame   0x00001a88       0x30 c:/program files (x86)/gnu tools arm embedded/4.8 2014q3/bin/../lib/gcc/arm-none-eabi/4.8.4/../../../../arm-none-eabi/lib/armv7e-m\libc.a(lib_a-mlock.o)
 .debug_frame   0x00001ab8       0x2c c:/program files (x86)/gnu tools arm embedded/4.8 2014q3/bin/../lib/gcc/arm-none-eabi/4.8.4/../../../../arm-none-eabi/lib/armv7e-m\libc.a(lib_a-sbrkr.o)
 .debug_frame   0x00001ae4       0x20 c:/program files (x86)/gnu tools arm embedded/4.8 2014q3/bin/../lib/gcc/arm-none-eabi/4.8.4/../../../../arm-none-eabi/lib/armv7e-m\libc.a(lib_a-strcpy.o)
 .debug_frame   0x00001b04       0x20 c:/program files (x86)/gnu tools arm embedded/4.8 2014q3/bin/../lib/gcc/arm-none-eabi/4.8.4/../../../../arm-none-eabi/lib/armv7e-m\libc.a(lib_a-strlen.o)
 .debug_frame   0x00001b24       0x30 c:/program files (x86)/gnu tools arm embedded/4.8 2014q3/bin/../lib/gcc/arm-none-eabi/4.8.4/../../../../arm-none-eabi/lib/armv7e-m\libc.a(lib_a-__atexit.o)
 .debug_frame   0x00001b54       0x48 c:/program files (x86)/gnu tools arm embedded/4.8 2014q3/bin/../lib/gcc/arm-none-eabi/4.8.4/../../../../arm-none-eabi/lib/armv7e-m\libc.a(lib_a-__call_atexit.o)
 .debug_frame   0x00001b9c       0x20 c:/program files (x86)/gnu tools arm embedded/4.8 2014q3/bin/../lib/gcc/arm-none-eabi/4.8.4/../../../../arm-none-eabi/lib/armv7e-m\libc.a(lib_a-atexit.o)
 .debug_frame   0x00001bbc       0x2c c:/program files (x86)/gnu tools arm embedded/4.8 2014q3/bin/../lib/gcc/arm-none-eabi/4.8.4/../../../../arm-none-eabi/lib/armv7e-m\libc.a(lib_a-fini.o)
 .debug_frame   0x00001be8       0x50 c:/program files (x86)/gnu tools arm embedded/4.8 2014q3/bin/../lib/gcc/arm-none-eabi/4.8.4/../../../../arm-none-eabi/lib/armv7e-m\libc.a(lib_a-freer.o)
 .debug_frame   0x00001c38       0x48 c:/program files (x86)/gnu tools arm embedded/4.8 2014q3/bin/../lib/gcc/arm-none-eabi/4.8.4/../../../../arm-none-eabi/lib/armv7e-m\libc.a(lib_a-reent.o)
 .debug_frame   0x00001c80       0x20 c:/program files (x86)/gnu tools arm embedded/4.8 2014q3/bin/../lib/gcc/arm-none-eabi/4.8.4/../../../../arm-none-eabi/lib/armv7e-m\libnosys.a(sbrk.o)
 .debug_frame   0x00001ca0       0x20 c:/program files (x86)/gnu tools arm embedded/4.8 2014q3/bin/../lib/gcc/arm-none-eabi/4.8.4/../../../../arm-none-eabi/lib/armv7e-m\libnosys.a(_exit.o)

.stabstr        0x00000000       0x76
 .stabstr       0x00000000       0x76 c:/program files (x86)/gnu tools arm embedded/4.8 2014q3/bin/../lib/gcc/arm-none-eabi/4.8.4/../../../../arm-none-eabi/lib/armv7e-m\libnosys.a(getpid.o)
