Archive member included because of file (symbol)

c:/program files (x86)/gnu tools arm embedded/4.8 2014q3/bin/../lib/gcc/arm-none-eabi/4.8.4/armv7e-m\libgcc.a(_arm_addsubdf3.o)
                              ..\obj\ampermeter.o (__aeabi_dsub)
c:/program files (x86)/gnu tools arm embedded/4.8 2014q3/bin/../lib/gcc/arm-none-eabi/4.8.4/armv7e-m\libgcc.a(_arm_muldivdf3.o)
                              ..\obj\fassade.o (__aeabi_dmul)
c:/program files (x86)/gnu tools arm embedded/4.8 2014q3/bin/../lib/gcc/arm-none-eabi/4.8.4/armv7e-m\libgcc.a(_arm_fixdfsi.o)
                              ..\obj\fassade.o (__aeabi_d2iz)
c:/program files (x86)/gnu tools arm embedded/4.8 2014q3/bin/../lib/gcc/arm-none-eabi/4.8.4/armv7e-m\libgcc.a(_arm_truncdfsf2.o)
                              ..\obj\ampermeter.o (__aeabi_d2f)
c:/program files (x86)/gnu tools arm embedded/4.8 2014q3/bin/../lib/gcc/arm-none-eabi/4.8.4/armv7e-m\libgcc.a(_arm_addsubsf3.o)
                              ..\obj\tm_stm32f4_ds18b20.o (__aeabi_fsub)
c:/program files (x86)/gnu tools arm embedded/4.8 2014q3/bin/../lib/gcc/arm-none-eabi/4.8.4/armv7e-m\libgcc.a(_arm_muldivsf3.o)
                              ..\obj\tm_stm32f4_ds18b20.o (__aeabi_fmul)
c:/program files (x86)/gnu tools arm embedded/4.8 2014q3/bin/../lib/gcc/arm-none-eabi/4.8.4/armv7e-m\libgcc.a(_arm_cmpsf2.o)
                              ..\obj\fassade.o (__aeabi_fcmplt)
c:/program files (x86)/gnu tools arm embedded/4.8 2014q3/bin/../lib/gcc/arm-none-eabi/4.8.4/armv7e-m\libgcc.a(_arm_fixsfsi.o)
                              ..\obj\fassade.o (__aeabi_f2iz)
c:/program files (x86)/gnu tools arm embedded/4.8 2014q3/bin/../lib/gcc/arm-none-eabi/4.8.4/armv7e-m\libgcc.a(unwind-arm.o)
                              ..\obj\stepper.o (__aeabi_unwind_cpp_pr0)
c:/program files (x86)/gnu tools arm embedded/4.8 2014q3/bin/../lib/gcc/arm-none-eabi/4.8.4/armv7e-m\libgcc.a(libunwind.o)
                              c:/program files (x86)/gnu tools arm embedded/4.8 2014q3/bin/../lib/gcc/arm-none-eabi/4.8.4/armv7e-m\libgcc.a(unwind-arm.o) (restore_core_regs)
c:/program files (x86)/gnu tools arm embedded/4.8 2014q3/bin/../lib/gcc/arm-none-eabi/4.8.4/armv7e-m\libgcc.a(pr-support.o)
                              c:/program files (x86)/gnu tools arm embedded/4.8 2014q3/bin/../lib/gcc/arm-none-eabi/4.8.4/armv7e-m\libgcc.a(unwind-arm.o) (__gnu_unwind_execute)
c:/program files (x86)/gnu tools arm embedded/4.8 2014q3/bin/../lib/gcc/arm-none-eabi/4.8.4/../../../../arm-none-eabi/lib/armv7e-m\libc.a(lib_a-abort.o)
                              c:/program files (x86)/gnu tools arm embedded/4.8 2014q3/bin/../lib/gcc/arm-none-eabi/4.8.4/armv7e-m\libgcc.a(unwind-arm.o) (abort)
c:/program files (x86)/gnu tools arm embedded/4.8 2014q3/bin/../lib/gcc/arm-none-eabi/4.8.4/../../../../arm-none-eabi/lib/armv7e-m\libc.a(lib_a-aeabi_atexit.o)
                              ..\obj\main.o (__aeabi_atexit)
c:/program files (x86)/gnu tools arm embedded/4.8 2014q3/bin/../lib/gcc/arm-none-eabi/4.8.4/../../../../arm-none-eabi/lib/armv7e-m\libc.a(lib_a-atoi.o)
                              ..\obj\terminal.o (atoi)
c:/program files (x86)/gnu tools arm embedded/4.8 2014q3/bin/../lib/gcc/arm-none-eabi/4.8.4/../../../../arm-none-eabi/lib/armv7e-m\libc.a(lib_a-cxa_atexit.o)
                              c:/program files (x86)/gnu tools arm embedded/4.8 2014q3/bin/../lib/gcc/arm-none-eabi/4.8.4/../../../../arm-none-eabi/lib/armv7e-m\libc.a(lib_a-aeabi_atexit.o) (__cxa_atexit)
c:/program files (x86)/gnu tools arm embedded/4.8 2014q3/bin/../lib/gcc/arm-none-eabi/4.8.4/../../../../arm-none-eabi/lib/armv7e-m\libc.a(lib_a-exit.o)
                              c:/program files (x86)/gnu tools arm embedded/4.8 2014q3/bin/../lib/gcc/arm-none-eabi/4.8.4/../../../../arm-none-eabi/lib/armv7e-m/crt0.o (exit)
c:/program files (x86)/gnu tools arm embedded/4.8 2014q3/bin/../lib/gcc/arm-none-eabi/4.8.4/../../../../arm-none-eabi/lib/armv7e-m\libc.a(lib_a-impure.o)
                              c:/program files (x86)/gnu tools arm embedded/4.8 2014q3/bin/../lib/gcc/arm-none-eabi/4.8.4/../../../../arm-none-eabi/lib/armv7e-m\libc.a(lib_a-exit.o) (_global_impure_ptr)
c:/program files (x86)/gnu tools arm embedded/4.8 2014q3/bin/../lib/gcc/arm-none-eabi/4.8.4/../../../../arm-none-eabi/lib/armv7e-m\libc.a(lib_a-init.o)
                              c:/program files (x86)/gnu tools arm embedded/4.8 2014q3/bin/../lib/gcc/arm-none-eabi/4.8.4/../../../../arm-none-eabi/lib/armv7e-m/crt0.o (__libc_init_array)
c:/program files (x86)/gnu tools arm embedded/4.8 2014q3/bin/../lib/gcc/arm-none-eabi/4.8.4/../../../../arm-none-eabi/lib/armv7e-m\libc.a(lib_a-malloc.o)
                              ..\obj\terminal.o (malloc)
c:/program files (x86)/gnu tools arm embedded/4.8 2014q3/bin/../lib/gcc/arm-none-eabi/4.8.4/../../../../arm-none-eabi/lib/armv7e-m\libc.a(lib_a-mallocr.o)
[...]
Memory Configuration

Name             Origin             Length             Attributes
FLASH            0x08000000         0x00100000         xr
RAM              0x20000000         0x00020000         xrw
RAM1             0x10000000         0x00010000         xrw
*default*        0x00000000         0xffffffff

Linker script and memory map

LOAD c:/program files (x86)/gnu tools arm embedded/4.8 2014q3/bin/../lib/gcc/arm-none-eabi/4.8.4/armv7e-m/crti.o
LOAD c:/program files (x86)/gnu tools arm embedded/4.8 2014q3/bin/../lib/gcc/arm-none-eabi/4.8.4/armv7e-m/crtbegin.o
LOAD c:/program files (x86)/gnu tools arm embedded/4.8 2014q3/bin/../lib/gcc/arm-none-eabi/4.8.4/../../../../arm-none-eabi/lib/armv7e-m/crt0.o

.text           0x08000000     0xb5c0
 *(.isr_vector)
 .isr_vector    0x08000000      0x188 ..\obj\startup_stm32f4xx.o
                0x08000000                g_pfnVectors
 *(.text*)
 .text          0x08000188       0x54 c:/program files (x86)/gnu tools arm embedded/4.8 2014q3/bin/../lib/gcc/arm-none-eabi/4.8.4/armv7e-m/crtbegin.o
 .text          0x080001dc       0x74 c:/program files (x86)/gnu tools arm embedded/4.8 2014q3/bin/../lib/gcc/arm-none-eabi/4.8.4/../../../../arm-none-eabi/lib/armv7e-m/crt0.o
                0x080001dc                _start
                0x080001dc                _mainCRTStartup
 .text._ZN18TemperaturSensorenC2Ev
                0x08000250       0x9c ..\obj\temp_sensors.o
                0x08000250                TemperaturSensoren::TemperaturSensoren()
                0x08000250                TemperaturSensoren::TemperaturSensoren()
 .text._ZN18TemperaturSensoren30startTempMeasurementAllSensorsEv
                0x080002ec       0x5c ..\obj\temp_sensors.o
                0x080002ec                TemperaturSensoren::startTempMeasurementAllSensors()
 .text._ZN18TemperaturSensoren25getAnzahlGefunderSensorenEv
                0x08000348       0x18 ..\obj\temp_sensors.o
                0x08000348                TemperaturSensoren::getAnzahlGefunderSensoren()
 .text._ZN18TemperaturSensoren16getAlleTempWerteEPf
                0x08000360       0x40 ..\obj\temp_sensors.o
                0x08000360                TemperaturSensoren::getAlleTempWerte(float*)
 .text.TM_DS18B20_StartAll
                0x080003a0       0x18 ..\obj\tm_stm32f4_ds18b20.o
                0x080003a0                TM_DS18B20_StartAll
 .text.TM_DS18B20_Read
                0x080003b8      0x19c ..\obj\tm_stm32f4_ds18b20.o
                0x080003b8                TM_DS18B20_Read
 .text.TM_DS18B20_GetResolution
                0x08000554       0x58 ..\obj\tm_stm32f4_ds18b20.o
                0x08000554                TM_DS18B20_GetResolution
 .text.TM_DS18B20_SetResolution
                0x080005ac       0xec ..\obj\tm_stm32f4_ds18b20.o
                0x080005ac                TM_DS18B20_SetResolution
 .text.TM_DS18B20_Is
                0x08000698       0x30 ..\obj\tm_stm32f4_ds18b20.o
                0x08000698                TM_DS18B20_Is
 .text.TM_DS18B20_AllDone
                0x080006c8       0x10 ..\obj\tm_stm32f4_ds18b20.o
                0x080006c8                TM_DS18B20_AllDone
 .text.Audio_MAL_IRQHandler
                0x080006d8       0xf8 ..\obj\stm32f4_discovery_audio_codec.o
 .text.DMA1_Stream7_IRQHandler
                0x080007d0        0xc ..\obj\stm32f4_discovery_audio_codec.o
                0x080007d0                DMA1_Stream7_IRQHandler
 .text.DMA1_Stream0_IRQHandler
                0x080007dc        0xc ..\obj\stm32f4_discovery_audio_codec.o
                0x080007dc                DMA1_Stream0_IRQHandler
 .text.SPI3_IRQHandler
                0x080007e8       0x40 ..\obj\stm32f4_discovery_audio_codec.o
                0x080007e8                SPI3_IRQHandler
 .text.USART_Init
                0x08000828      0x174 ..\obj\stm32f4xx_usart.o
                0x08000828                USART_Init
 .text.USART_Cmd
                0x0800099c       0x40 ..\obj\stm32f4xx_usart.o
                0x0800099c                USART_Cmd
 .text.USART_SendData
                0x080009dc       0x24 ..\obj\stm32f4xx_usart.o
                0x080009dc                USART_SendData
 .text.USART_ReceiveData
                0x08000a00       0x20 ..\obj\stm32f4xx_usart.o
                0x08000a00                USART_ReceiveData
 .text.USART_DMACmd
                0x08000a20       0x48 ..\obj\stm32f4xx_usart.o
                0x08000a20                USART_DMACmd
 .text.USART_ITConfig
                0x08000a68       0x90 ..\obj\stm32f4xx_usart.o
                0x08000a68                USART_ITConfig
 .text.USART_GetFlagStatus
                0x08000af8       0x38 ..\obj\stm32f4xx_usart.o
                0x08000af8                USART_GetFlagStatus
 .text.USART_ClearFlag
                0x08000b30       0x20 ..\obj\stm32f4xx_usart.o
                0x08000b30                USART_ClearFlag
 .text.USART_GetITStatus
                0x08000b50       0xb0 ..\obj\stm32f4xx_usart.o
                0x08000b50                USART_GetITStatus
 .text._ZN17QuadratureEncoderC2Ev
                0x08000c00       0xa0 ..\obj\quadrature_encoder.o
                0x08000c00                QuadratureEncoder::QuadratureEncoder()
                0x08000c00                QuadratureEncoder::QuadratureEncoder()
 .text._ZN17QuadratureEncoder5resetEv
                0x08000ca0       0x24 ..\obj\quadrature_encoder.o
                0x08000ca0                QuadratureEncoder::reset()
 .text._ZN3LedC2Ev
                0x08000cc4       0x18 ..\obj\led.o
                0x08000cc4                Led::Led()
                0x08000cc4                Led::Led()
 .text._ZN3LedD2Ev
                0x08000cdc       0x18 ..\obj\led.o
                0x08000cdc                Led::~Led()
                0x08000cdc                Led::~Led()
 .text._ZN3Led2OnEv
                0x08000cf4       0x14 ..\obj\led.o
                0x08000cf4                Led::On()
 .text._ZN3Led3OffEv
                0x08000d08       0x14 ..\obj\led.o
                0x08000d08                Led::Off()
 .text.DAC_SetChannel1Data
                0x08000d1c       0x34 ..\obj\stm32f4xx_dac.o
                0x08000d1c                DAC_SetChannel1Data
 .text.EXTI9_5_IRQHandler
                0x08000d50       0xb8 ..\obj\rotary.o
                0x08000d50                EXTI9_5_IRQHandler
 .text._ZN7StepperC2Ev
                0x08000e08       0x20 ..\obj\stepper.o
                0x08000e08                Stepper::Stepper()
                0x08000e08                Stepper::Stepper()
 .text._ZN7Stepper4InitEv
                0x08000e28       0x74 ..\obj\stepper.o
                0x08000e28                Stepper::Init()
 .text._ZN7Stepper4LeftEii
                0x08000e9c       0x48 ..\obj\stepper.o
                0x08000e9c                Stepper::Left(int, int)
 .text._ZN7Stepper5RightEii
                0x08000ee4       0x48 ..\obj\stepper.o
                0x08000ee4                Stepper::Right(int, int)
 .text._ZN7Stepper7Go2StepEi
                0x08000f2c       0x64 ..\obj\stepper.o
                0x08000f2c                Stepper::Go2Step(int)
 .text._ZN7Stepper8LeerlaufEv
                0x08000f90       0x30 ..\obj\stepper.o
                0x08000f90                Stepper::Leerlauf()
 .text._ZN7Stepper7RunStepEv
                0x08000fc0       0xb8 ..\obj\stepper.o
                0x08000fc0                Stepper::RunStep()
 .text._ZN7Stepper15EnableSingeltonEv
                0x08001078       0x1c ..\obj\stepper.o
                0x08001078                Stepper::EnableSingelton()
 .text._ZN7Stepper8InitTim2Eii
                0x08001094       0x70 ..\obj\stepper.o
                0x08001094                Stepper::InitTim2(int, int)
 .text.TIM2_IRQHandler
                0x08001104       0x6c ..\obj\stepper.o
                0x08001104                TIM2_IRQHandler
 .text.Default_Reset_Handler
                0x08001170       0x5c ..\obj\startup_stm32f4xx.o
                0x08001170                Default_Reset_Handler
                0x08001170                Reset_Handler
 .text.Default_Handler
                0x080011cc        0x8 ..\obj\startup_stm32f4xx.o
                0x080011cc                RTC_Alarm_IRQHandler
                0x080011cc                HASH_RNG_IRQHandler
                0x080011cc                EXTI2_IRQHandler
                0x080011cc                TIM8_CC_IRQHandler
                0x080011cc                DebugMon_Handler
                0x080011cc                TIM1_CC_IRQHandler
                0x080011cc                DMA2_Stream5_IRQHandler
                0x080011cc                HardFault_Handler
                0x080011cc                PVD_IRQHandler
                0x080011cc                SDIO_IRQHandler
                0x080011cc                TAMP_STAMP_IRQHandler
                0x080011cc                PendSV_Handler
                0x080011cc                NMI_Handler
                0x080011cc                CAN2_RX1_IRQHandler
                0x080011cc                EXTI3_IRQHandler
                0x080011cc                TIM8_TRG_COM_TIM14_IRQHandler
                0x080011cc                TIM1_UP_TIM10_IRQHandler
                0x080011cc                TIM8_UP_TIM13_IRQHandler
                0x080011cc                I2C3_ER_IRQHandler
                0x080011cc                EXTI0_IRQHandler
                0x080011cc                I2C2_EV_IRQHandler
                0x080011cc                DMA1_Stream2_IRQHandler
                0x080011cc                CAN1_RX0_IRQHandler
                0x080011cc                FPU_IRQHandler
                0x080011cc                OTG_HS_WKUP_IRQHandler
                0x080011cc                UsageFault_Handler
                0x080011cc                CAN2_SCE_IRQHandler
                0x080011cc                DMA2_Stream2_IRQHandler
                0x080011cc                SPI1_IRQHandler
                0x080011cc                TIM6_DAC_IRQHandler
                0x080011cc                TIM1_BRK_TIM9_IRQHandler
                0x080011cc                DCMI_IRQHandler
                0x080011cc                CAN2_RX0_IRQHandler
                0x080011cc                DMA2_Stream3_IRQHandler
                0x080011cc                USART6_IRQHandler
                0x080011cc                CRYP_IRQHandler
                0x080011cc                CAN1_RX1_IRQHandler
                0x080011cc                UART5_IRQHandler
                0x080011cc                DMA2_Stream0_IRQHandler
                0x080011cc                TIM4_IRQHandler
                0x080011cc                I2C1_EV_IRQHandler
                0x080011cc                DMA1_Stream6_IRQHandler
                0x080011cc                DMA1_Stream1_IRQHandler
                0x080011cc                UART4_IRQHandler
                0x080011cc                TIM3_IRQHandler
                0x080011cc                RCC_IRQHandler
                0x080011cc                TIM8_BRK_TIM12_IRQHandler
                0x080011cc                EXTI15_10_IRQHandler
                0x080011cc                ADC_IRQHandler
                0x080011cc                TIM7_IRQHandler
                0x080011cc                CAN2_TX_IRQHandler
                0x080011cc                TIM5_IRQHandler
                0x080011cc                DMA2_Stream7_IRQHandler
                0x080011cc                I2C3_EV_IRQHandler
                0x080011cc                RTC_WKUP_IRQHandler
                0x080011cc                ETH_WKUP_IRQHandler
                0x080011cc                SPI2_IRQHandler
                0x080011cc                OTG_HS_EP1_IN_IRQHandler
                0x080011cc                MemManage_Handler
                0x080011cc                CAN1_TX_IRQHandler
                0x080011cc                SVC_Handler
                0x080011cc                EXTI4_IRQHandler
                0x080011cc                FSMC_IRQHandler
                0x080011cc                ETH_IRQHandler
                0x080011cc                OTG_HS_EP1_OUT_IRQHandler
                0x080011cc                WWDG_IRQHandler
                0x080011cc                OTG_FS_WKUP_IRQHandler
                0x080011cc                TIM1_TRG_COM_TIM11_IRQHandler
                0x080011cc                OTG_HS_IRQHandler
                0x080011cc                EXTI1_IRQHandler
                0x080011cc                I2C2_ER_IRQHandler
                0x080011cc                DMA2_Stream1_IRQHandler
                0x080011cc                CAN1_SCE_IRQHandler
                0x080011cc                FLASH_IRQHandler
                0x080011cc                DMA2_Stream4_IRQHandler
                0x080011cc                BusFault_Handler
                0x080011cc                USART1_IRQHandler
                0x080011cc                OTG_FS_IRQHandler
                0x080011cc                DMA1_Stream4_IRQHandler
                0x080011cc                I2C1_ER_IRQHandler
                0x080011cc                DMA2_Stream6_IRQHandler
 .text.STM_EVAL_LEDInit
                0x080011d4       0x5c ..\obj\stm32f4_discovery.o
                0x080011d4                STM_EVAL_LEDInit
 .text.STM_EVAL_LEDOn
                0x08001230       0x30 ..\obj\stm32f4_discovery.o
                0x08001230                STM_EVAL_LEDOn
 .text.STM_EVAL_LEDOff
                0x08001260       0x30 ..\obj\stm32f4_discovery.o
                0x08001260                STM_EVAL_LEDOff
 .text.main     0x08001290      0x1b0 ..\obj\main.o
                0x08001290                main
 .text._Z41__static_initialization_and_destruction_0ii
                0x08001440       0x3c ..\obj\main.o
 .text._GLOBAL__sub_I_OutputString
                0x0800147c       0x10 ..\obj\main.o
 .text.RCC_GetClocksFreq
                0x0800148c      0x154 ..\obj\stm32f4xx_rcc.o
                0x0800148c                RCC_GetClocksFreq
 .text.RCC_AHB1PeriphClockCmd
                0x080015e0       0x3c ..\obj\stm32f4xx_rcc.o
                0x080015e0                RCC_AHB1PeriphClockCmd
 .text.RCC_APB1PeriphClockCmd
                0x0800161c       0x3c ..\obj\stm32f4xx_rcc.o
                0x0800161c                RCC_APB1PeriphClockCmd
 .text.RCC_APB2PeriphClockCmd
                0x08001658       0x3c ..\obj\stm32f4xx_rcc.o
                0x08001658                RCC_APB2PeriphClockCmd
 .text.RCC_APB2PeriphResetCmd
                0x08001694       0x3c ..\obj\stm32f4xx_rcc.o
                0x08001694                RCC_APB2PeriphResetCmd
 .text._ZN7Fassade16InitGewaechshausEv
                0x080016d0       0x40 ..\obj\fassade.o
                0x080016d0                Fassade::InitGewaechshaus()
 .text._ZN7Fassade15RegelungFensterEv
                0x08001710      0x3dc ..\obj\fassade.o
                0x08001710                Fassade::RegelungFenster()
 *fill*         0x08001aec        0x4 
 .text._ZN7Fassade15Window2PositionEi
                0x08001af0       0x90 ..\obj\fassade.o
                0x08001af0                Fassade::Window2Position(int)
 .text._ZN10AmpermeterC2Ev
                0x08001b80       0x18 ..\obj\ampermeter.o
                0x08001b80                Ampermeter::Ampermeter()
                0x08001b80                Ampermeter::Ampermeter()
 .text._ZN10Ampermeter10getCurrentEv
                0x08001b98       0x70 ..\obj\ampermeter.o
                0x08001b98                Ampermeter::getCurrent()
 .text.ADC_DeInit
                0x08001c08       0x1c ..\obj\stm32f4xx_adc.o
                0x08001c08                ADC_DeInit
 .text.ADC_Init
                0x08001c24       0xa8 ..\obj\stm32f4xx_adc.o
                0x08001c24                ADC_Init
 .text.ADC_CommonInit
                0x08001ccc       0x50 ..\obj\stm32f4xx_adc.o
                0x08001ccc                ADC_CommonInit
 .text.ADC_Cmd  0x08001d1c       0x38 ..\obj\stm32f4xx_adc.o
                0x08001d1c                ADC_Cmd
 .text.ADC_RegularChannelConfig
                0x08001d54      0x188 ..\obj\stm32f4xx_adc.o
                0x08001d54                ADC_RegularChannelConfig
 .text.ADC_SoftwareStartConv
                0x08001edc       0x20 ..\obj\stm32f4xx_adc.o
                0x08001edc                ADC_SoftwareStartConv
 .text.ADC_DMACmd
                0x08001efc       0x38 ..\obj\stm32f4xx_adc.o
                0x08001efc                ADC_DMACmd
 .text.ADC_DMARequestAfterLastTransferCmd
                0x08001f34       0x38 ..\obj\stm32f4xx_adc.o
                0x08001f34                ADC_DMARequestAfterLastTransferCmd
 .text.NVIC_SetPriority
                0x08001f6c       0x54 ..\obj\stm32_ub_systick.o
 .text.SysTick_Config
                0x08001fc0       0x44 ..\obj\stm32_ub_systick.o
 .text.UB_Systick_Init
                0x08002004       0x68 ..\obj\stm32_ub_systick.o
                0x08002004                UB_Systick_Init
 .text.UB_Systick_Pause_us
                0x0800206c       0x28 ..\obj\stm32_ub_systick.o
                0x0800206c                UB_Systick_Pause_us
 .text.UB_Systick_Pause_ms
                0x08002094       0x2c ..\obj\stm32_ub_systick.o
                0x08002094                UB_Systick_Pause_ms
 .text.SysTick_Handler
                0x080020c0       0x7c ..\obj\stm32_ub_systick.o
                0x080020c0                SysTick_Handler
 .text._ZN7DisplayC2Ei
                0x0800213c       0x2c ..\obj\display.o
                0x0800213c                Display::Display(int)
                0x0800213c                Display::Display(int)
 .text._ZN7Display4InitEv
                0x08002168       0xa4 ..\obj\display.o
                0x08002168                Display::Init()
 .text._ZN7Display11uartPutCharEt
                0x0800220c       0x3c ..\obj\display.o
                0x0800220c                Display::uartPutChar(unsigned short)
 .text._ZN7Display10SendStringEPc
                0x08002248       0x2c ..\obj\display.o
                0x08002248                Display::SendString(char*)
 .text._ZN7Display8SendByteEPci
                0x08002274       0x38 ..\obj\display.o
                0x08002274                Display::SendByte(char*, int)
 .text._ZN7Display9BacklightEc
                0x080022ac       0x3c ..\obj\display.o
                0x080022ac                Display::Backlight(char)
 .text._ZN7Display14SpecialCommandEc
                0x080022e8       0x34 ..\obj\display.o
                0x080022e8                Display::SpecialCommand(char)
 .text._ZN7Display17SetCursorPositionEcc
                0x0800231c       0x74 ..\obj\display.o
                0x0800231c                Display::SetCursorPosition(char, char)
 .text.TM_OneWire_Init
                0x08002390       0x40 ..\obj\tm_stm32f4_onewire.o
                0x08002390                TM_OneWire_Init
 .text.TM_OneWire_Reset
                0x080023d0       0x5c ..\obj\tm_stm32f4_onewire.o
                0x080023d0                TM_OneWire_Reset
 .text.TM_OneWire_ReadBit
                0x0800242c       0x64 ..\obj\tm_stm32f4_onewire.o
                0x0800242c                TM_OneWire_ReadBit
 .text.TM_OneWire_ReadByte
                0x08002490       0x3c ..\obj\tm_stm32f4_onewire.o
                0x08002490                TM_OneWire_ReadByte
 .text.TM_OneWire_WriteBit
                0x080024cc       0x5c ..\obj\tm_stm32f4_onewire.o
                0x080024cc                TM_OneWire_WriteBit
 .text.TM_OneWire_WriteByte
                0x08002528       0x34 ..\obj\tm_stm32f4_onewire.o
                0x08002528                TM_OneWire_WriteByte
 .text.TM_OneWire_First
                0x0800255c       0x14 ..\obj\tm_stm32f4_onewire.o
                0x0800255c                TM_OneWire_First
 .text.TM_OneWire_Next
                0x08002570       0x10 ..\obj\tm_stm32f4_onewire.o
                0x08002570                TM_OneWire_Next
 .text.TM_OneWire_ResetSearch
                0x08002580       0x2c ..\obj\tm_stm32f4_onewire.o
                0x08002580                TM_OneWire_ResetSearch
 .text.TM_OneWire_Search
                0x080025ac      0x180 ..\obj\tm_stm32f4_onewire.o
                0x080025ac                TM_OneWire_Search
 .text.TM_OneWire_SelectWithPointer
                0x0800272c       0x34 ..\obj\tm_stm32f4_onewire.o
                0x0800272c                TM_OneWire_SelectWithPointer
 .text.TM_OneWire_GetFullROM
                0x08002760       0x38 ..\obj\tm_stm32f4_onewire.o
                0x08002760                TM_OneWire_GetFullROM
 .text._ZN8TerminalC2Ei
                0x08002798       0x74 ..\obj\terminal.o
                0x08002798                Terminal::Terminal(int)
                0x08002798                Terminal::Terminal(int)
 .text._ZN8Terminal11buffer_initEv
                0x0800280c       0x34 ..\obj\terminal.o
                0x0800280c                Terminal::buffer_init()
 .text._ZN8Terminal8BufferInEc
                0x08002840       0x88 ..\obj\terminal.o
                0x08002840                Terminal::BufferIn(char)
 .text._ZN8Terminal9BufferOutEPc
                0x080028c8       0x68 ..\obj\terminal.o
                0x080028c8                Terminal::BufferOut(char*)
 .text._ZN8Terminal10ReadBufferEPc
                0x08002930       0x54 ..\obj\terminal.o
                0x08002930                Terminal::ReadBuffer(char*)
 .text._ZN8Terminal13usart3InitDMAEv
                0x08002984       0xc8 ..\obj\terminal.o
                0x08002984                Terminal::usart3InitDMA()
 .text._ZN8Terminal10SendViaDmaEPci
                0x08002a4c       0xbc ..\obj\terminal.o
                0x08002a4c                Terminal::SendViaDma(char*, int)
 .text._ZN8Terminal10usart3InitEv
                0x08002b08       0xe0 ..\obj\terminal.o
                0x08002b08                Terminal::usart3Init()
 .text._ZN8Terminal11uartPutCharEt
                0x08002be8       0x3c ..\obj\terminal.o
                0x08002be8                Terminal::uartPutChar(unsigned short)
 .text._ZN8Terminal14uartSendStringEPc
                0x08002c24       0x2c ..\obj\terminal.o
                0x08002c24                Terminal::uartSendString(char*)
 .text._ZN8Terminal11SendMessageEPc
                0x08002c50       0x24 ..\obj\terminal.o
                0x08002c50                Terminal::SendMessage(char*)
 .text._ZN8Terminal18IsCommandoAvalibleEv
                0x08002c74       0x8c ..\obj\terminal.o
                0x08002c74                Terminal::IsCommandoAvalible()
 .text._ZN8Terminal15ProzessCommandoEv
                0x08002d00       0x84 ..\obj\terminal.o
                0x08002d00                Terminal::ProzessCommando()
 .text._ZN8Terminal15CommandoProzessEPc
                0x08002d84      0x26c ..\obj\terminal.o
                0x08002d84                Terminal::CommandoProzess(char*)
 .text._ZN8Terminal15EnableSingeltonEv
                0x08002ff0       0x1c ..\obj\terminal.o
                0x08002ff0                Terminal::EnableSingelton()
 .text.DMA1_Stream3_IRQHandler
                0x0800300c       0x30 ..\obj\terminal.o
                0x0800300c                DMA1_Stream3_IRQHandler
 .text.USART3_IRQHandler
                0x0800303c       0x48 ..\obj\terminal.o
                0x0800303c                USART3_IRQHandler
 .text.GPIO_Init
                0x08003084      0x11c ..\obj\stm32f4xx_gpio.o
                0x08003084                GPIO_Init
 .text.GPIO_ReadInputDataBit
                0x080031a0       0x34 ..\obj\stm32f4xx_gpio.o
                0x080031a0                GPIO_ReadInputDataBit
 .text.GPIO_SetBits
                0x080031d4       0x1c ..\obj\stm32f4xx_gpio.o
                0x080031d4                GPIO_SetBits
 .text.GPIO_ResetBits
                0x080031f0       0x1c ..\obj\stm32f4xx_gpio.o
                0x080031f0                GPIO_ResetBits
 .text.GPIO_WriteBit
                0x0800320c       0x30 ..\obj\stm32f4xx_gpio.o
                0x0800320c                GPIO_WriteBit
 .text.GPIO_PinAFConfig
                0x0800323c       0x8c ..\obj\stm32f4xx_gpio.o
                0x0800323c                GPIO_PinAFConfig
 .text.SystemInit
                0x080032c8       0x58 ..\obj\system_stm32f4xx.o
                0x080032c8                SystemInit
 .text.SetSysClock
                0x08003320       0xf4 ..\obj\system_stm32f4xx.o
 .text.DMA_DeInit
                0x08003414      0x1a4 ..\obj\stm32f4xx_dma.o
                0x08003414                DMA_DeInit
 .text.DMA_Init
                0x080035b8       0xac ..\obj\stm32f4xx_dma.o
                0x080035b8                DMA_Init
 .text.DMA_Cmd  0x08003664       0x38 ..\obj\stm32f4xx_dma.o
                0x08003664                DMA_Cmd
 .text.DMA_GetCmdStatus
                0x0800369c       0x30 ..\obj\stm32f4xx_dma.o
                0x0800369c                DMA_GetCmdStatus
 .text.DMA_GetFlagStatus
                0x080036cc       0x78 ..\obj\stm32f4xx_dma.o
                0x080036cc                DMA_GetFlagStatus
 .text.DMA_ClearFlag
                0x08003744       0x5c ..\obj\stm32f4xx_dma.o
                0x08003744                DMA_ClearFlag
 .text.DMA_ITConfig
                0x080037a0       0x74 ..\obj\stm32f4xx_dma.o
                0x080037a0                DMA_ITConfig
 .text.DMA_GetITStatus
                0x08003814       0xb0 ..\obj\stm32f4xx_dma.o
                0x08003814                DMA_GetITStatus
 .text.DMA_ClearITPendingBit
                0x080038c4       0x5c ..\obj\stm32f4xx_dma.o
                0x080038c4                DMA_ClearITPendingBit
 .text._ZN22AnalogDigitalConverterC2Ev
                0x08003920      0x154 ..\obj\adc.o
                0x08003920                AnalogDigitalConverter::AnalogDigitalConverter()
                0x08003920                AnalogDigitalConverter::AnalogDigitalConverter()
 *fill*         0x08003a74        0x4 
 .text._ZN22AnalogDigitalConverter26getConvertedValueAsVoltageEi
                0x08003a78       0x50 ..\obj\adc.o
                0x08003a78                AnalogDigitalConverter::getConvertedValueAsVoltage(int)
 .text.EVAL_AUDIO_TransferComplete_CallBack
                0x08003ac8       0x14 ..\obj\stm32f4_discovery_callbacks.o
                0x08003ac8                EVAL_AUDIO_TransferComplete_CallBack
 .text.EVAL_AUDIO_GetSampleCallBack
                0x08003adc       0x10 ..\obj\stm32f4_discovery_callbacks.o
                0x08003adc                EVAL_AUDIO_GetSampleCallBack
 .text.SPI_I2S_SendData
                0x08003aec       0x1c ..\obj\stm32f4xx_spi.o
                0x08003aec                SPI_I2S_SendData
 .text.SPI_I2S_GetFlagStatus
                0x08003b08       0x38 ..\obj\stm32f4xx_spi.o
                0x08003b08                SPI_I2S_GetFlagStatus
 .text.EXTI_GetITStatus
                0x08003b40       0x48 ..\obj\stm32f4xx_exti.o
                0x08003b40                EXTI_GetITStatus
 .text.EXTI_ClearITPendingBit
                0x08003b88       0x1c ..\obj\stm32f4xx_exti.o
                0x08003b88                EXTI_ClearITPendingBit
 .text.NVIC_PriorityGroupConfig
                0x08003ba4       0x24 ..\obj\misc.o
                0x08003ba4                NVIC_PriorityGroupConfig
 .text.NVIC_Init
                0x08003bc8       0xbc ..\obj\misc.o
                0x08003bc8                NVIC_Init
 .text.TIM_TimeBaseInit
                0x08003c84       0xd4 ..\obj\stm32f4xx_tim.o
                0x08003c84                TIM_TimeBaseInit
 .text.TIM_SetAutoreload
                0x08003d58       0x1c ..\obj\stm32f4xx_tim.o
                0x08003d58                TIM_SetAutoreload
 .text.TIM_Cmd  0x08003d74       0x40 ..\obj\stm32f4xx_tim.o
                0x08003d74                TIM_Cmd
 .text.TIM_ICInit
                0x08003db4       0xa8 ..\obj\stm32f4xx_tim.o
                0x08003db4                TIM_ICInit
 .text.TIM_ICStructInit
                0x08003e5c       0x30 ..\obj\stm32f4xx_tim.o
                0x08003e5c                TIM_ICStructInit
 .text.TIM_SetIC1Prescaler
                0x08003e8c       0x38 ..\obj\stm32f4xx_tim.o
                0x08003e8c                TIM_SetIC1Prescaler
 .text.TIM_SetIC2Prescaler
                0x08003ec4       0x3c ..\obj\stm32f4xx_tim.o
                0x08003ec4                TIM_SetIC2Prescaler
 .text.TIM_SetIC3Prescaler
                0x08003f00       0x38 ..\obj\stm32f4xx_tim.o
                0x08003f00                TIM_SetIC3Prescaler
 .text.TIM_SetIC4Prescaler
                0x08003f38       0x3c ..\obj\stm32f4xx_tim.o
                0x08003f38                TIM_SetIC4Prescaler
 .text.TIM_ITConfig
                0x08003f74       0x48 ..\obj\stm32f4xx_tim.o
                0x08003f74                TIM_ITConfig
 .text.TIM_GetITStatus
                0x08003fbc       0x54 ..\obj\stm32f4xx_tim.o
                0x08003fbc                TIM_GetITStatus
 .text.TIM_ClearITPendingBit
                0x08004010       0x20 ..\obj\stm32f4xx_tim.o
                0x08004010                TIM_ClearITPendingBit
 .text.TIM_EncoderInterfaceConfig
                0x08004030       0x8c ..\obj\stm32f4xx_tim.o
                0x08004030                TIM_EncoderInterfaceConfig
 .text.TI1_Config
                0x080040bc       0x78 ..\obj\stm32f4xx_tim.o
 .text.TI2_Config
                0x08004134       0x8c ..\obj\stm32f4xx_tim.o
 .text.TI3_Config
                0x080041c0       0x84 ..\obj\stm32f4xx_tim.o
 .text.TI4_Config
                0x08004244       0x90 ..\obj\stm32f4xx_tim.o
 .text._ZN4XbeeC2Eii
                0x080042d4       0x7c ..\obj\xbee.o
                0x080042d4                Xbee::Xbee(int, int)
                0x080042d4                Xbee::Xbee(int, int)
 .text._ZN4Xbee11buffer_initEv
                0x08004350       0x34 ..\obj\xbee.o
                0x08004350                Xbee::buffer_init()
 .text._ZN4Xbee8BufferInEc
                0x08004384       0x88 ..\obj\xbee.o
                0x08004384                Xbee::BufferIn(char)
 .text._ZN4Xbee9BufferOutEPc
                0x0800440c       0x68 ..\obj\xbee.o
                0x0800440c                Xbee::BufferOut(char*)
 .text._ZN4Xbee10ReadBufferEPc
                0x08004474       0x54 ..\obj\xbee.o
                0x08004474                Xbee::ReadBuffer(char*)
 .text._ZN4Xbee7InitDMAEv
                0x080044c8       0xc8 ..\obj\xbee.o
                0x080044c8                Xbee::InitDMA()
 .text._ZN4Xbee4InitEv
                0x08004590       0xd0 ..\obj\xbee.o
                0x08004590                Xbee::Init()
 .text._ZN4Xbee18IsCommandoAvalibleEv
                0x08004660       0x7c ..\obj\xbee.o
                0x08004660                Xbee::IsCommandoAvalible()
 .text._ZN4Xbee15ProzessCommandoEv
                0x080046dc       0x8c ..\obj\xbee.o
                0x080046dc                Xbee::ProzessCommando()
 .text._ZN4Xbee15CommandoProzessEPc
                0x08004768      0x130 ..\obj\xbee.o
                0x08004768                Xbee::CommandoProzess(char*)
 .text.DMA1_Stream5_IRQHandler
                0x08004898       0x30 ..\obj\xbee.o
                0x08004898                DMA1_Stream5_IRQHandler
 .text.USART2_IRQHandler
                0x080048c8       0x48 ..\obj\xbee.o
                0x080048c8                USART2_IRQHandler
 .text          0x08004910      0x370 c:/program files (x86)/gnu tools arm embedded/4.8 2014q3/bin/../lib/gcc/arm-none-eabi/4.8.4/armv7e-m\libgcc.a(_arm_addsubdf3.o)
                0x08004910                __aeabi_drsub
                0x08004918                __aeabi_dsub
                0x08004918                __subdf3
                0x0800491c                __aeabi_dadd
                0x0800491c                __adddf3
                0x08004b94                __floatunsidf
                0x08004b94                __aeabi_ui2d
                0x08004bb4                __floatsidf
                0x08004bb4                __aeabi_i2d
                0x08004bd8                __aeabi_f2d
                0x08004bd8                __extendsfdf2
                0x08004c14                __floatundidf
                0x08004c14                __aeabi_ul2d
                0x08004c24                __floatdidf
                0x08004c24                __aeabi_l2d
 .text          0x08004c80      0x424 c:/program files (x86)/gnu tools arm embedded/4.8 2014q3/bin/../lib/gcc/arm-none-eabi/4.8.4/armv7e-m\libgcc.a(_arm_muldivdf3.o)
                0x08004c80                __aeabi_dmul
                0x08004c80                __muldf3
                0x08004ed4                __divdf3
                0x08004ed4                __aeabi_ddiv
 .text          0x080050a4       0x50 c:/program files (x86)/gnu tools arm embedded/4.8 2014q3/bin/../lib/gcc/arm-none-eabi/4.8.4/armv7e-m\libgcc.a(_arm_fixdfsi.o)
                0x080050a4                __aeabi_d2iz
                0x080050a4                __fixdfsi
 .text          0x080050f4       0xa0 c:/program files (x86)/gnu tools arm embedded/4.8 2014q3/bin/../lib/gcc/arm-none-eabi/4.8.4/armv7e-m\libgcc.a(_arm_truncdfsf2.o)
                0x080050f4                __truncdfsf2
                0x080050f4                __aeabi_d2f
 .text          0x08005194      0x21c c:/program files (x86)/gnu tools arm embedded/4.8 2014q3/bin/../lib/gcc/arm-none-eabi/4.8.4/armv7e-m\libgcc.a(_arm_addsubsf3.o)
                0x08005194                __aeabi_frsub
                0x0800519c                __subsf3
                0x0800519c                __aeabi_fsub
                0x080051a0                __aeabi_fadd
                0x080051a0                __addsf3
                0x08005300                __aeabi_ui2f
                0x08005300                __floatunsisf
                0x08005308                __aeabi_i2f
                0x08005308                __floatsisf
                0x08005324                __aeabi_ul2f
                0x08005324                __floatundisf
                0x08005334                __aeabi_l2f
                0x08005334                __floatdisf
 .text          0x080053b0      0x2a0 c:/program files (x86)/gnu tools arm embedded/4.8 2014q3/bin/../lib/gcc/arm-none-eabi/4.8.4/armv7e-m\libgcc.a(_arm_muldivsf3.o)
                0x080053b0                __mulsf3
                0x080053b0                __aeabi_fmul
                0x08005518                __aeabi_fdiv
                0x08005518                __divsf3
 .text          0x08005650       0xec c:/program files (x86)/gnu tools arm embedded/4.8 2014q3/bin/../lib/gcc/arm-none-eabi/4.8.4/armv7e-m\libgcc.a(_arm_cmpsf2.o)
                0x08005650                __gesf2
                0x08005650                __gtsf2
                0x08005658                __lesf2
                0x08005658                __ltsf2
                0x08005660                __nesf2
                0x08005660                __eqsf2
                0x08005660                __cmpsf2
                0x080056c0                __aeabi_cfrcmple
                0x080056c8                __aeabi_cfcmpeq
                0x080056c8                __aeabi_cfcmple
                0x080056d8                __aeabi_fcmpeq
                0x080056ec                __aeabi_fcmplt
                0x08005700                __aeabi_fcmple
                0x08005714                __aeabi_fcmpge
                0x08005728                __aeabi_fcmpgt
 .text          0x0800573c       0x4c c:/program files (x86)/gnu tools arm embedded/4.8 2014q3/bin/../lib/gcc/arm-none-eabi/4.8.4/armv7e-m\libgcc.a(_arm_fixsfsi.o)
                0x0800573c                __aeabi_f2iz
                0x0800573c                __fixsfsi
 .text          0x08005788      0xa1c c:/program files (x86)/gnu tools arm embedded/4.8 2014q3/bin/../lib/gcc/arm-none-eabi/4.8.4/armv7e-m\libgcc.a(unwind-arm.o)
                0x08005a6c                _Unwind_GetCFA
                0x08005a70                __gnu_Unwind_RaiseException
                0x08005ad0                __gnu_Unwind_ForcedUnwind
                0x08005ae4                __gnu_Unwind_Resume
                0x08005b28                __gnu_Unwind_Resume_or_Rethrow
                0x08005b38                _Unwind_Complete
                0x08005b3c                _Unwind_DeleteException
                0x08005b4c                _Unwind_VRS_Get
                0x08005b9c                _Unwind_VRS_Set
                0x08005bec                __gnu_Unwind_Backtrace
                0x08005f40                __aeabi_unwind_cpp_pr0
                0x08005f48                __aeabi_unwind_cpp_pr1
                0x08005f50                __aeabi_unwind_cpp_pr2
                0x08005f58                _Unwind_VRS_Pop
 .text          0x080061a4      0x1ac c:/program files (x86)/gnu tools arm embedded/4.8 2014q3/bin/../lib/gcc/arm-none-eabi/4.8.4/armv7e-m\libgcc.a(libunwind.o)
                0x080061a4                __restore_core_regs
                0x080061a4                restore_core_regs
                0x080061bc                __gnu_Unwind_Restore_VFP
                0x080061c4                __gnu_Unwind_Save_VFP
                0x080061cc                __gnu_Unwind_Restore_VFP_D
                0x080061d4                __gnu_Unwind_Save_VFP_D
                0x080061dc                __gnu_Unwind_Restore_VFP_D_16_to_31
                0x080061e4                __gnu_Unwind_Save_VFP_D_16_to_31
                0x080061ec                __gnu_Unwind_Restore_WMMXD
                0x08006230                __gnu_Unwind_Save_WMMXD
                0x08006274                __gnu_Unwind_Restore_WMMXC
                0x08006288                __gnu_Unwind_Save_WMMXC
                0x0800629c                ___Unwind_RaiseException
                0x0800629c                _Unwind_RaiseException
                0x080062c0                _Unwind_Resume
                0x080062c0                ___Unwind_Resume
                0x080062e4                _Unwind_Resume_or_Rethrow
                0x080062e4                ___Unwind_Resume_or_Rethrow
                0x08006308                _Unwind_ForcedUnwind
                0x08006308                ___Unwind_ForcedUnwind
                0x0800632c                ___Unwind_Backtrace
                0x0800632c                _Unwind_Backtrace
 .text          0x08006350      0x33c c:/program files (x86)/gnu tools arm embedded/4.8 2014q3/bin/../lib/gcc/arm-none-eabi/4.8.4/armv7e-m\libgcc.a(pr-support.o)
                0x080063a4                __gnu_unwind_execute
                0x08006630                __gnu_unwind_frame
                0x0800665c                _Unwind_GetRegionStart
                0x08006668                _Unwind_GetLanguageSpecificData
                0x0800667c                _Unwind_GetDataRelBase
                0x08006684                _Unwind_GetTextRelBase
 .text.abort    0x0800668c       0x10 c:/program files (x86)/gnu tools arm embedded/4.8 2014q3/bin/../lib/gcc/arm-none-eabi/4.8.4/../../../../arm-none-eabi/lib/armv7e-m\libc.a(lib_a-abort.o)
                0x0800668c                abort
 .text.__aeabi_atexit
                0x0800669c        0xc c:/program files (x86)/gnu tools arm embedded/4.8 2014q3/bin/../lib/gcc/arm-none-eabi/4.8.4/../../../../arm-none-eabi/lib/armv7e-m\libc.a(lib_a-aeabi_atexit.o)
                0x0800669c                __aeabi_atexit
 .text.atoi     0x080066a8        0x8 c:/program files (x86)/gnu tools arm embedded/4.8 2014q3/bin/../lib/gcc/arm-none-eabi/4.8.4/../../../../arm-none-eabi/lib/armv7e-m\libc.a(lib_a-atoi.o)
                0x080066a8                atoi
 .text.__cxa_atexit
                0x080066b0       0x14 c:/program files (x86)/gnu tools arm embedded/4.8 2014q3/bin/../lib/gcc/arm-none-eabi/4.8.4/../../../../arm-none-eabi/lib/armv7e-m\libc.a(lib_a-cxa_atexit.o)
                0x080066b0                __cxa_atexit
 .text.exit     0x080066c4       0x20 c:/program files (x86)/gnu tools arm embedded/4.8 2014q3/bin/../lib/gcc/arm-none-eabi/4.8.4/../../../../arm-none-eabi/lib/armv7e-m\libc.a(lib_a-exit.o)
                0x080066c4                exit
 .text.__libc_init_array
                0x080066e4       0x50 c:/program files (x86)/gnu tools arm embedded/4.8 2014q3/bin/../lib/gcc/arm-none-eabi/4.8.4/../../../../arm-none-eabi/lib/armv7e-m\libc.a(lib_a-init.o)
                0x080066e4                __libc_init_array
 .text.malloc   0x08006734       0x10 c:/program files (x86)/gnu tools arm embedded/4.8 2014q3/bin/../lib/gcc/arm-none-eabi/4.8.4/../../../../arm-none-eabi/lib/armv7e-m\libc.a(lib_a-malloc.o)
                0x08006734                malloc
 .text.free     0x08006744       0x10 c:/program files (x86)/gnu tools arm embedded/4.8 2014q3/bin/../lib/gcc/arm-none-eabi/4.8.4/../../../../arm-none-eabi/lib/armv7e-m\libc.a(lib_a-malloc.o)
                0x08006744                free
 .text._malloc_r
                0x08006754      0x538 c:/program files (x86)/gnu tools arm embedded/4.8 2014q3/bin/../lib/gcc/arm-none-eabi/4.8.4/../../../../arm-none-eabi/lib/armv7e-m\libc.a(lib_a-mallocr.o)
                0x08006754                _malloc_r
 .text          0x08006c8c      0x134 c:/program files (x86)/gnu tools arm embedded/4.8 2014q3/bin/../lib/gcc/arm-none-eabi/4.8.4/../../../../arm-none-eabi/lib/armv7e-m\libc.a(lib_a-memcpy.o)
                0x08006c8c                memcpy
 .text.memset   0x08006dc0       0x94 c:/program files (x86)/gnu tools arm embedded/4.8 2014q3/bin/../lib/gcc/arm-none-eabi/4.8.4/../../../../arm-none-eabi/lib/armv7e-m\libc.a(lib_a-memset.o)
                0x08006dc0                memset
 .text.__malloc_lock
                0x08006e54        0x4 c:/program files (x86)/gnu tools arm embedded/4.8 2014q3/bin/../lib/gcc/arm-none-eabi/4.8.4/../../../../arm-none-eabi/lib/armv7e-m\libc.a(lib_a-mlock.o)
                0x08006e54                __malloc_lock
 .text.__malloc_unlock
                0x08006e58        0x4 c:/program files (x86)/gnu tools arm embedded/4.8 2014q3/bin/../lib/gcc/arm-none-eabi/4.8.4/../../../../arm-none-eabi/lib/armv7e-m\libc.a(lib_a-mlock.o)
                0x08006e58                __malloc_unlock
 .text._sbrk_r  0x08006e5c       0x24 c:/program files (x86)/gnu tools arm embedded/4.8 2014q3/bin/../lib/gcc/arm-none-eabi/4.8.4/../../../../arm-none-eabi/lib/armv7e-m\libc.a(lib_a-sbrkr.o)
                0x08006e5c                _sbrk_r
 .text._raise_r
                0x08006e80       0x58 c:/program files (x86)/gnu tools arm embedded/4.8 2014q3/bin/../lib/gcc/arm-none-eabi/4.8.4/../../../../arm-none-eabi/lib/armv7e-m\libc.a(lib_a-signal.o)
                0x08006e80                _raise_r
 .text.raise    0x08006ed8       0x10 c:/program files (x86)/gnu tools arm embedded/4.8 2014q3/bin/../lib/gcc/arm-none-eabi/4.8.4/../../../../arm-none-eabi/lib/armv7e-m\libc.a(lib_a-signal.o)
                0x08006ed8                raise
 .text._kill_r  0x08006ee8       0x28 c:/program files (x86)/gnu tools arm embedded/4.8 2014q3/bin/../lib/gcc/arm-none-eabi/4.8.4/../../../../arm-none-eabi/lib/armv7e-m\libc.a(lib_a-signalr.o)
                0x08006ee8                _kill_r
 .text._getpid_r
                0x08006f10        0x4 c:/program files (x86)/gnu tools arm embedded/4.8 2014q3/bin/../lib/gcc/arm-none-eabi/4.8.4/../../../../arm-none-eabi/lib/armv7e-m\libc.a(lib_a-signalr.o)
                0x08006f10                _getpid_r
 .text.sprintf  0x08006f14       0x4c c:/program files (x86)/gnu tools arm embedded/4.8 2014q3/bin/../lib/gcc/arm-none-eabi/4.8.4/../../../../arm-none-eabi/lib/armv7e-m\libc.a(lib_a-sprintf.o)
                0x08006f14                sprintf
 .text          0x08006f60      0x21c c:/program files (x86)/gnu tools arm embedded/4.8 2014q3/bin/../lib/gcc/arm-none-eabi/4.8.4/../../../../arm-none-eabi/lib/armv7e-m\libc.a(lib_a-strcmp.o)
                0x08006f60                strcmp
 .text.strcpy   0x0800717c       0xbc c:/program files (x86)/gnu tools arm embedded/4.8 2014q3/bin/../lib/gcc/arm-none-eabi/4.8.4/../../../../arm-none-eabi/lib/armv7e-m\libc.a(lib_a-strcpy.o)
                0x0800717c                strcpy
 .text.strlen   0x08007238       0x60 c:/program files (x86)/gnu tools arm embedded/4.8 2014q3/bin/../lib/gcc/arm-none-eabi/4.8.4/../../../../arm-none-eabi/lib/armv7e-m\libc.a(lib_a-strlen.o)
                0x08007238                strlen
 .text.strtok   0x08007298       0x10 c:/program files (x86)/gnu tools arm embedded/4.8 2014q3/bin/../lib/gcc/arm-none-eabi/4.8.4/../../../../arm-none-eabi/lib/armv7e-m\libc.a(lib_a-strtok.o)
                0x08007298                strtok
 .text.__strtok_r
                0x080072a8       0x64 c:/program files (x86)/gnu tools arm embedded/4.8 2014q3/bin/../lib/gcc/arm-none-eabi/4.8.4/../../../../arm-none-eabi/lib/armv7e-m\libc.a(lib_a-strtok_r.o)
                0x080072a8                __strtok_r
 .text._strtol_r
                0x0800730c      0x114 c:/program files (x86)/gnu tools arm embedded/4.8 2014q3/bin/../lib/gcc/arm-none-eabi/4.8.4/../../../../arm-none-eabi/lib/armv7e-m\libc.a(lib_a-strtol.o)
                0x0800730c                _strtol_r
 .text.strtol   0x08007420       0x18 c:/program files (x86)/gnu tools arm embedded/4.8 2014q3/bin/../lib/gcc/arm-none-eabi/4.8.4/../../../../arm-none-eabi/lib/armv7e-m\libc.a(lib_a-strtol.o)
                0x08007420                strtol
 .text._svfprintf_r
                0x08007438     0x14f8 c:/program files (x86)/gnu tools arm embedded/4.8 2014q3/bin/../lib/gcc/arm-none-eabi/4.8.4/../../../../arm-none-eabi/lib/armv7e-m\libc.a(lib_a-svfprintf.o)
                0x08007438                _svfprintf_r
 .text.__register_exitproc
                0x08008930       0xa8 c:/program files (x86)/gnu tools arm embedded/4.8 2014q3/bin/../lib/gcc/arm-none-eabi/4.8.4/../../../../arm-none-eabi/lib/armv7e-m\libc.a(lib_a-__atexit.o)
                0x08008930                __register_exitproc
 .text.startup.register_fini
                0x080089d8       0x14 c:/program files (x86)/gnu tools arm embedded/4.8 2014q3/bin/../lib/gcc/arm-none-eabi/4.8.4/../../../../arm-none-eabi/lib/armv7e-m\libc.a(lib_a-__call_atexit.o)
 .text.__call_exitprocs
                0x080089ec       0xf0 c:/program files (x86)/gnu tools arm embedded/4.8 2014q3/bin/../lib/gcc/arm-none-eabi/4.8.4/../../../../arm-none-eabi/lib/armv7e-m\libc.a(lib_a-__call_atexit.o)
                0x080089ec                __call_exitprocs
 .text.atexit   0x08008adc        0xc c:/program files (x86)/gnu tools arm embedded/4.8 2014q3/bin/../lib/gcc/arm-none-eabi/4.8.4/../../../../arm-none-eabi/lib/armv7e-m\libc.a(lib_a-atexit.o)
                0x08008adc                atexit
 .text.quorem   0x08008ae8      0x130 c:/program files (x86)/gnu tools arm embedded/4.8 2014q3/bin/../lib/gcc/arm-none-eabi/4.8.4/../../../../arm-none-eabi/lib/armv7e-m\libc.a(lib_a-dtoa.o)
 .text._dtoa_r  0x08008c18      0xe38 c:/program files (x86)/gnu tools arm embedded/4.8 2014q3/bin/../lib/gcc/arm-none-eabi/4.8.4/../../../../arm-none-eabi/lib/armv7e-m\libc.a(lib_a-dtoa.o)
                0x08008c18                _dtoa_r
 .text.__libc_fini_array
                0x08009a50       0x30 c:/program files (x86)/gnu tools arm embedded/4.8 2014q3/bin/../lib/gcc/arm-none-eabi/4.8.4/../../../../arm-none-eabi/lib/armv7e-m\libc.a(lib_a-fini.o)
                0x08009a50                __libc_fini_array
 .text._malloc_trim_r
                0x08009a80       0x9c c:/program files (x86)/gnu tools arm embedded/4.8 2014q3/bin/../lib/gcc/arm-none-eabi/4.8.4/../../../../arm-none-eabi/lib/armv7e-m\libc.a(lib_a-freer.o)
                0x08009a80                _malloc_trim_r
 .text._free_r  0x08009b1c      0x19c c:/program files (x86)/gnu tools arm embedded/4.8 2014q3/bin/../lib/gcc/arm-none-eabi/4.8.4/../../../../arm-none-eabi/lib/armv7e-m\libc.a(lib_a-freer.o)
                0x08009b1c                _free_r
 .text._localeconv_r
                0x08009cb8        0x8 c:/program files (x86)/gnu tools arm embedded/4.8 2014q3/bin/../lib/gcc/arm-none-eabi/4.8.4/../../../../arm-none-eabi/lib/armv7e-m\libc.a(lib_a-locale.o)
                0x08009cb8                _localeconv_r
 .text.memchr   0x08009cc0       0x90 c:/program files (x86)/gnu tools arm embedded/4.8 2014q3/bin/../lib/gcc/arm-none-eabi/4.8.4/../../../../arm-none-eabi/lib/armv7e-m\libc.a(lib_a-memchr-stub.o)
                0x08009cc0                memchr
 .text._Balloc  0x08009d50       0x4c c:/program files (x86)/gnu tools arm embedded/4.8 2014q3/bin/../lib/gcc/arm-none-eabi/4.8.4/../../../../arm-none-eabi/lib/armv7e-m\libc.a(lib_a-mprec.o)
                0x08009d50                _Balloc
 .text._Bfree   0x08009d9c       0x14 c:/program files (x86)/gnu tools arm embedded/4.8 2014q3/bin/../lib/gcc/arm-none-eabi/4.8.4/../../../../arm-none-eabi/lib/armv7e-m\libc.a(lib_a-mprec.o)
                0x08009d9c                _Bfree
 .text.__multadd
                0x08009db0       0x98 c:/program files (x86)/gnu tools arm embedded/4.8 2014q3/bin/../lib/gcc/arm-none-eabi/4.8.4/../../../../arm-none-eabi/lib/armv7e-m\libc.a(lib_a-mprec.o)
                0x08009db0                __multadd
 .text.__hi0bits
                0x08009e48       0x40 c:/program files (x86)/gnu tools arm embedded/4.8 2014q3/bin/../lib/gcc/arm-none-eabi/4.8.4/../../../../arm-none-eabi/lib/armv7e-m\libc.a(lib_a-mprec.o)
                0x08009e48                __hi0bits
 .text.__lo0bits
                0x08009e88       0x5c c:/program files (x86)/gnu tools arm embedded/4.8 2014q3/bin/../lib/gcc/arm-none-eabi/4.8.4/../../../../arm-none-eabi/lib/armv7e-m\libc.a(lib_a-mprec.o)
                0x08009e88                __lo0bits
 .text.__i2b    0x08009ee4       0x14 c:/program files (x86)/gnu tools arm embedded/4.8 2014q3/bin/../lib/gcc/arm-none-eabi/4.8.4/../../../../arm-none-eabi/lib/armv7e-m\libc.a(lib_a-mprec.o)
                0x08009ee4                __i2b
 .text.__multiply
                0x08009ef8      0x13c c:/program files (x86)/gnu tools arm embedded/4.8 2014q3/bin/../lib/gcc/arm-none-eabi/4.8.4/../../../../arm-none-eabi/lib/armv7e-m\libc.a(lib_a-mprec.o)
                0x08009ef8                __multiply
 .text.__pow5mult
                0x0800a034       0x9c c:/program files (x86)/gnu tools arm embedded/4.8 2014q3/bin/../lib/gcc/arm-none-eabi/4.8.4/../../../../arm-none-eabi/lib/armv7e-m\libc.a(lib_a-mprec.o)
                0x0800a034                __pow5mult
 .text.__lshift
                0x0800a0d0       0xbc c:/program files (x86)/gnu tools arm embedded/4.8 2014q3/bin/../lib/gcc/arm-none-eabi/4.8.4/../../../../arm-none-eabi/lib/armv7e-m\libc.a(lib_a-mprec.o)
                0x0800a0d0                __lshift
 .text.__mcmp   0x0800a18c       0x48 c:/program files (x86)/gnu tools arm embedded/4.8 2014q3/bin/../lib/gcc/arm-none-eabi/4.8.4/../../../../arm-none-eabi/lib/armv7e-m\libc.a(lib_a-mprec.o)
                0x0800a18c                __mcmp
 .text.__mdiff  0x0800a1d4       0xd4 c:/program files (x86)/gnu tools arm embedded/4.8 2014q3/bin/../lib/gcc/arm-none-eabi/4.8.4/../../../../arm-none-eabi/lib/armv7e-m\libc.a(lib_a-mprec.o)
                0x0800a1d4                __mdiff
 .text.__d2b    0x0800a2a8       0xbc c:/program files (x86)/gnu tools arm embedded/4.8 2014q3/bin/../lib/gcc/arm-none-eabi/4.8.4/../../../../arm-none-eabi/lib/armv7e-m\libc.a(lib_a-mprec.o)
                0x0800a2a8                __d2b
 .text.__fpclassifyd
                0x0800a364       0x50 c:/program files (x86)/gnu tools arm embedded/4.8 2014q3/bin/../lib/gcc/arm-none-eabi/4.8.4/../../../../arm-none-eabi/lib/armv7e-m\libc.a(lib_a-s_fpclassify.o)
                0x0800a364                __fpclassifyd
 .text.__ssprint_r
                0x0800a3b4      0x100 c:/program files (x86)/gnu tools arm embedded/4.8 2014q3/bin/../lib/gcc/arm-none-eabi/4.8.4/../../../../arm-none-eabi/lib/armv7e-m\libc.a(lib_a-svfiprintf.o)
                0x0800a3b4                __ssprint_r
 .text._calloc_r
                0x0800a4b4       0x60 c:/program files (x86)/gnu tools arm embedded/4.8 2014q3/bin/../lib/gcc/arm-none-eabi/4.8.4/../../../../arm-none-eabi/lib/armv7e-m\libc.a(lib_a-callocr.o)
                0x0800a4b4                _calloc_r
 .text.memmove  0x0800a514       0xc0 c:/program files (x86)/gnu tools arm embedded/4.8 2014q3/bin/../lib/gcc/arm-none-eabi/4.8.4/../../../../arm-none-eabi/lib/armv7e-m\libc.a(lib_a-memmove.o)
                0x0800a514                memmove
 .text._realloc_r
                0x0800a5d4      0x3cc c:/program files (x86)/gnu tools arm embedded/4.8 2014q3/bin/../lib/gcc/arm-none-eabi/4.8.4/../../../../arm-none-eabi/lib/armv7e-m\libc.a(lib_a-reallocr.o)
                0x0800a5d4                _realloc_r
 .text._getpid  0x0800a9a0       0x10 c:/program files (x86)/gnu tools arm embedded/4.8 2014q3/bin/../lib/gcc/arm-none-eabi/4.8.4/../../../../arm-none-eabi/lib/armv7e-m\libnosys.a(getpid.o)
                0x0800a9a0                _getpid
 .text._kill    0x0800a9b0       0x10 c:/program files (x86)/gnu tools arm embedded/4.8 2014q3/bin/../lib/gcc/arm-none-eabi/4.8.4/../../../../arm-none-eabi/lib/armv7e-m\libnosys.a(kill.o)
                0x0800a9b0                _kill
 .text._sbrk    0x0800a9c0       0x34 c:/program files (x86)/gnu tools arm embedded/4.8 2014q3/bin/../lib/gcc/arm-none-eabi/4.8.4/../../../../arm-none-eabi/lib/armv7e-m\libnosys.a(sbrk.o)
                0x0800a9c0                _sbrk
 .text._exit    0x0800a9f4        0x4 c:/program files (x86)/gnu tools arm embedded/4.8 2014q3/bin/../lib/gcc/arm-none-eabi/4.8.4/../../../../arm-none-eabi/lib/armv7e-m\libnosys.a(_exit.o)
                0x0800a9f4                _exit
 .text          0x0800a9f8      0x110 c:/program files (x86)/gnu tools arm embedded/4.8 2014q3/bin/../lib/gcc/arm-none-eabi/4.8.4/armv7e-m\libgcc.a(_arm_cmpdf2.o)
                0x0800a9f8                __gtdf2
                0x0800a9f8                __gedf2
                0x0800aa00                __ltdf2
                0x0800aa00                __ledf2
                0x0800aa08                __nedf2
                0x0800aa08                __eqdf2
                0x0800aa08                __cmpdf2
                0x0800aa84                __aeabi_cdrcmple
                0x0800aa94                __aeabi_cdcmpeq
                0x0800aa94                __aeabi_cdcmple
                0x0800aaa4                __aeabi_dcmpeq
                0x0800aab8                __aeabi_dcmplt
                0x0800aacc                __aeabi_dcmple
                0x0800aae0                __aeabi_dcmpge
                0x0800aaf4                __aeabi_dcmpgt
 .text          0x0800ab08       0x2c c:/program files (x86)/gnu tools arm embedded/4.8 2014q3/bin/../lib/gcc/arm-none-eabi/4.8.4/armv7e-m\libgcc.a(_aeabi_uldivmod.o)
                0x0800ab08                __aeabi_uldivmod
 .text          0x0800ab34       0x60 c:/program files (x86)/gnu tools arm embedded/4.8 2014q3/bin/../lib/gcc/arm-none-eabi/4.8.4/armv7e-m\libgcc.a(bpabi.o)
                0x0800ab34                __gnu_ldivmod_helper
                0x0800ab64                __gnu_uldivmod_helper
 .text          0x0800ab94        0x4 c:/program files (x86)/gnu tools arm embedded/4.8 2014q3/bin/../lib/gcc/arm-none-eabi/4.8.4/armv7e-m\libgcc.a(_dvmd_tls.o)
                0x0800ab94                __aeabi_idiv0
                0x0800ab94                __aeabi_ldiv0
 .text          0x0800ab98      0x298 c:/program files (x86)/gnu tools arm embedded/4.8 2014q3/bin/../lib/gcc/arm-none-eabi/4.8.4/armv7e-m\libgcc.a(_divdi3.o)
                0x0800ab98                __divdi3
 .text          0x0800ae30      0x284 c:/program files (x86)/gnu tools arm embedded/4.8 2014q3/bin/../lib/gcc/arm-none-eabi/4.8.4/armv7e-m\libgcc.a(_udivdi3.o)
                0x0800ae30                __udivdi3
 *(.init)
 .init          0x0800b0b4        0x4 c:/program files (x86)/gnu tools arm embedded/4.8 2014q3/bin/../lib/gcc/arm-none-eabi/4.8.4/armv7e-m/crti.o
                0x0800b0b4                _init
 .init          0x0800b0b8        0x8 c:/program files (x86)/gnu tools arm embedded/4.8 2014q3/bin/../lib/gcc/arm-none-eabi/4.8.4/armv7e-m/crtn.o
 *(.fini)
 .fini          0x0800b0c0        0x4 c:/program files (x86)/gnu tools arm embedded/4.8 2014q3/bin/../lib/gcc/arm-none-eabi/4.8.4/armv7e-m/crti.o
                0x0800b0c0                _fini
 .fini          0x0800b0c4        0x8 c:/program files (x86)/gnu tools arm embedded/4.8 2014q3/bin/../lib/gcc/arm-none-eabi/4.8.4/armv7e-m/crtn.o
 *crtbegin.o(.ctors)
 *crtbegin?.o(.ctors)
 *(EXCLUDE_FILE(*crtend.o *crtend?.o) .ctors)
 *(SORT(.ctors.*))
 *(.ctors)
 *crtbegin.o(.dtors)
 *crtbegin?.o(.dtors)
 *(EXCLUDE_FILE(*crtend.o *crtend?.o) .dtors)
 *(SORT(.dtors.*))
 *(.dtors)
 *(.rodata*)
 .rodata        0x0800b0cc       0x40 ..\obj\stepper.o
 .rodata        0x0800b10c       0x30 ..\obj\stm32f4_discovery.o
                0x0800b10c                GPIO_PIN
                0x0800b114                GPIO_CLK
                0x0800b124                BUTTON_PIN
                0x0800b128                BUTTON_CLK
                0x0800b12c                BUTTON_EXTI_LINE
                0x0800b130                BUTTON_PORT_SOURCE
                0x0800b134                BUTTON_PIN_SOURCE
                0x0800b138                BUTTON_IRQn
 .rodata        0x0800b13c       0x1c ..\obj\main.o
 .rodata        0x0800b158       0x9c ..\obj\fassade.o
 .rodata        0x0800b1f4       0xe0 ..\obj\terminal.o
 .rodata        0x0800b2d4       0x5c ..\obj\xbee.o
 .rodata.str1.4
                0x0800b330        0x2 c:/program files (x86)/gnu tools arm embedded/4.8 2014q3/bin/../lib/gcc/arm-none-eabi/4.8.4/../../../../arm-none-eabi/lib/armv7e-m\libc.a(lib_a-impure.o)
                                  0x4 (size before relaxing)
 *fill*         0x0800b332        0x2 
 .rodata._global_impure_ptr
                0x0800b334        0x4 c:/program files (x86)/gnu tools arm embedded/4.8 2014q3/bin/../lib/gcc/arm-none-eabi/4.8.4/../../../../arm-none-eabi/lib/armv7e-m\libc.a(lib_a-impure.o)
                0x0800b334                _global_impure_ptr
 .rodata.zeroes.6763
                0x0800b338       0x10 c:/program files (x86)/gnu tools arm embedded/4.8 2014q3/bin/../lib/gcc/arm-none-eabi/4.8.4/../../../../arm-none-eabi/lib/armv7e-m\libc.a(lib_a-svfprintf.o)
 .rodata.str1.4
                0x0800b348       0x42 c:/program files (x86)/gnu tools arm embedded/4.8 2014q3/bin/../lib/gcc/arm-none-eabi/4.8.4/../../../../arm-none-eabi/lib/armv7e-m\libc.a(lib_a-svfprintf.o)
                                 0x44 (size before relaxing)
 *fill*         0x0800b38a        0x2 
 .rodata.blanks.6762
                0x0800b38c       0x10 c:/program files (x86)/gnu tools arm embedded/4.8 2014q3/bin/../lib/gcc/arm-none-eabi/4.8.4/../../../../arm-none-eabi/lib/armv7e-m\libc.a(lib_a-svfprintf.o)
 .rodata._ctype_
                0x0800b39c      0x104 c:/program files (x86)/gnu tools arm embedded/4.8 2014q3/bin/../lib/gcc/arm-none-eabi/4.8.4/../../../../arm-none-eabi/lib/armv7e-m\libc.a(lib_a-ctype_.o)
                0x0800b39c                _ctype_
 .rodata.str1.4
                0x0800b4a0       0x10 c:/program files (x86)/gnu tools arm embedded/4.8 2014q3/bin/../lib/gcc/arm-none-eabi/4.8.4/../../../../arm-none-eabi/lib/armv7e-m\libc.a(lib_a-dtoa.o)
                                 0x14 (size before relaxing)
 .rodata.str1.4
                0x0800b4b0        0xc c:/program files (x86)/gnu tools arm embedded/4.8 2014q3/bin/../lib/gcc/arm-none-eabi/4.8.4/../../../../arm-none-eabi/lib/armv7e-m\libc.a(lib_a-locale.o)
                                 0x14 (size before relaxing)
 *fill*         0x0800b4bc        0x4 
 .rodata.__mprec_tens
                0x0800b4c0       0xc8 c:/program files (x86)/gnu tools arm embedded/4.8 2014q3/bin/../lib/gcc/arm-none-eabi/4.8.4/../../../../arm-none-eabi/lib/armv7e-m\libc.a(lib_a-mprec.o)
                0x0800b4c0                __mprec_tens
 .rodata.__mprec_bigtens
                0x0800b588       0x28 c:/program files (x86)/gnu tools arm embedded/4.8 2014q3/bin/../lib/gcc/arm-none-eabi/4.8.4/../../../../arm-none-eabi/lib/armv7e-m\libc.a(lib_a-mprec.o)
                0x0800b588                __mprec_bigtens
 .rodata.p05.5269
                0x0800b5b0        0xc c:/program files (x86)/gnu tools arm embedded/4.8 2014q3/bin/../lib/gcc/arm-none-eabi/4.8.4/../../../../arm-none-eabi/lib/armv7e-m\libc.a(lib_a-mprec.o)
 *(.eh_frame*)
 .eh_frame      0x0800b5bc        0x0 c:/program files (x86)/gnu tools arm embedded/4.8 2014q3/bin/../lib/gcc/arm-none-eabi/4.8.4/armv7e-m/crtbegin.o
 .eh_frame      0x0800b5bc        0x4 c:/program files (x86)/gnu tools arm embedded/4.8 2014q3/bin/../lib/gcc/arm-none-eabi/4.8.4/armv7e-m/crtend.o

.glue_7         0x0800b5c0        0x0
 .glue_7        0x00000000        0x0 linker stubs

.glue_7t        0x0800b5c0        0x0
 .glue_7t       0x00000000        0x0 linker stubs

.vfp11_veneer   0x0800b5c0        0x0
 .vfp11_veneer  0x00000000        0x0 linker stubs

.v4_bx          0x0800b5c0        0x0
 .v4_bx         0x00000000        0x0 linker stubs

.iplt           0x0800b5c0        0x0
 .iplt          0x00000000        0x0 c:/program files (x86)/gnu tools arm embedded/4.8 2014q3/bin/../lib/gcc/arm-none-eabi/4.8.4/armv7e-m/crtbegin.o

.ARM.extab      0x0800b5c0      0x240
 *(.ARM.extab* .gnu.linkonce.armextab.*)
 .ARM.extab.text._ZN18TemperaturSensorenC2Ev
                0x0800b5c0        0xc ..\obj\temp_sensors.o
 .ARM.extab.text._ZN18TemperaturSensoren30startTempMeasurementAllSensorsEv
                0x0800b5cc        0xc ..\obj\temp_sensors.o
 .ARM.extab.text._ZN17QuadratureEncoderC2Ev
                0x0800b5d8        0xc ..\obj\quadrature_encoder.o
 .ARM.extab.text._ZN3LedC2Ev
                0x0800b5e4        0xc ..\obj\led.o
 .ARM.extab.text._ZN3Led2OnEv
                0x0800b5f0        0xc ..\obj\led.o
 .ARM.extab.text._ZN3Led3OffEv
                0x0800b5fc        0xc ..\obj\led.o
 .ARM.extab.text.EXTI9_5_IRQHandler
                0x0800b608        0xc ..\obj\rotary.o
 .ARM.extab.text._ZN7StepperC2Ev
                0x0800b614        0xc ..\obj\stepper.o
 .ARM.extab.text._ZN7Stepper4InitEv
                0x0800b620        0xc ..\obj\stepper.o
 .ARM.extab.text._ZN7Stepper4LeftEii
                0x0800b62c        0xc ..\obj\stepper.o
 .ARM.extab.text._ZN7Stepper5RightEii
                0x0800b638        0xc ..\obj\stepper.o
 .ARM.extab.text._ZN7Stepper7Go2StepEi
                0x0800b644        0xc ..\obj\stepper.o
 .ARM.extab.text._ZN7Stepper8LeerlaufEv
                0x0800b650        0xc ..\obj\stepper.o
 .ARM.extab.text._ZN7Stepper7RunStepEv
                0x0800b65c        0xc ..\obj\stepper.o
 .ARM.extab.text._ZN7Stepper8InitTim2Eii
                0x0800b668        0xc ..\obj\stepper.o
 .ARM.extab.text.main
                0x0800b674        0xc ..\obj\main.o
 .ARM.extab.text._ZN7Fassade16InitGewaechshausEv
                0x0800b680        0xc ..\obj\fassade.o
 .ARM.extab.text._ZN7Fassade15Window2PositionEi
                0x0800b68c        0xc ..\obj\fassade.o
 .ARM.extab.text._ZN10Ampermeter10getCurrentEv
                0x0800b698        0xc ..\obj\ampermeter.o
 .ARM.extab.text._ZN7DisplayC2Ei
                0x0800b6a4        0xc ..\obj\display.o
 .ARM.extab.text._ZN7Display4InitEv
                0x0800b6b0        0xc ..\obj\display.o
 .ARM.extab.text._ZN7Display11uartPutCharEt
                0x0800b6bc        0xc ..\obj\display.o
 .ARM.extab.text._ZN7Display10SendStringEPc
                0x0800b6c8        0xc ..\obj\display.o
 .ARM.extab.text._ZN7Display8SendByteEPci
                0x0800b6d4        0xc ..\obj\display.o
 .ARM.extab.text._ZN7Display9BacklightEc
                0x0800b6e0        0xc ..\obj\display.o
 .ARM.extab.text._ZN7Display14SpecialCommandEc
                0x0800b6ec        0xc ..\obj\display.o
 .ARM.extab.text._ZN7Display17SetCursorPositionEcc
                0x0800b6f8        0xc ..\obj\display.o
 .ARM.extab.text._ZN8TerminalC2Ei
                0x0800b704        0xc ..\obj\terminal.o
 .ARM.extab.text._ZN8Terminal13usart3InitDMAEv
                0x0800b710        0xc ..\obj\terminal.o
 .ARM.extab.text._ZN8Terminal10SendViaDmaEPci
                0x0800b71c        0xc ..\obj\terminal.o
 .ARM.extab.text._ZN8Terminal10usart3InitEv
                0x0800b728        0xc ..\obj\terminal.o
 .ARM.extab.text._ZN8Terminal11uartPutCharEt
                0x0800b734        0xc ..\obj\terminal.o
 .ARM.extab.text._ZN8Terminal14uartSendStringEPc
                0x0800b740        0xc ..\obj\terminal.o
 .ARM.extab.text._ZN8Terminal11SendMessageEPc
                0x0800b74c        0xc ..\obj\terminal.o
 .ARM.extab.text._ZN8Terminal18IsCommandoAvalibleEv
                0x0800b758        0xc ..\obj\terminal.o
 .ARM.extab.text._ZN8Terminal15ProzessCommandoEv
                0x0800b764        0xc ..\obj\terminal.o
 .ARM.extab.text._ZN8Terminal15CommandoProzessEPc
                0x0800b770        0xc ..\obj\terminal.o
 .ARM.extab.text.USART3_IRQHandler
                0x0800b77c        0xc ..\obj\terminal.o
 .ARM.extab.text._ZN22AnalogDigitalConverterC2Ev
                0x0800b788        0xc ..\obj\adc.o
 .ARM.extab.text._ZN4XbeeC2Eii
                0x0800b794        0xc ..\obj\xbee.o
 .ARM.extab.text._ZN4Xbee7InitDMAEv
                0x0800b7a0        0xc ..\obj\xbee.o
 .ARM.extab.text._ZN4Xbee4InitEv
                0x0800b7ac        0xc ..\obj\xbee.o
 .ARM.extab.text._ZN4Xbee15ProzessCommandoEv
                0x0800b7b8        0xc ..\obj\xbee.o
 .ARM.extab.text._ZN4Xbee15CommandoProzessEPc
                0x0800b7c4        0xc ..\obj\xbee.o
 .ARM.extab.text.USART2_IRQHandler
                0x0800b7d0        0xc ..\obj\xbee.o
 .ARM.extab     0x0800b7dc        0xc c:/program files (x86)/gnu tools arm embedded/4.8 2014q3/bin/../lib/gcc/arm-none-eabi/4.8.4/armv7e-m\libgcc.a(unwind-arm.o)
 .ARM.extab     0x0800b7e8       0x18 c:/program files (x86)/gnu tools arm embedded/4.8 2014q3/bin/../lib/gcc/arm-none-eabi/4.8.4/armv7e-m\libgcc.a(pr-support.o)
                0x0800b800                __exidx_start = .

.ARM.exidx      0x0800b800      0x2d8
 *(.ARM.exidx* .gnu.linkonce.armexidx.*)
 .ARM.exidx     0x0800b800        0x8 c:/program files (x86)/gnu tools arm embedded/4.8 2014q3/bin/../lib/gcc/arm-none-eabi/4.8.4/../../../../arm-none-eabi/lib/armv7e-m/crt0.o
 .ARM.exidx.text._ZN18TemperaturSensorenC2Ev
                0x0800b808        0x8 ..\obj\temp_sensors.o
 .ARM.exidx.text._ZN18TemperaturSensoren30startTempMeasurementAllSensorsEv
                0x0800b810        0x8 ..\obj\temp_sensors.o
 .ARM.exidx.text._ZN18TemperaturSensoren25getAnzahlGefunderSensorenEv
                0x0800b818        0x8 ..\obj\temp_sensors.o
 .ARM.exidx.text._ZN18TemperaturSensoren16getAlleTempWerteEPf
                0x0800b820        0x0 ..\obj\temp_sensors.o
                                  0x8 (size before relaxing)
 .ARM.exidx.text._ZN17QuadratureEncoderC2Ev
                0x0800b820        0x8 ..\obj\quadrature_encoder.o
 .ARM.exidx.text._ZN17QuadratureEncoder5resetEv
                0x0800b828        0x8 ..\obj\quadrature_encoder.o
 .ARM.exidx.text._ZN3LedC2Ev
                0x0800b830        0x8 ..\obj\led.o
 .ARM.exidx.text._ZN3LedD2Ev
                0x0800b838        0x8 ..\obj\led.o
 .ARM.exidx.text._ZN3Led2OnEv
                0x0800b840        0x8 ..\obj\led.o
 .ARM.exidx.text._ZN3Led3OffEv
                0x0800b848       0x10 ..\obj\led.o
                                  0x8 (size before relaxing)
 .ARM.exidx.text.EXTI9_5_IRQHandler
                0x0800b858        0x8 ..\obj\rotary.o
 .ARM.exidx.text._ZN7StepperC2Ev
                0x0800b860        0x8 ..\obj\stepper.o
 .ARM.exidx.text._ZN7Stepper4InitEv
                0x0800b868        0x8 ..\obj\stepper.o
 .ARM.exidx.text._ZN7Stepper4LeftEii
                0x0800b870        0x8 ..\obj\stepper.o
 .ARM.exidx.text._ZN7Stepper5RightEii
                0x0800b878        0x8 ..\obj\stepper.o
 .ARM.exidx.text._ZN7Stepper7Go2StepEi
                0x0800b880        0x8 ..\obj\stepper.o
 .ARM.exidx.text._ZN7Stepper8LeerlaufEv
                0x0800b888        0x8 ..\obj\stepper.o
 .ARM.exidx.text._ZN7Stepper7RunStepEv
                0x0800b890        0x8 ..\obj\stepper.o
 .ARM.exidx.text._ZN7Stepper15EnableSingeltonEv
                0x0800b898        0x8 ..\obj\stepper.o
 .ARM.exidx.text._ZN7Stepper8InitTim2Eii
                0x0800b8a0        0x8 ..\obj\stepper.o
 .ARM.exidx.text.TIM2_IRQHandler
                0x0800b8a8       0x10 ..\obj\stepper.o
                                  0x8 (size before relaxing)
 .ARM.exidx.text.main
                0x0800b8b8        0x8 ..\obj\main.o
 .ARM.exidx.text._Z41__static_initialization_and_destruction_0ii
                0x0800b8c0        0x8 ..\obj\main.o
 .ARM.exidx.text._GLOBAL__sub_I_OutputString
                0x0800b8c8        0x0 ..\obj\main.o
                                  0x8 (size before relaxing)
 .ARM.exidx.text._ZN7Fassade16InitGewaechshausEv
                0x0800b8c8        0x8 ..\obj\fassade.o
 .ARM.exidx.text._ZN7Fassade15RegelungFensterEv
                0x0800b8d0        0x8 ..\obj\fassade.o
 .ARM.exidx.text._ZN7Fassade15Window2PositionEi
                0x0800b8d8        0x8 ..\obj\fassade.o
 .ARM.exidx.text._ZN10AmpermeterC2Ev
                0x0800b8e0        0x8 ..\obj\ampermeter.o
 .ARM.exidx.text._ZN10Ampermeter10getCurrentEv
                0x0800b8e8       0x10 ..\obj\ampermeter.o
                                  0x8 (size before relaxing)
 .ARM.exidx.text._ZN7DisplayC2Ei
                0x0800b8f8        0x8 ..\obj\display.o
 .ARM.exidx.text._ZN7Display4InitEv
                0x0800b900        0x8 ..\obj\display.o
 .ARM.exidx.text._ZN7Display11uartPutCharEt
                0x0800b908        0x8 ..\obj\display.o
 .ARM.exidx.text._ZN7Display10SendStringEPc
                0x0800b910        0x8 ..\obj\display.o
 .ARM.exidx.text._ZN7Display8SendByteEPci
                0x0800b918        0x8 ..\obj\display.o
 .ARM.exidx.text._ZN7Display9BacklightEc
                0x0800b920        0x8 ..\obj\display.o
 .ARM.exidx.text._ZN7Display14SpecialCommandEc
                0x0800b928        0x8 ..\obj\display.o
 .ARM.exidx.text._ZN7Display17SetCursorPositionEcc
                0x0800b930       0x10 ..\obj\display.o
                                  0x8 (size before relaxing)
 .ARM.exidx.text._ZN8TerminalC2Ei
                0x0800b940        0x8 ..\obj\terminal.o
 .ARM.exidx.text._ZN8Terminal11buffer_initEv
                0x0800b948        0x8 ..\obj\terminal.o
 .ARM.exidx.text._ZN8Terminal8BufferInEc
                0x0800b950        0x0 ..\obj\terminal.o
                                  0x8 (size before relaxing)
 .ARM.exidx.text._ZN8Terminal9BufferOutEPc
                0x0800b950        0x0 ..\obj\terminal.o
                                  0x8 (size before relaxing)
 .ARM.exidx.text._ZN8Terminal10ReadBufferEPc
                0x0800b950        0x0 ..\obj\terminal.o
                                  0x8 (size before relaxing)
 .ARM.exidx.text._ZN8Terminal13usart3InitDMAEv
                0x0800b950        0x8 ..\obj\terminal.o
 .ARM.exidx.text._ZN8Terminal10SendViaDmaEPci
                0x0800b958        0x8 ..\obj\terminal.o
 .ARM.exidx.text._ZN8Terminal10usart3InitEv
                0x0800b960        0x8 ..\obj\terminal.o
 .ARM.exidx.text._ZN8Terminal11uartPutCharEt
                0x0800b968        0x8 ..\obj\terminal.o
 .ARM.exidx.text._ZN8Terminal14uartSendStringEPc
                0x0800b970        0x8 ..\obj\terminal.o
 .ARM.exidx.text._ZN8Terminal11SendMessageEPc
                0x0800b978        0x8 ..\obj\terminal.o
 .ARM.exidx.text._ZN8Terminal18IsCommandoAvalibleEv
                0x0800b980        0x8 ..\obj\terminal.o
 .ARM.exidx.text._ZN8Terminal15ProzessCommandoEv
                0x0800b988        0x8 ..\obj\terminal.o
 .ARM.exidx.text._ZN8Terminal15CommandoProzessEPc
                0x0800b990        0x8 ..\obj\terminal.o
 .ARM.exidx.text._ZN8Terminal15EnableSingeltonEv
                0x0800b998        0x8 ..\obj\terminal.o
 .ARM.exidx.text.DMA1_Stream3_IRQHandler
                0x0800b9a0        0x8 ..\obj\terminal.o
 .ARM.exidx.text.USART3_IRQHandler
                0x0800b9a8       0x10 ..\obj\terminal.o
                                  0x8 (size before relaxing)
 .ARM.exidx.text._ZN22AnalogDigitalConverterC2Ev
                0x0800b9b8        0x8 ..\obj\adc.o
 .ARM.exidx.text._ZN22AnalogDigitalConverter26getConvertedValueAsVoltageEi
                0x0800b9c0        0x8 ..\obj\adc.o
 .ARM.exidx.text._ZN4XbeeC2Eii
                0x0800b9c8        0x8 ..\obj\xbee.o
 .ARM.exidx.text._ZN4Xbee11buffer_initEv
                0x0800b9d0        0x8 ..\obj\xbee.o
 .ARM.exidx.text._ZN4Xbee8BufferInEc
                0x0800b9d8        0x0 ..\obj\xbee.o
                                  0x8 (size before relaxing)
 .ARM.exidx.text._ZN4Xbee9BufferOutEPc
                0x0800b9d8        0x0 ..\obj\xbee.o
                                  0x8 (size before relaxing)
 .ARM.exidx.text._ZN4Xbee10ReadBufferEPc
                0x0800b9d8        0x0 ..\obj\xbee.o
                                  0x8 (size before relaxing)
 .ARM.exidx.text._ZN4Xbee7InitDMAEv
                0x0800b9d8        0x8 ..\obj\xbee.o
 .ARM.exidx.text._ZN4Xbee4InitEv
                0x0800b9e0        0x8 ..\obj\xbee.o
 .ARM.exidx.text._ZN4Xbee18IsCommandoAvalibleEv
                0x0800b9e8        0x8 ..\obj\xbee.o
 .ARM.exidx.text._ZN4Xbee15ProzessCommandoEv
                0x0800b9f0        0x8 ..\obj\xbee.o
 .ARM.exidx.text._ZN4Xbee15CommandoProzessEPc
                0x0800b9f8        0x8 ..\obj\xbee.o
 .ARM.exidx.text.DMA1_Stream5_IRQHandler
                0x0800ba00        0x8 ..\obj\xbee.o
 .ARM.exidx.text.USART2_IRQHandler
                0x0800ba08       0x10 ..\obj\xbee.o
                                  0x8 (size before relaxing)
 .ARM.exidx     0x0800ba18       0x88 c:/program files (x86)/gnu tools arm embedded/4.8 2014q3/bin/../lib/gcc/arm-none-eabi/4.8.4/armv7e-m\libgcc.a(unwind-arm.o)
                                 0xd8 (size before relaxing)
 .ARM.exidx     0x0800baa0       0x38 c:/program files (x86)/gnu tools arm embedded/4.8 2014q3/bin/../lib/gcc/arm-none-eabi/4.8.4/armv7e-m\libgcc.a(pr-support.o)
                                 0x48 (size before relaxing)
 .ARM.exidx     0x0800bad8        0x0 c:/program files (x86)/gnu tools arm embedded/4.8 2014q3/bin/../lib/gcc/arm-none-eabi/4.8.4/armv7e-m\libgcc.a(_divdi3.o)
                                  0x8 (size before relaxing)
 .ARM.exidx     0x0800bad8        0x0 c:/program files (x86)/gnu tools arm embedded/4.8 2014q3/bin/../lib/gcc/arm-none-eabi/4.8.4/armv7e-m\libgcc.a(_udivdi3.o)
                                  0x8 (size before relaxing)
                0x0800bad8                __exidx_end = .
                0x0800bad8                __etext = .
                0x0800bad8                _sidata = __etext

.rel.dyn        0x0800bad8        0x0
 .rel.iplt      0x00000000        0x0 c:/program files (x86)/gnu tools arm embedded/4.8 2014q3/bin/../lib/gcc/arm-none-eabi/4.8.4/armv7e-m/crtbegin.o

.data           0x20000000      0xa54 load address 0x0800bad8
                0x20000000                __data_start__ = .
                0x20000000                _sdata = __data_start__
 *(vtable)
 *(.data*)
 .data          0x20000000        0x4 c:/program files (x86)/gnu tools arm embedded/4.8 2014q3/bin/../lib/gcc/arm-none-eabi/4.8.4/armv7e-m/crtbegin.o
                0x20000000                __dso_handle
 .data          0x20000004       0x34 ..\obj\stm32f4_discovery_audio_codec.o
                0x20000004                AudioTotalSize
                0x20000008                AudioRemSize
                0x2000000c                CODECTimeout
                0x20000010                CurrAudioInterface
                0x20000014                AUDIO_MAL_DMA_CLOCK
                0x20000018                AUDIO_MAL_DMA_STREAM
                0x2000001c                AUDIO_MAL_DMA_DREG
                0x20000020                AUDIO_MAL_DMA_IRQ
                0x20000024                AUDIO_MAL_DMA_FLAG_TC
                0x20000028                AUDIO_MAL_DMA_FLAG_HT
                0x2000002c                AUDIO_MAL_DMA_FLAG_FE
                0x20000030                AUDIO_MAL_DMA_FLAG_TE
                0x20000034                AUDIO_MAL_DMA_FLAG_DME
 .data          0x20000038       0x14 ..\obj\stm32f4_discovery.o
                0x20000038                GPIO_PORT
                0x20000048                BUTTON_PORT
 .data          0x2000004c       0x10 ..\obj\stm32f4xx_rcc.o
 .data          0x2000005c       0x5c ..\obj\fassade.o
                0x200000b4                idealeTemp
 .data          0x200000b8      0x110 ..\obj\terminal.o
 .data.impure_data
                0x200001c8      0x428 c:/program files (x86)/gnu tools arm embedded/4.8 2014q3/bin/../lib/gcc/arm-none-eabi/4.8.4/../../../../arm-none-eabi/lib/armv7e-m\libc.a(lib_a-impure.o)
 .data._impure_ptr
                0x200005f0        0x4 c:/program files (x86)/gnu tools arm embedded/4.8 2014q3/bin/../lib/gcc/arm-none-eabi/4.8.4/../../../../arm-none-eabi/lib/armv7e-m\libc.a(lib_a-impure.o)
                0x200005f0                _impure_ptr
 .data.__malloc_av_
                0x200005f4      0x408 c:/program files (x86)/gnu tools arm embedded/4.8 2014q3/bin/../lib/gcc/arm-none-eabi/4.8.4/../../../../arm-none-eabi/lib/armv7e-m\libc.a(lib_a-mallocr.o)
                0x200005f4                __malloc_av_
 .data.__malloc_trim_threshold
                0x200009fc        0x4 c:/program files (x86)/gnu tools arm embedded/4.8 2014q3/bin/../lib/gcc/arm-none-eabi/4.8.4/../../../../arm-none-eabi/lib/armv7e-m\libc.a(lib_a-mallocr.o)
                0x200009fc                __malloc_trim_threshold
 .data.__malloc_sbrk_base
                0x20000a00        0x4 c:/program files (x86)/gnu tools arm embedded/4.8 2014q3/bin/../lib/gcc/arm-none-eabi/4.8.4/../../../../arm-none-eabi/lib/armv7e-m\libc.a(lib_a-mallocr.o)
                0x20000a00                __malloc_sbrk_base
 .data.__ctype_ptr__
                0x20000a04        0x4 c:/program files (x86)/gnu tools arm embedded/4.8 2014q3/bin/../lib/gcc/arm-none-eabi/4.8.4/../../../../arm-none-eabi/lib/armv7e-m\libc.a(lib_a-ctype_.o)
                0x20000a04                __ctype_ptr__
 .data.lconv    0x20000a08       0x38 c:/program files (x86)/gnu tools arm embedded/4.8 2014q3/bin/../lib/gcc/arm-none-eabi/4.8.4/../../../../arm-none-eabi/lib/armv7e-m\libc.a(lib_a-locale.o)
                0x20000a40                . = ALIGN (0x4)
                0x20000a40                PROVIDE (__preinit_array_start, .)
 *(.preinit_array)
                0x20000a40                PROVIDE (__preinit_array_end, .)
                0x20000a40                . = ALIGN (0x4)
                0x20000a40                PROVIDE (__init_array_start, .)
 *(SORT(.init_array.*))
 .init_array.00000
                0x20000a40        0x4 c:/program files (x86)/gnu tools arm embedded/4.8 2014q3/bin/../lib/gcc/arm-none-eabi/4.8.4/../../../../arm-none-eabi/lib/armv7e-m\libc.a(lib_a-__call_atexit.o)
 *(.init_array)
 .init_array    0x20000a44        0x4 c:/program files (x86)/gnu tools arm embedded/4.8 2014q3/bin/../lib/gcc/arm-none-eabi/4.8.4/armv7e-m/crtbegin.o
 .init_array    0x20000a48        0x4 ..\obj\main.o
                0x20000a4c                PROVIDE (__init_array_end, .)
                0x20000a4c                . = ALIGN (0x4)
                0x20000a4c                PROVIDE (__fini_array_start, .)
 *(SORT(.fini_array.*))
 *(.fini_array)
 .fini_array    0x20000a4c        0x4 c:/program files (x86)/gnu tools arm embedded/4.8 2014q3/bin/../lib/gcc/arm-none-eabi/4.8.4/armv7e-m/crtbegin.o
                0x20000a50                PROVIDE (__fini_array_end, .)
 *(.jcr*)
 .jcr           0x20000a50        0x0 c:/program files (x86)/gnu tools arm embedded/4.8 2014q3/bin/../lib/gcc/arm-none-eabi/4.8.4/armv7e-m/crtbegin.o
 .jcr           0x20000a50        0x4 c:/program files (x86)/gnu tools arm embedded/4.8 2014q3/bin/../lib/gcc/arm-none-eabi/4.8.4/armv7e-m/crtend.o
                0x20000a54                . = ALIGN (0x4)
                0x20000a54                __data_end__ = .
                0x20000a54                _edata = __data_end__

.igot.plt       0x20000a54        0x0 load address 0x0800c52c
 .igot.plt      0x00000000        0x0 c:/program files (x86)/gnu tools arm embedded/4.8 2014q3/bin/../lib/gcc/arm-none-eabi/4.8.4/armv7e-m/crtbegin.o

.bss            0x20000a54      0x440 load address 0x0800c52c
                0x20000a54                . = ALIGN (0x4)
                0x20000a54                __bss_start__ = .
                0x20000a54                _sbss = __bss_start__
 *(.bss*)
 .bss           0x20000a54       0x1c c:/program files (x86)/gnu tools arm embedded/4.8 2014q3/bin/../lib/gcc/arm-none-eabi/4.8.4/armv7e-m/crtbegin.o
 .bss           0x20000a70        0x4 ..\obj\temp_sensors.o
                0x20000a70                TemperaturSensorenInstance
 .bss           0x20000a74        0x4 ..\obj\rotary.o
                0x20000a74                RotaryInstance
 .bss           0x20000a78        0x4 ..\obj\stepper.o
                0x20000a78                StepperInstance
 .bss           0x20000a7c       0x8c ..\obj\main.o
                0x20000a7c                OutputString
                0x20000a80                buff
                0x20000b04                led
 .bss           0x20000b08      0x188 ..\obj\fassade.o
                0x20000b08                bufferT
                0x20000c08                bufferD
                0x20000c8c                FassadeInstance
 .bss           0x20000c90        0x4 ..\obj\ampermeter.o
                0x20000c90                AmpermeterInstance
 .bss           0x20000c94       0x1c ..\obj\stm32_ub_systick.o
 .bss           0x20000cb0        0x4 ..\obj\display.o
                0x20000cb0                DisplayInstance
 .bss           0x20000cb4      0x104 ..\obj\terminal.o
                0x20000cb4                writeBuffer
                0x20000db4                TerminalInstance
 .bss           0x20000db8        0x8 ..\obj\adc.o
                0x20000db8                ADC_BUFF
                0x20000dbc                AnalogDigitalConverterInstance
 .bss           0x20000dc0        0x4 ..\obj\xbee.o
                0x20000dc0                XbeeInstance
 .bss.__malloc_max_total_mem
                0x20000dc4        0x4 c:/program files (x86)/gnu tools arm embedded/4.8 2014q3/bin/../lib/gcc/arm-none-eabi/4.8.4/../../../../arm-none-eabi/lib/armv7e-m\libc.a(lib_a-mallocr.o)
                0x20000dc4                __malloc_max_total_mem
 .bss.__malloc_max_sbrked_mem
                0x20000dc8        0x4 c:/program files (x86)/gnu tools arm embedded/4.8 2014q3/bin/../lib/gcc/arm-none-eabi/4.8.4/../../../../arm-none-eabi/lib/armv7e-m\libc.a(lib_a-mallocr.o)
                0x20000dc8                __malloc_max_sbrked_mem
 .bss.__malloc_top_pad
                0x20000dcc        0x4 c:/program files (x86)/gnu tools arm embedded/4.8 2014q3/bin/../lib/gcc/arm-none-eabi/4.8.4/../../../../arm-none-eabi/lib/armv7e-m\libc.a(lib_a-mallocr.o)
                0x20000dcc                __malloc_top_pad
 .bss.__malloc_current_mallinfo
                0x20000dd0       0x28 c:/program files (x86)/gnu tools arm embedded/4.8 2014q3/bin/../lib/gcc/arm-none-eabi/4.8.4/../../../../arm-none-eabi/lib/armv7e-m\libc.a(lib_a-mallocr.o)
                0x20000dd0                __malloc_current_mallinfo
 .bss.heap_end.4246
                0x20000df8        0x4 c:/program files (x86)/gnu tools arm embedded/4.8 2014q3/bin/../lib/gcc/arm-none-eabi/4.8.4/../../../../arm-none-eabi/lib/armv7e-m\libnosys.a(sbrk.o)
 *(COMMON)
 COMMON         0x20000dfc       0x7c ..\obj\stm32f4_discovery_audio_codec.o
                0x20000dfc                CurrentPos
                0x20000e00                AUDIO_MAL_DMA_InitStructure
                0x20000e3c                DMA_InitStructure
 COMMON         0x20000e78       0x16 ..\obj\tm_stm32f4_onewire.o
                0x20000e78                TM_OneWire_GPIO_InitDef
                0x20000e80                TM_OneWire_LastDeviceFlag
                0x20000e84                TM_OneWire_ROM_NO
                0x20000e8c                TM_OneWire_LastFamilyDiscrepancy
                0x20000e8d                TM_OneWire_LastDiscrepancy
 *fill*         0x20000e8e        0x2 
 COMMON         0x20000e90        0x4 c:/program files (x86)/gnu tools arm embedded/4.8 2014q3/bin/../lib/gcc/arm-none-eabi/4.8.4/../../../../arm-none-eabi/lib/armv7e-m\libc.a(lib_a-reent.o)
                0x20000e90                errno
                0x20000e94                . = ALIGN (0x4)
                0x20000e94                __bss_end__ = .
                0x20000e94                _ebss = __bss_end__

.heap           0x20000e94        0x0
                0x20000e94                __end__ = .
                0x20000e94                _end = __end__
                0x20000e94                end = __end__
 *(.heap*)
                0x20000e94                __HeapLimit = .

.co_stack       0x20000e94      0x804 load address 0x0800c96c
                0x20000e98                . = ALIGN (0x8)
 *fill*         0x20000e94        0x4 
 *(.co_stack .co_stack.*)
 .co_stack      0x20000e98      0x800 ..\obj\startup_stm32f4xx.o
                0x20000e98                pulStack
                0x20020000                __StackTop = (ORIGIN (RAM) + 0x20000)
                0x2001f7fc                __StackLimit = (__StackTop - SIZEOF (.co_stack))
                0x20020000                PROVIDE (__stack, __StackTop)
                0x00000001                ASSERT ((__StackLimit >= __HeapLimit), region RAM overflowed with stack)
LOAD ..\obj\stm32f4xx_syscfg.o
LOAD ..\obj\temp_sensors.o
LOAD ..\obj\tm_stm32f4_ds18b20.o
LOAD ..\obj\stm32f4_discovery_audio_codec.o
LOAD ..\obj\stm32f4xx_usart.o
LOAD ..\obj\stm32f4xx_pwr.o
LOAD ..\obj\rtc.o
LOAD ..\obj\quadrature_encoder.o
LOAD ..\obj\led.o
LOAD ..\obj\stm32f4xx_dac.o
LOAD ..\obj\rotary.o
LOAD ..\obj\stepper.o
LOAD ..\obj\startup_stm32f4xx.o
LOAD ..\obj\stm32f4_discovery.o
LOAD ..\obj\main.o
LOAD ..\obj\stm32f4xx_rcc.o
LOAD ..\obj\fassade.o
LOAD ..\obj\ampermeter.o
LOAD ..\obj\stm32f4xx_adc.o
LOAD ..\obj\stm32_ub_systick.o
LOAD ..\obj\display.o
LOAD ..\obj\tm_stm32f4_onewire.o
LOAD ..\obj\terminal.o
LOAD ..\obj\stm32f4xx_gpio.o
LOAD ..\obj\system_stm32f4xx.o
LOAD ..\obj\stm32f4xx_dma.o
LOAD ..\obj\adc.o
LOAD ..\obj\stm32f4_discovery_callbacks.o
LOAD ..\obj\stm32f4xx_spi.o
LOAD ..\obj\stm32f4xx_i2c.o
LOAD ..\obj\stm32f4xx_exti.o
LOAD ..\obj\misc.o
LOAD ..\obj\stm32f4_discovery_lis302dl.o
LOAD ..\obj\stm32f4xx_rtc.o
LOAD ..\obj\stm32f4xx_tim.o
LOAD ..\obj\xbee.o
LOAD ..\..\..\STM32F4-Discovery\libpdmfilter_gcc.a
LOAD c:/program files (x86)/gnu tools arm embedded/4.8 2014q3/bin/../lib/gcc/arm-none-eabi/4.8.4/../../../../arm-none-eabi/lib/armv7e-m\libm.a
LOAD c:/program files (x86)/gnu tools arm embedded/4.8 2014q3/bin/../lib/gcc/arm-none-eabi/4.8.4/armv7e-m\libgcc.a
LOAD c:/program files (x86)/gnu tools arm embedded/4.8 2014q3/bin/../lib/gcc/arm-none-eabi/4.8.4/../../../../arm-none-eabi/lib/armv7e-m\libc.a
LOAD c:/program files (x86)/gnu tools arm embedded/4.8 2014q3/bin/../lib/gcc/arm-none-eabi/4.8.4/../../../../arm-none-eabi/lib/armv7e-m\libstdc++.a
LOAD c:/program files (x86)/gnu tools arm embedded/4.8 2014q3/bin/../lib/gcc/arm-none-eabi/4.8.4/../../../../arm-none-eabi/lib/armv7e-m\libsupc++.a
LOAD c:/program files (x86)/gnu tools arm embedded/4.8 2014q3/bin/../lib/gcc/arm-none-eabi/4.8.4/../../../../arm-none-eabi/lib/armv7e-m\libnosys.a
START GROUP
LOAD c:/program files (x86)/gnu tools arm embedded/4.8 2014q3/bin/../lib/gcc/arm-none-eabi/4.8.4/armv7e-m\libgcc.a
LOAD c:/program files (x86)/gnu tools arm embedded/4.8 2014q3/bin/../lib/gcc/arm-none-eabi/4.8.4/../../../../arm-none-eabi/lib/armv7e-m\libg.a
LOAD c:/program files (x86)/gnu tools arm embedded/4.8 2014q3/bin/../lib/gcc/arm-none-eabi/4.8.4/../../../../arm-none-eabi/lib/armv7e-m\libc.a
END GROUP
LOAD c:/program files (x86)/gnu tools arm embedded/4.8 2014q3/bin/../lib/gcc/arm-none-eabi/4.8.4/armv7e-m/crtend.o
LOAD c:/program files (x86)/gnu tools arm embedded/4.8 2014q3/bin/../lib/gcc/arm-none-eabi/4.8.4/armv7e-m/crtn.o
OUTPUT(Gewaechshaus.elf elf32-littlearm)

.ARM.attributes
                0x00000000       0x2a
 .ARM.attributes
                0x00000000       0x1e c:/program files (x86)/gnu tools arm embedded/4.8 2014q3/bin/../lib/gcc/arm-none-eabi/4.8.4/armv7e-m/crti.o
 .ARM.attributes
                0x0000001e       0x2e c:/program files (x86)/gnu tools arm embedded/4.8 2014q3/bin/../lib/gcc/arm-none-eabi/4.8.4/armv7e-m/crtbegin.o
 .ARM.attributes
                0x0000004c       0x1c c:/program files (x86)/gnu tools arm embedded/4.8 2014q3/bin/../lib/gcc/arm-none-eabi/4.8.4/../../../../arm-none-eabi/lib/armv7e-m/crt0.o
 .ARM.attributes
                0x00000068       0x33 ..\obj\temp_sensors.o
 .ARM.attributes
                0x0000009b       0x33 ..\obj\tm_stm32f4_ds18b20.o
 .ARM.attributes
                0x000000ce       0x33 ..\obj\stm32f4_discovery_audio_codec.o
 .ARM.attributes
                0x00000101       0x33 ..\obj\stm32f4xx_usart.o
 .ARM.attributes
                0x00000134       0x33 ..\obj\quadrature_encoder.o
 .ARM.attributes
                0x00000167       0x33 ..\obj\led.o
 .ARM.attributes
                0x0000019a       0x33 ..\obj\stm32f4xx_dac.o
 .ARM.attributes
                0x000001cd       0x33 ..\obj\rotary.o
 .ARM.attributes
                0x00000200       0x33 ..\obj\stepper.o
 .ARM.attributes
                0x00000233       0x33 ..\obj\startup_stm32f4xx.o
 .ARM.attributes
                0x00000266       0x33 ..\obj\stm32f4_discovery.o
 .ARM.attributes
                0x00000299       0x33 ..\obj\main.o
 .ARM.attributes
                0x000002cc       0x33 ..\obj\stm32f4xx_rcc.o
 .ARM.attributes
                0x000002ff       0x33 ..\obj\fassade.o
 .ARM.attributes
                0x00000332       0x33 ..\obj\ampermeter.o
 .ARM.attributes
                0x00000365       0x33 ..\obj\stm32f4xx_adc.o
 .ARM.attributes
                0x00000398       0x33 ..\obj\stm32_ub_systick.o
 .ARM.attributes
                0x000003cb       0x33 ..\obj\display.o
 .ARM.attributes
                0x000003fe       0x33 ..\obj\tm_stm32f4_onewire.o
 .ARM.attributes
                0x00000431       0x33 ..\obj\terminal.o
 .ARM.attributes
                0x00000464       0x33 ..\obj\stm32f4xx_gpio.o
 .ARM.attributes
                0x00000497       0x33 ..\obj\system_stm32f4xx.o
 .ARM.attributes
                0x000004ca       0x33 ..\obj\stm32f4xx_dma.o
 .ARM.attributes
                0x000004fd       0x33 ..\obj\adc.o
 .ARM.attributes
                0x00000530       0x33 ..\obj\stm32f4_discovery_callbacks.o
 .ARM.attributes
                0x00000563       0x33 ..\obj\stm32f4xx_spi.o
 .ARM.attributes
                0x00000596       0x33 ..\obj\stm32f4xx_exti.o
 .ARM.attributes
                0x000005c9       0x33 ..\obj\misc.o
 .ARM.attributes
                0x000005fc       0x33 ..\obj\stm32f4xx_tim.o
 .ARM.attributes
                0x0000062f       0x33 ..\obj\xbee.o
 .ARM.attributes
                0x00000662       0x1e c:/program files (x86)/gnu tools arm embedded/4.8 2014q3/bin/../lib/gcc/arm-none-eabi/4.8.4/armv7e-m\libgcc.a(_arm_addsubdf3.o)
 .ARM.attributes
                0x00000680       0x1e c:/program files (x86)/gnu tools arm embedded/4.8 2014q3/bin/../lib/gcc/arm-none-eabi/4.8.4/armv7e-m\libgcc.a(_arm_muldivdf3.o)
 .ARM.attributes
                0x0000069e       0x1e c:/program files (x86)/gnu tools arm embedded/4.8 2014q3/bin/../lib/gcc/arm-none-eabi/4.8.4/armv7e-m\libgcc.a(_arm_fixdfsi.o)
 .ARM.attributes
                0x000006bc       0x1e c:/program files (x86)/gnu tools arm embedded/4.8 2014q3/bin/../lib/gcc/arm-none-eabi/4.8.4/armv7e-m\libgcc.a(_arm_truncdfsf2.o)
 .ARM.attributes
                0x000006da       0x1e c:/program files (x86)/gnu tools arm embedded/4.8 2014q3/bin/../lib/gcc/arm-none-eabi/4.8.4/armv7e-m\libgcc.a(_arm_addsubsf3.o)
 .ARM.attributes
                0x000006f8       0x1e c:/program files (x86)/gnu tools arm embedded/4.8 2014q3/bin/../lib/gcc/arm-none-eabi/4.8.4/armv7e-m\libgcc.a(_arm_muldivsf3.o)
 .ARM.attributes
                0x00000716       0x1e c:/program files (x86)/gnu tools arm embedded/4.8 2014q3/bin/../lib/gcc/arm-none-eabi/4.8.4/armv7e-m\libgcc.a(_arm_cmpsf2.o)
 .ARM.attributes
                0x00000734       0x1e c:/program files (x86)/gnu tools arm embedded/4.8 2014q3/bin/../lib/gcc/arm-none-eabi/4.8.4/armv7e-m\libgcc.a(_arm_fixsfsi.o)
 .ARM.attributes
                0x00000752       0x2e c:/program files (x86)/gnu tools arm embedded/4.8 2014q3/bin/../lib/gcc/arm-none-eabi/4.8.4/../../../../arm-none-eabi/lib/armv7e-m\libc.a(lib_a-aeabi_atexit.o)
 .ARM.attributes
                0x00000780       0x2e c:/program files (x86)/gnu tools arm embedded/4.8 2014q3/bin/../lib/gcc/arm-none-eabi/4.8.4/../../../../arm-none-eabi/lib/armv7e-m\libc.a(lib_a-atoi.o)
 .ARM.attributes
                0x000007ae       0x2e c:/program files (x86)/gnu tools arm embedded/4.8 2014q3/bin/../lib/gcc/arm-none-eabi/4.8.4/../../../../arm-none-eabi/lib/armv7e-m\libc.a(lib_a-cxa_atexit.o)
 .ARM.attributes
                0x000007dc       0x2e c:/program files (x86)/gnu tools arm embedded/4.8 2014q3/bin/../lib/gcc/arm-none-eabi/4.8.4/../../../../arm-none-eabi/lib/armv7e-m\libc.a(lib_a-exit.o)
 .ARM.attributes
                0x0000080a       0x2e c:/program files (x86)/gnu tools arm embedded/4.8 2014q3/bin/../lib/gcc/arm-none-eabi/4.8.4/../../../../arm-none-eabi/lib/armv7e-m\libc.a(lib_a-impure.o)
 .ARM.attributes
                0x00000838       0x2e c:/program files (x86)/gnu tools arm embedded/4.8 2014q3/bin/../lib/gcc/arm-none-eabi/4.8.4/../../../../arm-none-eabi/lib/armv7e-m\libc.a(lib_a-init.o)
 .ARM.attributes
                0x00000866       0x2e c:/program files (x86)/gnu tools arm embedded/4.8 2014q3/bin/../lib/gcc/arm-none-eabi/4.8.4/../../../../arm-none-eabi/lib/armv7e-m\libc.a(lib_a-malloc.o)
 .ARM.attributes
                0x00000894       0x2e c:/program files (x86)/gnu tools arm embedded/4.8 2014q3/bin/../lib/gcc/arm-none-eabi/4.8.4/../../../../arm-none-eabi/lib/armv7e-m\libc.a(lib_a-mallocr.o)
 .ARM.attributes