Archive member included because of file (symbol)

d:/dev/arm_gcc/bin/../lib/gcc/arm-none-eabi/4.8.4/armv7e-m\libgcc.a(_arm_addsubdf3.o)
                              ..\obj\adc.o (__aeabi_i2d)
d:/dev/arm_gcc/bin/../lib/gcc/arm-none-eabi/4.8.4/armv7e-m\libgcc.a(_arm_muldivdf3.o)
                              ..\obj\adc.o (__aeabi_dmul)
d:/dev/arm_gcc/bin/../lib/gcc/arm-none-eabi/4.8.4/armv7e-m\libgcc.a(_arm_truncdfsf2.o)
                              ..\obj\adc.o (__aeabi_d2f)
d:/dev/arm_gcc/bin/../lib/gcc/arm-none-eabi/4.8.4/armv7e-m\libgcc.a(_arm_addsubsf3.o)
                              ..\obj\tm_stm32f4_ds18b20.o (__aeabi_fsub)
d:/dev/arm_gcc/bin/../lib/gcc/arm-none-eabi/4.8.4/armv7e-m\libgcc.a(_arm_muldivsf3.o)
                              ..\obj\tm_stm32f4_ds18b20.o (__aeabi_fmul)
d:/dev/arm_gcc/bin/../lib/gcc/arm-none-eabi/4.8.4/armv7e-m\libgcc.a(unwind-arm.o)
                              ..\obj\uart.o (__aeabi_unwind_cpp_pr0)
d:/dev/arm_gcc/bin/../lib/gcc/arm-none-eabi/4.8.4/armv7e-m\libgcc.a(libunwind.o)
                              d:/dev/arm_gcc/bin/../lib/gcc/arm-none-eabi/4.8.4/armv7e-m\libgcc.a(unwind-arm.o) (restore_core_regs)
d:/dev/arm_gcc/bin/../lib/gcc/arm-none-eabi/4.8.4/armv7e-m\libgcc.a(pr-support.o)
                              d:/dev/arm_gcc/bin/../lib/gcc/arm-none-eabi/4.8.4/armv7e-m\libgcc.a(unwind-arm.o) (__gnu_unwind_execute)
d:/dev/arm_gcc/bin/../lib/gcc/arm-none-eabi/4.8.4/../../../../arm-none-eabi/lib/armv7e-m\libc.a(lib_a-abort.o)
                              d:/dev/arm_gcc/bin/../lib/gcc/arm-none-eabi/4.8.4/armv7e-m\libgcc.a(unwind-arm.o) (abort)
d:/dev/arm_gcc/bin/../lib/gcc/arm-none-eabi/4.8.4/../../../../arm-none-eabi/lib/armv7e-m\libc.a(lib_a-aeabi_atexit.o)
                              ..\obj\main.o (__aeabi_atexit)
d:/dev/arm_gcc/bin/../lib/gcc/arm-none-eabi/4.8.4/../../../../arm-none-eabi/lib/armv7e-m\libc.a(lib_a-cxa_atexit.o)
                              d:/dev/arm_gcc/bin/../lib/gcc/arm-none-eabi/4.8.4/../../../../arm-none-eabi/lib/armv7e-m\libc.a(lib_a-aeabi_atexit.o) (__cxa_atexit)
d:/dev/arm_gcc/bin/../lib/gcc/arm-none-eabi/4.8.4/../../../../arm-none-eabi/lib/armv7e-m\libc.a(lib_a-exit.o)
                              d:/dev/arm_gcc/bin/../lib/gcc/arm-none-eabi/4.8.4/../../../../arm-none-eabi/lib/armv7e-m/crt0.o (exit)
d:/dev/arm_gcc/bin/../lib/gcc/arm-none-eabi/4.8.4/../../../../arm-none-eabi/lib/armv7e-m\libc.a(lib_a-impure.o)
                              d:/dev/arm_gcc/bin/../lib/gcc/arm-none-eabi/4.8.4/../../../../arm-none-eabi/lib/armv7e-m\libc.a(lib_a-exit.o) (_global_impure_ptr)
d:/dev/arm_gcc/bin/../lib/gcc/arm-none-eabi/4.8.4/../../../../arm-none-eabi/lib/armv7e-m\libc.a(lib_a-init.o)
                              d:/dev/arm_gcc/bin/../lib/gcc/arm-none-eabi/4.8.4/../../../../arm-none-eabi/lib/armv7e-m/crt0.o (__libc_init_array)
d:/dev/arm_gcc/bin/../lib/gcc/arm-none-eabi/4.8.4/../../../../arm-none-eabi/lib/armv7e-m\libc.a(lib_a-malloc.o)
                              ..\obj\uart.o (malloc)
d:/dev/arm_gcc/bin/../lib/gcc/arm-none-eabi/4.8.4/../../../../arm-none-eabi/lib/armv7e-m\libc.a(lib_a-mallocr.o)
                              d:/dev/arm_gcc/bin/../lib/gcc/arm-none-eabi/4.8.4/../../../../arm-none-eabi/lib/armv7e-m\libc.a(lib_a-malloc.o) (_malloc_r)
d:/dev/arm_gcc/bin/../lib/gcc/arm-none-eabi/4.8.4/../../../../arm-none-eabi/lib/armv7e-m\libc.a(lib_a-memcpy.o)
                              d:/dev/arm_gcc/bin/../lib/gcc/arm-none-eabi/4.8.4/armv7e-m\libgcc.a(unwind-arm.o) (memcpy)
d:/dev/arm_gcc/bin/../lib/gcc/arm-none-eabi/4.8.4/../../../../arm-none-eabi/lib/armv7e-m\libc.a(lib_a-memset.o)
                              d:/dev/arm_gcc/bin/../lib/gcc/arm-none-eabi/4.8.4/../../../../arm-none-eabi/lib/armv7e-m/crt0.o (memset)
d:/dev/arm_gcc/bin/../lib/gcc/arm-none-eabi/4.8.4/../../../../arm-none-eabi/lib/armv7e-m\libc.a(lib_a-mlock.o)
                              d:/dev/arm_gcc/bin/../lib/gcc/arm-none-eabi/4.8.4/../../../../arm-none-eabi/lib/armv7e-m\libc.a(lib_a-mallocr.o) (__malloc_lock)
d:/dev/arm_gcc/bin/../lib/gcc/arm-none-eabi/4.8.4/../../../../arm-none-eabi/lib/armv7e-m\libc.a(lib_a-sbrkr.o)
                              d:/dev/arm_gcc/bin/../lib/gcc/arm-none-eabi/4.8.4/../../../../arm-none-eabi/lib/armv7e-m\libc.a(lib_a-mallocr.o) (_sbrk_r)
d:/dev/arm_gcc/bin/../lib/gcc/arm-none-eabi/4.8.4/../../../../arm-none-eabi/lib/armv7e-m\libc.a(lib_a-signal.o)
                              d:/dev/arm_gcc/bin/../lib/gcc/arm-none-eabi/4.8.4/../../../../arm-none-eabi/lib/armv7e-m\libc.a(lib_a-abort.o) (raise)
d:/dev/arm_gcc/bin/../lib/gcc/arm-none-eabi/4.8.4/../../../../arm-none-eabi/lib/armv7e-m\libc.a(lib_a-signalr.o)
                              d:/dev/arm_gcc/bin/../lib/gcc/arm-none-eabi/4.8.4/../../../../arm-none-eabi/lib/armv7e-m\libc.a(lib_a-signal.o) (_kill_r)
d:/dev/arm_gcc/bin/../lib/gcc/arm-none-eabi/4.8.4/../../../../arm-none-eabi/lib/armv7e-m\libc.a(lib_a-sprintf.o)
                              ..\obj\main.o (sprintf)
[...]
Memory Configuration

Name             Origin             Length             Attributes
FLASH            0x08000000         0x00100000         xr
RAM              0x20000000         0x00020000         xrw
RAM1             0x10000000         0x00010000         xrw
*default*        0x00000000         0xffffffff

Linker script and memory map

LOAD d:/dev/arm_gcc/bin/../lib/gcc/arm-none-eabi/4.8.4/armv7e-m/crti.o
LOAD d:/dev/arm_gcc/bin/../lib/gcc/arm-none-eabi/4.8.4/armv7e-m/crtbegin.o
LOAD d:/dev/arm_gcc/bin/../lib/gcc/arm-none-eabi/4.8.4/../../../../arm-none-eabi/lib/armv7e-m/crt0.o

.text           0x08000000     0x9608
 *(.isr_vector)
 .isr_vector    0x08000000      0x188 ..\obj\startup_stm32f4xx.o
                0x08000000                g_pfnVectors
 *(.text*)
 .text          0x08000188       0x54 d:/dev/arm_gcc/bin/../lib/gcc/arm-none-eabi/4.8.4/armv7e-m/crtbegin.o
 .text          0x080001dc       0x74 d:/dev/arm_gcc/bin/../lib/gcc/arm-none-eabi/4.8.4/../../../../arm-none-eabi/lib/armv7e-m/crt0.o
                0x080001dc                _start
                0x080001dc                _mainCRTStartup
 .text._ZN18TemperaturSensorenC2Ev
                0x08000250       0x94 ..\obj\temp_sensors.o
                0x08000250                TemperaturSensoren::TemperaturSensoren()
                0x08000250                TemperaturSensoren::TemperaturSensoren()
 .text._ZN18TemperaturSensoren30startTempMeasurementAllSensorsEv
                0x080002e4       0x5c ..\obj\temp_sensors.o
                0x080002e4                TemperaturSensoren::startTempMeasurementAllSensors()
 .text._ZN18TemperaturSensoren25getAnzahlGefunderSensorenEv
                0x08000340       0x18 ..\obj\temp_sensors.o
                0x08000340                TemperaturSensoren::getAnzahlGefunderSensoren()
 .text._ZN18TemperaturSensoren21getTempWertFromSensorEh
                0x08000358       0x30 ..\obj\temp_sensors.o
                0x08000358                TemperaturSensoren::getTempWertFromSensor(unsigned char)
 .text.TM_DS18B20_StartAll
                0x08000388       0x18 ..\obj\tm_stm32f4_ds18b20.o
                0x08000388                TM_DS18B20_StartAll
 .text.TM_DS18B20_Read
                0x080003a0      0x18c ..\obj\tm_stm32f4_ds18b20.o
                0x080003a0                TM_DS18B20_Read
 .text.TM_DS18B20_GetResolution
                0x0800052c       0x58 ..\obj\tm_stm32f4_ds18b20.o
                0x0800052c                TM_DS18B20_GetResolution
 .text.TM_DS18B20_SetResolution
                0x08000584       0xec ..\obj\tm_stm32f4_ds18b20.o
                0x08000584                TM_DS18B20_SetResolution
 .text.TM_DS18B20_Is
                0x08000670       0x24 ..\obj\tm_stm32f4_ds18b20.o
                0x08000670                TM_DS18B20_Is
 .text.TM_DS18B20_AllDone
                0x08000694       0x10 ..\obj\tm_stm32f4_ds18b20.o
                0x08000694                TM_DS18B20_AllDone
 .text.Audio_MAL_IRQHandler
                0x080006a4       0xf8 ..\obj\stm32f4_discovery_audio_codec.o
 .text.DMA1_Stream7_IRQHandler
                0x0800079c        0xc ..\obj\stm32f4_discovery_audio_codec.o
                0x0800079c                DMA1_Stream7_IRQHandler
 .text.DMA1_Stream0_IRQHandler
                0x080007a8        0xc ..\obj\stm32f4_discovery_audio_codec.o
                0x080007a8                DMA1_Stream0_IRQHandler
 .text.SPI3_IRQHandler
                0x080007b4       0x40 ..\obj\stm32f4_discovery_audio_codec.o
                0x080007b4                SPI3_IRQHandler
 .text.USART_Init
                0x080007f4      0x174 ..\obj\stm32f4xx_usart.o
                0x080007f4                USART_Init
 .text.USART_Cmd
                0x08000968       0x40 ..\obj\stm32f4xx_usart.o
                0x08000968                USART_Cmd
 .text.USART_SendData
                0x080009a8       0x24 ..\obj\stm32f4xx_usart.o
                0x080009a8                USART_SendData
 .text.USART_ReceiveData
                0x080009cc       0x20 ..\obj\stm32f4xx_usart.o
                0x080009cc                USART_ReceiveData
 .text.USART_DMACmd
                0x080009ec       0x48 ..\obj\stm32f4xx_usart.o
                0x080009ec                USART_DMACmd
 .text.USART_ITConfig
                0x08000a34       0x90 ..\obj\stm32f4xx_usart.o
                0x08000a34                USART_ITConfig
 .text.USART_GetFlagStatus
                0x08000ac4       0x38 ..\obj\stm32f4xx_usart.o
                0x08000ac4                USART_GetFlagStatus
 .text.USART_ClearFlag
                0x08000afc       0x20 ..\obj\stm32f4xx_usart.o
                0x08000afc                USART_ClearFlag
 .text.USART_GetITStatus
                0x08000b1c       0xb0 ..\obj\stm32f4xx_usart.o
                0x08000b1c                USART_GetITStatus
 .text._ZN17QuadratureEncoderC2Ev
                0x08000bcc       0xa0 ..\obj\quadrature_encoder.o
                0x08000bcc                QuadratureEncoder::QuadratureEncoder()
                0x08000bcc                QuadratureEncoder::QuadratureEncoder()
 .text._ZN17QuadratureEncoder5resetEv
                0x08000c6c       0x24 ..\obj\quadrature_encoder.o
                0x08000c6c                QuadratureEncoder::reset()
 .text._ZN17QuadratureEncoder4readEv
                0x08000c90       0x50 ..\obj\quadrature_encoder.o
                0x08000c90                QuadratureEncoder::read()
 .text._ZN17QuadratureEncoder13getRotaryDiffEv
                0x08000ce0       0x1c ..\obj\quadrature_encoder.o
                0x08000ce0                QuadratureEncoder::getRotaryDiff()
 .text._ZN3LEDC2Ev
                0x08000cfc       0x18 ..\obj\led.o
                0x08000cfc                LED::LED()
                0x08000cfc                LED::LED()
 .text._ZN3LEDD2Ev
                0x08000d14       0x18 ..\obj\led.o
                0x08000d14                LED::~LED()
                0x08000d14                LED::~LED()
 .text.DAC_SetChannel1Data
                0x08000d2c       0x34 ..\obj\stm32f4xx_dac.o
                0x08000d2c                DAC_SetChannel1Data
 .text.EXTI9_5_IRQHandler
                0x08000d60       0xb8 ..\obj\rotary.o
                0x08000d60                EXTI9_5_IRQHandler
 .text._ZN5UsartC2Ei
                0x08000e18       0x50 ..\obj\uart.o
                0x08000e18                Usart::Usart(int)
                0x08000e18                Usart::Usart(int)
 .text._ZN5Usart11buffer_initEv
                0x08000e68       0x2c ..\obj\uart.o
                0x08000e68                Usart::buffer_init()
 .text._ZN5Usart8BufferInEc
                0x08000e94       0x70 ..\obj\uart.o
                0x08000e94                Usart::BufferIn(char)
 .text._ZN5Usart9BufferOutEPc
                0x08000f04       0x58 ..\obj\uart.o
                0x08000f04                Usart::BufferOut(char*)
 .text._ZN5Usart10ReadBufferEv
                0x08000f5c       0x70 ..\obj\uart.o
                0x08000f5c                Usart::ReadBuffer()
 .text._ZN5Usart13usart3InitDMAEv
                0x08000fcc       0xb0 ..\obj\uart.o
                0x08000fcc                Usart::usart3InitDMA()
 .text._ZN5Usart10SendViaDmaEPci
                0x0800107c       0x9c ..\obj\uart.o
                0x0800107c                Usart::SendViaDma(char*, int)
 .text._ZN5Usart10usart3InitEv
                0x08001118       0xe0 ..\obj\uart.o
                0x08001118                Usart::usart3Init()
 .text._ZN5Usart11uartPutCharEt
                0x080011f8       0x3c ..\obj\uart.o
                0x080011f8                Usart::uartPutChar(unsigned short)
 .text._ZN5Usart14uartSendStringEPc
                0x08001234       0x2c ..\obj\uart.o
                0x08001234                Usart::uartSendString(char*)
 .text._ZN5Usart15EnableSingeltonEv
                0x08001260       0x1c ..\obj\uart.o
                0x08001260                Usart::EnableSingelton()
 .text.DMA1_Stream3_IRQHandler
                0x0800127c       0x30 ..\obj\uart.o
                0x0800127c                DMA1_Stream3_IRQHandler
 .text.USART3_IRQHandler
                0x080012ac       0x48 ..\obj\uart.o
                0x080012ac                USART3_IRQHandler
 .text.Default_Reset_Handler
                0x080012f4       0x5c ..\obj\startup_stm32f4xx.o
                0x080012f4                Default_Reset_Handler
                0x080012f4                Reset_Handler
 .text.Default_Handler
                0x08001350        0x8 ..\obj\startup_stm32f4xx.o
                0x08001350                RTC_Alarm_IRQHandler
                0x08001350                HASH_RNG_IRQHandler
                0x08001350                EXTI2_IRQHandler
                0x08001350                TIM8_CC_IRQHandler
                0x08001350                DebugMon_Handler
                0x08001350                TIM1_CC_IRQHandler
                0x08001350                DMA2_Stream5_IRQHandler
                0x08001350                HardFault_Handler
                0x08001350                DMA1_Stream5_IRQHandler
                0x08001350                PVD_IRQHandler
                0x08001350                SDIO_IRQHandler
                0x08001350                TAMP_STAMP_IRQHandler
                0x08001350                PendSV_Handler
                0x08001350                NMI_Handler
                0x08001350                CAN2_RX1_IRQHandler
                0x08001350                EXTI3_IRQHandler
                0x08001350                TIM8_TRG_COM_TIM14_IRQHandler
                0x08001350                TIM1_UP_TIM10_IRQHandler
                0x08001350                TIM8_UP_TIM13_IRQHandler
                0x08001350                I2C3_ER_IRQHandler
                0x08001350                EXTI0_IRQHandler
                0x08001350                I2C2_EV_IRQHandler
                0x08001350                DMA1_Stream2_IRQHandler
                0x08001350                CAN1_RX0_IRQHandler
                0x08001350                FPU_IRQHandler
                0x08001350                OTG_HS_WKUP_IRQHandler
                0x08001350                UsageFault_Handler
                0x08001350                CAN2_SCE_IRQHandler
                0x08001350                DMA2_Stream2_IRQHandler
                0x08001350                SPI1_IRQHandler
                0x08001350                TIM6_DAC_IRQHandler
                0x08001350                TIM1_BRK_TIM9_IRQHandler
                0x08001350                DCMI_IRQHandler
                0x08001350                CAN2_RX0_IRQHandler
                0x08001350                DMA2_Stream3_IRQHandler
                0x08001350                USART6_IRQHandler
                0x08001350                CRYP_IRQHandler
                0x08001350                CAN1_RX1_IRQHandler
                0x08001350                UART5_IRQHandler
                0x08001350                DMA2_Stream0_IRQHandler
                0x08001350                TIM4_IRQHandler
                0x08001350                I2C1_EV_IRQHandler
                0x08001350                DMA1_Stream6_IRQHandler
                0x08001350                DMA1_Stream1_IRQHandler
                0x08001350                UART4_IRQHandler
                0x08001350                TIM3_IRQHandler
                0x08001350                RCC_IRQHandler
                0x08001350                TIM8_BRK_TIM12_IRQHandler
                0x08001350                EXTI15_10_IRQHandler
                0x08001350                ADC_IRQHandler
                0x08001350                TIM7_IRQHandler
                0x08001350                CAN2_TX_IRQHandler
                0x08001350                TIM5_IRQHandler
                0x08001350                DMA2_Stream7_IRQHandler
                0x08001350                I2C3_EV_IRQHandler
                0x08001350                RTC_WKUP_IRQHandler
                0x08001350                ETH_WKUP_IRQHandler
                0x08001350                SPI2_IRQHandler
                0x08001350                OTG_HS_EP1_IN_IRQHandler
                0x08001350                MemManage_Handler
                0x08001350                CAN1_TX_IRQHandler
                0x08001350                SVC_Handler
                0x08001350                EXTI4_IRQHandler
                0x08001350                FSMC_IRQHandler
                0x08001350                ETH_IRQHandler
                0x08001350                OTG_HS_EP1_OUT_IRQHandler
                0x08001350                WWDG_IRQHandler
                0x08001350                TIM2_IRQHandler
                0x08001350                OTG_FS_WKUP_IRQHandler
                0x08001350                TIM1_TRG_COM_TIM11_IRQHandler
                0x08001350                OTG_HS_IRQHandler
                0x08001350                EXTI1_IRQHandler
                0x08001350                USART2_IRQHandler
                0x08001350                I2C2_ER_IRQHandler
                0x08001350                DMA2_Stream1_IRQHandler
                0x08001350                CAN1_SCE_IRQHandler
                0x08001350                FLASH_IRQHandler
                0x08001350                DMA2_Stream4_IRQHandler
                0x08001350                BusFault_Handler
                0x08001350                USART1_IRQHandler
                0x08001350                OTG_FS_IRQHandler
                0x08001350                DMA1_Stream4_IRQHandler
                0x08001350                I2C1_ER_IRQHandler
                0x08001350                DMA2_Stream6_IRQHandler
 .text.STM_EVAL_LEDInit
                0x08001358       0x5c ..\obj\stm32f4_discovery.o
                0x08001358                STM_EVAL_LEDInit
 .text.main     0x080013b4      0x138 ..\obj\main.o
                0x080013b4                main
 .text._Z41__static_initialization_and_destruction_0ii
                0x080014ec       0x3c ..\obj\main.o
 .text._GLOBAL__sub_I_buffer
                0x08001528       0x10 ..\obj\main.o
 .text.RCC_GetClocksFreq
                0x08001538      0x154 ..\obj\stm32f4xx_rcc.o
                0x08001538                RCC_GetClocksFreq
 .text.RCC_AHB1PeriphClockCmd
                0x0800168c       0x3c ..\obj\stm32f4xx_rcc.o
                0x0800168c                RCC_AHB1PeriphClockCmd
 .text.RCC_APB1PeriphClockCmd
                0x080016c8       0x3c ..\obj\stm32f4xx_rcc.o
                0x080016c8                RCC_APB1PeriphClockCmd
 .text.RCC_APB2PeriphClockCmd
                0x08001704       0x3c ..\obj\stm32f4xx_rcc.o
                0x08001704                RCC_APB2PeriphClockCmd
 .text.RCC_APB2PeriphResetCmd
                0x08001740       0x3c ..\obj\stm32f4xx_rcc.o
                0x08001740                RCC_APB2PeriphResetCmd
 .text.ADC_DeInit
                0x0800177c       0x1c ..\obj\stm32f4xx_adc.o
                0x0800177c                ADC_DeInit
 .text.ADC_Init
                0x08001798       0xa8 ..\obj\stm32f4xx_adc.o
                0x08001798                ADC_Init
 .text.ADC_CommonInit
                0x08001840       0x50 ..\obj\stm32f4xx_adc.o
                0x08001840                ADC_CommonInit
 .text.ADC_Cmd  0x08001890       0x38 ..\obj\stm32f4xx_adc.o
                0x08001890                ADC_Cmd
 .text.ADC_RegularChannelConfig
                0x080018c8      0x188 ..\obj\stm32f4xx_adc.o
                0x080018c8                ADC_RegularChannelConfig
 .text.ADC_SoftwareStartConv
                0x08001a50       0x20 ..\obj\stm32f4xx_adc.o
                0x08001a50                ADC_SoftwareStartConv
 .text.ADC_DMACmd
                0x08001a70       0x38 ..\obj\stm32f4xx_adc.o
                0x08001a70                ADC_DMACmd
 .text.ADC_DMARequestAfterLastTransferCmd
                0x08001aa8       0x38 ..\obj\stm32f4xx_adc.o
                0x08001aa8                ADC_DMARequestAfterLastTransferCmd
 .text.NVIC_SetPriority
                0x08001ae0       0x54 ..\obj\stm32_ub_systick.o
 .text.SysTick_Config
                0x08001b34       0x44 ..\obj\stm32_ub_systick.o
 .text.UB_Systick_Init
                0x08001b78       0x68 ..\obj\stm32_ub_systick.o
                0x08001b78                UB_Systick_Init
 .text.UB_Systick_Pause_us
                0x08001be0       0x28 ..\obj\stm32_ub_systick.o
                0x08001be0                UB_Systick_Pause_us
 .text.UB_Systick_Pause_ms
                0x08001c08       0x2c ..\obj\stm32_ub_systick.o
                0x08001c08                UB_Systick_Pause_ms
 .text.SysTick_Handler
                0x08001c34       0x7c ..\obj\stm32_ub_systick.o
                0x08001c34                SysTick_Handler
 .text.TM_OneWire_Init
                0x08001cb0       0x40 ..\obj\tm_stm32f4_onewire.o
                0x08001cb0                TM_OneWire_Init
 .text.TM_OneWire_Reset
                0x08001cf0       0x5c ..\obj\tm_stm32f4_onewire.o
                0x08001cf0                TM_OneWire_Reset
 .text.TM_OneWire_ReadBit
                0x08001d4c       0x64 ..\obj\tm_stm32f4_onewire.o
                0x08001d4c                TM_OneWire_ReadBit
 .text.TM_OneWire_ReadByte
                0x08001db0       0x3c ..\obj\tm_stm32f4_onewire.o
                0x08001db0                TM_OneWire_ReadByte
 .text.TM_OneWire_WriteBit
                0x08001dec       0x5c ..\obj\tm_stm32f4_onewire.o
                0x08001dec                TM_OneWire_WriteBit
 .text.TM_OneWire_WriteByte
                0x08001e48       0x34 ..\obj\tm_stm32f4_onewire.o
                0x08001e48                TM_OneWire_WriteByte
 .text.TM_OneWire_First
                0x08001e7c       0x14 ..\obj\tm_stm32f4_onewire.o
                0x08001e7c                TM_OneWire_First
 .text.TM_OneWire_Next
                0x08001e90       0x10 ..\obj\tm_stm32f4_onewire.o
                0x08001e90                TM_OneWire_Next
 .text.TM_OneWire_ResetSearch
                0x08001ea0       0x2c ..\obj\tm_stm32f4_onewire.o
                0x08001ea0                TM_OneWire_ResetSearch
 .text.TM_OneWire_Search
                0x08001ecc      0x180 ..\obj\tm_stm32f4_onewire.o
                0x08001ecc                TM_OneWire_Search
 .text.TM_OneWire_SelectWithPointer
                0x0800204c       0x34 ..\obj\tm_stm32f4_onewire.o
                0x0800204c                TM_OneWire_SelectWithPointer
 .text.TM_OneWire_GetFullROM
                0x08002080       0x38 ..\obj\tm_stm32f4_onewire.o
                0x08002080                TM_OneWire_GetFullROM
 .text.GPIO_Init
                0x080020b8      0x11c ..\obj\stm32f4xx_gpio.o
                0x080020b8                GPIO_Init
 .text.GPIO_ReadInputDataBit
                0x080021d4       0x34 ..\obj\stm32f4xx_gpio.o
                0x080021d4                GPIO_ReadInputDataBit
 .text.GPIO_PinAFConfig
                0x08002208       0x8c ..\obj\stm32f4xx_gpio.o
                0x08002208                GPIO_PinAFConfig
 .text.SystemInit
                0x08002294       0x58 ..\obj\system_stm32f4xx.o
                0x08002294                SystemInit
 .text.SetSysClock
                0x080022ec       0xf4 ..\obj\system_stm32f4xx.o
 .text.DMA_DeInit
                0x080023e0      0x1a4 ..\obj\stm32f4xx_dma.o
                0x080023e0                DMA_DeInit
 .text.DMA_Init
                0x08002584       0xac ..\obj\stm32f4xx_dma.o
                0x08002584                DMA_Init
 .text.DMA_Cmd  0x08002630       0x38 ..\obj\stm32f4xx_dma.o
                0x08002630                DMA_Cmd
 .text.DMA_GetCmdStatus
                0x08002668       0x30 ..\obj\stm32f4xx_dma.o
                0x08002668                DMA_GetCmdStatus
 .text.DMA_GetFlagStatus
                0x08002698       0x78 ..\obj\stm32f4xx_dma.o
                0x08002698                DMA_GetFlagStatus
 .text.DMA_ClearFlag
                0x08002710       0x5c ..\obj\stm32f4xx_dma.o
                0x08002710                DMA_ClearFlag
 .text.DMA_ITConfig
                0x0800276c       0x74 ..\obj\stm32f4xx_dma.o
                0x0800276c                DMA_ITConfig
 .text.DMA_GetITStatus
                0x080027e0       0xb0 ..\obj\stm32f4xx_dma.o
                0x080027e0                DMA_GetITStatus
 .text.DMA_ClearITPendingBit
                0x08002890       0x5c ..\obj\stm32f4xx_dma.o
                0x08002890                DMA_ClearITPendingBit
 .text._ZN22AnalogDigitalConverterC2Ev
                0x080028ec      0x140 ..\obj\adc.o
                0x080028ec                AnalogDigitalConverter::AnalogDigitalConverter()
                0x080028ec                AnalogDigitalConverter::AnalogDigitalConverter()
 .text._ZN22AnalogDigitalConverter17getConvertedValueEv
                0x08002a2c       0x1c ..\obj\adc.o
                0x08002a2c                AnalogDigitalConverter::getConvertedValue()
 .text._ZN22AnalogDigitalConverter26getConvertedValueAsVoltageEv
                0x08002a48       0x50 ..\obj\adc.o
                0x08002a48                AnalogDigitalConverter::getConvertedValueAsVoltage()
 .text.EVAL_AUDIO_TransferComplete_CallBack
                0x08002a98       0x14 ..\obj\stm32f4_discovery_callbacks.o
                0x08002a98                EVAL_AUDIO_TransferComplete_CallBack
 .text.EVAL_AUDIO_GetSampleCallBack
                0x08002aac       0x10 ..\obj\stm32f4_discovery_callbacks.o
                0x08002aac                EVAL_AUDIO_GetSampleCallBack
 .text.SPI_I2S_SendData
                0x08002abc       0x1c ..\obj\stm32f4xx_spi.o
                0x08002abc                SPI_I2S_SendData
 .text.SPI_I2S_GetFlagStatus
                0x08002ad8       0x38 ..\obj\stm32f4xx_spi.o
                0x08002ad8                SPI_I2S_GetFlagStatus
 .text.EXTI_GetITStatus
                0x08002b10       0x48 ..\obj\stm32f4xx_exti.o
                0x08002b10                EXTI_GetITStatus
 .text.EXTI_ClearITPendingBit
                0x08002b58       0x1c ..\obj\stm32f4xx_exti.o
                0x08002b58                EXTI_ClearITPendingBit
 .text.NVIC_PriorityGroupConfig
                0x08002b74       0x24 ..\obj\misc.o
                0x08002b74                NVIC_PriorityGroupConfig
 .text.NVIC_Init
                0x08002b98       0xbc ..\obj\misc.o
                0x08002b98                NVIC_Init
 .text.TIM_SetAutoreload
                0x08002c54       0x1c ..\obj\stm32f4xx_tim.o
                0x08002c54                TIM_SetAutoreload
 .text.TIM_GetCounter
                0x08002c70       0x18 ..\obj\stm32f4xx_tim.o
                0x08002c70                TIM_GetCounter
 .text.TIM_Cmd  0x08002c88       0x40 ..\obj\stm32f4xx_tim.o
                0x08002c88                TIM_Cmd
 .text.TIM_ICInit
                0x08002cc8       0xa8 ..\obj\stm32f4xx_tim.o
                0x08002cc8                TIM_ICInit
 .text.TIM_ICStructInit
                0x08002d70       0x30 ..\obj\stm32f4xx_tim.o
                0x08002d70                TIM_ICStructInit
 .text.TIM_SetIC1Prescaler
                0x08002da0       0x38 ..\obj\stm32f4xx_tim.o
                0x08002da0                TIM_SetIC1Prescaler
 .text.TIM_SetIC2Prescaler
                0x08002dd8       0x3c ..\obj\stm32f4xx_tim.o
                0x08002dd8                TIM_SetIC2Prescaler
 .text.TIM_SetIC3Prescaler
                0x08002e14       0x38 ..\obj\stm32f4xx_tim.o
                0x08002e14                TIM_SetIC3Prescaler
 .text.TIM_SetIC4Prescaler
                0x08002e4c       0x3c ..\obj\stm32f4xx_tim.o
                0x08002e4c                TIM_SetIC4Prescaler
 .text.TIM_EncoderInterfaceConfig
                0x08002e88       0x8c ..\obj\stm32f4xx_tim.o
                0x08002e88                TIM_EncoderInterfaceConfig
 .text.TI1_Config
                0x08002f14       0x78 ..\obj\stm32f4xx_tim.o
 .text.TI2_Config
                0x08002f8c       0x8c ..\obj\stm32f4xx_tim.o
 .text.TI3_Config
                0x08003018       0x84 ..\obj\stm32f4xx_tim.o
 .text.TI4_Config
                0x0800309c       0x90 ..\obj\stm32f4xx_tim.o
 .text          0x0800312c      0x370 d:/dev/arm_gcc/bin/../lib/gcc/arm-none-eabi/4.8.4/armv7e-m\libgcc.a(_arm_addsubdf3.o)
                0x0800312c                __aeabi_drsub
                0x08003134                __aeabi_dsub
                0x08003134                __subdf3
                0x08003138                __aeabi_dadd
                0x08003138                __adddf3
                0x080033b0                __floatunsidf
                0x080033b0                __aeabi_ui2d
                0x080033d0                __floatsidf
                0x080033d0                __aeabi_i2d
                0x080033f4                __aeabi_f2d
                0x080033f4                __extendsfdf2
                0x08003430                __floatundidf
                0x08003430                __aeabi_ul2d
                0x08003440                __floatdidf
                0x08003440                __aeabi_l2d
 .text          0x0800349c      0x424 d:/dev/arm_gcc/bin/../lib/gcc/arm-none-eabi/4.8.4/armv7e-m\libgcc.a(_arm_muldivdf3.o)
                0x0800349c                __aeabi_dmul
                0x0800349c                __muldf3
                0x080036f0                __divdf3
                0x080036f0                __aeabi_ddiv
 .text          0x080038c0       0xa0 d:/dev/arm_gcc/bin/../lib/gcc/arm-none-eabi/4.8.4/armv7e-m\libgcc.a(_arm_truncdfsf2.o)
                0x080038c0                __truncdfsf2
                0x080038c0                __aeabi_d2f
 .text          0x08003960      0x21c d:/dev/arm_gcc/bin/../lib/gcc/arm-none-eabi/4.8.4/armv7e-m\libgcc.a(_arm_addsubsf3.o)
                0x08003960                __aeabi_frsub
                0x08003968                __subsf3
                0x08003968                __aeabi_fsub
                0x0800396c                __aeabi_fadd
                0x0800396c                __addsf3
                0x08003acc                __aeabi_ui2f
                0x08003acc                __floatunsisf
                0x08003ad4                __aeabi_i2f
                0x08003ad4                __floatsisf
                0x08003af0                __aeabi_ul2f
                0x08003af0                __floatundisf
                0x08003b00                __aeabi_l2f
                0x08003b00                __floatdisf
 .text          0x08003b7c      0x2a0 d:/dev/arm_gcc/bin/../lib/gcc/arm-none-eabi/4.8.4/armv7e-m\libgcc.a(_arm_muldivsf3.o)
                0x08003b7c                __mulsf3
                0x08003b7c                __aeabi_fmul
                0x08003ce4                __aeabi_fdiv
                0x08003ce4                __divsf3
 .text          0x08003e1c      0xa1c d:/dev/arm_gcc/bin/../lib/gcc/arm-none-eabi/4.8.4/armv7e-m\libgcc.a(unwind-arm.o)
                0x08004100                _Unwind_GetCFA
                0x08004104                __gnu_Unwind_RaiseException
                0x08004164                __gnu_Unwind_ForcedUnwind
                0x08004178                __gnu_Unwind_Resume
                0x080041bc                __gnu_Unwind_Resume_or_Rethrow
                0x080041cc                _Unwind_Complete
                0x080041d0                _Unwind_DeleteException
                0x080041e0                _Unwind_VRS_Get
                0x08004230                _Unwind_VRS_Set
                0x08004280                __gnu_Unwind_Backtrace
                0x080045d4                __aeabi_unwind_cpp_pr0
                0x080045dc                __aeabi_unwind_cpp_pr1
                0x080045e4                __aeabi_unwind_cpp_pr2
                0x080045ec                _Unwind_VRS_Pop
 .text          0x08004838      0x1ac d:/dev/arm_gcc/bin/../lib/gcc/arm-none-eabi/4.8.4/armv7e-m\libgcc.a(libunwind.o)
                0x08004838                __restore_core_regs
                0x08004838                restore_core_regs
                0x08004850                __gnu_Unwind_Restore_VFP
                0x08004858                __gnu_Unwind_Save_VFP
                0x08004860                __gnu_Unwind_Restore_VFP_D
                0x08004868                __gnu_Unwind_Save_VFP_D
                0x08004870                __gnu_Unwind_Restore_VFP_D_16_to_31
                0x08004878                __gnu_Unwind_Save_VFP_D_16_to_31
                0x08004880                __gnu_Unwind_Restore_WMMXD
                0x080048c4                __gnu_Unwind_Save_WMMXD
                0x08004908                __gnu_Unwind_Restore_WMMXC
                0x0800491c                __gnu_Unwind_Save_WMMXC
                0x08004930                ___Unwind_RaiseException
                0x08004930                _Unwind_RaiseException
                0x08004954                _Unwind_Resume
                0x08004954                ___Unwind_Resume
                0x08004978                _Unwind_Resume_or_Rethrow
                0x08004978                ___Unwind_Resume_or_Rethrow
                0x0800499c                _Unwind_ForcedUnwind
                0x0800499c                ___Unwind_ForcedUnwind
                0x080049c0                ___Unwind_Backtrace
                0x080049c0                _Unwind_Backtrace
 .text          0x080049e4      0x33c d:/dev/arm_gcc/bin/../lib/gcc/arm-none-eabi/4.8.4/armv7e-m\libgcc.a(pr-support.o)
                0x08004a38                __gnu_unwind_execute
                0x08004cc4                __gnu_unwind_frame
                0x08004cf0                _Unwind_GetRegionStart
                0x08004cfc                _Unwind_GetLanguageSpecificData
                0x08004d10                _Unwind_GetDataRelBase
                0x08004d18                _Unwind_GetTextRelBase
 .text.abort    0x08004d20       0x10 d:/dev/arm_gcc/bin/../lib/gcc/arm-none-eabi/4.8.4/../../../../arm-none-eabi/lib/armv7e-m\libc.a(lib_a-abort.o)
                0x08004d20                abort
 .text.__aeabi_atexit
                0x08004d30        0xc d:/dev/arm_gcc/bin/../lib/gcc/arm-none-eabi/4.8.4/../../../../arm-none-eabi/lib/armv7e-m\libc.a(lib_a-aeabi_atexit.o)
                0x08004d30                __aeabi_atexit
 .text.__cxa_atexit
                0x08004d3c       0x14 d:/dev/arm_gcc/bin/../lib/gcc/arm-none-eabi/4.8.4/../../../../arm-none-eabi/lib/armv7e-m\libc.a(lib_a-cxa_atexit.o)
                0x08004d3c                __cxa_atexit
 .text.exit     0x08004d50       0x20 d:/dev/arm_gcc/bin/../lib/gcc/arm-none-eabi/4.8.4/../../../../arm-none-eabi/lib/armv7e-m\libc.a(lib_a-exit.o)
                0x08004d50                exit
 .text.__libc_init_array
                0x08004d70       0x50 d:/dev/arm_gcc/bin/../lib/gcc/arm-none-eabi/4.8.4/../../../../arm-none-eabi/lib/armv7e-m\libc.a(lib_a-init.o)
                0x08004d70                __libc_init_array
 .text.malloc   0x08004dc0       0x10 d:/dev/arm_gcc/bin/../lib/gcc/arm-none-eabi/4.8.4/../../../../arm-none-eabi/lib/armv7e-m\libc.a(lib_a-malloc.o)
                0x08004dc0                malloc
 .text.free     0x08004dd0       0x10 d:/dev/arm_gcc/bin/../lib/gcc/arm-none-eabi/4.8.4/../../../../arm-none-eabi/lib/armv7e-m\libc.a(lib_a-malloc.o)
                0x08004dd0                free
 .text._malloc_r
                0x08004de0      0x538 d:/dev/arm_gcc/bin/../lib/gcc/arm-none-eabi/4.8.4/../../../../arm-none-eabi/lib/armv7e-m\libc.a(lib_a-mallocr.o)
                0x08004de0                _malloc_r
 .text          0x08005318      0x134 d:/dev/arm_gcc/bin/../lib/gcc/arm-none-eabi/4.8.4/../../../../arm-none-eabi/lib/armv7e-m\libc.a(lib_a-memcpy.o)
                0x08005318                memcpy
 .text.memset   0x0800544c       0x94 d:/dev/arm_gcc/bin/../lib/gcc/arm-none-eabi/4.8.4/../../../../arm-none-eabi/lib/armv7e-m\libc.a(lib_a-memset.o)
                0x0800544c                memset
 .text.__malloc_lock
                0x080054e0        0x4 d:/dev/arm_gcc/bin/../lib/gcc/arm-none-eabi/4.8.4/../../../../arm-none-eabi/lib/armv7e-m\libc.a(lib_a-mlock.o)
                0x080054e0                __malloc_lock
 .text.__malloc_unlock
                0x080054e4        0x4 d:/dev/arm_gcc/bin/../lib/gcc/arm-none-eabi/4.8.4/../../../../arm-none-eabi/lib/armv7e-m\libc.a(lib_a-mlock.o)
                0x080054e4                __malloc_unlock
 .text._sbrk_r  0x080054e8       0x24 d:/dev/arm_gcc/bin/../lib/gcc/arm-none-eabi/4.8.4/../../../../arm-none-eabi/lib/armv7e-m\libc.a(lib_a-sbrkr.o)
                0x080054e8                _sbrk_r
 .text._raise_r
                0x0800550c       0x58 d:/dev/arm_gcc/bin/../lib/gcc/arm-none-eabi/4.8.4/../../../../arm-none-eabi/lib/armv7e-m\libc.a(lib_a-signal.o)
                0x0800550c                _raise_r
 .text.raise    0x08005564       0x10 d:/dev/arm_gcc/bin/../lib/gcc/arm-none-eabi/4.8.4/../../../../arm-none-eabi/lib/armv7e-m\libc.a(lib_a-signal.o)
                0x08005564                raise
 .text._kill_r  0x08005574       0x28 d:/dev/arm_gcc/bin/../lib/gcc/arm-none-eabi/4.8.4/../../../../arm-none-eabi/lib/armv7e-m\libc.a(lib_a-signalr.o)
                0x08005574                _kill_r
 .text._getpid_r
                0x0800559c        0x4 d:/dev/arm_gcc/bin/../lib/gcc/arm-none-eabi/4.8.4/../../../../arm-none-eabi/lib/armv7e-m\libc.a(lib_a-signalr.o)
                0x0800559c                _getpid_r
 .text.sprintf  0x080055a0       0x4c d:/dev/arm_gcc/bin/../lib/gcc/arm-none-eabi/4.8.4/../../../../arm-none-eabi/lib/armv7e-m\libc.a(lib_a-sprintf.o)
                0x080055a0                sprintf
 .text.strcpy   0x080055ec       0xbc d:/dev/arm_gcc/bin/../lib/gcc/arm-none-eabi/4.8.4/../../../../arm-none-eabi/lib/armv7e-m\libc.a(lib_a-strcpy.o)
                0x080055ec                strcpy
 .text.strlen   0x080056a8       0x60 d:/dev/arm_gcc/bin/../lib/gcc/arm-none-eabi/4.8.4/../../../../arm-none-eabi/lib/armv7e-m\libc.a(lib_a-strlen.o)
                0x080056a8                strlen
 .text._svfprintf_r
                0x08005708     0x14f8 d:/dev/arm_gcc/bin/../lib/gcc/arm-none-eabi/4.8.4/../../../../arm-none-eabi/lib/armv7e-m\libc.a(lib_a-svfprintf.o)
                0x08005708                _svfprintf_r
 .text.__register_exitproc
                0x08006c00       0xa8 d:/dev/arm_gcc/bin/../lib/gcc/arm-none-eabi/4.8.4/../../../../arm-none-eabi/lib/armv7e-m\libc.a(lib_a-__atexit.o)
                0x08006c00                __register_exitproc
 .text.startup.register_fini
                0x08006ca8       0x14 d:/dev/arm_gcc/bin/../lib/gcc/arm-none-eabi/4.8.4/../../../../arm-none-eabi/lib/armv7e-m\libc.a(lib_a-__call_atexit.o)
 .text.__call_exitprocs
                0x08006cbc       0xf0 d:/dev/arm_gcc/bin/../lib/gcc/arm-none-eabi/4.8.4/../../../../arm-none-eabi/lib/armv7e-m\libc.a(lib_a-__call_atexit.o)
                0x08006cbc                __call_exitprocs
 .text.atexit   0x08006dac        0xc d:/dev/arm_gcc/bin/../lib/gcc/arm-none-eabi/4.8.4/../../../../arm-none-eabi/lib/armv7e-m\libc.a(lib_a-atexit.o)
                0x08006dac                atexit
 .text.quorem   0x08006db8      0x130 d:/dev/arm_gcc/bin/../lib/gcc/arm-none-eabi/4.8.4/../../../../arm-none-eabi/lib/armv7e-m\libc.a(lib_a-dtoa.o)
 .text._dtoa_r  0x08006ee8      0xe38 d:/dev/arm_gcc/bin/../lib/gcc/arm-none-eabi/4.8.4/../../../../arm-none-eabi/lib/armv7e-m\libc.a(lib_a-dtoa.o)
                0x08006ee8                _dtoa_r
 .text.__libc_fini_array
                0x08007d20       0x30 d:/dev/arm_gcc/bin/../lib/gcc/arm-none-eabi/4.8.4/../../../../arm-none-eabi/lib/armv7e-m\libc.a(lib_a-fini.o)
                0x08007d20                __libc_fini_array
 .text._malloc_trim_r
                0x08007d50       0x9c d:/dev/arm_gcc/bin/../lib/gcc/arm-none-eabi/4.8.4/../../../../arm-none-eabi/lib/armv7e-m\libc.a(lib_a-freer.o)
                0x08007d50                _malloc_trim_r
 .text._free_r  0x08007dec      0x19c d:/dev/arm_gcc/bin/../lib/gcc/arm-none-eabi/4.8.4/../../../../arm-none-eabi/lib/armv7e-m\libc.a(lib_a-freer.o)
                0x08007dec                _free_r
 .text._localeconv_r
                0x08007f88        0x8 d:/dev/arm_gcc/bin/../lib/gcc/arm-none-eabi/4.8.4/../../../../arm-none-eabi/lib/armv7e-m\libc.a(lib_a-locale.o)
                0x08007f88                _localeconv_r
 .text.memchr   0x08007f90       0x90 d:/dev/arm_gcc/bin/../lib/gcc/arm-none-eabi/4.8.4/../../../../arm-none-eabi/lib/armv7e-m\libc.a(lib_a-memchr-stub.o)
                0x08007f90                memchr
 .text._Balloc  0x08008020       0x4c d:/dev/arm_gcc/bin/../lib/gcc/arm-none-eabi/4.8.4/../../../../arm-none-eabi/lib/armv7e-m\libc.a(lib_a-mprec.o)
                0x08008020                _Balloc
 .text._Bfree   0x0800806c       0x14 d:/dev/arm_gcc/bin/../lib/gcc/arm-none-eabi/4.8.4/../../../../arm-none-eabi/lib/armv7e-m\libc.a(lib_a-mprec.o)
                0x0800806c                _Bfree
 .text.__multadd
                0x08008080       0x98 d:/dev/arm_gcc/bin/../lib/gcc/arm-none-eabi/4.8.4/../../../../arm-none-eabi/lib/armv7e-m\libc.a(lib_a-mprec.o)
                0x08008080                __multadd
 .text.__hi0bits
                0x08008118       0x40 d:/dev/arm_gcc/bin/../lib/gcc/arm-none-eabi/4.8.4/../../../../arm-none-eabi/lib/armv7e-m\libc.a(lib_a-mprec.o)
                0x08008118                __hi0bits
 .text.__lo0bits
                0x08008158       0x5c d:/dev/arm_gcc/bin/../lib/gcc/arm-none-eabi/4.8.4/../../../../arm-none-eabi/lib/armv7e-m\libc.a(lib_a-mprec.o)
                0x08008158                __lo0bits
 .text.__i2b    0x080081b4       0x14 d:/dev/arm_gcc/bin/../lib/gcc/arm-none-eabi/4.8.4/../../../../arm-none-eabi/lib/armv7e-m\libc.a(lib_a-mprec.o)
                0x080081b4                __i2b
 .text.__multiply
                0x080081c8      0x13c d:/dev/arm_gcc/bin/../lib/gcc/arm-none-eabi/4.8.4/../../../../arm-none-eabi/lib/armv7e-m\libc.a(lib_a-mprec.o)
                0x080081c8                __multiply
 .text.__pow5mult
                0x08008304       0x9c d:/dev/arm_gcc/bin/../lib/gcc/arm-none-eabi/4.8.4/../../../../arm-none-eabi/lib/armv7e-m\libc.a(lib_a-mprec.o)
                0x08008304                __pow5mult
 .text.__lshift
                0x080083a0       0xbc d:/dev/arm_gcc/bin/../lib/gcc/arm-none-eabi/4.8.4/../../../../arm-none-eabi/lib/armv7e-m\libc.a(lib_a-mprec.o)
                0x080083a0                __lshift
 .text.__mcmp   0x0800845c       0x48 d:/dev/arm_gcc/bin/../lib/gcc/arm-none-eabi/4.8.4/../../../../arm-none-eabi/lib/armv7e-m\libc.a(lib_a-mprec.o)
                0x0800845c                __mcmp
 .text.__mdiff  0x080084a4       0xd4 d:/dev/arm_gcc/bin/../lib/gcc/arm-none-eabi/4.8.4/../../../../arm-none-eabi/lib/armv7e-m\libc.a(lib_a-mprec.o)
                0x080084a4                __mdiff
 .text.__d2b    0x08008578       0xbc d:/dev/arm_gcc/bin/../lib/gcc/arm-none-eabi/4.8.4/../../../../arm-none-eabi/lib/armv7e-m\libc.a(lib_a-mprec.o)
                0x08008578                __d2b
 .text.__fpclassifyd
                0x08008634       0x50 d:/dev/arm_gcc/bin/../lib/gcc/arm-none-eabi/4.8.4/../../../../arm-none-eabi/lib/armv7e-m\libc.a(lib_a-s_fpclassify.o)
                0x08008634                __fpclassifyd
 .text.__ssprint_r
                0x08008684      0x100 d:/dev/arm_gcc/bin/../lib/gcc/arm-none-eabi/4.8.4/../../../../arm-none-eabi/lib/armv7e-m\libc.a(lib_a-svfiprintf.o)
                0x08008684                __ssprint_r
 .text._calloc_r
                0x08008784       0x60 d:/dev/arm_gcc/bin/../lib/gcc/arm-none-eabi/4.8.4/../../../../arm-none-eabi/lib/armv7e-m\libc.a(lib_a-callocr.o)
                0x08008784                _calloc_r
 .text.memmove  0x080087e4       0xc0 d:/dev/arm_gcc/bin/../lib/gcc/arm-none-eabi/4.8.4/../../../../arm-none-eabi/lib/armv7e-m\libc.a(lib_a-memmove.o)
                0x080087e4                memmove
 .text._realloc_r
                0x080088a4      0x3cc d:/dev/arm_gcc/bin/../lib/gcc/arm-none-eabi/4.8.4/../../../../arm-none-eabi/lib/armv7e-m\libc.a(lib_a-reallocr.o)
                0x080088a4                _realloc_r
 .text._getpid  0x08008c70       0x10 d:/dev/arm_gcc/bin/../lib/gcc/arm-none-eabi/4.8.4/../../../../arm-none-eabi/lib/armv7e-m\libnosys.a(getpid.o)
                0x08008c70                _getpid
 .text._kill    0x08008c80       0x10 d:/dev/arm_gcc/bin/../lib/gcc/arm-none-eabi/4.8.4/../../../../arm-none-eabi/lib/armv7e-m\libnosys.a(kill.o)
                0x08008c80                _kill
 .text._sbrk    0x08008c90       0x34 d:/dev/arm_gcc/bin/../lib/gcc/arm-none-eabi/4.8.4/../../../../arm-none-eabi/lib/armv7e-m\libnosys.a(sbrk.o)
                0x08008c90                _sbrk
 .text._exit    0x08008cc4        0x4 d:/dev/arm_gcc/bin/../lib/gcc/arm-none-eabi/4.8.4/../../../../arm-none-eabi/lib/armv7e-m\libnosys.a(_exit.o)
                0x08008cc4                _exit
 .text          0x08008cc8      0x110 d:/dev/arm_gcc/bin/../lib/gcc/arm-none-eabi/4.8.4/armv7e-m\libgcc.a(_arm_cmpdf2.o)
                0x08008cc8                __gtdf2
                0x08008cc8                __gedf2
                0x08008cd0                __ltdf2
                0x08008cd0                __ledf2
                0x08008cd8                __nedf2
                0x08008cd8                __eqdf2
                0x08008cd8                __cmpdf2
                0x08008d54                __aeabi_cdrcmple
                0x08008d64                __aeabi_cdcmpeq
                0x08008d64                __aeabi_cdcmple
                0x08008d74                __aeabi_dcmpeq
                0x08008d88                __aeabi_dcmplt
                0x08008d9c                __aeabi_dcmple
                0x08008db0                __aeabi_dcmpge
                0x08008dc4                __aeabi_dcmpgt
 .text          0x08008dd8       0x50 d:/dev/arm_gcc/bin/../lib/gcc/arm-none-eabi/4.8.4/armv7e-m\libgcc.a(_arm_fixdfsi.o)
                0x08008dd8                __aeabi_d2iz
                0x08008dd8                __fixdfsi
 .text          0x08008e28       0x2c d:/dev/arm_gcc/bin/../lib/gcc/arm-none-eabi/4.8.4/armv7e-m\libgcc.a(_aeabi_uldivmod.o)
                0x08008e28                __aeabi_uldivmod
 .text          0x08008e54       0x60 d:/dev/arm_gcc/bin/../lib/gcc/arm-none-eabi/4.8.4/armv7e-m\libgcc.a(bpabi.o)
                0x08008e54                __gnu_ldivmod_helper
                0x08008e84                __gnu_uldivmod_helper
 .text          0x08008eb4        0x4 d:/dev/arm_gcc/bin/../lib/gcc/arm-none-eabi/4.8.4/armv7e-m\libgcc.a(_dvmd_tls.o)
                0x08008eb4                __aeabi_idiv0
                0x08008eb4                __aeabi_ldiv0
 .text          0x08008eb8      0x298 d:/dev/arm_gcc/bin/../lib/gcc/arm-none-eabi/4.8.4/armv7e-m\libgcc.a(_divdi3.o)
                0x08008eb8                __divdi3
 .text          0x08009150      0x284 d:/dev/arm_gcc/bin/../lib/gcc/arm-none-eabi/4.8.4/armv7e-m\libgcc.a(_udivdi3.o)
                0x08009150                __udivdi3
 *(.init)
 .init          0x080093d4        0x4 d:/dev/arm_gcc/bin/../lib/gcc/arm-none-eabi/4.8.4/armv7e-m/crti.o
                0x080093d4                _init
 .init          0x080093d8        0x8 d:/dev/arm_gcc/bin/../lib/gcc/arm-none-eabi/4.8.4/armv7e-m/crtn.o
 *(.fini)
 .fini          0x080093e0        0x4 d:/dev/arm_gcc/bin/../lib/gcc/arm-none-eabi/4.8.4/armv7e-m/crti.o
                0x080093e0                _fini
 .fini          0x080093e4        0x8 d:/dev/arm_gcc/bin/../lib/gcc/arm-none-eabi/4.8.4/armv7e-m/crtn.o
 *crtbegin.o(.ctors)
 *crtbegin?.o(.ctors)
 *(EXCLUDE_FILE(*crtend.o *crtend?.o) .ctors)
 *(SORT(.ctors.*))
 *(.ctors)
 *crtbegin.o(.dtors)
 *crtbegin?.o(.dtors)
 *(EXCLUDE_FILE(*crtend.o *crtend?.o) .dtors)
 *(SORT(.dtors.*))
 *(.dtors)
 *(.rodata*)
 .rodata        0x080093ec       0x30 ..\obj\stm32f4_discovery.o
                0x080093ec                GPIO_PIN
                0x080093f4                GPIO_CLK
                0x08009404                BUTTON_PIN
                0x08009408                BUTTON_CLK
                0x0800940c                BUTTON_EXTI_LINE
                0x08009410                BUTTON_PORT_SOURCE
                0x08009414                BUTTON_PIN_SOURCE
                0x08009418                BUTTON_IRQn
 .rodata        0x0800941c       0x64 ..\obj\main.o
 .rodata.str1.4
                0x08009480        0x2 d:/dev/arm_gcc/bin/../lib/gcc/arm-none-eabi/4.8.4/../../../../arm-none-eabi/lib/armv7e-m\libc.a(lib_a-impure.o)
                                  0x4 (size before relaxing)
 *fill*         0x08009482        0x2 
 .rodata._global_impure_ptr
                0x08009484        0x4 d:/dev/arm_gcc/bin/../lib/gcc/arm-none-eabi/4.8.4/../../../../arm-none-eabi/lib/armv7e-m\libc.a(lib_a-impure.o)
                0x08009484                _global_impure_ptr
 .rodata.zeroes.6763
                0x08009488       0x10 d:/dev/arm_gcc/bin/../lib/gcc/arm-none-eabi/4.8.4/../../../../arm-none-eabi/lib/armv7e-m\libc.a(lib_a-svfprintf.o)
 .rodata.str1.4
                0x08009498       0x42 d:/dev/arm_gcc/bin/../lib/gcc/arm-none-eabi/4.8.4/../../../../arm-none-eabi/lib/armv7e-m\libc.a(lib_a-svfprintf.o)
                                 0x44 (size before relaxing)
 *fill*         0x080094da        0x2 
 .rodata.blanks.6762
                0x080094dc       0x10 d:/dev/arm_gcc/bin/../lib/gcc/arm-none-eabi/4.8.4/../../../../arm-none-eabi/lib/armv7e-m\libc.a(lib_a-svfprintf.o)
 .rodata.str1.4
                0x080094ec       0x10 d:/dev/arm_gcc/bin/../lib/gcc/arm-none-eabi/4.8.4/../../../../arm-none-eabi/lib/armv7e-m\libc.a(lib_a-dtoa.o)
                                 0x14 (size before relaxing)
 .rodata.str1.4
                0x080094fc        0xc d:/dev/arm_gcc/bin/../lib/gcc/arm-none-eabi/4.8.4/../../../../arm-none-eabi/lib/armv7e-m\libc.a(lib_a-locale.o)
                                 0x14 (size before relaxing)
 .rodata.__mprec_tens
                0x08009508       0xc8 d:/dev/arm_gcc/bin/../lib/gcc/arm-none-eabi/4.8.4/../../../../arm-none-eabi/lib/armv7e-m\libc.a(lib_a-mprec.o)
                0x08009508                __mprec_tens
 .rodata.__mprec_bigtens
                0x080095d0       0x28 d:/dev/arm_gcc/bin/../lib/gcc/arm-none-eabi/4.8.4/../../../../arm-none-eabi/lib/armv7e-m\libc.a(lib_a-mprec.o)
                0x080095d0                __mprec_bigtens
 .rodata.p05.5269
                0x080095f8        0xc d:/dev/arm_gcc/bin/../lib/gcc/arm-none-eabi/4.8.4/../../../../arm-none-eabi/lib/armv7e-m\libc.a(lib_a-mprec.o)
 *(.eh_frame*)
 .eh_frame      0x08009604        0x0 d:/dev/arm_gcc/bin/../lib/gcc/arm-none-eabi/4.8.4/armv7e-m/crtbegin.o
 .eh_frame      0x08009604        0x4 d:/dev/arm_gcc/bin/../lib/gcc/arm-none-eabi/4.8.4/armv7e-m/crtend.o

.glue_7         0x08009608        0x0
 .glue_7        0x00000000        0x0 linker stubs

.glue_7t        0x08009608        0x0
 .glue_7t       0x00000000        0x0 linker stubs

.vfp11_veneer   0x08009608        0x0
 .vfp11_veneer  0x00000000        0x0 linker stubs

.v4_bx          0x08009608        0x0
 .v4_bx         0x00000000        0x0 linker stubs

.iplt           0x08009608        0x0
 .iplt          0x00000000        0x0 d:/dev/arm_gcc/bin/../lib/gcc/arm-none-eabi/4.8.4/armv7e-m/crtbegin.o

.ARM.extab      0x08009608       0xd8
 *(.ARM.extab* .gnu.linkonce.armextab.*)
 .ARM.extab.text._ZN18TemperaturSensorenC2Ev
                0x08009608        0xc ..\obj\temp_sensors.o
 .ARM.extab.text._ZN18TemperaturSensoren30startTempMeasurementAllSensorsEv
                0x08009614        0xc ..\obj\temp_sensors.o
 .ARM.extab.text._ZN17QuadratureEncoderC2Ev
                0x08009620        0xc ..\obj\quadrature_encoder.o
 .ARM.extab.text._ZN17QuadratureEncoder4readEv
                0x0800962c        0xc ..\obj\quadrature_encoder.o
 .ARM.extab.text._ZN17QuadratureEncoder13getRotaryDiffEv
                0x08009638        0xc ..\obj\quadrature_encoder.o
 .ARM.extab.text._ZN3LEDC2Ev
                0x08009644        0xc ..\obj\led.o
 .ARM.extab.text.EXTI9_5_IRQHandler
                0x08009650        0xc ..\obj\rotary.o
 .ARM.extab.text._ZN5UsartC2Ei
                0x0800965c        0xc ..\obj\uart.o
 .ARM.extab.text._ZN5Usart13usart3InitDMAEv
                0x08009668        0xc ..\obj\uart.o
 .ARM.extab.text._ZN5Usart10SendViaDmaEPci
                0x08009674        0xc ..\obj\uart.o
 .ARM.extab.text._ZN5Usart10usart3InitEv
                0x08009680        0xc ..\obj\uart.o
 .ARM.extab.text._ZN5Usart11uartPutCharEt
                0x0800968c        0xc ..\obj\uart.o
 .ARM.extab.text._ZN5Usart14uartSendStringEPc
                0x08009698        0xc ..\obj\uart.o
 .ARM.extab.text.USART3_IRQHandler
                0x080096a4        0xc ..\obj\uart.o
 .ARM.extab.text._ZN22AnalogDigitalConverterC2Ev
                0x080096b0        0xc ..\obj\adc.o
 .ARM.extab     0x080096bc        0xc d:/dev/arm_gcc/bin/../lib/gcc/arm-none-eabi/4.8.4/armv7e-m\libgcc.a(unwind-arm.o)
 .ARM.extab     0x080096c8       0x18 d:/dev/arm_gcc/bin/../lib/gcc/arm-none-eabi/4.8.4/armv7e-m\libgcc.a(pr-support.o)
                0x080096e0                __exidx_start = .

.ARM.exidx      0x080096e0      0x190
 *(.ARM.exidx* .gnu.linkonce.armexidx.*)
 .ARM.exidx     0x080096e0        0x8 d:/dev/arm_gcc/bin/../lib/gcc/arm-none-eabi/4.8.4/../../../../arm-none-eabi/lib/armv7e-m/crt0.o
 .ARM.exidx.text._ZN18TemperaturSensorenC2Ev
                0x080096e8        0x8 ..\obj\temp_sensors.o
 .ARM.exidx.text._ZN18TemperaturSensoren30startTempMeasurementAllSensorsEv
                0x080096f0        0x8 ..\obj\temp_sensors.o
 .ARM.exidx.text._ZN18TemperaturSensoren25getAnzahlGefunderSensorenEv
                0x080096f8        0x8 ..\obj\temp_sensors.o
 .ARM.exidx.text._ZN18TemperaturSensoren21getTempWertFromSensorEh
                0x08009700        0x0 ..\obj\temp_sensors.o
                                  0x8 (size before relaxing)
 .ARM.exidx.text._ZN17QuadratureEncoderC2Ev
                0x08009700        0x8 ..\obj\quadrature_encoder.o
 .ARM.exidx.text._ZN17QuadratureEncoder5resetEv
                0x08009708        0x8 ..\obj\quadrature_encoder.o
 .ARM.exidx.text._ZN17QuadratureEncoder4readEv
                0x08009710        0x8 ..\obj\quadrature_encoder.o
 .ARM.exidx.text._ZN17QuadratureEncoder13getRotaryDiffEv
                0x08009718        0x8 ..\obj\quadrature_encoder.o
 .ARM.exidx.text._ZN3LEDC2Ev
                0x08009720        0x8 ..\obj\led.o
 .ARM.exidx.text._ZN3LEDD2Ev
                0x08009728        0x8 ..\obj\led.o
 .ARM.exidx.text.EXTI9_5_IRQHandler
                0x08009730        0x8 ..\obj\rotary.o
 .ARM.exidx.text._ZN5UsartC2Ei
                0x08009738        0x8 ..\obj\uart.o
 .ARM.exidx.text._ZN5Usart11buffer_initEv
                0x08009740        0x8 ..\obj\uart.o
 .ARM.exidx.text._ZN5Usart8BufferInEc
                0x08009748        0x0 ..\obj\uart.o
                                  0x8 (size before relaxing)
 .ARM.exidx.text._ZN5Usart9BufferOutEPc
                0x08009748        0x0 ..\obj\uart.o
                                  0x8 (size before relaxing)
 .ARM.exidx.text._ZN5Usart10ReadBufferEv
                0x08009748        0x0 ..\obj\uart.o
                                  0x8 (size before relaxing)
 .ARM.exidx.text._ZN5Usart13usart3InitDMAEv
                0x08009748        0x8 ..\obj\uart.o
 .ARM.exidx.text._ZN5Usart10SendViaDmaEPci
                0x08009750        0x8 ..\obj\uart.o
 .ARM.exidx.text._ZN5Usart10usart3InitEv
                0x08009758        0x8 ..\obj\uart.o
 .ARM.exidx.text._ZN5Usart11uartPutCharEt
                0x08009760        0x8 ..\obj\uart.o
 .ARM.exidx.text._ZN5Usart14uartSendStringEPc
                0x08009768        0x8 ..\obj\uart.o
 .ARM.exidx.text._ZN5Usart15EnableSingeltonEv
                0x08009770        0x8 ..\obj\uart.o
 .ARM.exidx.text.DMA1_Stream3_IRQHandler
                0x08009778        0x8 ..\obj\uart.o
 .ARM.exidx.text.USART3_IRQHandler
                0x08009780       0x10 ..\obj\uart.o
                                  0x8 (size before relaxing)
 .ARM.exidx.text.main
                0x08009790        0x8 ..\obj\main.o
 .ARM.exidx.text._Z41__static_initialization_and_destruction_0ii
                0x08009798        0x8 ..\obj\main.o
 .ARM.exidx.text._GLOBAL__sub_I_buffer
                0x080097a0        0x0 ..\obj\main.o
                                  0x8 (size before relaxing)
 .ARM.exidx.text._ZN22AnalogDigitalConverterC2Ev
                0x080097a0        0x8 ..\obj\adc.o
 .ARM.exidx.text._ZN22AnalogDigitalConverter17getConvertedValueEv
                0x080097a8        0x8 ..\obj\adc.o
 .ARM.exidx.text._ZN22AnalogDigitalConverter26getConvertedValueAsVoltageEv
                0x080097b0        0x0 ..\obj\adc.o
                                  0x8 (size before relaxing)
 .ARM.exidx     0x080097b0       0x88 d:/dev/arm_gcc/bin/../lib/gcc/arm-none-eabi/4.8.4/armv7e-m\libgcc.a(unwind-arm.o)
                                 0xd8 (size before relaxing)
 .ARM.exidx     0x08009838       0x38 d:/dev/arm_gcc/bin/../lib/gcc/arm-none-eabi/4.8.4/armv7e-m\libgcc.a(pr-support.o)
                                 0x48 (size before relaxing)
 .ARM.exidx     0x08009870        0x0 d:/dev/arm_gcc/bin/../lib/gcc/arm-none-eabi/4.8.4/armv7e-m\libgcc.a(_divdi3.o)
                                  0x8 (size before relaxing)
 .ARM.exidx     0x08009870        0x0 d:/dev/arm_gcc/bin/../lib/gcc/arm-none-eabi/4.8.4/armv7e-m\libgcc.a(_udivdi3.o)
                                  0x8 (size before relaxing)
                0x08009870                __exidx_end = .
                0x08009870                __etext = .
                0x08009870                _sidata = __etext

.rel.dyn        0x08009870        0x0
 .rel.iplt      0x00000000        0x0 d:/dev/arm_gcc/bin/../lib/gcc/arm-none-eabi/4.8.4/armv7e-m/crtbegin.o

.data           0x20000000      0x968 load address 0x08009870
                0x20000000                __data_start__ = .
                0x20000000                _sdata = __data_start__
 *(vtable)
 *(.data*)
 .data          0x20000000        0x4 d:/dev/arm_gcc/bin/../lib/gcc/arm-none-eabi/4.8.4/armv7e-m/crtbegin.o
                0x20000000                __dso_handle
 .data          0x20000004       0x34 ..\obj\stm32f4_discovery_audio_codec.o
                0x20000004                AudioTotalSize
                0x20000008                AudioRemSize
                0x2000000c                CODECTimeout
                0x20000010                CurrAudioInterface
                0x20000014                AUDIO_MAL_DMA_CLOCK
                0x20000018                AUDIO_MAL_DMA_STREAM
                0x2000001c                AUDIO_MAL_DMA_DREG
                0x20000020                AUDIO_MAL_DMA_IRQ
                0x20000024                AUDIO_MAL_DMA_FLAG_TC
                0x20000028                AUDIO_MAL_DMA_FLAG_HT
                0x2000002c                AUDIO_MAL_DMA_FLAG_FE
                0x20000030                AUDIO_MAL_DMA_FLAG_TE
                0x20000034                AUDIO_MAL_DMA_FLAG_DME
 .data          0x20000038       0x14 ..\obj\stm32f4_discovery.o
                0x20000038                GPIO_PORT
                0x20000048                BUTTON_PORT
 .data          0x2000004c       0x84 ..\obj\main.o
                0x2000004c                buffer
 .data          0x200000d0       0x10 ..\obj\stm32f4xx_rcc.o
 .data.impure_data
                0x200000e0      0x428 d:/dev/arm_gcc/bin/../lib/gcc/arm-none-eabi/4.8.4/../../../../arm-none-eabi/lib/armv7e-m\libc.a(lib_a-impure.o)
 .data._impure_ptr
                0x20000508        0x4 d:/dev/arm_gcc/bin/../lib/gcc/arm-none-eabi/4.8.4/../../../../arm-none-eabi/lib/armv7e-m\libc.a(lib_a-impure.o)
                0x20000508                _impure_ptr
 .data.__malloc_av_
                0x2000050c      0x408 d:/dev/arm_gcc/bin/../lib/gcc/arm-none-eabi/4.8.4/../../../../arm-none-eabi/lib/armv7e-m\libc.a(lib_a-mallocr.o)
                0x2000050c                __malloc_av_
 .data.__malloc_trim_threshold
                0x20000914        0x4 d:/dev/arm_gcc/bin/../lib/gcc/arm-none-eabi/4.8.4/../../../../arm-none-eabi/lib/armv7e-m\libc.a(lib_a-mallocr.o)
                0x20000914                __malloc_trim_threshold
 .data.__malloc_sbrk_base
                0x20000918        0x4 d:/dev/arm_gcc/bin/../lib/gcc/arm-none-eabi/4.8.4/../../../../arm-none-eabi/lib/armv7e-m\libc.a(lib_a-mallocr.o)
                0x20000918                __malloc_sbrk_base
 .data.lconv    0x2000091c       0x38 d:/dev/arm_gcc/bin/../lib/gcc/arm-none-eabi/4.8.4/../../../../arm-none-eabi/lib/armv7e-m\libc.a(lib_a-locale.o)
                0x20000954                . = ALIGN (0x4)
                0x20000954                PROVIDE (__preinit_array_start, .)
 *(.preinit_array)
                0x20000954                PROVIDE (__preinit_array_end, .)
                0x20000954                . = ALIGN (0x4)
                0x20000954                PROVIDE (__init_array_start, .)
 *(SORT(.init_array.*))
 .init_array.00000
                0x20000954        0x4 d:/dev/arm_gcc/bin/../lib/gcc/arm-none-eabi/4.8.4/../../../../arm-none-eabi/lib/armv7e-m\libc.a(lib_a-__call_atexit.o)
 *(.init_array)
 .init_array    0x20000958        0x4 d:/dev/arm_gcc/bin/../lib/gcc/arm-none-eabi/4.8.4/armv7e-m/crtbegin.o
 .init_array    0x2000095c        0x4 ..\obj\main.o
                0x20000960                PROVIDE (__init_array_end, .)
                0x20000960                . = ALIGN (0x4)
                0x20000960                PROVIDE (__fini_array_start, .)
 *(SORT(.fini_array.*))
 *(.fini_array)
 .fini_array    0x20000960        0x4 d:/dev/arm_gcc/bin/../lib/gcc/arm-none-eabi/4.8.4/armv7e-m/crtbegin.o
                0x20000964                PROVIDE (__fini_array_end, .)
 *(.jcr*)
 .jcr           0x20000964        0x0 d:/dev/arm_gcc/bin/../lib/gcc/arm-none-eabi/4.8.4/armv7e-m/crtbegin.o
 .jcr           0x20000964        0x4 d:/dev/arm_gcc/bin/../lib/gcc/arm-none-eabi/4.8.4/armv7e-m/crtend.o
                0x20000968                . = ALIGN (0x4)
                0x20000968                __data_end__ = .
                0x20000968                _edata = __data_end__

.igot.plt       0x20000968        0x0 load address 0x0800a1d8
 .igot.plt      0x00000000        0x0 d:/dev/arm_gcc/bin/../lib/gcc/arm-none-eabi/4.8.4/armv7e-m/crtbegin.o

.bss            0x20000968      0x11c load address 0x0800a1d8
                0x20000968                . = ALIGN (0x4)
                0x20000968                __bss_start__ = .
                0x20000968                _sbss = __bss_start__
 *(.bss*)
 .bss           0x20000968       0x1c d:/dev/arm_gcc/bin/../lib/gcc/arm-none-eabi/4.8.4/armv7e-m/crtbegin.o
 .bss           0x20000984        0x4 ..\obj\rotary.o
                0x20000984                RotaryInstance
 .bss           0x20000988        0x4 ..\obj\uart.o
                0x20000988                Usart3Instance
 .bss           0x2000098c        0x8 ..\obj\main.o
                0x2000098c                OutputString
                0x20000990                LPC1768_LED
 .bss           0x20000994       0x1c ..\obj\stm32_ub_systick.o
 .bss           0x200009b0        0x2 ..\obj\adc.o
                0x200009b0                ADC_BUFF
 *fill*         0x200009b2        0x2 
 .bss.__malloc_max_total_mem
                0x200009b4        0x4 d:/dev/arm_gcc/bin/../lib/gcc/arm-none-eabi/4.8.4/../../../../arm-none-eabi/lib/armv7e-m\libc.a(lib_a-mallocr.o)
                0x200009b4                __malloc_max_total_mem
 .bss.__malloc_max_sbrked_mem
                0x200009b8        0x4 d:/dev/arm_gcc/bin/../lib/gcc/arm-none-eabi/4.8.4/../../../../arm-none-eabi/lib/armv7e-m\libc.a(lib_a-mallocr.o)
                0x200009b8                __malloc_max_sbrked_mem
 .bss.__malloc_top_pad
                0x200009bc        0x4 d:/dev/arm_gcc/bin/../lib/gcc/arm-none-eabi/4.8.4/../../../../arm-none-eabi/lib/armv7e-m\libc.a(lib_a-mallocr.o)
                0x200009bc                __malloc_top_pad
 .bss.__malloc_current_mallinfo
                0x200009c0       0x28 d:/dev/arm_gcc/bin/../lib/gcc/arm-none-eabi/4.8.4/../../../../arm-none-eabi/lib/armv7e-m\libc.a(lib_a-mallocr.o)
                0x200009c0                __malloc_current_mallinfo
 .bss.heap_end.4246
                0x200009e8        0x4 d:/dev/arm_gcc/bin/../lib/gcc/arm-none-eabi/4.8.4/../../../../arm-none-eabi/lib/armv7e-m\libnosys.a(sbrk.o)
 *(COMMON)
 COMMON         0x200009ec       0x7c ..\obj\stm32f4_discovery_audio_codec.o
                0x200009ec                CurrentPos
                0x200009f0                AUDIO_MAL_DMA_InitStructure
                0x20000a2c                DMA_InitStructure
 COMMON         0x20000a68       0x16 ..\obj\tm_stm32f4_onewire.o
                0x20000a68                TM_OneWire_GPIO_InitDef
                0x20000a70                TM_OneWire_LastDeviceFlag
                0x20000a74                TM_OneWire_ROM_NO
                0x20000a7c                TM_OneWire_LastFamilyDiscrepancy
                0x20000a7d                TM_OneWire_LastDiscrepancy
 *fill*         0x20000a7e        0x2 
 COMMON         0x20000a80        0x4 d:/dev/arm_gcc/bin/../lib/gcc/arm-none-eabi/4.8.4/../../../../arm-none-eabi/lib/armv7e-m\libc.a(lib_a-reent.o)
                0x20000a80                errno
                0x20000a84                . = ALIGN (0x4)
                0x20000a84                __bss_end__ = .
                0x20000a84                _ebss = __bss_end__

.heap           0x20000a84        0x0
                0x20000a84                __end__ = .
                0x20000a84                _end = __end__
                0x20000a84                end = __end__
 *(.heap*)
                0x20000a84                __HeapLimit = .

.co_stack       0x20000a84      0x804 load address 0x0800a2f4
                0x20000a88                . = ALIGN (0x8)
 *fill*         0x20000a84        0x4 
 *(.co_stack .co_stack.*)
 .co_stack      0x20000a88      0x800 ..\obj\startup_stm32f4xx.o
                0x20000a88                pulStack
                0x20020000                __StackTop = (ORIGIN (RAM) + 0x20000)
                0x2001f7fc                __StackLimit = (__StackTop - SIZEOF (.co_stack))
                0x20020000                PROVIDE (__stack, __StackTop)
                0x00000001                ASSERT ((__StackLimit >= __HeapLimit), region RAM overflowed with stack)
LOAD ..\obj\stm32f4xx_syscfg.o
LOAD ..\obj\temp_sensors.o
LOAD ..\obj\tm_stm32f4_ds18b20.o
LOAD ..\obj\stm32f4_discovery_audio_codec.o
LOAD ..\obj\stm32f4xx_usart.o
LOAD ..\obj\quadrature_encoder.o
LOAD ..\obj\led.o
LOAD ..\obj\stm32f4xx_dac.o
LOAD ..\obj\rotary.o
LOAD ..\obj\uart.o
LOAD ..\obj\startup_stm32f4xx.o
LOAD ..\obj\stm32f4_discovery.o
LOAD ..\obj\main.o
LOAD ..\obj\stm32f4xx_rcc.o
LOAD ..\obj\stm32f4xx_adc.o
LOAD ..\obj\stm32_ub_systick.o
LOAD ..\obj\tm_stm32f4_onewire.o
LOAD ..\obj\stm32f4xx_gpio.o
LOAD ..\obj\system_stm32f4xx.o
LOAD ..\obj\stm32f4xx_dma.o
LOAD ..\obj\adc.o
LOAD ..\obj\stm32f4_discovery_callbacks.o
LOAD ..\obj\stm32f4xx_spi.o
LOAD ..\obj\stm32f4xx_i2c.o
LOAD ..\obj\stm32f4xx_exti.o
LOAD ..\obj\misc.o
LOAD ..\obj\stm32f4_discovery_lis302dl.o
LOAD ..\obj\stm32f4xx_tim.o
LOAD ..\..\..\STM32F4-Discovery\libpdmfilter_gcc.a
LOAD d:/dev/arm_gcc/bin/../lib/gcc/arm-none-eabi/4.8.4/../../../../arm-none-eabi/lib/armv7e-m\libm.a
LOAD d:/dev/arm_gcc/bin/../lib/gcc/arm-none-eabi/4.8.4/armv7e-m\libgcc.a
LOAD d:/dev/arm_gcc/bin/../lib/gcc/arm-none-eabi/4.8.4/../../../../arm-none-eabi/lib/armv7e-m\libc.a
LOAD d:/dev/arm_gcc/bin/../lib/gcc/arm-none-eabi/4.8.4/../../../../arm-none-eabi/lib/armv7e-m\libstdc++.a
LOAD d:/dev/arm_gcc/bin/../lib/gcc/arm-none-eabi/4.8.4/../../../../arm-none-eabi/lib/armv7e-m\libsupc++.a
LOAD d:/dev/arm_gcc/bin/../lib/gcc/arm-none-eabi/4.8.4/../../../../arm-none-eabi/lib/armv7e-m\libnosys.a
START GROUP
LOAD d:/dev/arm_gcc/bin/../lib/gcc/arm-none-eabi/4.8.4/armv7e-m\libgcc.a
LOAD d:/dev/arm_gcc/bin/../lib/gcc/arm-none-eabi/4.8.4/../../../../arm-none-eabi/lib/armv7e-m\libg.a
LOAD d:/dev/arm_gcc/bin/../lib/gcc/arm-none-eabi/4.8.4/../../../../arm-none-eabi/lib/armv7e-m\libc.a
END GROUP
LOAD d:/dev/arm_gcc/bin/../lib/gcc/arm-none-eabi/4.8.4/armv7e-m/crtend.o
LOAD d:/dev/arm_gcc/bin/../lib/gcc/arm-none-eabi/4.8.4/armv7e-m/crtn.o
OUTPUT(Gewaechshaus.elf elf32-littlearm)

.ARM.attributes
                0x00000000       0x2a
 .ARM.attributes
                0x00000000       0x1e d:/dev/arm_gcc/bin/../lib/gcc/arm-none-eabi/4.8.4/armv7e-m/crti.o
 .ARM.attributes
                0x0000001e       0x2e d:/dev/arm_gcc/bin/../lib/gcc/arm-none-eabi/4.8.4/armv7e-m/crtbegin.o
 .ARM.attributes
                0x0000004c       0x1c d:/dev/arm_gcc/bin/../lib/gcc/arm-none-eabi/4.8.4/../../../../arm-none-eabi/lib/armv7e-m/crt0.o
 .ARM.attributes
                0x00000068       0x33 ..\obj\temp_sensors.o
 .ARM.attributes
                0x0000009b       0x33 ..\obj\tm_stm32f4_ds18b20.o
 .ARM.attributes
                0x000000ce       0x33 ..\obj\stm32f4_discovery_audio_codec.o
 .ARM.attributes
                0x00000101       0x33 ..\obj\stm32f4xx_usart.o
 .ARM.attributes
                0x00000134       0x33 ..\obj\quadrature_encoder.o
 .ARM.attributes
                0x00000167       0x33 ..\obj\led.o
 .ARM.attributes
                0x0000019a       0x33 ..\obj\stm32f4xx_dac.o
 .ARM.attributes
                0x000001cd       0x33 ..\obj\rotary.o
 .ARM.attributes
                0x00000200       0x33 ..\obj\uart.o
 .ARM.attributes
                0x00000233       0x33 ..\obj\startup_stm32f4xx.o
 .ARM.attributes
                0x00000266       0x33 ..\obj\stm32f4_discovery.o
 .ARM.attributes
                0x00000299       0x33 ..\obj\main.o
 .ARM.attributes
                0x000002cc       0x33 ..\obj\stm32f4xx_rcc.o
 .ARM.attributes
                0x000002ff       0x33 ..\obj\stm32f4xx_adc.o
 .ARM.attributes
                0x00000332       0x33 ..\obj\stm32_ub_systick.o
 .ARM.attributes
                0x00000365       0x33 ..\obj\tm_stm32f4_onewire.o
 .ARM.attributes
                0x00000398       0x33 ..\obj\stm32f4xx_gpio.o
 .ARM.attributes
                0x000003cb       0x33 ..\obj\system_stm32f4xx.o
 .ARM.attributes
                0x000003fe       0x33 ..\obj\stm32f4xx_dma.o
 .ARM.attributes
                0x00000431       0x33 ..\obj\adc.o
 .ARM.attributes
                0x00000464       0x33 ..\obj\stm32f4_discovery_callbacks.o
 .ARM.attributes
                0x00000497       0x33 ..\obj\stm32f4xx_spi.o
 .ARM.attributes
                0x000004ca       0x33 ..\obj\stm32f4xx_exti.o
 .ARM.attributes
                0x000004fd       0x33 ..\obj\misc.o
 .ARM.attributes
                0x00000530       0x33 ..\obj\stm32f4xx_tim.o
 .ARM.attributes
                0x00000563       0x1e d:/dev/arm_gcc/bin/../lib/gcc/arm-none-eabi/4.8.4/armv7e-m\libgcc.a(_arm_addsubdf3.o)
 .ARM.attributes
                0x00000581       0x1e d:/dev/arm_gcc/bin/../lib/gcc/arm-none-eabi/4.8.4/armv7e-m\libgcc.a(_arm_muldivdf3.o)
 .ARM.attributes
                0x0000059f       0x1e d:/dev/arm_gcc/bin/../lib/gcc/arm-none-eabi/4.8.4/armv7e-m\libgcc.a(_arm_truncdfsf2.o)
 .ARM.attributes
                0x000005bd       0x1e d:/dev/arm_gcc/bin/../lib/gcc/arm-none-eabi/4.8.4/armv7e-m\libgcc.a(_arm_addsubsf3.o)
 .ARM.attributes
                0x000005db       0x1e d:/dev/arm_gcc/bin/../lib/gcc/arm-none-eabi/4.8.4/armv7e-m\libgcc.a(_arm_muldivsf3.o)
 .ARM.attributes
                0x000005f9       0x2e d:/dev/arm_gcc/bin/../lib/gcc/arm-none-eabi/4.8.4/../../../../arm-none-eabi/lib/armv7e-m\libc.a(lib_a-aeabi_atexit.o)
 .ARM.attributes
                0x00000627       0x2e d:/dev/arm_gcc/bin/../lib/gcc/arm-none-eabi/4.8.4/../../../../arm-none-eabi/lib/armv7e-m\libc.a(lib_a-cxa_atexit.o)
 .ARM.attributes
                0x00000655       0x2e d:/dev/arm_gcc/bin/../lib/gcc/arm-none-eabi/4.8.4/../../../../arm-none-eabi/lib/armv7e-m\libc.a(lib_a-exit.o)
 .ARM.attributes
                0x00000683       0x2e d:/dev/arm_gcc/bin/../lib/gcc/arm-none-eabi/4.8.4/../../../../arm-none-eabi/lib/armv7e-m\libc.a(lib_a-impure.o)
 .ARM.attributes
                0x000006b1       0x2e d:/dev/arm_gcc/bin/../lib/gcc/arm-none-eabi/4.8.4/../../../../arm-none-eabi/lib/armv7e-m\libc.a(lib_a-init.o)
 .ARM.attributes
                0x000006df       0x2e d:/dev/arm_gcc/bin/../lib/gcc/arm-none-eabi/4.8.4/../../../../arm-none-eabi/lib/armv7e-m\libc.a(lib_a-malloc.o)
 .ARM.attributes
                0x0000070d       0x2e d:/dev/arm_gcc/bin/../lib/gcc/arm-none-eabi/4.8.4/../../../../arm-none-eabi/lib/armv7e-m\libc.a(lib_a-mallocr.o)
 .ARM.attributes
                0x0000073b       0x1c d:/dev/arm_gcc/bin/../lib/gcc/arm-none-eabi/4.8.4/../../../../arm-none-eabi/lib/armv7e-m\libc.a(lib_a-memcpy.o)
 .ARM.attributes
                0x00000757       0x2e d:/dev/arm_gcc/bin/../lib/gcc/arm-none-eabi/4.8.4/../../../../arm-none-eabi/lib/armv7e-m\libc.a(lib_a-memset.o)
 .ARM.attributes
                0x00000785       0x2e d:/dev/arm_gcc/bin/../lib/gcc/arm-none-eabi/4.8.4/../../../../arm-none-eabi/lib/armv7e-m\libc.a(lib_a-mlock.o)
 .ARM.attributes
                0x000007b3       0x2e d:/dev/arm_gcc/bin/../lib/gcc/arm-none-eabi/4.8.4/../../../../arm-none-eabi/lib/armv7e-m\libc.a(lib_a-sbrkr.o)
 .ARM.attributes
                0x000007e1       0x2e d:/dev/arm_gcc/bin/../lib/gcc/arm-none-eabi/4.8.4/../../../../arm-none-eabi/lib/armv7e-m\libc.a(lib_a-sprintf.o)
 .ARM.attributes
                0x0000080f       0x2e d:/dev/arm_gcc/bin/../lib/gcc/arm-none-eabi/4.8.4/../../../../arm-none-eabi/lib/armv7e-m\libc.a(lib_a-strcpy.o)
 .ARM.attributes
                0x0000083d       0x2e d:/dev/arm_gcc/bin/../lib/gcc/arm-none-eabi/4.8.4/../../../../arm-none-eabi/lib/armv7e-m\libc.a(lib_a-strlen.o)
 .ARM.attributes
                0x0000086b       0x2e d:/dev/arm_gcc/bin/../lib/gcc/arm-none-eabi/4.8.4/../../../../arm-none-eabi/lib/armv7e-m\libc.a(lib_a-svfprintf.o)
 .ARM.attributes
                0x00000899       0x2e d:/dev/arm_gcc/bin/../lib/gcc/arm-none-eabi/4.8.4/../../../../arm-none-eabi/lib/armv7e-m\libc.a(lib_a-__atexit.o)
 .ARM.attributes
                0x000008c7       0x2e d:/dev/arm_gcc/bin/../lib/gcc/arm-none-eabi/4.8.4/../../../../arm-none-eabi/lib/armv7e-m\libc.a(lib_a-__call_atexit.o)
 .ARM.attributes
                0x000008f5       0x2e d:/dev/arm_gcc/bin/../lib/gcc/arm-none-eabi/4.8.4/../../../../arm-none-eabi/lib/armv7e-m\libc.a(lib_a-atexit.o)
 .ARM.attributes
                0x00000923       0x2e d:/dev/arm_gcc/bin/../lib/gcc/arm-none-eabi/4.8.4/../../../../arm-none-eabi/lib/armv7e-m\libc.a(lib_a-dtoa.o)
 .ARM.attributes
                0x00000951       0x2e d:/dev/arm_gcc/bin/../lib/gcc/arm-none-eabi/4.8.4/../../../../arm-none-eabi/lib/armv7e-m\libc.a(lib_a-fini.o)
 .ARM.attributes
                0x0000097f       0x2e d:/dev/arm_gcc/bin/../lib/gcc/arm-none-eabi/4.8.4/../../../../arm-none-eabi/lib/armv7e-m\libc.a(lib_a-freer.o)
 .ARM.attributes
                0x000009ad       0x2e d:/dev/arm_gcc/bin/../lib/gcc/arm-none-eabi/4.8.4/../../../../arm-none-eabi/lib/armv7e-m\libc.a(lib_a-locale.o)
 .ARM.attributes
                0x000009db       0x2e d:/dev/arm_gcc/bin/../lib/gcc/arm-none-eabi/4.8.4/../../../../arm-none-eabi/lib/armv7e-m\libc.a(lib_a-memchr-stub.o)
 .ARM.attributes
                0x00000a09       0x2e d:/dev/arm_gcc/bin/../lib/gcc/arm-none-eabi/4.8.4/../../../../arm-none-eabi/lib/armv7e-m\libc.a(lib_a-mprec.o)
 .ARM.attributes
                0x00000a37       0x2e d:/dev/arm_gcc/bin/../lib/gcc/arm-none-eabi/4.8.4/../../../../arm-none-eabi/lib/armv7e-m\libc.a(lib_a-reent.o)
 .ARM.attributes
                0x00000a65       0x2e d:/dev/arm_gcc/bin/../lib/gcc/arm-none-eabi/4.8.4/../../../../arm-none-eabi/lib/armv7e-m\libc.a(lib_a-s_fpclassify.o)
 .ARM.attributes
                0x00000a93       0x2e d:/dev/arm_gcc/bin/../lib/gcc/arm-none-eabi/4.8.4/../../../../arm-none-eabi/lib/armv7e-m\libc.a(lib_a-svfiprintf.o)
 .ARM.attributes
                0x00000ac1       0x2e d:/dev/arm_gcc/bin/../lib/gcc/arm-none-eabi/4.8.4/../../../../arm-none-eabi/lib/armv7e-m\libc.a(lib_a-callocr.o)
 .ARM.attributes
                0x00000aef       0x2e d:/dev/arm_gcc/bin/../lib/gcc/arm-none-eabi/4.8.4/../../../../arm-none-eabi/lib/armv7e-m\libc.a(lib_a-memmove.o)
 .ARM.attributes
                0x00000b1d       0x2e d:/dev/arm_gcc/bin/../lib/gcc/arm-none-eabi/4.8.4/../../../../arm-none-eabi/lib/armv7e-m\libc.a(lib_a-reallocr.o)
 .ARM.attributes
                0x00000b4b       0x2e d:/dev/arm_gcc/bin/../lib/gcc/arm-none-eabi/4.8.4/../../../../arm-none-eabi/lib/armv7e-m\libnosys.a(sbrk.o)
 .ARM.attributes
                0x00000b79       0x2e d:/dev/arm_gcc/bin/../lib/gcc/arm-none-eabi/4.8.4/../../../../arm-none-eabi/lib/armv7e-m\libnosys.a(_exit.o)
 .ARM.attributes
                0x00000ba7       0x1e d:/dev/arm_gcc/bin/../lib/gcc/arm-none-eabi/4.8.4/armv7e-m\libgcc.a(_arm_cmpdf2.o)
 .ARM.attributes
                0x00000bc5       0x1e d:/dev/arm_gcc/bin/../lib/gcc/arm-none-eabi/4.8.4/armv7e-m\libgcc.a(_arm_fixdfsi.o)
 .ARM.attributes
                0x00000be3       0x1e d:/dev/arm_gcc/bin/../lib/gcc/arm-none-eabi/4.8.4/armv7e-m\libgcc.a(_aeabi_uldivmod.o)
 .ARM.attributes
                0x00000c01       0x2e d:/dev/arm_gcc/bin/../lib/gcc/arm-none-eabi/4.8.4/armv7e-m\libgcc.a(bpabi.o)
 .ARM.attributes
                0x00000c2f       0x1e d:/dev/arm_gcc/bin/../lib/gcc/arm-none-eabi/4.8.4/armv7e-m\libgcc.a(_dvmd_tls.o)
 .ARM.attributes
                0x00000c4d       0x2e d:/dev/arm_gcc/bin/../lib/gcc/arm-none-eabi/4.8.4/armv7e-m\libgcc.a(_divdi3.o)
 .ARM.attributes
                0x00000c7b       0x2e d:/dev/arm_gcc/bin/../lib/gcc/arm-none-eabi/4.8.4/armv7e-m\libgcc.a(_udivdi3.o)
 .ARM.attributes
                0x00000ca9       0x2e d:/dev/arm_gcc/bin/../lib/gcc/arm-none-eabi/4.8.4/armv7e-m/crtend.o
 .ARM.attributes
                0x00000cd7       0x1e d:/dev/arm_gcc/bin/../lib/gcc/arm-none-eabi/4.8.4/armv7e-m/crtn.o

.comment        0x00000000       0x70
 .comment       0x00000000       0x70 ..\obj\temp_sensors.o
                                 0x71 (size before relaxing)
 .comment       0x00000000       0x71 ..\obj\tm_stm32f4_ds18b20.o
 .comment       0x00000000       0x71 ..\obj\stm32f4_discovery_audio_codec.o
 .comment       0x00000000       0x71 ..\obj\stm32f4xx_usart.o
 .comment       0x00000000       0x71 ..\obj\quadrature_encoder.o
 .comment       0x00000000       0x71 ..\obj\led.o
 .comment       0x00000000       0x71 ..\obj\stm32f4xx_dac.o
 .comment       0x00000000       0x71 ..\obj\rotary.o
 .comment       0x00000000       0x71 ..\obj\uart.o
 .comment       0x00000000       0x71 ..\obj\startup_stm32f4xx.o
 .comment       0x00000000       0x71 ..\obj\stm32f4_discovery.o
 .comment       0x00000000       0x71 ..\obj\main.o
 .comment       0x00000000       0x71 ..\obj\stm32f4xx_rcc.o
 .comment       0x00000000       0x71 ..\obj\stm32f4xx_adc.o
 .comment       0x00000000       0x71 ..\obj\stm32_ub_systick.o
 .comment       0x00000000       0x71 ..\obj\tm_stm32f4_onewire.o
 .comment       0x00000000       0x71 ..\obj\stm32f4xx_gpio.o
 .comment       0x00000000       0x71 ..\obj\system_stm32f4xx.o
 .comment       0x00000000       0x71 ..\obj\stm32f4xx_dma.o
 .comment       0x00000000       0x71 ..\obj\adc.o
 .comment       0x00000000       0x71 ..\obj\stm32f4_discovery_callbacks.o
 .comment       0x00000000       0x71 ..\obj\stm32f4xx_spi.o
 .comment       0x00000000       0x71 ..\obj\stm32f4xx_exti.o
 .comment       0x00000000       0x71 ..\obj\misc.o
 .comment       0x00000000       0x71 ..\obj\stm32f4xx_tim.o

.debug_info     0x00000000     0xc82a
 .debug_info    0x00000000      0x305 ..\obj\temp_sensors.o
 .debug_info    0x00000305      0x3c5 ..\obj\tm_stm32f4_ds18b20.o
 .debug_info    0x000006ca     0x1070 ..\obj\stm32f4_discovery_audio_codec.o
 .debug_info    0x0000173a      0x9c2 ..\obj\stm32f4xx_usart.o
 .debug_info    0x000020fc      0x674 ..\obj\quadrature_encoder.o
 .debug_info    0x00002770      0x22b ..\obj\led.o
 .debug_info    0x0000299b      0x63a ..\obj\stm32f4xx_dac.o
 .debug_info    0x00002fd5      0x85f ..\obj\rotary.o
 .debug_info    0x00003834      0xd0b ..\obj\uart.o
 .debug_info    0x0000453f      0x122 ..\obj\startup_stm32f4xx.o
 .debug_info    0x00004661      0x889 ..\obj\stm32f4_discovery.o
 .debug_info    0x00004eea      0x7d9 ..\obj\main.o
 .debug_info    0x000056c3      0xc4d ..\obj\stm32f4xx_rcc.o
 .debug_info    0x00006310      0xc38 ..\obj\stm32f4xx_adc.o
 .debug_info    0x00006f48      0x977 ..\obj\stm32_ub_systick.o
 .debug_info    0x000078bf      0x66b ..\obj\tm_stm32f4_onewire.o
 .debug_info    0x00007f2a      0x602 ..\obj\stm32f4xx_gpio.o
 .debug_info    0x0000852c      0x592 ..\obj\system_stm32f4xx.o
 .debug_info    0x00008abe      0x739 ..\obj\stm32f4xx_dma.o
 .debug_info    0x000091f7      0x53e ..\obj\adc.o
 .debug_info    0x00009735      0x109 ..\obj\stm32f4_discovery_callbacks.o
 .debug_info    0x0000983e      0xb07 ..\obj\stm32f4xx_spi.o
 .debug_info    0x0000a345      0x347 ..\obj\stm32f4xx_exti.o
 .debug_info    0x0000a68c      0x53d ..\obj\misc.o
 .debug_info    0x0000abc9     0x1c61 ..\obj\stm32f4xx_tim.o

.debug_abbrev   0x00000000     0x29da
 .debug_abbrev  0x00000000      0x1c0 ..\obj\temp_sensors.o
 .debug_abbrev  0x000001c0      0x15b ..\obj\tm_stm32f4_ds18b20.o
 .debug_abbrev  0x0000031b      0x256 ..\obj\stm32f4_discovery_audio_codec.o
 .debug_abbrev  0x00000571      0x155 ..\obj\stm32f4xx_usart.o
 .debug_abbrev  0x000006c6      0x1f7 ..\obj\quadrature_encoder.o
 .debug_abbrev  0x000008bd      0x175 ..\obj\led.o
 .debug_abbrev  0x00000a32      0x17c ..\obj\stm32f4xx_dac.o
 .debug_abbrev  0x00000bae      0x25e ..\obj\rotary.o
 .debug_abbrev  0x00000e0c      0x2bb ..\obj\uart.o
 .debug_abbrev  0x000010c7       0xce ..\obj\startup_stm32f4xx.o
 .debug_abbrev  0x00001195      0x183 ..\obj\stm32f4_discovery.o
 .debug_abbrev  0x00001318      0x25b ..\obj\main.o
 .debug_abbrev  0x00001573      0x1e3 ..\obj\stm32f4xx_rcc.o
 .debug_abbrev  0x00001756      0x196 ..\obj\stm32f4xx_adc.o
 .debug_abbrev  0x000018ec      0x214 ..\obj\stm32_ub_systick.o
 .debug_abbrev  0x00001b00      0x280 ..\obj\tm_stm32f4_onewire.o
 .debug_abbrev  0x00001d80      0x1a3 ..\obj\stm32f4xx_gpio.o
 .debug_abbrev  0x00001f23      0x136 ..\obj\system_stm32f4xx.o
 .debug_abbrev  0x00002059      0x155 ..\obj\stm32f4xx_dma.o
 .debug_abbrev  0x000021ae      0x1c4 ..\obj\adc.o
 .debug_abbrev  0x00002372       0x90 ..\obj\stm32f4_discovery_callbacks.o
 .debug_abbrev  0x00002402      0x167 ..\obj\stm32f4xx_spi.o
 .debug_abbrev  0x00002569      0x1a5 ..\obj\stm32f4xx_exti.o
 .debug_abbrev  0x0000270e      0x145 ..\obj\misc.o
 .debug_abbrev  0x00002853      0x187 ..\obj\stm32f4xx_tim.o

.debug_aranges  0x00000000      0xf70
 .debug_aranges
                0x00000000       0x40 ..\obj\temp_sensors.o
 .debug_aranges
                0x00000040       0x70 ..\obj\tm_stm32f4_ds18b20.o
 .debug_aranges
                0x000000b0      0x130 ..\obj\stm32f4_discovery_audio_codec.o
 .debug_aranges
                0x000001e0      0x100 ..\obj\stm32f4xx_usart.o
 .debug_aranges
                0x000002e0       0x48 ..\obj\quadrature_encoder.o
 .debug_aranges
                0x00000328       0x38 ..\obj\led.o
 .debug_aranges
                0x00000360       0xa0 ..\obj\stm32f4xx_dac.o
 .debug_aranges
                0x00000400       0x40 ..\obj\rotary.o
 .debug_aranges
                0x00000440       0x88 ..\obj\uart.o
 .debug_aranges
                0x000004c8       0x28 ..\obj\startup_stm32f4xx.o
 .debug_aranges
                0x000004f0       0x48 ..\obj\stm32f4_discovery.o
 .debug_aranges
                0x00000538       0x30 ..\obj\main.o
 .debug_aranges
                0x00000568      0x178 ..\obj\stm32f4xx_rcc.o
 .debug_aranges
                0x000006e0      0x148 ..\obj\stm32f4xx_adc.o
 .debug_aranges
                0x00000828       0x70 ..\obj\stm32_ub_systick.o
 .debug_aranges
                0x00000898       0xa8 ..\obj\tm_stm32f4_onewire.o
 .debug_aranges
                0x00000940       0x88 ..\obj\stm32f4xx_gpio.o
 .debug_aranges
                0x000009c8       0x30 ..\obj\system_stm32f4xx.o
 .debug_aranges
                0x000009f8       0xb0 ..\obj\stm32f4xx_dma.o
 .debug_aranges
                0x00000aa8       0x30 ..\obj\adc.o
 .debug_aranges
                0x00000ad8       0x28 ..\obj\stm32f4_discovery_callbacks.o
 .debug_aranges
                0x00000b00       0xe0 ..\obj\stm32f4xx_spi.o
 .debug_aranges
                0x00000be0       0x58 ..\obj\stm32f4xx_exti.o
 .debug_aranges
                0x00000c38       0x40 ..\obj\misc.o
 .debug_aranges
                0x00000c78      0x2f8 ..\obj\stm32f4xx_tim.o

.debug_ranges   0x00000000      0xde0
 .debug_ranges  0x00000000       0x30 ..\obj\temp_sensors.o
 .debug_ranges  0x00000030       0x60 ..\obj\tm_stm32f4_ds18b20.o
 .debug_ranges  0x00000090      0x120 ..\obj\stm32f4_discovery_audio_codec.o
 .debug_ranges  0x000001b0       0xf0 ..\obj\stm32f4xx_usart.o
 .debug_ranges  0x000002a0       0x38 ..\obj\quadrature_encoder.o
 .debug_ranges  0x000002d8       0x28 ..\obj\led.o
 .debug_ranges  0x00000300       0x90 ..\obj\stm32f4xx_dac.o
 .debug_ranges  0x00000390       0x30 ..\obj\rotary.o
 .debug_ranges  0x000003c0       0x78 ..\obj\uart.o
 .debug_ranges  0x00000438       0x18 ..\obj\startup_stm32f4xx.o
 .debug_ranges  0x00000450       0x38 ..\obj\stm32f4_discovery.o
 .debug_ranges  0x00000488       0x20 ..\obj\main.o
 .debug_ranges  0x000004a8      0x168 ..\obj\stm32f4xx_rcc.o
 .debug_ranges  0x00000610      0x138 ..\obj\stm32f4xx_adc.o
 .debug_ranges  0x00000748       0x60 ..\obj\stm32_ub_systick.o
 .debug_ranges  0x000007a8       0x98 ..\obj\tm_stm32f4_onewire.o
 .debug_ranges  0x00000840       0x78 ..\obj\stm32f4xx_gpio.o
 .debug_ranges  0x000008b8       0x20 ..\obj\system_stm32f4xx.o
 .debug_ranges  0x000008d8       0xa0 ..\obj\stm32f4xx_dma.o
 .debug_ranges  0x00000978       0x20 ..\obj\adc.o
 .debug_ranges  0x00000998       0x18 ..\obj\stm32f4_discovery_callbacks.o
 .debug_ranges  0x000009b0       0xd0 ..\obj\stm32f4xx_spi.o
 .debug_ranges  0x00000a80       0x48 ..\obj\stm32f4xx_exti.o
 .debug_ranges  0x00000ac8       0x30 ..\obj\misc.o
 .debug_ranges  0x00000af8      0x2e8 ..\obj\stm32f4xx_tim.o

.debug_line     0x00000000     0x4f3a
 .debug_line    0x00000000      0x1b9 ..\obj\temp_sensors.o
 .debug_line    0x000001b9      0x27e ..\obj\tm_stm32f4_ds18b20.o
 .debug_line    0x00000437      0x6ad ..\obj\stm32f4_discovery_audio_codec.o
 .debug_line    0x00000ae4      0x449 ..\obj\stm32f4xx_usart.o
 .debug_line    0x00000f2d      0x25c ..\obj\quadrature_encoder.o
 .debug_line    0x00001189      0x190 ..\obj\led.o
 .debug_line    0x00001319      0x2ff ..\obj\stm32f4xx_dac.o
 .debug_line    0x00001618      0x247 ..\obj\rotary.o
 .debug_line    0x0000185f      0x32e ..\obj\uart.o
 .debug_line    0x00001b8d       0x9c ..\obj\startup_stm32f4xx.o
 .debug_line    0x00001c29      0x250 ..\obj\stm32f4_discovery.o
 .debug_line    0x00001e79      0x23a ..\obj\main.o
 .debug_line    0x000020b3      0x541 ..\obj\stm32f4xx_rcc.o
 .debug_line    0x000025f4      0x4f9 ..\obj\stm32f4xx_adc.o
 .debug_line    0x00002aed      0x310 ..\obj\stm32_ub_systick.o
 .debug_line    0x00002dfd      0x3ca ..\obj\tm_stm32f4_onewire.o
 .debug_line    0x000031c7      0x2e6 ..\obj\stm32f4xx_gpio.o
 .debug_line    0x000034ad      0x198 ..\obj\system_stm32f4xx.o
 .debug_line    0x00003645      0x383 ..\obj\stm32f4xx_dma.o
 .debug_line    0x000039c8      0x20e ..\obj\adc.o
 .debug_line    0x00003bd6      0x127 ..\obj\stm32f4_discovery_callbacks.o
 .debug_line    0x00003cfd      0x3f9 ..\obj\stm32f4xx_spi.o
 .debug_line    0x000040f6      0x24c ..\obj\stm32f4xx_exti.o
 .debug_line    0x00004342      0x1ec ..\obj\misc.o
 .debug_line    0x0000452e      0xa0c ..\obj\stm32f4xx_tim.o

.debug_str      0x00000000     0x4ddf
 .debug_str     0x00000000      0x2e3 ..\obj\temp_sensors.o
                                0x327 (size before relaxing)
 .debug_str     0x000002e3      0x2a3 ..\obj\tm_stm32f4_ds18b20.o
                                0x377 (size before relaxing)
 .debug_str     0x00000586      0xe16 ..\obj\stm32f4_discovery_audio_codec.o
                               0x106d (size before relaxing)
 .debug_str     0x0000139c      0x47e ..\obj\stm32f4xx_usart.o
                                0x68a (size before relaxing)
 .debug_str     0x0000181a      0x2ee ..\obj\quadrature_encoder.o
                                0x624 (size before relaxing)
 .debug_str     0x00001b08       0x9c ..\obj\led.o
                                0x1d7 (size before relaxing)
 .debug_str     0x00001ba4      0x235 ..\obj\stm32f4xx_dac.o
                                0x44e (size before relaxing)
 .debug_str     0x00001dd9      0x2c0 ..\obj\rotary.o
                                0xc24 (size before relaxing)
 .debug_str     0x00002099      0x2bc ..\obj\uart.o
                                0xe92 (size before relaxing)
 .debug_str     0x00002355       0xbd ..\obj\startup_stm32f4xx.o
                                0x154 (size before relaxing)
 .debug_str     0x00002412      0x193 ..\obj\stm32f4_discovery.o
                                0xb32 (size before relaxing)
 .debug_str     0x000025a5      0x17a ..\obj\main.o
                                0x931 (size before relaxing)
 .debug_str     0x0000271f      0x5c4 ..\obj\stm32f4xx_rcc.o
                                0x84b (size before relaxing)
 .debug_str     0x00002ce3      0x5f2 ..\obj\stm32f4xx_adc.o
                                0x7ff (size before relaxing)
 .debug_str     0x000032d5      0x2e4 ..\obj\stm32_ub_systick.o
                                0x9d8 (size before relaxing)
 .debug_str     0x000035b9      0x2cf ..\obj\tm_stm32f4_onewire.o
                                0x5dd (size before relaxing)
 .debug_str     0x00003888      0x171 ..\obj\stm32f4xx_gpio.o
                                0x49e (size before relaxing)
 .debug_str     0x000039f9       0xbf ..\obj\system_stm32f4xx.o
                                0x3a5 (size before relaxing)
 .debug_str     0x00003ab8      0x253 ..\obj\stm32f4xx_dma.o
                                0x53d (size before relaxing)
 .debug_str     0x00003d0b       0xac ..\obj\adc.o
                                0x720 (size before relaxing)
 .debug_str     0x00003db7       0x83 ..\obj\stm32f4_discovery_callbacks.o
                                0x1e0 (size before relaxing)
 .debug_str     0x00003e3a      0x313 ..\obj\stm32f4xx_spi.o
                                0x685 (size before relaxing)
 .debug_str     0x0000414d       0xfb ..\obj\stm32f4xx_exti.o
                                0x354 (size before relaxing)
 .debug_str     0x00004248      0x107 ..\obj\misc.o
                                0x3c9 (size before relaxing)
 .debug_str     0x0000434f      0xa90 ..\obj\stm32f4xx_tim.o
                                0xdcb (size before relaxing)

.debug_frame    0x00000000     0x39c4
 .debug_frame   0x00000000       0xa4 ..\obj\temp_sensors.o
 .debug_frame   0x000000a4      0x160 ..\obj\tm_stm32f4_ds18b20.o
 .debug_frame   0x00000204      0x438 ..\obj\stm32f4_discovery_audio_codec.o
 .debug_frame   0x0000063c      0x344 ..\obj\stm32f4xx_usart.o
 .debug_frame   0x00000980       0xcc ..\obj\quadrature_encoder.o
 .debug_frame   0x00000a4c       0x8c ..\obj\led.o
 .debug_frame   0x00000ad8      0x1ec ..\obj\stm32f4xx_dac.o
 .debug_frame   0x00000cc4       0xac ..\obj\rotary.o
 .debug_frame   0x00000d70      0x1c0 ..\obj\uart.o
 .debug_frame   0x00000f30       0x48 ..\obj\startup_stm32f4xx.o
 .debug_frame   0x00000f78       0xc4 ..\obj\stm32f4_discovery.o
 .debug_frame   0x0000103c       0x74 ..\obj\main.o
 .debug_frame   0x000010b0      0x4d8 ..\obj\stm32f4xx_rcc.o
 .debug_frame   0x00001588      0x434 ..\obj\stm32f4xx_adc.o
 .debug_frame   0x000019bc      0x150 ..\obj\stm32_ub_systick.o
 .debug_frame   0x00001b0c      0x224 ..\obj\tm_stm32f4_onewire.o
 .debug_frame   0x00001d30      0x19c ..\obj\stm32f4xx_gpio.o
 .debug_frame   0x00001ecc       0x64 ..\obj\system_stm32f4xx.o
 .debug_frame   0x00001f30      0x224 ..\obj\stm32f4xx_dma.o
 .debug_frame   0x00002154       0x6c ..\obj\adc.o
 .debug_frame   0x000021c0       0x44 ..\obj\stm32f4_discovery_callbacks.o
 .debug_frame   0x00002204      0x2d0 ..\obj\stm32f4xx_spi.o
 .debug_frame   0x000024d4       0xec ..\obj\stm32f4xx_exti.o
 .debug_frame   0x000025c0       0x9c ..\obj\misc.o
 .debug_frame   0x0000265c      0xa3c ..\obj\stm32f4xx_tim.o
 .debug_frame   0x00003098       0x20 d:/dev/arm_gcc/bin/../lib/gcc/arm-none-eabi/4.8.4/../../../../arm-none-eabi/lib/armv7e-m\libc.a(lib_a-aeabi_atexit.o)
 .debug_frame   0x000030b8       0x28 d:/dev/arm_gcc/bin/../lib/gcc/arm-none-eabi/4.8.4/../../../../arm-none-eabi/lib/armv7e-m\libc.a(lib_a-cxa_atexit.o)
 .debug_frame   0x000030e0       0x28 d:/dev/arm_gcc/bin/../lib/gcc/arm-none-eabi/4.8.4/../../../../arm-none-eabi/lib/armv7e-m\libc.a(lib_a-exit.o)
 .debug_frame   0x00003108       0x2c d:/dev/arm_gcc/bin/../lib/gcc/arm-none-eabi/4.8.4/../../../../arm-none-eabi/lib/armv7e-m\libc.a(lib_a-init.o)
 .debug_frame   0x00003134       0x30 d:/dev/arm_gcc/bin/../lib/gcc/arm-none-eabi/4.8.4/../../../../arm-none-eabi/lib/armv7e-m\libc.a(lib_a-malloc.o)
 .debug_frame   0x00003164       0x38 d:/dev/arm_gcc/bin/../lib/gcc/arm-none-eabi/4.8.4/../../../../arm-none-eabi/lib/armv7e-m\libc.a(lib_a-mallocr.o)
 .debug_frame   0x0000319c       0x2c d:/dev/arm_gcc/bin/../lib/gcc/arm-none-eabi/4.8.4/../../../../arm-none-eabi/lib/armv7e-m\libc.a(lib_a-memset.o)
 .debug_frame   0x000031c8       0x30 d:/dev/arm_gcc/bin/../lib/gcc/arm-none-eabi/4.8.4/../../../../arm-none-eabi/lib/armv7e-m\libc.a(lib_a-mlock.o)
 .debug_frame   0x000031f8       0x2c d:/dev/arm_gcc/bin/../lib/gcc/arm-none-eabi/4.8.4/../../../../arm-none-eabi/lib/armv7e-m\libc.a(lib_a-sbrkr.o)
 .debug_frame   0x00003224       0x64 d:/dev/arm_gcc/bin/../lib/gcc/arm-none-eabi/4.8.4/../../../../arm-none-eabi/lib/armv7e-m\libc.a(lib_a-sprintf.o)
 .debug_frame   0x00003288       0x20 d:/dev/arm_gcc/bin/../lib/gcc/arm-none-eabi/4.8.4/../../../../arm-none-eabi/lib/armv7e-m\libc.a(lib_a-strcpy.o)
 .debug_frame   0x000032a8       0x20 d:/dev/arm_gcc/bin/../lib/gcc/arm-none-eabi/4.8.4/../../../../arm-none-eabi/lib/armv7e-m\libc.a(lib_a-strlen.o)
 .debug_frame   0x000032c8       0x3c d:/dev/arm_gcc/bin/../lib/gcc/arm-none-eabi/4.8.4/../../../../arm-none-eabi/lib/armv7e-m\libc.a(lib_a-svfprintf.o)
 .debug_frame   0x00003304       0x30 d:/dev/arm_gcc/bin/../lib/gcc/arm-none-eabi/4.8.4/../../../../arm-none-eabi/lib/armv7e-m\libc.a(lib_a-__atexit.o)
 .debug_frame   0x00003334       0x48 d:/dev/arm_gcc/bin/../lib/gcc/arm-none-eabi/4.8.4/../../../../arm-none-eabi/lib/armv7e-m\libc.a(lib_a-__call_atexit.o)
 .debug_frame   0x0000337c       0x20 d:/dev/arm_gcc/bin/../lib/gcc/arm-none-eabi/4.8.4/../../../../arm-none-eabi/lib/armv7e-m\libc.a(lib_a-atexit.o)
 .debug_frame   0x0000339c       0x64 d:/dev/arm_gcc/bin/../lib/gcc/arm-none-eabi/4.8.4/../../../../arm-none-eabi/lib/armv7e-m\libc.a(lib_a-dtoa.o)
 .debug_frame   0x00003400       0x2c d:/dev/arm_gcc/bin/../lib/gcc/arm-none-eabi/4.8.4/../../../../arm-none-eabi/lib/armv7e-m\libc.a(lib_a-fini.o)
 .debug_frame   0x0000342c       0x50 d:/dev/arm_gcc/bin/../lib/gcc/arm-none-eabi/4.8.4/../../../../arm-none-eabi/lib/armv7e-m\libc.a(lib_a-freer.o)
 .debug_frame   0x0000347c       0x98 d:/dev/arm_gcc/bin/../lib/gcc/arm-none-eabi/4.8.4/../../../../arm-none-eabi/lib/armv7e-m\libc.a(lib_a-locale.o)
 .debug_frame   0x00003514       0x2c d:/dev/arm_gcc/bin/../lib/gcc/arm-none-eabi/4.8.4/../../../../arm-none-eabi/lib/armv7e-m\libc.a(lib_a-memchr-stub.o)
 .debug_frame   0x00003540      0x22c d:/dev/arm_gcc/bin/../lib/gcc/arm-none-eabi/4.8.4/../../../../arm-none-eabi/lib/armv7e-m\libc.a(lib_a-mprec.o)
 .debug_frame   0x0000376c       0x48 d:/dev/arm_gcc/bin/../lib/gcc/arm-none-eabi/4.8.4/../../../../arm-none-eabi/lib/armv7e-m\libc.a(lib_a-reent.o)
 .debug_frame   0x000037b4       0x28 d:/dev/arm_gcc/bin/../lib/gcc/arm-none-eabi/4.8.4/../../../../arm-none-eabi/lib/armv7e-m\libc.a(lib_a-s_fpclassify.o)
 .debug_frame   0x000037dc       0x64 d:/dev/arm_gcc/bin/../lib/gcc/arm-none-eabi/4.8.4/../../../../arm-none-eabi/lib/armv7e-m\libc.a(lib_a-svfiprintf.o)
 .debug_frame   0x00003840       0x28 d:/dev/arm_gcc/bin/../lib/gcc/arm-none-eabi/4.8.4/../../../../arm-none-eabi/lib/armv7e-m\libc.a(lib_a-callocr.o)
 .debug_frame   0x00003868       0x2c d:/dev/arm_gcc/bin/../lib/gcc/arm-none-eabi/4.8.4/../../../../arm-none-eabi/lib/armv7e-m\libc.a(lib_a-memmove.o)
 .debug_frame   0x00003894       0x38 d:/dev/arm_gcc/bin/../lib/gcc/arm-none-eabi/4.8.4/../../../../arm-none-eabi/lib/armv7e-m\libc.a(lib_a-reallocr.o)
 .debug_frame   0x000038cc       0x20 d:/dev/arm_gcc/bin/../lib/gcc/arm-none-eabi/4.8.4/../../../../arm-none-eabi/lib/armv7e-m\libnosys.a(sbrk.o)
 .debug_frame   0x000038ec       0x20 d:/dev/arm_gcc/bin/../lib/gcc/arm-none-eabi/4.8.4/../../../../arm-none-eabi/lib/armv7e-m\libnosys.a(_exit.o)
 .debug_frame   0x0000390c       0x50 d:/dev/arm_gcc/bin/../lib/gcc/arm-none-eabi/4.8.4/armv7e-m\libgcc.a(bpabi.o)
 .debug_frame   0x0000395c       0x34 d:/dev/arm_gcc/bin/../lib/gcc/arm-none-eabi/4.8.4/armv7e-m\libgcc.a(_divdi3.o)
 .debug_frame   0x00003990       0x34 d:/dev/arm_gcc/bin/../lib/gcc/arm-none-eabi/4.8.4/armv7e-m\libgcc.a(_udivdi3.o)

.stabstr        0x00000000       0x76
 .stabstr       0x00000000       0x76 d:/dev/arm_gcc/bin/../lib/gcc/arm-none-eabi/4.8.4/../../../../arm-none-eabi/lib/armv7e-m\libnosys.a(getpid.o)