Archive member included because of file (symbol)

c:/program files (x86)/gnu tools arm embedded/4.8 2014q3/bin/../lib/gcc/arm-none-eabi/4.8.4/armv7e-m\libgcc.a(unwind-arm.o)
                              ..\obj\uart.o (__aeabi_unwind_cpp_pr0)
c:/program files (x86)/gnu tools arm embedded/4.8 2014q3/bin/../lib/gcc/arm-none-eabi/4.8.4/armv7e-m\libgcc.a(libunwind.o)
                              c:/program files (x86)/gnu tools arm embedded/4.8 2014q3/bin/../lib/gcc/arm-none-eabi/4.8.4/armv7e-m\libgcc.a(unwind-arm.o) (restore_core_regs)
c:/program files (x86)/gnu tools arm embedded/4.8 2014q3/bin/../lib/gcc/arm-none-eabi/4.8.4/armv7e-m\libgcc.a(pr-support.o)
                              c:/program files (x86)/gnu tools arm embedded/4.8 2014q3/bin/../lib/gcc/arm-none-eabi/4.8.4/armv7e-m\libgcc.a(unwind-arm.o) (__gnu_unwind_execute)
c:/program files (x86)/gnu tools arm embedded/4.8 2014q3/bin/../lib/gcc/arm-none-eabi/4.8.4/../../../../arm-none-eabi/lib/armv7e-m\libc.a(lib_a-abort.o)
                              c:/program files (x86)/gnu tools arm embedded/4.8 2014q3/bin/../lib/gcc/arm-none-eabi/4.8.4/armv7e-m\libgcc.a(unwind-arm.o) (abort)
c:/program files (x86)/gnu tools arm embedded/4.8 2014q3/bin/../lib/gcc/arm-none-eabi/4.8.4/../../../../arm-none-eabi/lib/armv7e-m\libc.a(lib_a-aeabi_atexit.o)
                              ..\obj\main.o (__aeabi_atexit)
c:/program files (x86)/gnu tools arm embedded/4.8 2014q3/bin/../lib/gcc/arm-none-eabi/4.8.4/../../../../arm-none-eabi/lib/armv7e-m\libc.a(lib_a-cxa_atexit.o)
                              c:/program files (x86)/gnu tools arm embedded/4.8 2014q3/bin/../lib/gcc/arm-none-eabi/4.8.4/../../../../arm-none-eabi/lib/armv7e-m\libc.a(lib_a-aeabi_atexit.o) (__cxa_atexit)
c:/program files (x86)/gnu tools arm embedded/4.8 2014q3/bin/../lib/gcc/arm-none-eabi/4.8.4/../../../../arm-none-eabi/lib/armv7e-m\libc.a(lib_a-exit.o)
                              c:/program files (x86)/gnu tools arm embedded/4.8 2014q3/bin/../lib/gcc/arm-none-eabi/4.8.4/../../../../arm-none-eabi/lib/armv7e-m/crt0.o (exit)
c:/program files (x86)/gnu tools arm embedded/4.8 2014q3/bin/../lib/gcc/arm-none-eabi/4.8.4/../../../../arm-none-eabi/lib/armv7e-m\libc.a(lib_a-impure.o)
                              c:/program files (x86)/gnu tools arm embedded/4.8 2014q3/bin/../lib/gcc/arm-none-eabi/4.8.4/../../../../arm-none-eabi/lib/armv7e-m\libc.a(lib_a-exit.o) (_global_impure_ptr)
c:/program files (x86)/gnu tools arm embedded/4.8 2014q3/bin/../lib/gcc/arm-none-eabi/4.8.4/../../../../arm-none-eabi/lib/armv7e-m\libc.a(lib_a-init.o)
                              c:/program files (x86)/gnu tools arm embedded/4.8 2014q3/bin/../lib/gcc/arm-none-eabi/4.8.4/../../../../arm-none-eabi/lib/armv7e-m/crt0.o (__libc_init_array)
c:/program files (x86)/gnu tools arm embedded/4.8 2014q3/bin/../lib/gcc/arm-none-eabi/4.8.4/../../../../arm-none-eabi/lib/armv7e-m\libc.a(lib_a-malloc.o)
                              ..\obj\uart.o (malloc)
c:/program files (x86)/gnu tools arm embedded/4.8 2014q3/bin/../lib/gcc/arm-none-eabi/4.8.4/../../../../arm-none-eabi/lib/armv7e-m\libc.a(lib_a-mallocr.o)
                              c:/program files (x86)/gnu tools arm embedded/4.8 2014q3/bin/../lib/gcc/arm-none-eabi/4.8.4/../../../../arm-none-eabi/lib/armv7e-m\libc.a(lib_a-malloc.o) (_malloc_r)
c:/program files (x86)/gnu tools arm embedded/4.8 2014q3/bin/../lib/gcc/arm-none-eabi/4.8.4/../../../../arm-none-eabi/lib/armv7e-m\libc.a(lib_a-memcpy.o)
                              c:/program files (x86)/gnu tools arm embedded/4.8 2014q3/bin/../lib/gcc/arm-none-eabi/4.8.4/armv7e-m\libgcc.a(unwind-arm.o) (memcpy)
c:/program files (x86)/gnu tools arm embedded/4.8 2014q3/bin/../lib/gcc/arm-none-eabi/4.8.4/../../../../arm-none-eabi/lib/armv7e-m\libc.a(lib_a-memset.o)
                              c:/program files (x86)/gnu tools arm embedded/4.8 2014q3/bin/../lib/gcc/arm-none-eabi/4.8.4/../../../../arm-none-eabi/lib/armv7e-m/crt0.o (memset)
c:/program files (x86)/gnu tools arm embedded/4.8 2014q3/bin/../lib/gcc/arm-none-eabi/4.8.4/../../../../arm-none-eabi/lib/armv7e-m\libc.a(lib_a-mlock.o)
                              c:/program files (x86)/gnu tools arm embedded/4.8 2014q3/bin/../lib/gcc/arm-none-eabi/4.8.4/../../../../arm-none-eabi/lib/armv7e-m\libc.a(lib_a-mallocr.o) (__malloc_lock)
c:/program files (x86)/gnu tools arm embedded/4.8 2014q3/bin/../lib/gcc/arm-none-eabi/4.8.4/../../../../arm-none-eabi/lib/armv7e-m\libc.a(lib_a-sbrkr.o)
                              c:/program files (x86)/gnu tools arm embedded/4.8 2014q3/bin/../lib/gcc/arm-none-eabi/4.8.4/../../../../arm-none-eabi/lib/armv7e-m\libc.a(lib_a-mallocr.o) (_sbrk_r)
c:/program files (x86)/gnu tools arm embedded/4.8 2014q3/bin/../lib/gcc/arm-none-eabi/4.8.4/../../../../arm-none-eabi/lib/armv7e-m\libc.a(lib_a-signal.o)
[...]
Memory Configuration

Name             Origin             Length             Attributes
FLASH            0x08000000         0x00100000         xr
RAM              0x20000000         0x00020000         xrw
RAM1             0x10000000         0x00010000         xrw
*default*        0x00000000         0xffffffff

Linker script and memory map

LOAD c:/program files (x86)/gnu tools arm embedded/4.8 2014q3/bin/../lib/gcc/arm-none-eabi/4.8.4/armv7e-m/crti.o
LOAD c:/program files (x86)/gnu tools arm embedded/4.8 2014q3/bin/../lib/gcc/arm-none-eabi/4.8.4/armv7e-m/crtbegin.o
LOAD c:/program files (x86)/gnu tools arm embedded/4.8 2014q3/bin/../lib/gcc/arm-none-eabi/4.8.4/../../../../arm-none-eabi/lib/armv7e-m/crt0.o

.text           0x08000000     0x361c
 *(.isr_vector)
 .isr_vector    0x08000000      0x188 ..\obj\startup_stm32f4xx.o
                0x08000000                g_pfnVectors
 *(.text*)
 .text          0x08000188       0x54 c:/program files (x86)/gnu tools arm embedded/4.8 2014q3/bin/../lib/gcc/arm-none-eabi/4.8.4/armv7e-m/crtbegin.o
 .text          0x080001dc       0x74 c:/program files (x86)/gnu tools arm embedded/4.8 2014q3/bin/../lib/gcc/arm-none-eabi/4.8.4/../../../../arm-none-eabi/lib/armv7e-m/crt0.o
                0x080001dc                _start
                0x080001dc                _mainCRTStartup
 .text.Audio_MAL_IRQHandler
                0x08000250       0xf8 ..\obj\stm32f4_discovery_audio_codec.o
 .text.DMA1_Stream7_IRQHandler
                0x08000348        0xc ..\obj\stm32f4_discovery_audio_codec.o
                0x08000348                DMA1_Stream7_IRQHandler
 .text.DMA1_Stream0_IRQHandler
                0x08000354        0xc ..\obj\stm32f4_discovery_audio_codec.o
                0x08000354                DMA1_Stream0_IRQHandler
 .text.SPI3_IRQHandler
                0x08000360       0x40 ..\obj\stm32f4_discovery_audio_codec.o
                0x08000360                SPI3_IRQHandler
 .text.USART_Init
                0x080003a0      0x174 ..\obj\stm32f4xx_usart.o
                0x080003a0                USART_Init
 .text.USART_Cmd
                0x08000514       0x40 ..\obj\stm32f4xx_usart.o
                0x08000514                USART_Cmd
 .text.USART_ReceiveData
                0x08000554       0x20 ..\obj\stm32f4xx_usart.o
                0x08000554                USART_ReceiveData
 .text.USART_DMACmd
                0x08000574       0x48 ..\obj\stm32f4xx_usart.o
                0x08000574                USART_DMACmd
 .text.USART_ITConfig
                0x080005bc       0x90 ..\obj\stm32f4xx_usart.o
                0x080005bc                USART_ITConfig
 .text.USART_ClearFlag
                0x0800064c       0x20 ..\obj\stm32f4xx_usart.o
                0x0800064c                USART_ClearFlag
 .text.USART_GetITStatus
                0x0800066c       0xb0 ..\obj\stm32f4xx_usart.o
                0x0800066c                USART_GetITStatus
 .text._ZN3LEDC2Ev
                0x0800071c       0x18 ..\obj\led.o
                0x0800071c                LED::LED()
                0x0800071c                LED::LED()
 .text._ZN3LEDD2Ev
                0x08000734       0x18 ..\obj\led.o
                0x08000734                LED::~LED()
                0x08000734                LED::~LED()
 .text.DAC_SetChannel1Data
                0x0800074c       0x34 ..\obj\stm32f4xx_dac.o
                0x0800074c                DAC_SetChannel1Data
 .text._ZN5UsartC2Ei
                0x08000780       0x50 ..\obj\uart.o
                0x08000780                Usart::Usart(int)
                0x08000780                Usart::Usart(int)
 .text._ZN5Usart11buffer_initEv
                0x080007d0       0x2c ..\obj\uart.o
                0x080007d0                Usart::buffer_init()
 .text._ZN5Usart8BufferInEc
                0x080007fc       0x70 ..\obj\uart.o
                0x080007fc                Usart::BufferIn(char)
 .text._ZN5Usart9BufferOutEPc
                0x0800086c       0x58 ..\obj\uart.o
                0x0800086c                Usart::BufferOut(char*)
 .text._ZN5Usart10ReadBufferEv
                0x080008c4       0x7c ..\obj\uart.o
                0x080008c4                Usart::ReadBuffer()
 .text._ZN5Usart13usart3InitDMAEv
                0x08000940       0x8c ..\obj\uart.o
                0x08000940                Usart::usart3InitDMA()
 .text._ZN5Usart10SendViaDmaEPci
                0x080009cc       0x9c ..\obj\uart.o
                0x080009cc                Usart::SendViaDma(char*, int)
 .text._ZN5Usart10usart3InitEv
                0x08000a68       0xe0 ..\obj\uart.o
                0x08000a68                Usart::usart3Init()
 .text._ZN5Usart15EnableSingeltonEPS_
                0x08000b48       0x24 ..\obj\uart.o
                0x08000b48                Usart::EnableSingelton(Usart*)
 .text.DMA1_Stream3_IRQHandler
                0x08000b6c       0x30 ..\obj\uart.o
                0x08000b6c                DMA1_Stream3_IRQHandler
 .text.USART3_IRQHandler
                0x08000b9c       0x48 ..\obj\uart.o
                0x08000b9c                USART3_IRQHandler
 .text.Default_Reset_Handler
                0x08000be4       0x5c ..\obj\startup_stm32f4xx.o
                0x08000be4                Default_Reset_Handler
                0x08000be4                Reset_Handler
 .text.Default_Handler
                0x08000c40        0x8 ..\obj\startup_stm32f4xx.o
                0x08000c40                RTC_Alarm_IRQHandler
                0x08000c40                HASH_RNG_IRQHandler
                0x08000c40                EXTI2_IRQHandler
                0x08000c40                TIM8_CC_IRQHandler
                0x08000c40                DebugMon_Handler
                0x08000c40                TIM1_CC_IRQHandler
                0x08000c40                DMA2_Stream5_IRQHandler
                0x08000c40                HardFault_Handler
                0x08000c40                DMA1_Stream5_IRQHandler
                0x08000c40                SysTick_Handler
                0x08000c40                PVD_IRQHandler
                0x08000c40                SDIO_IRQHandler
                0x08000c40                TAMP_STAMP_IRQHandler
                0x08000c40                PendSV_Handler
                0x08000c40                NMI_Handler
                0x08000c40                CAN2_RX1_IRQHandler
                0x08000c40                EXTI3_IRQHandler
                0x08000c40                TIM8_TRG_COM_TIM14_IRQHandler
                0x08000c40                TIM1_UP_TIM10_IRQHandler
                0x08000c40                TIM8_UP_TIM13_IRQHandler
                0x08000c40                I2C3_ER_IRQHandler
                0x08000c40                EXTI0_IRQHandler
                0x08000c40                I2C2_EV_IRQHandler
                0x08000c40                DMA1_Stream2_IRQHandler
                0x08000c40                CAN1_RX0_IRQHandler
                0x08000c40                FPU_IRQHandler
                0x08000c40                OTG_HS_WKUP_IRQHandler
                0x08000c40                UsageFault_Handler
                0x08000c40                CAN2_SCE_IRQHandler
                0x08000c40                DMA2_Stream2_IRQHandler
                0x08000c40                SPI1_IRQHandler
                0x08000c40                TIM6_DAC_IRQHandler
                0x08000c40                TIM1_BRK_TIM9_IRQHandler
                0x08000c40                DCMI_IRQHandler
                0x08000c40                CAN2_RX0_IRQHandler
                0x08000c40                DMA2_Stream3_IRQHandler
                0x08000c40                USART6_IRQHandler
                0x08000c40                CRYP_IRQHandler
                0x08000c40                CAN1_RX1_IRQHandler
                0x08000c40                UART5_IRQHandler
                0x08000c40                DMA2_Stream0_IRQHandler
                0x08000c40                TIM4_IRQHandler
                0x08000c40                I2C1_EV_IRQHandler
                0x08000c40                DMA1_Stream6_IRQHandler
                0x08000c40                DMA1_Stream1_IRQHandler
                0x08000c40                UART4_IRQHandler
                0x08000c40                TIM3_IRQHandler
                0x08000c40                RCC_IRQHandler
                0x08000c40                TIM8_BRK_TIM12_IRQHandler
                0x08000c40                EXTI15_10_IRQHandler
                0x08000c40                ADC_IRQHandler
                0x08000c40                TIM7_IRQHandler
                0x08000c40                CAN2_TX_IRQHandler
                0x08000c40                TIM5_IRQHandler
                0x08000c40                DMA2_Stream7_IRQHandler
                0x08000c40                I2C3_EV_IRQHandler
                0x08000c40                EXTI9_5_IRQHandler
                0x08000c40                RTC_WKUP_IRQHandler
                0x08000c40                ETH_WKUP_IRQHandler
                0x08000c40                SPI2_IRQHandler
                0x08000c40                OTG_HS_EP1_IN_IRQHandler
                0x08000c40                MemManage_Handler
                0x08000c40                CAN1_TX_IRQHandler
                0x08000c40                SVC_Handler
                0x08000c40                EXTI4_IRQHandler
                0x08000c40                FSMC_IRQHandler
                0x08000c40                ETH_IRQHandler
                0x08000c40                OTG_HS_EP1_OUT_IRQHandler
                0x08000c40                WWDG_IRQHandler
                0x08000c40                TIM2_IRQHandler
                0x08000c40                OTG_FS_WKUP_IRQHandler
                0x08000c40                TIM1_TRG_COM_TIM11_IRQHandler
                0x08000c40                OTG_HS_IRQHandler
                0x08000c40                EXTI1_IRQHandler
                0x08000c40                USART2_IRQHandler
                0x08000c40                I2C2_ER_IRQHandler
                0x08000c40                DMA2_Stream1_IRQHandler
                0x08000c40                CAN1_SCE_IRQHandler
                0x08000c40                FLASH_IRQHandler
                0x08000c40                DMA2_Stream4_IRQHandler
                0x08000c40                BusFault_Handler
                0x08000c40                USART1_IRQHandler
                0x08000c40                OTG_FS_IRQHandler
                0x08000c40                DMA1_Stream4_IRQHandler
                0x08000c40                I2C1_ER_IRQHandler
                0x08000c40                DMA2_Stream6_IRQHandler
 .text.STM_EVAL_LEDInit
                0x08000c48       0x5c ..\obj\stm32f4_discovery.o
                0x08000c48                STM_EVAL_LEDInit
 .text._ZL5Delayi
                0x08000ca4       0x28 ..\obj\main.o
 .text.main     0x08000ccc       0x98 ..\obj\main.o
                0x08000ccc                main
 .text._Z41__static_initialization_and_destruction_0ii
                0x08000d64       0x3c ..\obj\main.o
 .text._GLOBAL__sub_I_buffer
                0x08000da0       0x10 ..\obj\main.o
 .text.RCC_GetClocksFreq
                0x08000db0      0x154 ..\obj\stm32f4xx_rcc.o
                0x08000db0                RCC_GetClocksFreq
 .text.RCC_AHB1PeriphClockCmd
                0x08000f04       0x3c ..\obj\stm32f4xx_rcc.o
                0x08000f04                RCC_AHB1PeriphClockCmd
 .text.RCC_APB1PeriphClockCmd
                0x08000f40       0x3c ..\obj\stm32f4xx_rcc.o
                0x08000f40                RCC_APB1PeriphClockCmd
 .text.GPIO_Init
                0x08000f7c      0x11c ..\obj\stm32f4xx_gpio.o
                0x08000f7c                GPIO_Init
 .text.GPIO_PinAFConfig
                0x08001098       0x8c ..\obj\stm32f4xx_gpio.o
                0x08001098                GPIO_PinAFConfig
 .text.SystemInit
                0x08001124       0x58 ..\obj\system_stm32f4xx.o
                0x08001124                SystemInit
 .text.SetSysClock
                0x0800117c       0xf4 ..\obj\system_stm32f4xx.o
 .text.DMA_DeInit
                0x08001270      0x1a4 ..\obj\stm32f4xx_dma.o
                0x08001270                DMA_DeInit
 .text.DMA_Init
                0x08001414       0xac ..\obj\stm32f4xx_dma.o
                0x08001414                DMA_Init
 .text.DMA_Cmd  0x080014c0       0x38 ..\obj\stm32f4xx_dma.o
                0x080014c0                DMA_Cmd
 .text.DMA_GetCmdStatus
                0x080014f8       0x30 ..\obj\stm32f4xx_dma.o
                0x080014f8                DMA_GetCmdStatus
 .text.DMA_GetFlagStatus
                0x08001528       0x78 ..\obj\stm32f4xx_dma.o
                0x08001528                DMA_GetFlagStatus
 .text.DMA_ClearFlag
                0x080015a0       0x5c ..\obj\stm32f4xx_dma.o
                0x080015a0                DMA_ClearFlag
 .text.DMA_ITConfig
                0x080015fc       0x74 ..\obj\stm32f4xx_dma.o
                0x080015fc                DMA_ITConfig
 .text.DMA_GetITStatus
                0x08001670       0xb0 ..\obj\stm32f4xx_dma.o
                0x08001670                DMA_GetITStatus
 .text.DMA_ClearITPendingBit
                0x08001720       0x5c ..\obj\stm32f4xx_dma.o
                0x08001720                DMA_ClearITPendingBit
 .text.EVAL_AUDIO_TransferComplete_CallBack
                0x0800177c       0x14 ..\obj\stm32f4_discovery_callbacks.o
                0x0800177c                EVAL_AUDIO_TransferComplete_CallBack
 .text.EVAL_AUDIO_GetSampleCallBack
                0x08001790       0x10 ..\obj\stm32f4_discovery_callbacks.o
                0x08001790                EVAL_AUDIO_GetSampleCallBack
 .text.SPI_I2S_SendData
                0x080017a0       0x1c ..\obj\stm32f4xx_spi.o
                0x080017a0                SPI_I2S_SendData
 .text.SPI_I2S_GetFlagStatus
                0x080017bc       0x38 ..\obj\stm32f4xx_spi.o
                0x080017bc                SPI_I2S_GetFlagStatus
 .text.NVIC_Init
                0x080017f4       0xbc ..\obj\misc.o
                0x080017f4                NVIC_Init
 .text          0x080018b0      0xa1c c:/program files (x86)/gnu tools arm embedded/4.8 2014q3/bin/../lib/gcc/arm-none-eabi/4.8.4/armv7e-m\libgcc.a(unwind-arm.o)
                0x08001b94                _Unwind_GetCFA
                0x08001b98                __gnu_Unwind_RaiseException
                0x08001bf8                __gnu_Unwind_ForcedUnwind
                0x08001c0c                __gnu_Unwind_Resume
                0x08001c50                __gnu_Unwind_Resume_or_Rethrow
                0x08001c60                _Unwind_Complete
                0x08001c64                _Unwind_DeleteException
                0x08001c74                _Unwind_VRS_Get
                0x08001cc4                _Unwind_VRS_Set
                0x08001d14                __gnu_Unwind_Backtrace
                0x08002068                __aeabi_unwind_cpp_pr0
                0x08002070                __aeabi_unwind_cpp_pr1
                0x08002078                __aeabi_unwind_cpp_pr2
                0x08002080                _Unwind_VRS_Pop
 .text          0x080022cc      0x1ac c:/program files (x86)/gnu tools arm embedded/4.8 2014q3/bin/../lib/gcc/arm-none-eabi/4.8.4/armv7e-m\libgcc.a(libunwind.o)
                0x080022cc                __restore_core_regs
                0x080022cc                restore_core_regs
                0x080022e4                __gnu_Unwind_Restore_VFP
                0x080022ec                __gnu_Unwind_Save_VFP
                0x080022f4                __gnu_Unwind_Restore_VFP_D
                0x080022fc                __gnu_Unwind_Save_VFP_D
                0x08002304                __gnu_Unwind_Restore_VFP_D_16_to_31
                0x0800230c                __gnu_Unwind_Save_VFP_D_16_to_31
                0x08002314                __gnu_Unwind_Restore_WMMXD
                0x08002358                __gnu_Unwind_Save_WMMXD
                0x0800239c                __gnu_Unwind_Restore_WMMXC
                0x080023b0                __gnu_Unwind_Save_WMMXC
                0x080023c4                ___Unwind_RaiseException
                0x080023c4                _Unwind_RaiseException
                0x080023e8                _Unwind_Resume
                0x080023e8                ___Unwind_Resume
                0x0800240c                _Unwind_Resume_or_Rethrow
                0x0800240c                ___Unwind_Resume_or_Rethrow
                0x08002430                _Unwind_ForcedUnwind
                0x08002430                ___Unwind_ForcedUnwind
                0x08002454                ___Unwind_Backtrace
                0x08002454                _Unwind_Backtrace
 .text          0x08002478      0x33c c:/program files (x86)/gnu tools arm embedded/4.8 2014q3/bin/../lib/gcc/arm-none-eabi/4.8.4/armv7e-m\libgcc.a(pr-support.o)
                0x080024cc                __gnu_unwind_execute
                0x08002758                __gnu_unwind_frame
                0x08002784                _Unwind_GetRegionStart
                0x08002790                _Unwind_GetLanguageSpecificData
                0x080027a4                _Unwind_GetDataRelBase
                0x080027ac                _Unwind_GetTextRelBase
 .text.abort    0x080027b4       0x10 c:/program files (x86)/gnu tools arm embedded/4.8 2014q3/bin/../lib/gcc/arm-none-eabi/4.8.4/../../../../arm-none-eabi/lib/armv7e-m\libc.a(lib_a-abort.o)
                0x080027b4                abort
 .text.__aeabi_atexit
                0x080027c4        0xc c:/program files (x86)/gnu tools arm embedded/4.8 2014q3/bin/../lib/gcc/arm-none-eabi/4.8.4/../../../../arm-none-eabi/lib/armv7e-m\libc.a(lib_a-aeabi_atexit.o)
                0x080027c4                __aeabi_atexit
 .text.__cxa_atexit
                0x080027d0       0x14 c:/program files (x86)/gnu tools arm embedded/4.8 2014q3/bin/../lib/gcc/arm-none-eabi/4.8.4/../../../../arm-none-eabi/lib/armv7e-m\libc.a(lib_a-cxa_atexit.o)
                0x080027d0                __cxa_atexit
 .text.exit     0x080027e4       0x20 c:/program files (x86)/gnu tools arm embedded/4.8 2014q3/bin/../lib/gcc/arm-none-eabi/4.8.4/../../../../arm-none-eabi/lib/armv7e-m\libc.a(lib_a-exit.o)
                0x080027e4                exit
 .text.__libc_init_array
                0x08002804       0x50 c:/program files (x86)/gnu tools arm embedded/4.8 2014q3/bin/../lib/gcc/arm-none-eabi/4.8.4/../../../../arm-none-eabi/lib/armv7e-m\libc.a(lib_a-init.o)
                0x08002804                __libc_init_array
 .text.malloc   0x08002854       0x10 c:/program files (x86)/gnu tools arm embedded/4.8 2014q3/bin/../lib/gcc/arm-none-eabi/4.8.4/../../../../arm-none-eabi/lib/armv7e-m\libc.a(lib_a-malloc.o)
                0x08002854                malloc
 .text.free     0x08002864       0x10 c:/program files (x86)/gnu tools arm embedded/4.8 2014q3/bin/../lib/gcc/arm-none-eabi/4.8.4/../../../../arm-none-eabi/lib/armv7e-m\libc.a(lib_a-malloc.o)
                0x08002864                free
 .text._malloc_r
                0x08002874      0x538 c:/program files (x86)/gnu tools arm embedded/4.8 2014q3/bin/../lib/gcc/arm-none-eabi/4.8.4/../../../../arm-none-eabi/lib/armv7e-m\libc.a(lib_a-mallocr.o)
                0x08002874                _malloc_r
 .text          0x08002dac      0x134 c:/program files (x86)/gnu tools arm embedded/4.8 2014q3/bin/../lib/gcc/arm-none-eabi/4.8.4/../../../../arm-none-eabi/lib/armv7e-m\libc.a(lib_a-memcpy.o)
                0x08002dac                memcpy
 .text.memset   0x08002ee0       0x94 c:/program files (x86)/gnu tools arm embedded/4.8 2014q3/bin/../lib/gcc/arm-none-eabi/4.8.4/../../../../arm-none-eabi/lib/armv7e-m\libc.a(lib_a-memset.o)
                0x08002ee0                memset
 .text.__malloc_lock
                0x08002f74        0x4 c:/program files (x86)/gnu tools arm embedded/4.8 2014q3/bin/../lib/gcc/arm-none-eabi/4.8.4/../../../../arm-none-eabi/lib/armv7e-m\libc.a(lib_a-mlock.o)
                0x08002f74                __malloc_lock
 .text.__malloc_unlock
                0x08002f78        0x4 c:/program files (x86)/gnu tools arm embedded/4.8 2014q3/bin/../lib/gcc/arm-none-eabi/4.8.4/../../../../arm-none-eabi/lib/armv7e-m\libc.a(lib_a-mlock.o)
                0x08002f78                __malloc_unlock
 .text._sbrk_r  0x08002f7c       0x24 c:/program files (x86)/gnu tools arm embedded/4.8 2014q3/bin/../lib/gcc/arm-none-eabi/4.8.4/../../../../arm-none-eabi/lib/armv7e-m\libc.a(lib_a-sbrkr.o)
                0x08002f7c                _sbrk_r
 .text._raise_r
                0x08002fa0       0x58 c:/program files (x86)/gnu tools arm embedded/4.8 2014q3/bin/../lib/gcc/arm-none-eabi/4.8.4/../../../../arm-none-eabi/lib/armv7e-m\libc.a(lib_a-signal.o)
                0x08002fa0                _raise_r
 .text.raise    0x08002ff8       0x10 c:/program files (x86)/gnu tools arm embedded/4.8 2014q3/bin/../lib/gcc/arm-none-eabi/4.8.4/../../../../arm-none-eabi/lib/armv7e-m\libc.a(lib_a-signal.o)
                0x08002ff8                raise
 .text._kill_r  0x08003008       0x28 c:/program files (x86)/gnu tools arm embedded/4.8 2014q3/bin/../lib/gcc/arm-none-eabi/4.8.4/../../../../arm-none-eabi/lib/armv7e-m\libc.a(lib_a-signalr.o)
                0x08003008                _kill_r
 .text._getpid_r
                0x08003030        0x4 c:/program files (x86)/gnu tools arm embedded/4.8 2014q3/bin/../lib/gcc/arm-none-eabi/4.8.4/../../../../arm-none-eabi/lib/armv7e-m\libc.a(lib_a-signalr.o)
                0x08003030                _getpid_r
 .text.strcpy   0x08003034       0xbc c:/program files (x86)/gnu tools arm embedded/4.8 2014q3/bin/../lib/gcc/arm-none-eabi/4.8.4/../../../../arm-none-eabi/lib/armv7e-m\libc.a(lib_a-strcpy.o)
                0x08003034                strcpy
 .text.strlen   0x080030f0       0x60 c:/program files (x86)/gnu tools arm embedded/4.8 2014q3/bin/../lib/gcc/arm-none-eabi/4.8.4/../../../../arm-none-eabi/lib/armv7e-m\libc.a(lib_a-strlen.o)
                0x080030f0                strlen
 .text.__register_exitproc
                0x08003150       0xa8 c:/program files (x86)/gnu tools arm embedded/4.8 2014q3/bin/../lib/gcc/arm-none-eabi/4.8.4/../../../../arm-none-eabi/lib/armv7e-m\libc.a(lib_a-__atexit.o)
                0x08003150                __register_exitproc
 .text.startup.register_fini
                0x080031f8       0x14 c:/program files (x86)/gnu tools arm embedded/4.8 2014q3/bin/../lib/gcc/arm-none-eabi/4.8.4/../../../../arm-none-eabi/lib/armv7e-m\libc.a(lib_a-__call_atexit.o)
 .text.__call_exitprocs
                0x0800320c       0xf0 c:/program files (x86)/gnu tools arm embedded/4.8 2014q3/bin/../lib/gcc/arm-none-eabi/4.8.4/../../../../arm-none-eabi/lib/armv7e-m\libc.a(lib_a-__call_atexit.o)
                0x0800320c                __call_exitprocs
 .text.atexit   0x080032fc        0xc c:/program files (x86)/gnu tools arm embedded/4.8 2014q3/bin/../lib/gcc/arm-none-eabi/4.8.4/../../../../arm-none-eabi/lib/armv7e-m\libc.a(lib_a-atexit.o)
                0x080032fc                atexit
 .text.__libc_fini_array
                0x08003308       0x30 c:/program files (x86)/gnu tools arm embedded/4.8 2014q3/bin/../lib/gcc/arm-none-eabi/4.8.4/../../../../arm-none-eabi/lib/armv7e-m\libc.a(lib_a-fini.o)
                0x08003308                __libc_fini_array
 .text._malloc_trim_r
                0x08003338       0x9c c:/program files (x86)/gnu tools arm embedded/4.8 2014q3/bin/../lib/gcc/arm-none-eabi/4.8.4/../../../../arm-none-eabi/lib/armv7e-m\libc.a(lib_a-freer.o)
                0x08003338                _malloc_trim_r
 .text._free_r  0x080033d4      0x19c c:/program files (x86)/gnu tools arm embedded/4.8 2014q3/bin/../lib/gcc/arm-none-eabi/4.8.4/../../../../arm-none-eabi/lib/armv7e-m\libc.a(lib_a-freer.o)
                0x080033d4                _free_r
 .text._getpid  0x08003570       0x10 c:/program files (x86)/gnu tools arm embedded/4.8 2014q3/bin/../lib/gcc/arm-none-eabi/4.8.4/../../../../arm-none-eabi/lib/armv7e-m\libnosys.a(getpid.o)
                0x08003570                _getpid
 .text._kill    0x08003580       0x10 c:/program files (x86)/gnu tools arm embedded/4.8 2014q3/bin/../lib/gcc/arm-none-eabi/4.8.4/../../../../arm-none-eabi/lib/armv7e-m\libnosys.a(kill.o)
                0x08003580                _kill
 .text._sbrk    0x08003590       0x34 c:/program files (x86)/gnu tools arm embedded/4.8 2014q3/bin/../lib/gcc/arm-none-eabi/4.8.4/../../../../arm-none-eabi/lib/armv7e-m\libnosys.a(sbrk.o)
                0x08003590                _sbrk
 .text._exit    0x080035c4        0x4 c:/program files (x86)/gnu tools arm embedded/4.8 2014q3/bin/../lib/gcc/arm-none-eabi/4.8.4/../../../../arm-none-eabi/lib/armv7e-m\libnosys.a(_exit.o)
                0x080035c4                _exit
 *(.init)
 .init          0x080035c8        0x4 c:/program files (x86)/gnu tools arm embedded/4.8 2014q3/bin/../lib/gcc/arm-none-eabi/4.8.4/armv7e-m/crti.o
                0x080035c8                _init
 .init          0x080035cc        0x8 c:/program files (x86)/gnu tools arm embedded/4.8 2014q3/bin/../lib/gcc/arm-none-eabi/4.8.4/armv7e-m/crtn.o
 *(.fini)
 .fini          0x080035d4        0x4 c:/program files (x86)/gnu tools arm embedded/4.8 2014q3/bin/../lib/gcc/arm-none-eabi/4.8.4/armv7e-m/crti.o
                0x080035d4                _fini
 .fini          0x080035d8        0x8 c:/program files (x86)/gnu tools arm embedded/4.8 2014q3/bin/../lib/gcc/arm-none-eabi/4.8.4/armv7e-m/crtn.o
 *crtbegin.o(.ctors)
 *crtbegin?.o(.ctors)
 *(EXCLUDE_FILE(*crtend.o *crtend?.o) .ctors)
 *(SORT(.ctors.*))
 *(.ctors)
 *crtbegin.o(.dtors)
 *crtbegin?.o(.dtors)
 *(EXCLUDE_FILE(*crtend.o *crtend?.o) .dtors)
 *(SORT(.dtors.*))
 *(.dtors)
 *(.rodata*)
 .rodata        0x080035e0       0x30 ..\obj\stm32f4_discovery.o
                0x080035e0                GPIO_PIN
                0x080035e8                GPIO_CLK
                0x080035f8                BUTTON_PIN
                0x080035fc                BUTTON_CLK
                0x08003600                BUTTON_EXTI_LINE
                0x08003604                BUTTON_PORT_SOURCE
                0x08003608                BUTTON_PIN_SOURCE
                0x0800360c                BUTTON_IRQn
 .rodata.str1.4
                0x08003610        0x4 c:/program files (x86)/gnu tools arm embedded/4.8 2014q3/bin/../lib/gcc/arm-none-eabi/4.8.4/../../../../arm-none-eabi/lib/armv7e-m\libc.a(lib_a-impure.o)
 .rodata._global_impure_ptr
                0x08003614        0x4 c:/program files (x86)/gnu tools arm embedded/4.8 2014q3/bin/../lib/gcc/arm-none-eabi/4.8.4/../../../../arm-none-eabi/lib/armv7e-m\libc.a(lib_a-impure.o)
                0x08003614                _global_impure_ptr
 *(.eh_frame*)
 .eh_frame      0x08003618        0x0 c:/program files (x86)/gnu tools arm embedded/4.8 2014q3/bin/../lib/gcc/arm-none-eabi/4.8.4/armv7e-m/crtbegin.o
 .eh_frame      0x08003618        0x4 c:/program files (x86)/gnu tools arm embedded/4.8 2014q3/bin/../lib/gcc/arm-none-eabi/4.8.4/armv7e-m/crtend.o

.glue_7         0x0800361c        0x0
 .glue_7        0x00000000        0x0 linker stubs

.glue_7t        0x0800361c        0x0
 .glue_7t       0x00000000        0x0 linker stubs

.vfp11_veneer   0x0800361c        0x0
 .vfp11_veneer  0x00000000        0x0 linker stubs

.v4_bx          0x0800361c        0x0
 .v4_bx         0x00000000        0x0 linker stubs

.iplt           0x0800361c        0x0
 .iplt          0x00000000        0x0 c:/program files (x86)/gnu tools arm embedded/4.8 2014q3/bin/../lib/gcc/arm-none-eabi/4.8.4/armv7e-m/crtbegin.o

.ARM.extab      0x0800361c       0x78
 *(.ARM.extab* .gnu.linkonce.armextab.*)
 .ARM.extab.text._ZN3LEDC2Ev
                0x0800361c        0xc ..\obj\led.o
 .ARM.extab.text._ZN5UsartC2Ei
                0x08003628        0xc ..\obj\uart.o
 .ARM.extab.text._ZN5Usart13usart3InitDMAEv
                0x08003634        0xc ..\obj\uart.o
 .ARM.extab.text._ZN5Usart10SendViaDmaEPci
                0x08003640        0xc ..\obj\uart.o
 .ARM.extab.text._ZN5Usart10usart3InitEv
                0x0800364c        0xc ..\obj\uart.o
 .ARM.extab.text.USART3_IRQHandler
                0x08003658        0xc ..\obj\uart.o
 .ARM.extab.text.main
                0x08003664        0xc ..\obj\main.o
 .ARM.extab     0x08003670        0xc c:/program files (x86)/gnu tools arm embedded/4.8 2014q3/bin/../lib/gcc/arm-none-eabi/4.8.4/armv7e-m\libgcc.a(unwind-arm.o)
 .ARM.extab     0x0800367c       0x18 c:/program files (x86)/gnu tools arm embedded/4.8 2014q3/bin/../lib/gcc/arm-none-eabi/4.8.4/armv7e-m\libgcc.a(pr-support.o)
                0x08003694                __exidx_start = .

.ARM.exidx      0x08003694      0x130
 *(.ARM.exidx* .gnu.linkonce.armexidx.*)
 .ARM.exidx     0x08003694        0x8 c:/program files (x86)/gnu tools arm embedded/4.8 2014q3/bin/../lib/gcc/arm-none-eabi/4.8.4/../../../../arm-none-eabi/lib/armv7e-m/crt0.o
 .ARM.exidx.text._ZN3LEDC2Ev
                0x0800369c        0x8 ..\obj\led.o
 .ARM.exidx.text._ZN3LEDD2Ev
                0x080036a4        0x8 ..\obj\led.o
 .ARM.exidx.text._ZN5UsartC2Ei
                0x080036ac        0x8 ..\obj\uart.o
 .ARM.exidx.text._ZN5Usart11buffer_initEv
                0x080036b4        0x8 ..\obj\uart.o
 .ARM.exidx.text._ZN5Usart8BufferInEc
                0x080036bc        0x0 ..\obj\uart.o
                                  0x8 (size before relaxing)
 .ARM.exidx.text._ZN5Usart9BufferOutEPc
                0x080036bc        0x0 ..\obj\uart.o
                                  0x8 (size before relaxing)
 .ARM.exidx.text._ZN5Usart10ReadBufferEv
                0x080036bc        0x0 ..\obj\uart.o
                                  0x8 (size before relaxing)
 .ARM.exidx.text._ZN5Usart13usart3InitDMAEv
                0x080036bc        0x8 ..\obj\uart.o
 .ARM.exidx.text._ZN5Usart10SendViaDmaEPci
                0x080036c4        0x8 ..\obj\uart.o
 .ARM.exidx.text._ZN5Usart10usart3InitEv
                0x080036cc        0x8 ..\obj\uart.o
 .ARM.exidx.text._ZN5Usart15EnableSingeltonEPS_
                0x080036d4        0x8 ..\obj\uart.o
 .ARM.exidx.text.DMA1_Stream3_IRQHandler
                0x080036dc        0x8 ..\obj\uart.o
 .ARM.exidx.text.USART3_IRQHandler
                0x080036e4       0x10 ..\obj\uart.o
                                  0x8 (size before relaxing)
 .ARM.exidx.text._ZL5Delayi
                0x080036f4        0x0 ..\obj\main.o
                                  0x8 (size before relaxing)
 .ARM.exidx.text.main
                0x080036f4        0x8 ..\obj\main.o
 .ARM.exidx.text._Z41__static_initialization_and_destruction_0ii
                0x080036fc        0x8 ..\obj\main.o
 .ARM.exidx.text._GLOBAL__sub_I_buffer
                0x08003704        0x0 ..\obj\main.o
                                  0x8 (size before relaxing)
 .ARM.exidx     0x08003704       0x88 c:/program files (x86)/gnu tools arm embedded/4.8 2014q3/bin/../lib/gcc/arm-none-eabi/4.8.4/armv7e-m\libgcc.a(unwind-arm.o)
                                 0xd8 (size before relaxing)
 .ARM.exidx     0x0800378c       0x38 c:/program files (x86)/gnu tools arm embedded/4.8 2014q3/bin/../lib/gcc/arm-none-eabi/4.8.4/armv7e-m\libgcc.a(pr-support.o)
                                 0x48 (size before relaxing)
                0x080037c4                __exidx_end = .
                0x080037c4                __etext = .
                0x080037c4                _sidata = __etext

.rel.dyn        0x080037c4        0x0
 .rel.iplt      0x00000000        0x0 c:/program files (x86)/gnu tools arm embedded/4.8 2014q3/bin/../lib/gcc/arm-none-eabi/4.8.4/armv7e-m/crtbegin.o

.data           0x20000000      0x930 load address 0x080037c4
                0x20000000                __data_start__ = .
                0x20000000                _sdata = __data_start__
 *(vtable)
 *(.data*)
 .data          0x20000000        0x4 c:/program files (x86)/gnu tools arm embedded/4.8 2014q3/bin/../lib/gcc/arm-none-eabi/4.8.4/armv7e-m/crtbegin.o
                0x20000000                __dso_handle
 .data          0x20000004       0x34 ..\obj\stm32f4_discovery_audio_codec.o
                0x20000004                AudioTotalSize
                0x20000008                AudioRemSize
                0x2000000c                CODECTimeout
                0x20000010                CurrAudioInterface
                0x20000014                AUDIO_MAL_DMA_CLOCK
                0x20000018                AUDIO_MAL_DMA_STREAM
                0x2000001c                AUDIO_MAL_DMA_DREG
                0x20000020                AUDIO_MAL_DMA_IRQ
                0x20000024                AUDIO_MAL_DMA_FLAG_TC
                0x20000028                AUDIO_MAL_DMA_FLAG_HT
                0x2000002c                AUDIO_MAL_DMA_FLAG_FE
                0x20000030                AUDIO_MAL_DMA_FLAG_TE
                0x20000034                AUDIO_MAL_DMA_FLAG_DME
 .data          0x20000038       0x14 ..\obj\stm32f4_discovery.o
                0x20000038                GPIO_PORT
                0x20000048                BUTTON_PORT
 .data          0x2000004c       0x84 ..\obj\main.o
                0x2000004c                buffer
 .data          0x200000d0       0x10 ..\obj\stm32f4xx_rcc.o
 .data.impure_data
                0x200000e0      0x428 c:/program files (x86)/gnu tools arm embedded/4.8 2014q3/bin/../lib/gcc/arm-none-eabi/4.8.4/../../../../arm-none-eabi/lib/armv7e-m\libc.a(lib_a-impure.o)
 .data._impure_ptr
                0x20000508        0x4 c:/program files (x86)/gnu tools arm embedded/4.8 2014q3/bin/../lib/gcc/arm-none-eabi/4.8.4/../../../../arm-none-eabi/lib/armv7e-m\libc.a(lib_a-impure.o)
                0x20000508                _impure_ptr
 .data.__malloc_av_
                0x2000050c      0x408 c:/program files (x86)/gnu tools arm embedded/4.8 2014q3/bin/../lib/gcc/arm-none-eabi/4.8.4/../../../../arm-none-eabi/lib/armv7e-m\libc.a(lib_a-mallocr.o)
                0x2000050c                __malloc_av_
 .data.__malloc_trim_threshold
                0x20000914        0x4 c:/program files (x86)/gnu tools arm embedded/4.8 2014q3/bin/../lib/gcc/arm-none-eabi/4.8.4/../../../../arm-none-eabi/lib/armv7e-m\libc.a(lib_a-mallocr.o)
                0x20000914                __malloc_trim_threshold
 .data.__malloc_sbrk_base
                0x20000918        0x4 c:/program files (x86)/gnu tools arm embedded/4.8 2014q3/bin/../lib/gcc/arm-none-eabi/4.8.4/../../../../arm-none-eabi/lib/armv7e-m\libc.a(lib_a-mallocr.o)
                0x20000918                __malloc_sbrk_base
                0x2000091c                . = ALIGN (0x4)
                0x2000091c                PROVIDE (__preinit_array_start, .)
 *(.preinit_array)
                0x2000091c                PROVIDE (__preinit_array_end, .)
                0x2000091c                . = ALIGN (0x4)
                0x2000091c                PROVIDE (__init_array_start, .)
 *(SORT(.init_array.*))
 .init_array.00000
                0x2000091c        0x4 c:/program files (x86)/gnu tools arm embedded/4.8 2014q3/bin/../lib/gcc/arm-none-eabi/4.8.4/../../../../arm-none-eabi/lib/armv7e-m\libc.a(lib_a-__call_atexit.o)
 *(.init_array)
 .init_array    0x20000920        0x4 c:/program files (x86)/gnu tools arm embedded/4.8 2014q3/bin/../lib/gcc/arm-none-eabi/4.8.4/armv7e-m/crtbegin.o
 .init_array    0x20000924        0x4 ..\obj\main.o
                0x20000928                PROVIDE (__init_array_end, .)
                0x20000928                . = ALIGN (0x4)
                0x20000928                PROVIDE (__fini_array_start, .)
 *(SORT(.fini_array.*))
 *(.fini_array)
 .fini_array    0x20000928        0x4 c:/program files (x86)/gnu tools arm embedded/4.8 2014q3/bin/../lib/gcc/arm-none-eabi/4.8.4/armv7e-m/crtbegin.o
                0x2000092c                PROVIDE (__fini_array_end, .)
 *(.jcr*)
 .jcr           0x2000092c        0x0 c:/program files (x86)/gnu tools arm embedded/4.8 2014q3/bin/../lib/gcc/arm-none-eabi/4.8.4/armv7e-m/crtbegin.o
 .jcr           0x2000092c        0x4 c:/program files (x86)/gnu tools arm embedded/4.8 2014q3/bin/../lib/gcc/arm-none-eabi/4.8.4/armv7e-m/crtend.o
                0x20000930                . = ALIGN (0x4)
                0x20000930                __data_end__ = .
                0x20000930                _edata = __data_end__

.igot.plt       0x20000930        0x0 load address 0x080040f4
 .igot.plt      0x00000000        0x0 c:/program files (x86)/gnu tools arm embedded/4.8 2014q3/bin/../lib/gcc/arm-none-eabi/4.8.4/armv7e-m/crtbegin.o

.bss            0x20000930       0xe0 load address 0x080040f4
                0x20000930                . = ALIGN (0x4)
                0x20000930                __bss_start__ = .
                0x20000930                _sbss = __bss_start__
 *(.bss*)
 .bss           0x20000930       0x1c c:/program files (x86)/gnu tools arm embedded/4.8 2014q3/bin/../lib/gcc/arm-none-eabi/4.8.4/armv7e-m/crtbegin.o
 .bss           0x2000094c        0x4 ..\obj\uart.o
                0x2000094c                Usart3Instance
 .bss           0x20000950        0x8 ..\obj\main.o
                0x20000950                OutputString
                0x20000954                LPC1768_LED
 .bss.__malloc_max_total_mem
                0x20000958        0x4 c:/program files (x86)/gnu tools arm embedded/4.8 2014q3/bin/../lib/gcc/arm-none-eabi/4.8.4/../../../../arm-none-eabi/lib/armv7e-m\libc.a(lib_a-mallocr.o)
                0x20000958                __malloc_max_total_mem
 .bss.__malloc_max_sbrked_mem
                0x2000095c        0x4 c:/program files (x86)/gnu tools arm embedded/4.8 2014q3/bin/../lib/gcc/arm-none-eabi/4.8.4/../../../../arm-none-eabi/lib/armv7e-m\libc.a(lib_a-mallocr.o)
                0x2000095c                __malloc_max_sbrked_mem
 .bss.__malloc_top_pad
                0x20000960        0x4 c:/program files (x86)/gnu tools arm embedded/4.8 2014q3/bin/../lib/gcc/arm-none-eabi/4.8.4/../../../../arm-none-eabi/lib/armv7e-m\libc.a(lib_a-mallocr.o)
                0x20000960                __malloc_top_pad
 .bss.__malloc_current_mallinfo
                0x20000964       0x28 c:/program files (x86)/gnu tools arm embedded/4.8 2014q3/bin/../lib/gcc/arm-none-eabi/4.8.4/../../../../arm-none-eabi/lib/armv7e-m\libc.a(lib_a-mallocr.o)
                0x20000964                __malloc_current_mallinfo
 .bss.heap_end.4246
                0x2000098c        0x4 c:/program files (x86)/gnu tools arm embedded/4.8 2014q3/bin/../lib/gcc/arm-none-eabi/4.8.4/../../../../arm-none-eabi/lib/armv7e-m\libnosys.a(sbrk.o)
 *(COMMON)
 COMMON         0x20000990       0x7c ..\obj\stm32f4_discovery_audio_codec.o
                0x20000990                CurrentPos
                0x20000994                AUDIO_MAL_DMA_InitStructure
                0x200009d0                DMA_InitStructure
 COMMON         0x20000a0c        0x4 c:/program files (x86)/gnu tools arm embedded/4.8 2014q3/bin/../lib/gcc/arm-none-eabi/4.8.4/../../../../arm-none-eabi/lib/armv7e-m\libc.a(lib_a-reent.o)
                0x20000a0c                errno
                0x20000a10                . = ALIGN (0x4)
                0x20000a10                __bss_end__ = .
                0x20000a10                _ebss = __bss_end__

.heap           0x20000a10        0x0
                0x20000a10                __end__ = .
                0x20000a10                _end = __end__
                0x20000a10                end = __end__
 *(.heap*)
                0x20000a10                __HeapLimit = .

.co_stack       0x20000a10      0x800 load address 0x080041d4
                0x20000a10                . = ALIGN (0x8)
 *(.co_stack .co_stack.*)
 .co_stack      0x20000a10      0x800 ..\obj\startup_stm32f4xx.o
                0x20000a10                pulStack
                0x20020000                __StackTop = (ORIGIN (RAM) + 0x20000)
                0x2001f800                __StackLimit = (__StackTop - SIZEOF (.co_stack))
                0x20020000                PROVIDE (__stack, __StackTop)
                0x00000001                ASSERT ((__StackLimit >= __HeapLimit), region RAM overflowed with stack)
LOAD ..\obj\stm32f4xx_syscfg.o
LOAD ..\obj\stm32f4_discovery_audio_codec.o
LOAD ..\obj\stm32f4xx_usart.o
LOAD ..\obj\led.o
LOAD ..\obj\stm32f4xx_dac.o
LOAD ..\obj\uart.o
LOAD ..\obj\startup_stm32f4xx.o
LOAD ..\obj\stm32f4_discovery.o
LOAD ..\obj\main.o
LOAD ..\obj\stm32f4xx_rcc.o
LOAD ..\obj\stm32f4xx_gpio.o
LOAD ..\obj\system_stm32f4xx.o
LOAD ..\obj\stm32f4xx_dma.o
LOAD ..\obj\stm32f4_discovery_callbacks.o
LOAD ..\obj\stm32f4xx_spi.o
LOAD ..\obj\stm32f4xx_i2c.o
LOAD ..\obj\stm32f4xx_exti.o
LOAD ..\obj\misc.o
LOAD ..\obj\stm32f4_discovery_lis302dl.o
LOAD ..\..\..\STM32F4-Discovery\libpdmfilter_gcc.a
LOAD c:/program files (x86)/gnu tools arm embedded/4.8 2014q3/bin/../lib/gcc/arm-none-eabi/4.8.4/../../../../arm-none-eabi/lib/armv7e-m\libm.a
LOAD c:/program files (x86)/gnu tools arm embedded/4.8 2014q3/bin/../lib/gcc/arm-none-eabi/4.8.4/armv7e-m\libgcc.a
LOAD c:/program files (x86)/gnu tools arm embedded/4.8 2014q3/bin/../lib/gcc/arm-none-eabi/4.8.4/../../../../arm-none-eabi/lib/armv7e-m\libc.a
LOAD c:/program files (x86)/gnu tools arm embedded/4.8 2014q3/bin/../lib/gcc/arm-none-eabi/4.8.4/../../../../arm-none-eabi/lib/armv7e-m\libstdc++.a
LOAD c:/program files (x86)/gnu tools arm embedded/4.8 2014q3/bin/../lib/gcc/arm-none-eabi/4.8.4/../../../../arm-none-eabi/lib/armv7e-m\libsupc++.a
LOAD c:/program files (x86)/gnu tools arm embedded/4.8 2014q3/bin/../lib/gcc/arm-none-eabi/4.8.4/../../../../arm-none-eabi/lib/armv7e-m\libnosys.a
START GROUP
LOAD c:/program files (x86)/gnu tools arm embedded/4.8 2014q3/bin/../lib/gcc/arm-none-eabi/4.8.4/armv7e-m\libgcc.a
LOAD c:/program files (x86)/gnu tools arm embedded/4.8 2014q3/bin/../lib/gcc/arm-none-eabi/4.8.4/../../../../arm-none-eabi/lib/armv7e-m\libg.a
LOAD c:/program files (x86)/gnu tools arm embedded/4.8 2014q3/bin/../lib/gcc/arm-none-eabi/4.8.4/../../../../arm-none-eabi/lib/armv7e-m\libc.a
END GROUP
LOAD c:/program files (x86)/gnu tools arm embedded/4.8 2014q3/bin/../lib/gcc/arm-none-eabi/4.8.4/armv7e-m/crtend.o
LOAD c:/program files (x86)/gnu tools arm embedded/4.8 2014q3/bin/../lib/gcc/arm-none-eabi/4.8.4/armv7e-m/crtn.o
OUTPUT(Gewaechshaus.elf elf32-littlearm)

.ARM.attributes
                0x00000000       0x2a
 .ARM.attributes
                0x00000000       0x1e c:/program files (x86)/gnu tools arm embedded/4.8 2014q3/bin/../lib/gcc/arm-none-eabi/4.8.4/armv7e-m/crti.o
 .ARM.attributes
                0x0000001e       0x2e c:/program files (x86)/gnu tools arm embedded/4.8 2014q3/bin/../lib/gcc/arm-none-eabi/4.8.4/armv7e-m/crtbegin.o
 .ARM.attributes
                0x0000004c       0x1c c:/program files (x86)/gnu tools arm embedded/4.8 2014q3/bin/../lib/gcc/arm-none-eabi/4.8.4/../../../../arm-none-eabi/lib/armv7e-m/crt0.o
 .ARM.attributes
                0x00000068       0x33 ..\obj\stm32f4_discovery_audio_codec.o
 .ARM.attributes
                0x0000009b       0x33 ..\obj\stm32f4xx_usart.o
 .ARM.attributes
                0x000000ce       0x33 ..\obj\led.o
 .ARM.attributes
                0x00000101       0x33 ..\obj\stm32f4xx_dac.o
 .ARM.attributes
                0x00000134       0x33 ..\obj\uart.o
 .ARM.attributes
                0x00000167       0x33 ..\obj\startup_stm32f4xx.o
 .ARM.attributes
                0x0000019a       0x33 ..\obj\stm32f4_discovery.o
 .ARM.attributes
                0x000001cd       0x33 ..\obj\main.o
 .ARM.attributes
                0x00000200       0x33 ..\obj\stm32f4xx_rcc.o
 .ARM.attributes
                0x00000233       0x33 ..\obj\stm32f4xx_gpio.o
 .ARM.attributes
                0x00000266       0x33 ..\obj\system_stm32f4xx.o
 .ARM.attributes
                0x00000299       0x33 ..\obj\stm32f4xx_dma.o
 .ARM.attributes
                0x000002cc       0x33 ..\obj\stm32f4_discovery_callbacks.o
 .ARM.attributes
                0x000002ff       0x33 ..\obj\stm32f4xx_spi.o
 .ARM.attributes
                0x00000332       0x33 ..\obj\misc.o
 .ARM.attributes
                0x00000365       0x2e c:/program files (x86)/gnu tools arm embedded/4.8 2014q3/bin/../lib/gcc/arm-none-eabi/4.8.4/../../../../arm-none-eabi/lib/armv7e-m\libc.a(lib_a-aeabi_atexit.o)
 .ARM.attributes
                0x00000393       0x2e c:/program files (x86)/gnu tools arm embedded/4.8 2014q3/bin/../lib/gcc/arm-none-eabi/4.8.4/../../../../arm-none-eabi/lib/armv7e-m\libc.a(lib_a-cxa_atexit.o)
 .ARM.attributes
                0x000003c1       0x2e c:/program files (x86)/gnu tools arm embedded/4.8 2014q3/bin/../lib/gcc/arm-none-eabi/4.8.4/../../../../arm-none-eabi/lib/armv7e-m\libc.a(lib_a-exit.o)
 .ARM.attributes
                0x000003ef       0x2e c:/program files (x86)/gnu tools arm embedded/4.8 2014q3/bin/../lib/gcc/arm-none-eabi/4.8.4/../../../../arm-none-eabi/lib/armv7e-m\libc.a(lib_a-impure.o)
 .ARM.attributes
                0x0000041d       0x2e c:/program files (x86)/gnu tools arm embedded/4.8 2014q3/bin/../lib/gcc/arm-none-eabi/4.8.4/../../../../arm-none-eabi/lib/armv7e-m\libc.a(lib_a-init.o)
 .ARM.attributes
                0x0000044b       0x2e c:/program files (x86)/gnu tools arm embedded/4.8 2014q3/bin/../lib/gcc/arm-none-eabi/4.8.4/../../../../arm-none-eabi/lib/armv7e-m\libc.a(lib_a-malloc.o)
 .ARM.attributes
                0x00000479       0x2e c:/program files (x86)/gnu tools arm embedded/4.8 2014q3/bin/../lib/gcc/arm-none-eabi/4.8.4/../../../../arm-none-eabi/lib/armv7e-m\libc.a(lib_a-mallocr.o)
 .ARM.attributes
                0x000004a7       0x2e c:/program files (x86)/gnu tools arm embedded/4.8 2014q3/bin/../lib/gcc/arm-none-eabi/4.8.4/../../../../arm-none-eabi/lib/armv7e-m\libc.a(lib_a-memset.o)
 .ARM.attributes
                0x000004d5       0x2e c:/program files (x86)/gnu tools arm embedded/4.8 2014q3/bin/../lib/gcc/arm-none-eabi/4.8.4/../../../../arm-none-eabi/lib/armv7e-m\libc.a(lib_a-mlock.o)
 .ARM.attributes
                0x00000503       0x2e c:/program files (x86)/gnu tools arm embedded/4.8 2014q3/bin/../lib/gcc/arm-none-eabi/4.8.4/../../../../arm-none-eabi/lib/armv7e-m\libc.a(lib_a-sbrkr.o)
 .ARM.attributes
                0x00000531       0x2e c:/program files (x86)/gnu tools arm embedded/4.8 2014q3/bin/../lib/gcc/arm-none-eabi/4.8.4/../../../../arm-none-eabi/lib/armv7e-m\libc.a(lib_a-strcpy.o)
 .ARM.attributes
                0x0000055f       0x2e c:/program files (x86)/gnu tools arm embedded/4.8 2014q3/bin/../lib/gcc/arm-none-eabi/4.8.4/../../../../arm-none-eabi/lib/armv7e-m\libc.a(lib_a-strlen.o)
 .ARM.attributes
                0x0000058d       0x2e c:/program files (x86)/gnu tools arm embedded/4.8 2014q3/bin/../lib/gcc/arm-none-eabi/4.8.4/../../../../arm-none-eabi/lib/armv7e-m\libc.a(lib_a-__atexit.o)
 .ARM.attributes
                0x000005bb       0x2e c:/program files (x86)/gnu tools arm embedded/4.8 2014q3/bin/../lib/gcc/arm-none-eabi/4.8.4/../../../../arm-none-eabi/lib/armv7e-m\libc.a(lib_a-__call_atexit.o)
 .ARM.attributes
                0x000005e9       0x2e c:/program files (x86)/gnu tools arm embedded/4.8 2014q3/bin/../lib/gcc/arm-none-eabi/4.8.4/../../../../arm-none-eabi/lib/armv7e-m\libc.a(lib_a-atexit.o)
 .ARM.attributes
                0x00000617       0x2e c:/program files (x86)/gnu tools arm embedded/4.8 2014q3/bin/../lib/gcc/arm-none-eabi/4.8.4/../../../../arm-none-eabi/lib/armv7e-m\libc.a(lib_a-fini.o)
 .ARM.attributes
                0x00000645       0x2e c:/program files (x86)/gnu tools arm embedded/4.8 2014q3/bin/../lib/gcc/arm-none-eabi/4.8.4/../../../../arm-none-eabi/lib/armv7e-m\libc.a(lib_a-freer.o)
 .ARM.attributes
                0x00000673       0x2e c:/program files (x86)/gnu tools arm embedded/4.8 2014q3/bin/../lib/gcc/arm-none-eabi/4.8.4/../../../../arm-none-eabi/lib/armv7e-m\libc.a(lib_a-reent.o)
 .ARM.attributes
                0x000006a1       0x2e c:/program files (x86)/gnu tools arm embedded/4.8 2014q3/bin/../lib/gcc/arm-none-eabi/4.8.4/../../../../arm-none-eabi/lib/armv7e-m\libnosys.a(sbrk.o)
 .ARM.attributes
                0x000006cf       0x2e c:/program files (x86)/gnu tools arm embedded/4.8 2014q3/bin/../lib/gcc/arm-none-eabi/4.8.4/../../../../arm-none-eabi/lib/armv7e-m\libnosys.a(_exit.o)
 .ARM.attributes
                0x000006fd       0x2e c:/program files (x86)/gnu tools arm embedded/4.8 2014q3/bin/../lib/gcc/arm-none-eabi/4.8.4/armv7e-m/crtend.o
 .ARM.attributes
                0x0000072b       0x1e c:/program files (x86)/gnu tools arm embedded/4.8 2014q3/bin/../lib/gcc/arm-none-eabi/4.8.4/armv7e-m/crtn.o

.comment        0x00000000       0x70
 .comment       0x00000000       0x70 ..\obj\stm32f4_discovery_audio_codec.o
                                 0x71 (size before relaxing)
 .comment       0x00000000       0x71 ..\obj\stm32f4xx_usart.o
 .comment       0x00000000       0x71 ..\obj\led.o
 .comment       0x00000000       0x71 ..\obj\stm32f4xx_dac.o
 .comment       0x00000000       0x71 ..\obj\uart.o
 .comment       0x00000000       0x71 ..\obj\startup_stm32f4xx.o
 .comment       0x00000000       0x71 ..\obj\stm32f4_discovery.o
 .comment       0x00000000       0x71 ..\obj\main.o
 .comment       0x00000000       0x71 ..\obj\stm32f4xx_rcc.o
 .comment       0x00000000       0x71 ..\obj\stm32f4xx_gpio.o
 .comment       0x00000000       0x71 ..\obj\system_stm32f4xx.o
 .comment       0x00000000       0x71 ..\obj\stm32f4xx_dma.o
 .comment       0x00000000       0x71 ..\obj\stm32f4_discovery_callbacks.o
 .comment       0x00000000       0x71 ..\obj\stm32f4xx_spi.o
 .comment       0x00000000       0x71 ..\obj\misc.o

.debug_info     0x00000000     0x6f29
 .debug_info    0x00000000     0x1070 ..\obj\stm32f4_discovery_audio_codec.o
 .debug_info    0x00001070      0x9c2 ..\obj\stm32f4xx_usart.o
 .debug_info    0x00001a32      0x22b ..\obj\led.o
 .debug_info    0x00001c5d      0x63a ..\obj\stm32f4xx_dac.o
 .debug_info    0x00002297      0xd1d ..\obj\uart.o
 .debug_info    0x00002fb4      0x122 ..\obj\startup_stm32f4xx.o
 .debug_info    0x000030d6      0x889 ..\obj\stm32f4_discovery.o
 .debug_info    0x0000395f      0x563 ..\obj\main.o
 .debug_info    0x00003ec2      0xc4d ..\obj\stm32f4xx_rcc.o
 .debug_info    0x00004b0f      0x602 ..\obj\stm32f4xx_gpio.o
 .debug_info    0x00005111      0x592 ..\obj\system_stm32f4xx.o
 .debug_info    0x000056a3      0x739 ..\obj\stm32f4xx_dma.o
 .debug_info    0x00005ddc      0x109 ..\obj\stm32f4_discovery_callbacks.o
 .debug_info    0x00005ee5      0xb07 ..\obj\stm32f4xx_spi.o
 .debug_info    0x000069ec      0x53d ..\obj\misc.o

.debug_abbrev   0x00000000     0x172b
 .debug_abbrev  0x00000000      0x256 ..\obj\stm32f4_discovery_audio_codec.o
 .debug_abbrev  0x00000256      0x155 ..\obj\stm32f4xx_usart.o
 .debug_abbrev  0x000003ab      0x175 ..\obj\led.o
 .debug_abbrev  0x00000520      0x17c ..\obj\stm32f4xx_dac.o
 .debug_abbrev  0x0000069c      0x2ac ..\obj\uart.o
 .debug_abbrev  0x00000948       0xce ..\obj\startup_stm32f4xx.o
 .debug_abbrev  0x00000a16      0x183 ..\obj\stm32f4_discovery.o
 .debug_abbrev  0x00000b99      0x245 ..\obj\main.o
 .debug_abbrev  0x00000dde      0x1e3 ..\obj\stm32f4xx_rcc.o
 .debug_abbrev  0x00000fc1      0x1a3 ..\obj\stm32f4xx_gpio.o
 .debug_abbrev  0x00001164      0x136 ..\obj\system_stm32f4xx.o
 .debug_abbrev  0x0000129a      0x155 ..\obj\stm32f4xx_dma.o
 .debug_abbrev  0x000013ef       0x90 ..\obj\stm32f4_discovery_callbacks.o
 .debug_abbrev  0x0000147f      0x167 ..\obj\stm32f4xx_spi.o
 .debug_abbrev  0x000015e6      0x145 ..\obj\misc.o

.debug_aranges  0x00000000      0x860
 .debug_aranges
                0x00000000      0x130 ..\obj\stm32f4_discovery_audio_codec.o
 .debug_aranges
                0x00000130      0x100 ..\obj\stm32f4xx_usart.o
 .debug_aranges
                0x00000230       0x38 ..\obj\led.o
 .debug_aranges
                0x00000268       0xa0 ..\obj\stm32f4xx_dac.o
 .debug_aranges
                0x00000308       0x88 ..\obj\uart.o
 .debug_aranges
                0x00000390       0x28 ..\obj\startup_stm32f4xx.o
 .debug_aranges
                0x000003b8       0x48 ..\obj\stm32f4_discovery.o
 .debug_aranges
                0x00000400       0x38 ..\obj\main.o
 .debug_aranges
                0x00000438      0x178 ..\obj\stm32f4xx_rcc.o
 .debug_aranges
                0x000005b0       0x88 ..\obj\stm32f4xx_gpio.o
 .debug_aranges
                0x00000638       0x30 ..\obj\system_stm32f4xx.o
 .debug_aranges
                0x00000668       0xb0 ..\obj\stm32f4xx_dma.o
 .debug_aranges
                0x00000718       0x28 ..\obj\stm32f4_discovery_callbacks.o
 .debug_aranges
                0x00000740       0xe0 ..\obj\stm32f4xx_spi.o
 .debug_aranges
                0x00000820       0x40 ..\obj\misc.o

.debug_ranges   0x00000000      0x770
 .debug_ranges  0x00000000      0x120 ..\obj\stm32f4_discovery_audio_codec.o
 .debug_ranges  0x00000120       0xf0 ..\obj\stm32f4xx_usart.o
 .debug_ranges  0x00000210       0x28 ..\obj\led.o
 .debug_ranges  0x00000238       0x90 ..\obj\stm32f4xx_dac.o
 .debug_ranges  0x000002c8       0x78 ..\obj\uart.o
 .debug_ranges  0x00000340       0x18 ..\obj\startup_stm32f4xx.o
 .debug_ranges  0x00000358       0x38 ..\obj\stm32f4_discovery.o
 .debug_ranges  0x00000390       0x28 ..\obj\main.o
 .debug_ranges  0x000003b8      0x168 ..\obj\stm32f4xx_rcc.o
 .debug_ranges  0x00000520       0x78 ..\obj\stm32f4xx_gpio.o
 .debug_ranges  0x00000598       0x20 ..\obj\system_stm32f4xx.o
 .debug_ranges  0x000005b8       0xa0 ..\obj\stm32f4xx_dma.o
 .debug_ranges  0x00000658       0x18 ..\obj\stm32f4_discovery_callbacks.o
 .debug_ranges  0x00000670       0xd0 ..\obj\stm32f4xx_spi.o
 .debug_ranges  0x00000740       0x30 ..\obj\misc.o

.debug_line     0x00000000     0x3096
 .debug_line    0x00000000      0x701 ..\obj\stm32f4_discovery_audio_codec.o
 .debug_line    0x00000701      0x49d ..\obj\stm32f4xx_usart.o
 .debug_line    0x00000b9e      0x1e4 ..\obj\led.o
 .debug_line    0x00000d82      0x353 ..\obj\stm32f4xx_dac.o
 .debug_line    0x000010d5      0x381 ..\obj\uart.o
 .debug_line    0x00001456       0x9c ..\obj\startup_stm32f4xx.o
 .debug_line    0x000014f2      0x2a4 ..\obj\stm32f4_discovery.o
 .debug_line    0x00001796      0x266 ..\obj\main.o
 .debug_line    0x000019fc      0x595 ..\obj\stm32f4xx_rcc.o
 .debug_line    0x00001f91      0x33a ..\obj\stm32f4xx_gpio.o
 .debug_line    0x000022cb      0x1ec ..\obj\system_stm32f4xx.o
 .debug_line    0x000024b7      0x3d7 ..\obj\stm32f4xx_dma.o
 .debug_line    0x0000288e      0x17b ..\obj\stm32f4_discovery_callbacks.o
 .debug_line    0x00002a09      0x44d ..\obj\stm32f4xx_spi.o
 .debug_line    0x00002e56      0x240 ..\obj\misc.o

.debug_str      0x00000000     0x2e48
 .debug_str     0x00000000      0xf24 ..\obj\stm32f4_discovery_audio_codec.o
                               0x106d (size before relaxing)
 .debug_str     0x00000f24      0x47e ..\obj\stm32f4xx_usart.o
                                0x68a (size before relaxing)
 .debug_str     0x000013a2      0x11f ..\obj\led.o
                                0x1d7 (size before relaxing)
 .debug_str     0x000014c1      0x235 ..\obj\stm32f4xx_dac.o
                                0x44e (size before relaxing)
 .debug_str     0x000016f6      0x3dc ..\obj\uart.o
                                0xe9a (size before relaxing)
 .debug_str     0x00001ad2       0xbd ..\obj\startup_stm32f4xx.o
                                0x154 (size before relaxing)
 .debug_str     0x00001b8f      0x273 ..\obj\stm32f4_discovery.o
                                0xb32 (size before relaxing)
 .debug_str     0x00001e02       0xb4 ..\obj\main.o
                                0x5bf (size before relaxing)
 .debug_str     0x00001eb6      0x5c4 ..\obj\stm32f4xx_rcc.o
                                0x84b (size before relaxing)
 .debug_str     0x0000247a      0x176 ..\obj\stm32f4xx_gpio.o
                                0x49e (size before relaxing)
 .debug_str     0x000025f0      0x113 ..\obj\system_stm32f4xx.o
                                0x3a5 (size before relaxing)
 .debug_str     0x00002703      0x253 ..\obj\stm32f4xx_dma.o
                                0x53d (size before relaxing)
 .debug_str     0x00002956       0x83 ..\obj\stm32f4_discovery_callbacks.o
                                0x1e0 (size before relaxing)
 .debug_str     0x000029d9      0x313 ..\obj\stm32f4xx_spi.o
                                0x685 (size before relaxing)
 .debug_str     0x00002cec      0x15c ..\obj\misc.o
                                0x3c9 (size before relaxing)

.debug_frame    0x00000000     0x1d5c
 .debug_frame   0x00000000      0x438 ..\obj\stm32f4_discovery_audio_codec.o
 .debug_frame   0x00000438      0x344 ..\obj\stm32f4xx_usart.o
 .debug_frame   0x0000077c       0x8c ..\obj\led.o
 .debug_frame   0x00000808      0x1ec ..\obj\stm32f4xx_dac.o
 .debug_frame   0x000009f4      0x1c0 ..\obj\uart.o
 .debug_frame   0x00000bb4       0x48 ..\obj\startup_stm32f4xx.o
 .debug_frame   0x00000bfc       0xc4 ..\obj\stm32f4_discovery.o
 .debug_frame   0x00000cc0       0x88 ..\obj\main.o
 .debug_frame   0x00000d48      0x4d8 ..\obj\stm32f4xx_rcc.o
 .debug_frame   0x00001220      0x19c ..\obj\stm32f4xx_gpio.o
 .debug_frame   0x000013bc       0x64 ..\obj\system_stm32f4xx.o
 .debug_frame   0x00001420      0x224 ..\obj\stm32f4xx_dma.o
 .debug_frame   0x00001644       0x44 ..\obj\stm32f4_discovery_callbacks.o
 .debug_frame   0x00001688      0x2d0 ..\obj\stm32f4xx_spi.o
 .debug_frame   0x00001958       0x9c ..\obj\misc.o
 .debug_frame   0x000019f4       0x20 c:/program files (x86)/gnu tools arm embedded/4.8 2014q3/bin/../lib/gcc/arm-none-eabi/4.8.4/../../../../arm-none-eabi/lib/armv7e-m\libc.a(lib_a-aeabi_atexit.o)
 .debug_frame   0x00001a14       0x28 c:/program files (x86)/gnu tools arm embedded/4.8 2014q3/bin/../lib/gcc/arm-none-eabi/4.8.4/../../../../arm-none-eabi/lib/armv7e-m\libc.a(lib_a-cxa_atexit.o)
 .debug_frame   0x00001a3c       0x28 c:/program files (x86)/gnu tools arm embedded/4.8 2014q3/bin/../lib/gcc/arm-none-eabi/4.8.4/../../../../arm-none-eabi/lib/armv7e-m\libc.a(lib_a-exit.o)
 .debug_frame   0x00001a64       0x2c c:/program files (x86)/gnu tools arm embedded/4.8 2014q3/bin/../lib/gcc/arm-none-eabi/4.8.4/../../../../arm-none-eabi/lib/armv7e-m\libc.a(lib_a-init.o)
 .debug_frame   0x00001a90       0x30 c:/program files (x86)/gnu tools arm embedded/4.8 2014q3/bin/../lib/gcc/arm-none-eabi/4.8.4/../../../../arm-none-eabi/lib/armv7e-m\libc.a(lib_a-malloc.o)
 .debug_frame   0x00001ac0       0x38 c:/program files (x86)/gnu tools arm embedded/4.8 2014q3/bin/../lib/gcc/arm-none-eabi/4.8.4/../../../../arm-none-eabi/lib/armv7e-m\libc.a(lib_a-mallocr.o)
 .debug_frame   0x00001af8       0x2c c:/program files (x86)/gnu tools arm embedded/4.8 2014q3/bin/../lib/gcc/arm-none-eabi/4.8.4/../../../../arm-none-eabi/lib/armv7e-m\libc.a(lib_a-memset.o)
 .debug_frame   0x00001b24       0x30 c:/program files (x86)/gnu tools arm embedded/4.8 2014q3/bin/../lib/gcc/arm-none-eabi/4.8.4/../../../../arm-none-eabi/lib/armv7e-m\libc.a(lib_a-mlock.o)
 .debug_frame   0x00001b54       0x2c c:/program files (x86)/gnu tools arm embedded/4.8 2014q3/bin/../lib/gcc/arm-none-eabi/4.8.4/../../../../arm-none-eabi/lib/armv7e-m\libc.a(lib_a-sbrkr.o)
 .debug_frame   0x00001b80       0x20 c:/program files (x86)/gnu tools arm embedded/4.8 2014q3/bin/../lib/gcc/arm-none-eabi/4.8.4/../../../../arm-none-eabi/lib/armv7e-m\libc.a(lib_a-strcpy.o)
 .debug_frame   0x00001ba0       0x20 c:/program files (x86)/gnu tools arm embedded/4.8 2014q3/bin/../lib/gcc/arm-none-eabi/4.8.4/../../../../arm-none-eabi/lib/armv7e-m\libc.a(lib_a-strlen.o)
 .debug_frame   0x00001bc0       0x30 c:/program files (x86)/gnu tools arm embedded/4.8 2014q3/bin/../lib/gcc/arm-none-eabi/4.8.4/../../../../arm-none-eabi/lib/armv7e-m\libc.a(lib_a-__atexit.o)
 .debug_frame   0x00001bf0       0x48 c:/program files (x86)/gnu tools arm embedded/4.8 2014q3/bin/../lib/gcc/arm-none-eabi/4.8.4/../../../../arm-none-eabi/lib/armv7e-m\libc.a(lib_a-__call_atexit.o)
 .debug_frame   0x00001c38       0x20 c:/program files (x86)/gnu tools arm embedded/4.8 2014q3/bin/../lib/gcc/arm-none-eabi/4.8.4/../../../../arm-none-eabi/lib/armv7e-m\libc.a(lib_a-atexit.o)
 .debug_frame   0x00001c58       0x2c c:/program files (x86)/gnu tools arm embedded/4.8 2014q3/bin/../lib/gcc/arm-none-eabi/4.8.4/../../../../arm-none-eabi/lib/armv7e-m\libc.a(lib_a-fini.o)
 .debug_frame   0x00001c84       0x50 c:/program files (x86)/gnu tools arm embedded/4.8 2014q3/bin/../lib/gcc/arm-none-eabi/4.8.4/../../../../arm-none-eabi/lib/armv7e-m\libc.a(lib_a-freer.o)
 .debug_frame   0x00001cd4       0x48 c:/program files (x86)/gnu tools arm embedded/4.8 2014q3/bin/../lib/gcc/arm-none-eabi/4.8.4/../../../../arm-none-eabi/lib/armv7e-m\libc.a(lib_a-reent.o)
 .debug_frame   0x00001d1c       0x20 c:/program files (x86)/gnu tools arm embedded/4.8 2014q3/bin/../lib/gcc/arm-none-eabi/4.8.4/../../../../arm-none-eabi/lib/armv7e-m\libnosys.a(sbrk.o)
 .debug_frame   0x00001d3c       0x20 c:/program files (x86)/gnu tools arm embedded/4.8 2014q3/bin/../lib/gcc/arm-none-eabi/4.8.4/../../../../arm-none-eabi/lib/armv7e-m\libnosys.a(_exit.o)

.stabstr        0x00000000       0x76
 .stabstr       0x00000000       0x76 c:/program files (x86)/gnu tools arm embedded/4.8 2014q3/bin/../lib/gcc/arm-none-eabi/4.8.4/../../../../arm-none-eabi/lib/armv7e-m\libnosys.a(getpid.o)
