Archive member included because of file (symbol)

c:/program files (x86)/gnu tools arm embedded/4.8 2014q3/bin/../lib/gcc/arm-none-eabi/4.8.4/armv7e-m\libgcc.a(_arm_addsubdf3.o)
                              ..\obj\ampermeter.o (__aeabi_dsub)
c:/program files (x86)/gnu tools arm embedded/4.8 2014q3/bin/../lib/gcc/arm-none-eabi/4.8.4/armv7e-m\libgcc.a(_arm_muldivdf3.o)
                              ..\obj\adc.o (__aeabi_dmul)
c:/program files (x86)/gnu tools arm embedded/4.8 2014q3/bin/../lib/gcc/arm-none-eabi/4.8.4/armv7e-m\libgcc.a(_arm_truncdfsf2.o)
                              ..\obj\ampermeter.o (__aeabi_d2f)
c:/program files (x86)/gnu tools arm embedded/4.8 2014q3/bin/../lib/gcc/arm-none-eabi/4.8.4/armv7e-m\libgcc.a(_arm_addsubsf3.o)
                              ..\obj\tm_stm32f4_ds18b20.o (__aeabi_fsub)
c:/program files (x86)/gnu tools arm embedded/4.8 2014q3/bin/../lib/gcc/arm-none-eabi/4.8.4/armv7e-m\libgcc.a(_arm_muldivsf3.o)
                              ..\obj\tm_stm32f4_ds18b20.o (__aeabi_fmul)
c:/program files (x86)/gnu tools arm embedded/4.8 2014q3/bin/../lib/gcc/arm-none-eabi/4.8.4/armv7e-m\libgcc.a(unwind-arm.o)
                              ..\obj\stepper.o (__aeabi_unwind_cpp_pr0)
c:/program files (x86)/gnu tools arm embedded/4.8 2014q3/bin/../lib/gcc/arm-none-eabi/4.8.4/armv7e-m\libgcc.a(libunwind.o)
                              c:/program files (x86)/gnu tools arm embedded/4.8 2014q3/bin/../lib/gcc/arm-none-eabi/4.8.4/armv7e-m\libgcc.a(unwind-arm.o) (restore_core_regs)
c:/program files (x86)/gnu tools arm embedded/4.8 2014q3/bin/../lib/gcc/arm-none-eabi/4.8.4/armv7e-m\libgcc.a(pr-support.o)
                              c:/program files (x86)/gnu tools arm embedded/4.8 2014q3/bin/../lib/gcc/arm-none-eabi/4.8.4/armv7e-m\libgcc.a(unwind-arm.o) (__gnu_unwind_execute)
c:/program files (x86)/gnu tools arm embedded/4.8 2014q3/bin/../lib/gcc/arm-none-eabi/4.8.4/../../../../arm-none-eabi/lib/armv7e-m\libc.a(lib_a-abort.o)
                              c:/program files (x86)/gnu tools arm embedded/4.8 2014q3/bin/../lib/gcc/arm-none-eabi/4.8.4/armv7e-m\libgcc.a(unwind-arm.o) (abort)
c:/program files (x86)/gnu tools arm embedded/4.8 2014q3/bin/../lib/gcc/arm-none-eabi/4.8.4/../../../../arm-none-eabi/lib/armv7e-m\libc.a(lib_a-aeabi_atexit.o)
                              ..\obj\main.o (__aeabi_atexit)
c:/program files (x86)/gnu tools arm embedded/4.8 2014q3/bin/../lib/gcc/arm-none-eabi/4.8.4/../../../../arm-none-eabi/lib/armv7e-m\libc.a(lib_a-atoi.o)
                              ..\obj\terminal.o (atoi)
c:/program files (x86)/gnu tools arm embedded/4.8 2014q3/bin/../lib/gcc/arm-none-eabi/4.8.4/../../../../arm-none-eabi/lib/armv7e-m\libc.a(lib_a-cxa_atexit.o)
                              c:/program files (x86)/gnu tools arm embedded/4.8 2014q3/bin/../lib/gcc/arm-none-eabi/4.8.4/../../../../arm-none-eabi/lib/armv7e-m\libc.a(lib_a-aeabi_atexit.o) (__cxa_atexit)
c:/program files (x86)/gnu tools arm embedded/4.8 2014q3/bin/../lib/gcc/arm-none-eabi/4.8.4/../../../../arm-none-eabi/lib/armv7e-m\libc.a(lib_a-exit.o)
                              c:/program files (x86)/gnu tools arm embedded/4.8 2014q3/bin/../lib/gcc/arm-none-eabi/4.8.4/../../../../arm-none-eabi/lib/armv7e-m/crt0.o (exit)
c:/program files (x86)/gnu tools arm embedded/4.8 2014q3/bin/../lib/gcc/arm-none-eabi/4.8.4/../../../../arm-none-eabi/lib/armv7e-m\libc.a(lib_a-impure.o)
                              c:/program files (x86)/gnu tools arm embedded/4.8 2014q3/bin/../lib/gcc/arm-none-eabi/4.8.4/../../../../arm-none-eabi/lib/armv7e-m\libc.a(lib_a-exit.o) (_global_impure_ptr)
c:/program files (x86)/gnu tools arm embedded/4.8 2014q3/bin/../lib/gcc/arm-none-eabi/4.8.4/../../../../arm-none-eabi/lib/armv7e-m\libc.a(lib_a-init.o)
                              c:/program files (x86)/gnu tools arm embedded/4.8 2014q3/bin/../lib/gcc/arm-none-eabi/4.8.4/../../../../arm-none-eabi/lib/armv7e-m/crt0.o (__libc_init_array)
c:/program files (x86)/gnu tools arm embedded/4.8 2014q3/bin/../lib/gcc/arm-none-eabi/4.8.4/../../../../arm-none-eabi/lib/armv7e-m\libc.a(lib_a-malloc.o)
                              ..\obj\terminal.o (malloc)
c:/program files (x86)/gnu tools arm embedded/4.8 2014q3/bin/../lib/gcc/arm-none-eabi/4.8.4/../../../../arm-none-eabi/lib/armv7e-m\libc.a(lib_a-mallocr.o)
                              c:/program files (x86)/gnu tools arm embedded/4.8 2014q3/bin/../lib/gcc/arm-none-eabi/4.8.4/../../../../arm-none-eabi/lib/armv7e-m\libc.a(lib_a-malloc.o) (_malloc_r)
c:/program files (x86)/gnu tools arm embedded/4.8 2014q3/bin/../lib/gcc/arm-none-eabi/4.8.4/../../../../arm-none-eabi/lib/armv7e-m\libc.a(lib_a-memcpy.o)
                              c:/program files (x86)/gnu tools arm embedded/4.8 2014q3/bin/../lib/gcc/arm-none-eabi/4.8.4/armv7e-m\libgcc.a(unwind-arm.o) (memcpy)
c:/program files (x86)/gnu tools arm embedded/4.8 2014q3/bin/../lib/gcc/arm-none-eabi/4.8.4/../../../../arm-none-eabi/lib/armv7e-m\libc.a(lib_a-memset.o)
[...]
Memory Configuration

Name             Origin             Length             Attributes
FLASH            0x08000000         0x00100000         xr
RAM              0x20000000         0x00020000         xrw
RAM1             0x10000000         0x00010000         xrw
*default*        0x00000000         0xffffffff

Linker script and memory map

LOAD c:/program files (x86)/gnu tools arm embedded/4.8 2014q3/bin/../lib/gcc/arm-none-eabi/4.8.4/armv7e-m/crti.o
LOAD c:/program files (x86)/gnu tools arm embedded/4.8 2014q3/bin/../lib/gcc/arm-none-eabi/4.8.4/armv7e-m/crtbegin.o
LOAD c:/program files (x86)/gnu tools arm embedded/4.8 2014q3/bin/../lib/gcc/arm-none-eabi/4.8.4/../../../../arm-none-eabi/lib/armv7e-m/crt0.o

.text           0x08000000     0x9c68
 *(.isr_vector)
 .isr_vector    0x08000000      0x188 ..\obj\startup_stm32f4xx.o
                0x08000000                g_pfnVectors
 *(.text*)
 .text          0x08000188       0x54 c:/program files (x86)/gnu tools arm embedded/4.8 2014q3/bin/../lib/gcc/arm-none-eabi/4.8.4/armv7e-m/crtbegin.o
 .text          0x080001dc       0x74 c:/program files (x86)/gnu tools arm embedded/4.8 2014q3/bin/../lib/gcc/arm-none-eabi/4.8.4/../../../../arm-none-eabi/lib/armv7e-m/crt0.o
                0x080001dc                _start
                0x080001dc                _mainCRTStartup
 .text._ZN18TemperaturSensorenC2Ev
                0x08000250       0x9c ..\obj\temp_sensors.o
                0x08000250                TemperaturSensoren::TemperaturSensoren()
                0x08000250                TemperaturSensoren::TemperaturSensoren()
 .text.TM_DS18B20_SetResolution
                0x080002ec       0xec ..\obj\tm_stm32f4_ds18b20.o
                0x080002ec                TM_DS18B20_SetResolution
 .text.TM_DS18B20_Is
                0x080003d8       0x24 ..\obj\tm_stm32f4_ds18b20.o
                0x080003d8                TM_DS18B20_Is
 .text.Audio_MAL_IRQHandler
                0x080003fc       0xf8 ..\obj\stm32f4_discovery_audio_codec.o
 .text.DMA1_Stream7_IRQHandler
                0x080004f4        0xc ..\obj\stm32f4_discovery_audio_codec.o
                0x080004f4                DMA1_Stream7_IRQHandler
 .text.DMA1_Stream0_IRQHandler
                0x08000500        0xc ..\obj\stm32f4_discovery_audio_codec.o
                0x08000500                DMA1_Stream0_IRQHandler
 .text.SPI3_IRQHandler
                0x0800050c       0x40 ..\obj\stm32f4_discovery_audio_codec.o
                0x0800050c                SPI3_IRQHandler
 .text.USART_Init
                0x0800054c      0x174 ..\obj\stm32f4xx_usart.o
                0x0800054c                USART_Init
 .text.USART_Cmd
                0x080006c0       0x40 ..\obj\stm32f4xx_usart.o
                0x080006c0                USART_Cmd
 .text.USART_SendData
                0x08000700       0x24 ..\obj\stm32f4xx_usart.o
                0x08000700                USART_SendData
 .text.USART_ReceiveData
                0x08000724       0x20 ..\obj\stm32f4xx_usart.o
                0x08000724                USART_ReceiveData
 .text.USART_DMACmd
                0x08000744       0x48 ..\obj\stm32f4xx_usart.o
                0x08000744                USART_DMACmd
 .text.USART_ITConfig
                0x0800078c       0x90 ..\obj\stm32f4xx_usart.o
                0x0800078c                USART_ITConfig
 .text.USART_GetFlagStatus
                0x0800081c       0x38 ..\obj\stm32f4xx_usart.o
                0x0800081c                USART_GetFlagStatus
 .text.USART_ClearFlag
                0x08000854       0x20 ..\obj\stm32f4xx_usart.o
                0x08000854                USART_ClearFlag
 .text.USART_GetITStatus
                0x08000874       0xb0 ..\obj\stm32f4xx_usart.o
                0x08000874                USART_GetITStatus
 .text._ZN17QuadratureEncoderC2Ev
                0x08000924       0xa0 ..\obj\quadrature_encoder.o
                0x08000924                QuadratureEncoder::QuadratureEncoder()
                0x08000924                QuadratureEncoder::QuadratureEncoder()
 .text._ZN17QuadratureEncoder5resetEv
                0x080009c4       0x24 ..\obj\quadrature_encoder.o
                0x080009c4                QuadratureEncoder::reset()
 .text._ZN3LEDC2Ev
                0x080009e8       0x18 ..\obj\led.o
                0x080009e8                LED::LED()
                0x080009e8                LED::LED()
 .text._ZN3LEDD2Ev
                0x08000a00       0x18 ..\obj\led.o
                0x08000a00                LED::~LED()
                0x08000a00                LED::~LED()
 .text.DAC_SetChannel1Data
                0x08000a18       0x34 ..\obj\stm32f4xx_dac.o
                0x08000a18                DAC_SetChannel1Data
 .text.EXTI9_5_IRQHandler
                0x08000a4c       0xb8 ..\obj\rotary.o
                0x08000a4c                EXTI9_5_IRQHandler
 .text._ZN7StepperC2Ev
                0x08000b04       0x20 ..\obj\stepper.o
                0x08000b04                Stepper::Stepper()
                0x08000b04                Stepper::Stepper()
 .text._ZN7Stepper4InitEv
                0x08000b24       0x74 ..\obj\stepper.o
                0x08000b24                Stepper::Init()
 .text._ZN7Stepper4LeftEii
                0x08000b98       0x48 ..\obj\stepper.o
                0x08000b98                Stepper::Left(int, int)
 .text._ZN7Stepper5RightEii
                0x08000be0       0x48 ..\obj\stepper.o
                0x08000be0                Stepper::Right(int, int)
 .text._ZN7Stepper7Go2StepEi
                0x08000c28       0x64 ..\obj\stepper.o
                0x08000c28                Stepper::Go2Step(int)
 .text._ZN7Stepper8LeerlaufEv
                0x08000c8c       0x30 ..\obj\stepper.o
                0x08000c8c                Stepper::Leerlauf()
 .text._ZN7Stepper7RunStepEv
                0x08000cbc       0xb8 ..\obj\stepper.o
                0x08000cbc                Stepper::RunStep()
 .text._ZN7Stepper15EnableSingeltonEv
                0x08000d74       0x1c ..\obj\stepper.o
                0x08000d74                Stepper::EnableSingelton()
 .text._ZN7Stepper8InitTim2Eii
                0x08000d90       0x70 ..\obj\stepper.o
                0x08000d90                Stepper::InitTim2(int, int)
 .text.TIM2_IRQHandler
                0x08000e00       0x6c ..\obj\stepper.o
                0x08000e00                TIM2_IRQHandler
 .text.Default_Reset_Handler
                0x08000e6c       0x5c ..\obj\startup_stm32f4xx.o
                0x08000e6c                Default_Reset_Handler
                0x08000e6c                Reset_Handler
 .text.Default_Handler
                0x08000ec8        0x8 ..\obj\startup_stm32f4xx.o
                0x08000ec8                RTC_Alarm_IRQHandler
                0x08000ec8                HASH_RNG_IRQHandler
                0x08000ec8                EXTI2_IRQHandler
                0x08000ec8                TIM8_CC_IRQHandler
                0x08000ec8                DebugMon_Handler
                0x08000ec8                TIM1_CC_IRQHandler
                0x08000ec8                DMA2_Stream5_IRQHandler
                0x08000ec8                HardFault_Handler
                0x08000ec8                DMA1_Stream5_IRQHandler
                0x08000ec8                PVD_IRQHandler
                0x08000ec8                SDIO_IRQHandler
                0x08000ec8                TAMP_STAMP_IRQHandler
                0x08000ec8                PendSV_Handler
                0x08000ec8                NMI_Handler
                0x08000ec8                CAN2_RX1_IRQHandler
                0x08000ec8                EXTI3_IRQHandler
                0x08000ec8                TIM8_TRG_COM_TIM14_IRQHandler
                0x08000ec8                TIM1_UP_TIM10_IRQHandler
                0x08000ec8                TIM8_UP_TIM13_IRQHandler
                0x08000ec8                I2C3_ER_IRQHandler
                0x08000ec8                EXTI0_IRQHandler
                0x08000ec8                I2C2_EV_IRQHandler
                0x08000ec8                DMA1_Stream2_IRQHandler
                0x08000ec8                CAN1_RX0_IRQHandler
                0x08000ec8                FPU_IRQHandler
                0x08000ec8                OTG_HS_WKUP_IRQHandler
                0x08000ec8                UsageFault_Handler
                0x08000ec8                CAN2_SCE_IRQHandler
                0x08000ec8                DMA2_Stream2_IRQHandler
                0x08000ec8                SPI1_IRQHandler
                0x08000ec8                TIM6_DAC_IRQHandler
                0x08000ec8                TIM1_BRK_TIM9_IRQHandler
                0x08000ec8                DCMI_IRQHandler
                0x08000ec8                CAN2_RX0_IRQHandler
                0x08000ec8                DMA2_Stream3_IRQHandler
                0x08000ec8                USART6_IRQHandler
                0x08000ec8                CRYP_IRQHandler
                0x08000ec8                CAN1_RX1_IRQHandler
                0x08000ec8                UART5_IRQHandler
                0x08000ec8                DMA2_Stream0_IRQHandler
                0x08000ec8                TIM4_IRQHandler
                0x08000ec8                I2C1_EV_IRQHandler
                0x08000ec8                DMA1_Stream6_IRQHandler
                0x08000ec8                DMA1_Stream1_IRQHandler
                0x08000ec8                UART4_IRQHandler
                0x08000ec8                TIM3_IRQHandler
                0x08000ec8                RCC_IRQHandler
                0x08000ec8                TIM8_BRK_TIM12_IRQHandler
                0x08000ec8                EXTI15_10_IRQHandler
                0x08000ec8                ADC_IRQHandler
                0x08000ec8                TIM7_IRQHandler
                0x08000ec8                CAN2_TX_IRQHandler
                0x08000ec8                TIM5_IRQHandler
                0x08000ec8                DMA2_Stream7_IRQHandler
                0x08000ec8                I2C3_EV_IRQHandler
                0x08000ec8                RTC_WKUP_IRQHandler
                0x08000ec8                ETH_WKUP_IRQHandler
                0x08000ec8                SPI2_IRQHandler
                0x08000ec8                OTG_HS_EP1_IN_IRQHandler
                0x08000ec8                MemManage_Handler
                0x08000ec8                CAN1_TX_IRQHandler
                0x08000ec8                SVC_Handler
                0x08000ec8                EXTI4_IRQHandler
                0x08000ec8                FSMC_IRQHandler
                0x08000ec8                ETH_IRQHandler
                0x08000ec8                OTG_HS_EP1_OUT_IRQHandler
                0x08000ec8                WWDG_IRQHandler
                0x08000ec8                OTG_FS_WKUP_IRQHandler
                0x08000ec8                TIM1_TRG_COM_TIM11_IRQHandler
                0x08000ec8                OTG_HS_IRQHandler
                0x08000ec8                EXTI1_IRQHandler
                0x08000ec8                USART2_IRQHandler
                0x08000ec8                I2C2_ER_IRQHandler
                0x08000ec8                DMA2_Stream1_IRQHandler
                0x08000ec8                CAN1_SCE_IRQHandler
                0x08000ec8                FLASH_IRQHandler
                0x08000ec8                DMA2_Stream4_IRQHandler
                0x08000ec8                BusFault_Handler
                0x08000ec8                USART1_IRQHandler
                0x08000ec8                OTG_FS_IRQHandler
                0x08000ec8                DMA1_Stream4_IRQHandler
                0x08000ec8                I2C1_ER_IRQHandler
                0x08000ec8                DMA2_Stream6_IRQHandler
 .text.STM_EVAL_LEDInit
                0x08000ed0       0x5c ..\obj\stm32f4_discovery.o
                0x08000ed0                STM_EVAL_LEDInit
 .text.main     0x08000f2c       0x78 ..\obj\main.o
                0x08000f2c                main
 .text._Z41__static_initialization_and_destruction_0ii
                0x08000fa4       0x3c ..\obj\main.o
 .text._GLOBAL__sub_I_OutputString
                0x08000fe0       0x10 ..\obj\main.o
 .text.RCC_GetClocksFreq
                0x08000ff0      0x154 ..\obj\stm32f4xx_rcc.o
                0x08000ff0                RCC_GetClocksFreq
 .text.RCC_AHB1PeriphClockCmd
                0x08001144       0x3c ..\obj\stm32f4xx_rcc.o
                0x08001144                RCC_AHB1PeriphClockCmd
 .text.RCC_APB1PeriphClockCmd
                0x08001180       0x3c ..\obj\stm32f4xx_rcc.o
                0x08001180                RCC_APB1PeriphClockCmd
 .text.RCC_APB2PeriphClockCmd
                0x080011bc       0x3c ..\obj\stm32f4xx_rcc.o
                0x080011bc                RCC_APB2PeriphClockCmd
 .text.RCC_APB2PeriphResetCmd
                0x080011f8       0x3c ..\obj\stm32f4xx_rcc.o
                0x080011f8                RCC_APB2PeriphResetCmd
 .text._ZN7Fassade15Window2PositionEv
                0x08001234       0x5c ..\obj\fassade.o
                0x08001234                Fassade::Window2Position()
 .text._ZN10AmpermeterC2Ev
                0x08001290       0x18 ..\obj\ampermeter.o
                0x08001290                Ampermeter::Ampermeter()
                0x08001290                Ampermeter::Ampermeter()
 .text._ZN10Ampermeter10getCurrentEv
                0x080012a8       0x70 ..\obj\ampermeter.o
                0x080012a8                Ampermeter::getCurrent()
 .text.ADC_DeInit
                0x08001318       0x1c ..\obj\stm32f4xx_adc.o
                0x08001318                ADC_DeInit
 .text.ADC_Init
                0x08001334       0xa8 ..\obj\stm32f4xx_adc.o
                0x08001334                ADC_Init
 .text.ADC_CommonInit
                0x080013dc       0x50 ..\obj\stm32f4xx_adc.o
                0x080013dc                ADC_CommonInit
 .text.ADC_Cmd  0x0800142c       0x38 ..\obj\stm32f4xx_adc.o
                0x0800142c                ADC_Cmd
 .text.ADC_RegularChannelConfig
                0x08001464      0x188 ..\obj\stm32f4xx_adc.o
                0x08001464                ADC_RegularChannelConfig
 .text.ADC_SoftwareStartConv
                0x080015ec       0x20 ..\obj\stm32f4xx_adc.o
                0x080015ec                ADC_SoftwareStartConv
 .text.ADC_DMACmd
                0x0800160c       0x38 ..\obj\stm32f4xx_adc.o
                0x0800160c                ADC_DMACmd
 .text.ADC_DMARequestAfterLastTransferCmd
                0x08001644       0x38 ..\obj\stm32f4xx_adc.o
                0x08001644                ADC_DMARequestAfterLastTransferCmd
 .text.NVIC_SetPriority
                0x0800167c       0x54 ..\obj\stm32_ub_systick.o
 .text.SysTick_Config
                0x080016d0       0x44 ..\obj\stm32_ub_systick.o
 .text.UB_Systick_Init
                0x08001714       0x68 ..\obj\stm32_ub_systick.o
                0x08001714                UB_Systick_Init
 .text.UB_Systick_Pause_us
                0x0800177c       0x28 ..\obj\stm32_ub_systick.o
                0x0800177c                UB_Systick_Pause_us
 .text.SysTick_Handler
                0x080017a4       0x7c ..\obj\stm32_ub_systick.o
                0x080017a4                SysTick_Handler
 .text.TM_OneWire_Init
                0x08001820       0x40 ..\obj\tm_stm32f4_onewire.o
                0x08001820                TM_OneWire_Init
 .text.TM_OneWire_Reset
                0x08001860       0x5c ..\obj\tm_stm32f4_onewire.o
                0x08001860                TM_OneWire_Reset
 .text.TM_OneWire_ReadBit
                0x080018bc       0x64 ..\obj\tm_stm32f4_onewire.o
                0x080018bc                TM_OneWire_ReadBit
 .text.TM_OneWire_ReadByte
                0x08001920       0x3c ..\obj\tm_stm32f4_onewire.o
                0x08001920                TM_OneWire_ReadByte
 .text.TM_OneWire_WriteBit
                0x0800195c       0x5c ..\obj\tm_stm32f4_onewire.o
                0x0800195c                TM_OneWire_WriteBit
 .text.TM_OneWire_WriteByte
                0x080019b8       0x34 ..\obj\tm_stm32f4_onewire.o
                0x080019b8                TM_OneWire_WriteByte
 .text.TM_OneWire_First
                0x080019ec       0x14 ..\obj\tm_stm32f4_onewire.o
                0x080019ec                TM_OneWire_First
 .text.TM_OneWire_Next
                0x08001a00       0x10 ..\obj\tm_stm32f4_onewire.o
                0x08001a00                TM_OneWire_Next
 .text.TM_OneWire_ResetSearch
                0x08001a10       0x2c ..\obj\tm_stm32f4_onewire.o
                0x08001a10                TM_OneWire_ResetSearch
 .text.TM_OneWire_Search
                0x08001a3c      0x180 ..\obj\tm_stm32f4_onewire.o
                0x08001a3c                TM_OneWire_Search
 .text.TM_OneWire_SelectWithPointer
                0x08001bbc       0x34 ..\obj\tm_stm32f4_onewire.o
                0x08001bbc                TM_OneWire_SelectWithPointer
 .text.TM_OneWire_GetFullROM
                0x08001bf0       0x38 ..\obj\tm_stm32f4_onewire.o
                0x08001bf0                TM_OneWire_GetFullROM
 .text._ZN8TerminalC2Ei
                0x08001c28       0x74 ..\obj\terminal.o
                0x08001c28                Terminal::Terminal(int)
                0x08001c28                Terminal::Terminal(int)
 .text._ZN8Terminal11buffer_initEv
                0x08001c9c       0x34 ..\obj\terminal.o
                0x08001c9c                Terminal::buffer_init()
 .text._ZN8Terminal8BufferInEc
                0x08001cd0       0x88 ..\obj\terminal.o
                0x08001cd0                Terminal::BufferIn(char)
 .text._ZN8Terminal9BufferOutEPc
                0x08001d58       0x68 ..\obj\terminal.o
                0x08001d58                Terminal::BufferOut(char*)
 .text._ZN8Terminal10ReadBufferEPc
                0x08001dc0       0x54 ..\obj\terminal.o
                0x08001dc0                Terminal::ReadBuffer(char*)
 .text._ZN8Terminal13usart3InitDMAEv
                0x08001e14       0xc8 ..\obj\terminal.o
                0x08001e14                Terminal::usart3InitDMA()
 .text._ZN8Terminal10SendViaDmaEPci
                0x08001edc       0xac ..\obj\terminal.o
                0x08001edc                Terminal::SendViaDma(char*, int)
 .text._ZN8Terminal10usart3InitEv
                0x08001f88       0xe0 ..\obj\terminal.o
                0x08001f88                Terminal::usart3Init()
 .text._ZN8Terminal11uartPutCharEt
                0x08002068       0x3c ..\obj\terminal.o
                0x08002068                Terminal::uartPutChar(unsigned short)
 .text._ZN8Terminal14uartSendStringEPc
                0x080020a4       0x2c ..\obj\terminal.o
                0x080020a4                Terminal::uartSendString(char*)
 .text._ZN8Terminal11SendMessageEPc
                0x080020d0       0x24 ..\obj\terminal.o
                0x080020d0                Terminal::SendMessage(char*)
 .text._ZN8Terminal18IsCommandoAvalibleEv
                0x080020f4       0x8c ..\obj\terminal.o
                0x080020f4                Terminal::IsCommandoAvalible()
 .text._ZN8Terminal15ProzessCommandoEv
                0x08002180       0x84 ..\obj\terminal.o
                0x08002180                Terminal::ProzessCommando()
 .text._ZN8Terminal15CommandoProzessEPc
                0x08002204      0x1c0 ..\obj\terminal.o
                0x08002204                Terminal::CommandoProzess(char*)
 .text._ZN8Terminal15EnableSingeltonEv
                0x080023c4       0x1c ..\obj\terminal.o
                0x080023c4                Terminal::EnableSingelton()
 .text.DMA1_Stream3_IRQHandler
                0x080023e0       0x30 ..\obj\terminal.o
                0x080023e0                DMA1_Stream3_IRQHandler
 .text.USART3_IRQHandler
                0x08002410       0x48 ..\obj\terminal.o
                0x08002410                USART3_IRQHandler
 .text.GPIO_Init
                0x08002458      0x11c ..\obj\stm32f4xx_gpio.o
                0x08002458                GPIO_Init
 .text.GPIO_ReadInputDataBit
                0x08002574       0x34 ..\obj\stm32f4xx_gpio.o
                0x08002574                GPIO_ReadInputDataBit
 .text.GPIO_SetBits
                0x080025a8       0x1c ..\obj\stm32f4xx_gpio.o
                0x080025a8                GPIO_SetBits
 .text.GPIO_ResetBits
                0x080025c4       0x1c ..\obj\stm32f4xx_gpio.o
                0x080025c4                GPIO_ResetBits
 .text.GPIO_WriteBit
                0x080025e0       0x30 ..\obj\stm32f4xx_gpio.o
                0x080025e0                GPIO_WriteBit
 .text.GPIO_PinAFConfig
                0x08002610       0x8c ..\obj\stm32f4xx_gpio.o
                0x08002610                GPIO_PinAFConfig
 .text.SystemInit
                0x0800269c       0x58 ..\obj\system_stm32f4xx.o
                0x0800269c                SystemInit
 .text.SetSysClock
                0x080026f4       0xf4 ..\obj\system_stm32f4xx.o
 .text.DMA_DeInit
                0x080027e8      0x1a4 ..\obj\stm32f4xx_dma.o
                0x080027e8                DMA_DeInit
 .text.DMA_Init
                0x0800298c       0xac ..\obj\stm32f4xx_dma.o
                0x0800298c                DMA_Init
 .text.DMA_Cmd  0x08002a38       0x38 ..\obj\stm32f4xx_dma.o
                0x08002a38                DMA_Cmd
 .text.DMA_GetCmdStatus
                0x08002a70       0x30 ..\obj\stm32f4xx_dma.o
                0x08002a70                DMA_GetCmdStatus
 .text.DMA_GetFlagStatus
                0x08002aa0       0x78 ..\obj\stm32f4xx_dma.o
                0x08002aa0                DMA_GetFlagStatus
 .text.DMA_ClearFlag
                0x08002b18       0x5c ..\obj\stm32f4xx_dma.o
                0x08002b18                DMA_ClearFlag
 .text.DMA_ITConfig
                0x08002b74       0x74 ..\obj\stm32f4xx_dma.o
                0x08002b74                DMA_ITConfig
 .text.DMA_GetITStatus
                0x08002be8       0xb0 ..\obj\stm32f4xx_dma.o
                0x08002be8                DMA_GetITStatus
 .text.DMA_ClearITPendingBit
                0x08002c98       0x5c ..\obj\stm32f4xx_dma.o
                0x08002c98                DMA_ClearITPendingBit
 .text._ZN22AnalogDigitalConverterC2Ev
                0x08002cf4      0x154 ..\obj\adc.o
                0x08002cf4                AnalogDigitalConverter::AnalogDigitalConverter()
                0x08002cf4                AnalogDigitalConverter::AnalogDigitalConverter()
 .text._ZN22AnalogDigitalConverter17getConvertedValueEi
                0x08002e48       0x24 ..\obj\adc.o
                0x08002e48                AnalogDigitalConverter::getConvertedValue(int)
 *fill*         0x08002e6c        0x4 
 .text._ZN22AnalogDigitalConverter26getConvertedValueAsVoltageEi
                0x08002e70       0x50 ..\obj\adc.o
                0x08002e70                AnalogDigitalConverter::getConvertedValueAsVoltage(int)
 .text.EVAL_AUDIO_TransferComplete_CallBack
                0x08002ec0       0x14 ..\obj\stm32f4_discovery_callbacks.o
                0x08002ec0                EVAL_AUDIO_TransferComplete_CallBack
 .text.EVAL_AUDIO_GetSampleCallBack
                0x08002ed4       0x10 ..\obj\stm32f4_discovery_callbacks.o
                0x08002ed4                EVAL_AUDIO_GetSampleCallBack
 .text.SPI_I2S_SendData
                0x08002ee4       0x1c ..\obj\stm32f4xx_spi.o
                0x08002ee4                SPI_I2S_SendData
 .text.SPI_I2S_GetFlagStatus
                0x08002f00       0x38 ..\obj\stm32f4xx_spi.o
                0x08002f00                SPI_I2S_GetFlagStatus
 .text.EXTI_GetITStatus
                0x08002f38       0x48 ..\obj\stm32f4xx_exti.o
                0x08002f38                EXTI_GetITStatus
 .text.EXTI_ClearITPendingBit
                0x08002f80       0x1c ..\obj\stm32f4xx_exti.o
                0x08002f80                EXTI_ClearITPendingBit
 .text.NVIC_PriorityGroupConfig
                0x08002f9c       0x24 ..\obj\misc.o
                0x08002f9c                NVIC_PriorityGroupConfig
 .text.NVIC_Init
                0x08002fc0       0xbc ..\obj\misc.o
                0x08002fc0                NVIC_Init
 .text.TIM_TimeBaseInit
                0x0800307c       0xd4 ..\obj\stm32f4xx_tim.o
                0x0800307c                TIM_TimeBaseInit
 .text.TIM_SetAutoreload
                0x08003150       0x1c ..\obj\stm32f4xx_tim.o
                0x08003150                TIM_SetAutoreload
 .text.TIM_Cmd  0x0800316c       0x40 ..\obj\stm32f4xx_tim.o
                0x0800316c                TIM_Cmd
 .text.TIM_ICInit
                0x080031ac       0xa8 ..\obj\stm32f4xx_tim.o
                0x080031ac                TIM_ICInit
 .text.TIM_ICStructInit
                0x08003254       0x30 ..\obj\stm32f4xx_tim.o
                0x08003254                TIM_ICStructInit
 .text.TIM_SetIC1Prescaler
                0x08003284       0x38 ..\obj\stm32f4xx_tim.o
                0x08003284                TIM_SetIC1Prescaler
 .text.TIM_SetIC2Prescaler
                0x080032bc       0x3c ..\obj\stm32f4xx_tim.o
                0x080032bc                TIM_SetIC2Prescaler
 .text.TIM_SetIC3Prescaler
                0x080032f8       0x38 ..\obj\stm32f4xx_tim.o
                0x080032f8                TIM_SetIC3Prescaler
 .text.TIM_SetIC4Prescaler
                0x08003330       0x3c ..\obj\stm32f4xx_tim.o
                0x08003330                TIM_SetIC4Prescaler
 .text.TIM_ITConfig
                0x0800336c       0x48 ..\obj\stm32f4xx_tim.o
                0x0800336c                TIM_ITConfig
 .text.TIM_GetITStatus
                0x080033b4       0x54 ..\obj\stm32f4xx_tim.o
                0x080033b4                TIM_GetITStatus
 .text.TIM_ClearITPendingBit
                0x08003408       0x20 ..\obj\stm32f4xx_tim.o
                0x08003408                TIM_ClearITPendingBit
 .text.TIM_EncoderInterfaceConfig
                0x08003428       0x8c ..\obj\stm32f4xx_tim.o
                0x08003428                TIM_EncoderInterfaceConfig
 .text.TI1_Config
                0x080034b4       0x78 ..\obj\stm32f4xx_tim.o
 .text.TI2_Config
                0x0800352c       0x8c ..\obj\stm32f4xx_tim.o
 .text.TI3_Config
                0x080035b8       0x84 ..\obj\stm32f4xx_tim.o
 .text.TI4_Config
                0x0800363c       0x90 ..\obj\stm32f4xx_tim.o
 .text          0x080036cc      0x370 c:/program files (x86)/gnu tools arm embedded/4.8 2014q3/bin/../lib/gcc/arm-none-eabi/4.8.4/armv7e-m\libgcc.a(_arm_addsubdf3.o)
                0x080036cc                __aeabi_drsub
                0x080036d4                __aeabi_dsub
                0x080036d4                __subdf3
                0x080036d8                __aeabi_dadd
                0x080036d8                __adddf3
                0x08003950                __floatunsidf
                0x08003950                __aeabi_ui2d
                0x08003970                __floatsidf
                0x08003970                __aeabi_i2d
                0x08003994                __aeabi_f2d
                0x08003994                __extendsfdf2
                0x080039d0                __floatundidf
                0x080039d0                __aeabi_ul2d
                0x080039e0                __floatdidf
                0x080039e0                __aeabi_l2d
 .text          0x08003a3c      0x424 c:/program files (x86)/gnu tools arm embedded/4.8 2014q3/bin/../lib/gcc/arm-none-eabi/4.8.4/armv7e-m\libgcc.a(_arm_muldivdf3.o)
                0x08003a3c                __aeabi_dmul
                0x08003a3c                __muldf3
                0x08003c90                __divdf3
                0x08003c90                __aeabi_ddiv
 .text          0x08003e60       0xa0 c:/program files (x86)/gnu tools arm embedded/4.8 2014q3/bin/../lib/gcc/arm-none-eabi/4.8.4/armv7e-m\libgcc.a(_arm_truncdfsf2.o)
                0x08003e60                __truncdfsf2
                0x08003e60                __aeabi_d2f
 .text          0x08003f00      0xa1c c:/program files (x86)/gnu tools arm embedded/4.8 2014q3/bin/../lib/gcc/arm-none-eabi/4.8.4/armv7e-m\libgcc.a(unwind-arm.o)
                0x080041e4                _Unwind_GetCFA
                0x080041e8                __gnu_Unwind_RaiseException
                0x08004248                __gnu_Unwind_ForcedUnwind
                0x0800425c                __gnu_Unwind_Resume
                0x080042a0                __gnu_Unwind_Resume_or_Rethrow
                0x080042b0                _Unwind_Complete
                0x080042b4                _Unwind_DeleteException
                0x080042c4                _Unwind_VRS_Get
                0x08004314                _Unwind_VRS_Set
                0x08004364                __gnu_Unwind_Backtrace
                0x080046b8                __aeabi_unwind_cpp_pr0
                0x080046c0                __aeabi_unwind_cpp_pr1
                0x080046c8                __aeabi_unwind_cpp_pr2
                0x080046d0                _Unwind_VRS_Pop
 .text          0x0800491c      0x1ac c:/program files (x86)/gnu tools arm embedded/4.8 2014q3/bin/../lib/gcc/arm-none-eabi/4.8.4/armv7e-m\libgcc.a(libunwind.o)
                0x0800491c                __restore_core_regs
                0x0800491c                restore_core_regs
                0x08004934                __gnu_Unwind_Restore_VFP
                0x0800493c                __gnu_Unwind_Save_VFP
                0x08004944                __gnu_Unwind_Restore_VFP_D
                0x0800494c                __gnu_Unwind_Save_VFP_D
                0x08004954                __gnu_Unwind_Restore_VFP_D_16_to_31
                0x0800495c                __gnu_Unwind_Save_VFP_D_16_to_31
                0x08004964                __gnu_Unwind_Restore_WMMXD
                0x080049a8                __gnu_Unwind_Save_WMMXD
                0x080049ec                __gnu_Unwind_Restore_WMMXC
                0x08004a00                __gnu_Unwind_Save_WMMXC
                0x08004a14                ___Unwind_RaiseException
                0x08004a14                _Unwind_RaiseException
                0x08004a38                _Unwind_Resume
                0x08004a38                ___Unwind_Resume
                0x08004a5c                _Unwind_Resume_or_Rethrow
                0x08004a5c                ___Unwind_Resume_or_Rethrow
                0x08004a80                _Unwind_ForcedUnwind
                0x08004a80                ___Unwind_ForcedUnwind
                0x08004aa4                ___Unwind_Backtrace
                0x08004aa4                _Unwind_Backtrace
 .text          0x08004ac8      0x33c c:/program files (x86)/gnu tools arm embedded/4.8 2014q3/bin/../lib/gcc/arm-none-eabi/4.8.4/armv7e-m\libgcc.a(pr-support.o)
                0x08004b1c                __gnu_unwind_execute
                0x08004da8                __gnu_unwind_frame
                0x08004dd4                _Unwind_GetRegionStart
                0x08004de0                _Unwind_GetLanguageSpecificData
                0x08004df4                _Unwind_GetDataRelBase
                0x08004dfc                _Unwind_GetTextRelBase
 .text.abort    0x08004e04       0x10 c:/program files (x86)/gnu tools arm embedded/4.8 2014q3/bin/../lib/gcc/arm-none-eabi/4.8.4/../../../../arm-none-eabi/lib/armv7e-m\libc.a(lib_a-abort.o)
                0x08004e04                abort
 .text.__aeabi_atexit
                0x08004e14        0xc c:/program files (x86)/gnu tools arm embedded/4.8 2014q3/bin/../lib/gcc/arm-none-eabi/4.8.4/../../../../arm-none-eabi/lib/armv7e-m\libc.a(lib_a-aeabi_atexit.o)
                0x08004e14                __aeabi_atexit
 .text.atoi     0x08004e20        0x8 c:/program files (x86)/gnu tools arm embedded/4.8 2014q3/bin/../lib/gcc/arm-none-eabi/4.8.4/../../../../arm-none-eabi/lib/armv7e-m\libc.a(lib_a-atoi.o)
                0x08004e20                atoi
 .text.__cxa_atexit
                0x08004e28       0x14 c:/program files (x86)/gnu tools arm embedded/4.8 2014q3/bin/../lib/gcc/arm-none-eabi/4.8.4/../../../../arm-none-eabi/lib/armv7e-m\libc.a(lib_a-cxa_atexit.o)
                0x08004e28                __cxa_atexit
 .text.exit     0x08004e3c       0x20 c:/program files (x86)/gnu tools arm embedded/4.8 2014q3/bin/../lib/gcc/arm-none-eabi/4.8.4/../../../../arm-none-eabi/lib/armv7e-m\libc.a(lib_a-exit.o)
                0x08004e3c                exit
 .text.__libc_init_array
                0x08004e5c       0x50 c:/program files (x86)/gnu tools arm embedded/4.8 2014q3/bin/../lib/gcc/arm-none-eabi/4.8.4/../../../../arm-none-eabi/lib/armv7e-m\libc.a(lib_a-init.o)
                0x08004e5c                __libc_init_array
 .text.malloc   0x08004eac       0x10 c:/program files (x86)/gnu tools arm embedded/4.8 2014q3/bin/../lib/gcc/arm-none-eabi/4.8.4/../../../../arm-none-eabi/lib/armv7e-m\libc.a(lib_a-malloc.o)
                0x08004eac                malloc
 .text.free     0x08004ebc       0x10 c:/program files (x86)/gnu tools arm embedded/4.8 2014q3/bin/../lib/gcc/arm-none-eabi/4.8.4/../../../../arm-none-eabi/lib/armv7e-m\libc.a(lib_a-malloc.o)
                0x08004ebc                free
 .text._malloc_r
                0x08004ecc      0x538 c:/program files (x86)/gnu tools arm embedded/4.8 2014q3/bin/../lib/gcc/arm-none-eabi/4.8.4/../../../../arm-none-eabi/lib/armv7e-m\libc.a(lib_a-mallocr.o)
                0x08004ecc                _malloc_r
 .text          0x08005404      0x134 c:/program files (x86)/gnu tools arm embedded/4.8 2014q3/bin/../lib/gcc/arm-none-eabi/4.8.4/../../../../arm-none-eabi/lib/armv7e-m\libc.a(lib_a-memcpy.o)
                0x08005404                memcpy
 .text.memset   0x08005538       0x94 c:/program files (x86)/gnu tools arm embedded/4.8 2014q3/bin/../lib/gcc/arm-none-eabi/4.8.4/../../../../arm-none-eabi/lib/armv7e-m\libc.a(lib_a-memset.o)
                0x08005538                memset
 .text.__malloc_lock
                0x080055cc        0x4 c:/program files (x86)/gnu tools arm embedded/4.8 2014q3/bin/../lib/gcc/arm-none-eabi/4.8.4/../../../../arm-none-eabi/lib/armv7e-m\libc.a(lib_a-mlock.o)
                0x080055cc                __malloc_lock
 .text.__malloc_unlock
                0x080055d0        0x4 c:/program files (x86)/gnu tools arm embedded/4.8 2014q3/bin/../lib/gcc/arm-none-eabi/4.8.4/../../../../arm-none-eabi/lib/armv7e-m\libc.a(lib_a-mlock.o)
                0x080055d0                __malloc_unlock
 .text._sbrk_r  0x080055d4       0x24 c:/program files (x86)/gnu tools arm embedded/4.8 2014q3/bin/../lib/gcc/arm-none-eabi/4.8.4/../../../../arm-none-eabi/lib/armv7e-m\libc.a(lib_a-sbrkr.o)
                0x080055d4                _sbrk_r
 .text._raise_r
                0x080055f8       0x58 c:/program files (x86)/gnu tools arm embedded/4.8 2014q3/bin/../lib/gcc/arm-none-eabi/4.8.4/../../../../arm-none-eabi/lib/armv7e-m\libc.a(lib_a-signal.o)
                0x080055f8                _raise_r
 .text.raise    0x08005650       0x10 c:/program files (x86)/gnu tools arm embedded/4.8 2014q3/bin/../lib/gcc/arm-none-eabi/4.8.4/../../../../arm-none-eabi/lib/armv7e-m\libc.a(lib_a-signal.o)
                0x08005650                raise
 .text._kill_r  0x08005660       0x28 c:/program files (x86)/gnu tools arm embedded/4.8 2014q3/bin/../lib/gcc/arm-none-eabi/4.8.4/../../../../arm-none-eabi/lib/armv7e-m\libc.a(lib_a-signalr.o)
                0x08005660                _kill_r
 .text._getpid_r
                0x08005688        0x4 c:/program files (x86)/gnu tools arm embedded/4.8 2014q3/bin/../lib/gcc/arm-none-eabi/4.8.4/../../../../arm-none-eabi/lib/armv7e-m\libc.a(lib_a-signalr.o)
                0x08005688                _getpid_r
 .text.sprintf  0x0800568c       0x4c c:/program files (x86)/gnu tools arm embedded/4.8 2014q3/bin/../lib/gcc/arm-none-eabi/4.8.4/../../../../arm-none-eabi/lib/armv7e-m\libc.a(lib_a-sprintf.o)
                0x0800568c                sprintf
 .text          0x080056d8      0x21c c:/program files (x86)/gnu tools arm embedded/4.8 2014q3/bin/../lib/gcc/arm-none-eabi/4.8.4/../../../../arm-none-eabi/lib/armv7e-m\libc.a(lib_a-strcmp.o)
                0x080056d8                strcmp
 .text.strcpy   0x080058f4       0xbc c:/program files (x86)/gnu tools arm embedded/4.8 2014q3/bin/../lib/gcc/arm-none-eabi/4.8.4/../../../../arm-none-eabi/lib/armv7e-m\libc.a(lib_a-strcpy.o)
                0x080058f4                strcpy
 .text.strlen   0x080059b0       0x60 c:/program files (x86)/gnu tools arm embedded/4.8 2014q3/bin/../lib/gcc/arm-none-eabi/4.8.4/../../../../arm-none-eabi/lib/armv7e-m\libc.a(lib_a-strlen.o)
                0x080059b0                strlen
 .text.strtok   0x08005a10       0x10 c:/program files (x86)/gnu tools arm embedded/4.8 2014q3/bin/../lib/gcc/arm-none-eabi/4.8.4/../../../../arm-none-eabi/lib/armv7e-m\libc.a(lib_a-strtok.o)
                0x08005a10                strtok
 .text.__strtok_r
                0x08005a20       0x64 c:/program files (x86)/gnu tools arm embedded/4.8 2014q3/bin/../lib/gcc/arm-none-eabi/4.8.4/../../../../arm-none-eabi/lib/armv7e-m\libc.a(lib_a-strtok_r.o)
                0x08005a20                __strtok_r
 .text._strtol_r
                0x08005a84      0x114 c:/program files (x86)/gnu tools arm embedded/4.8 2014q3/bin/../lib/gcc/arm-none-eabi/4.8.4/../../../../arm-none-eabi/lib/armv7e-m\libc.a(lib_a-strtol.o)
                0x08005a84                _strtol_r
 .text.strtol   0x08005b98       0x18 c:/program files (x86)/gnu tools arm embedded/4.8 2014q3/bin/../lib/gcc/arm-none-eabi/4.8.4/../../../../arm-none-eabi/lib/armv7e-m\libc.a(lib_a-strtol.o)
                0x08005b98                strtol
 .text._svfprintf_r
                0x08005bb0     0x14f8 c:/program files (x86)/gnu tools arm embedded/4.8 2014q3/bin/../lib/gcc/arm-none-eabi/4.8.4/../../../../arm-none-eabi/lib/armv7e-m\libc.a(lib_a-svfprintf.o)
                0x08005bb0                _svfprintf_r
 .text.__register_exitproc
                0x080070a8       0xa8 c:/program files (x86)/gnu tools arm embedded/4.8 2014q3/bin/../lib/gcc/arm-none-eabi/4.8.4/../../../../arm-none-eabi/lib/armv7e-m\libc.a(lib_a-__atexit.o)
                0x080070a8                __register_exitproc
 .text.startup.register_fini
                0x08007150       0x14 c:/program files (x86)/gnu tools arm embedded/4.8 2014q3/bin/../lib/gcc/arm-none-eabi/4.8.4/../../../../arm-none-eabi/lib/armv7e-m\libc.a(lib_a-__call_atexit.o)
 .text.__call_exitprocs
                0x08007164       0xf0 c:/program files (x86)/gnu tools arm embedded/4.8 2014q3/bin/../lib/gcc/arm-none-eabi/4.8.4/../../../../arm-none-eabi/lib/armv7e-m\libc.a(lib_a-__call_atexit.o)
                0x08007164                __call_exitprocs
 .text.atexit   0x08007254        0xc c:/program files (x86)/gnu tools arm embedded/4.8 2014q3/bin/../lib/gcc/arm-none-eabi/4.8.4/../../../../arm-none-eabi/lib/armv7e-m\libc.a(lib_a-atexit.o)
                0x08007254                atexit
 .text.quorem   0x08007260      0x130 c:/program files (x86)/gnu tools arm embedded/4.8 2014q3/bin/../lib/gcc/arm-none-eabi/4.8.4/../../../../arm-none-eabi/lib/armv7e-m\libc.a(lib_a-dtoa.o)
 .text._dtoa_r  0x08007390      0xe38 c:/program files (x86)/gnu tools arm embedded/4.8 2014q3/bin/../lib/gcc/arm-none-eabi/4.8.4/../../../../arm-none-eabi/lib/armv7e-m\libc.a(lib_a-dtoa.o)
                0x08007390                _dtoa_r
 .text.__libc_fini_array
                0x080081c8       0x30 c:/program files (x86)/gnu tools arm embedded/4.8 2014q3/bin/../lib/gcc/arm-none-eabi/4.8.4/../../../../arm-none-eabi/lib/armv7e-m\libc.a(lib_a-fini.o)
                0x080081c8                __libc_fini_array
 .text._malloc_trim_r
                0x080081f8       0x9c c:/program files (x86)/gnu tools arm embedded/4.8 2014q3/bin/../lib/gcc/arm-none-eabi/4.8.4/../../../../arm-none-eabi/lib/armv7e-m\libc.a(lib_a-freer.o)
                0x080081f8                _malloc_trim_r
 .text._free_r  0x08008294      0x19c c:/program files (x86)/gnu tools arm embedded/4.8 2014q3/bin/../lib/gcc/arm-none-eabi/4.8.4/../../../../arm-none-eabi/lib/armv7e-m\libc.a(lib_a-freer.o)
                0x08008294                _free_r
 .text._localeconv_r
                0x08008430        0x8 c:/program files (x86)/gnu tools arm embedded/4.8 2014q3/bin/../lib/gcc/arm-none-eabi/4.8.4/../../../../arm-none-eabi/lib/armv7e-m\libc.a(lib_a-locale.o)
                0x08008430                _localeconv_r
 .text.memchr   0x08008438       0x90 c:/program files (x86)/gnu tools arm embedded/4.8 2014q3/bin/../lib/gcc/arm-none-eabi/4.8.4/../../../../arm-none-eabi/lib/armv7e-m\libc.a(lib_a-memchr-stub.o)
                0x08008438                memchr
 .text._Balloc  0x080084c8       0x4c c:/program files (x86)/gnu tools arm embedded/4.8 2014q3/bin/../lib/gcc/arm-none-eabi/4.8.4/../../../../arm-none-eabi/lib/armv7e-m\libc.a(lib_a-mprec.o)
                0x080084c8                _Balloc
 .text._Bfree   0x08008514       0x14 c:/program files (x86)/gnu tools arm embedded/4.8 2014q3/bin/../lib/gcc/arm-none-eabi/4.8.4/../../../../arm-none-eabi/lib/armv7e-m\libc.a(lib_a-mprec.o)
                0x08008514                _Bfree
 .text.__multadd
                0x08008528       0x98 c:/program files (x86)/gnu tools arm embedded/4.8 2014q3/bin/../lib/gcc/arm-none-eabi/4.8.4/../../../../arm-none-eabi/lib/armv7e-m\libc.a(lib_a-mprec.o)
                0x08008528                __multadd
 .text.__hi0bits
                0x080085c0       0x40 c:/program files (x86)/gnu tools arm embedded/4.8 2014q3/bin/../lib/gcc/arm-none-eabi/4.8.4/../../../../arm-none-eabi/lib/armv7e-m\libc.a(lib_a-mprec.o)
                0x080085c0                __hi0bits
 .text.__lo0bits
                0x08008600       0x5c c:/program files (x86)/gnu tools arm embedded/4.8 2014q3/bin/../lib/gcc/arm-none-eabi/4.8.4/../../../../arm-none-eabi/lib/armv7e-m\libc.a(lib_a-mprec.o)
                0x08008600                __lo0bits
 .text.__i2b    0x0800865c       0x14 c:/program files (x86)/gnu tools arm embedded/4.8 2014q3/bin/../lib/gcc/arm-none-eabi/4.8.4/../../../../arm-none-eabi/lib/armv7e-m\libc.a(lib_a-mprec.o)
                0x0800865c                __i2b
 .text.__multiply
                0x08008670      0x13c c:/program files (x86)/gnu tools arm embedded/4.8 2014q3/bin/../lib/gcc/arm-none-eabi/4.8.4/../../../../arm-none-eabi/lib/armv7e-m\libc.a(lib_a-mprec.o)
                0x08008670                __multiply
 .text.__pow5mult
                0x080087ac       0x9c c:/program files (x86)/gnu tools arm embedded/4.8 2014q3/bin/../lib/gcc/arm-none-eabi/4.8.4/../../../../arm-none-eabi/lib/armv7e-m\libc.a(lib_a-mprec.o)
                0x080087ac                __pow5mult
 .text.__lshift
                0x08008848       0xbc c:/program files (x86)/gnu tools arm embedded/4.8 2014q3/bin/../lib/gcc/arm-none-eabi/4.8.4/../../../../arm-none-eabi/lib/armv7e-m\libc.a(lib_a-mprec.o)
                0x08008848                __lshift
 .text.__mcmp   0x08008904       0x48 c:/program files (x86)/gnu tools arm embedded/4.8 2014q3/bin/../lib/gcc/arm-none-eabi/4.8.4/../../../../arm-none-eabi/lib/armv7e-m\libc.a(lib_a-mprec.o)
                0x08008904                __mcmp
 .text.__mdiff  0x0800894c       0xd4 c:/program files (x86)/gnu tools arm embedded/4.8 2014q3/bin/../lib/gcc/arm-none-eabi/4.8.4/../../../../arm-none-eabi/lib/armv7e-m\libc.a(lib_a-mprec.o)
                0x0800894c                __mdiff
 .text.__d2b    0x08008a20       0xbc c:/program files (x86)/gnu tools arm embedded/4.8 2014q3/bin/../lib/gcc/arm-none-eabi/4.8.4/../../../../arm-none-eabi/lib/armv7e-m\libc.a(lib_a-mprec.o)
                0x08008a20                __d2b
 .text.__fpclassifyd
                0x08008adc       0x50 c:/program files (x86)/gnu tools arm embedded/4.8 2014q3/bin/../lib/gcc/arm-none-eabi/4.8.4/../../../../arm-none-eabi/lib/armv7e-m\libc.a(lib_a-s_fpclassify.o)
                0x08008adc                __fpclassifyd
 .text.__ssprint_r
                0x08008b2c      0x100 c:/program files (x86)/gnu tools arm embedded/4.8 2014q3/bin/../lib/gcc/arm-none-eabi/4.8.4/../../../../arm-none-eabi/lib/armv7e-m\libc.a(lib_a-svfiprintf.o)
                0x08008b2c                __ssprint_r
 .text._calloc_r
                0x08008c2c       0x60 c:/program files (x86)/gnu tools arm embedded/4.8 2014q3/bin/../lib/gcc/arm-none-eabi/4.8.4/../../../../arm-none-eabi/lib/armv7e-m\libc.a(lib_a-callocr.o)
                0x08008c2c                _calloc_r
 .text.memmove  0x08008c8c       0xc0 c:/program files (x86)/gnu tools arm embedded/4.8 2014q3/bin/../lib/gcc/arm-none-eabi/4.8.4/../../../../arm-none-eabi/lib/armv7e-m\libc.a(lib_a-memmove.o)
                0x08008c8c                memmove
 .text._realloc_r
                0x08008d4c      0x3cc c:/program files (x86)/gnu tools arm embedded/4.8 2014q3/bin/../lib/gcc/arm-none-eabi/4.8.4/../../../../arm-none-eabi/lib/armv7e-m\libc.a(lib_a-reallocr.o)
                0x08008d4c                _realloc_r
 .text._getpid  0x08009118       0x10 c:/program files (x86)/gnu tools arm embedded/4.8 2014q3/bin/../lib/gcc/arm-none-eabi/4.8.4/../../../../arm-none-eabi/lib/armv7e-m\libnosys.a(getpid.o)
                0x08009118                _getpid
 .text._kill    0x08009128       0x10 c:/program files (x86)/gnu tools arm embedded/4.8 2014q3/bin/../lib/gcc/arm-none-eabi/4.8.4/../../../../arm-none-eabi/lib/armv7e-m\libnosys.a(kill.o)
                0x08009128                _kill
 .text._sbrk    0x08009138       0x34 c:/program files (x86)/gnu tools arm embedded/4.8 2014q3/bin/../lib/gcc/arm-none-eabi/4.8.4/../../../../arm-none-eabi/lib/armv7e-m\libnosys.a(sbrk.o)
                0x08009138                _sbrk
 .text._exit    0x0800916c        0x4 c:/program files (x86)/gnu tools arm embedded/4.8 2014q3/bin/../lib/gcc/arm-none-eabi/4.8.4/../../../../arm-none-eabi/lib/armv7e-m\libnosys.a(_exit.o)
                0x0800916c                _exit
 .text          0x08009170      0x110 c:/program files (x86)/gnu tools arm embedded/4.8 2014q3/bin/../lib/gcc/arm-none-eabi/4.8.4/armv7e-m\libgcc.a(_arm_cmpdf2.o)
                0x08009170                __gtdf2
                0x08009170                __gedf2
                0x08009178                __ltdf2
                0x08009178                __ledf2
                0x08009180                __nedf2
                0x08009180                __eqdf2
                0x08009180                __cmpdf2
                0x080091fc                __aeabi_cdrcmple
                0x0800920c                __aeabi_cdcmpeq
                0x0800920c                __aeabi_cdcmple
                0x0800921c                __aeabi_dcmpeq
                0x08009230                __aeabi_dcmplt
                0x08009244                __aeabi_dcmple
                0x08009258                __aeabi_dcmpge
                0x0800926c                __aeabi_dcmpgt
 .text          0x08009280       0x50 c:/program files (x86)/gnu tools arm embedded/4.8 2014q3/bin/../lib/gcc/arm-none-eabi/4.8.4/armv7e-m\libgcc.a(_arm_fixdfsi.o)
                0x08009280                __aeabi_d2iz
                0x08009280                __fixdfsi
 .text          0x080092d0       0x2c c:/program files (x86)/gnu tools arm embedded/4.8 2014q3/bin/../lib/gcc/arm-none-eabi/4.8.4/armv7e-m\libgcc.a(_aeabi_uldivmod.o)
                0x080092d0                __aeabi_uldivmod
 .text          0x080092fc       0x60 c:/program files (x86)/gnu tools arm embedded/4.8 2014q3/bin/../lib/gcc/arm-none-eabi/4.8.4/armv7e-m\libgcc.a(bpabi.o)
                0x080092fc                __gnu_ldivmod_helper
                0x0800932c                __gnu_uldivmod_helper
 .text          0x0800935c        0x4 c:/program files (x86)/gnu tools arm embedded/4.8 2014q3/bin/../lib/gcc/arm-none-eabi/4.8.4/armv7e-m\libgcc.a(_dvmd_tls.o)
                0x0800935c                __aeabi_idiv0
                0x0800935c                __aeabi_ldiv0
 .text          0x08009360      0x298 c:/program files (x86)/gnu tools arm embedded/4.8 2014q3/bin/../lib/gcc/arm-none-eabi/4.8.4/armv7e-m\libgcc.a(_divdi3.o)
                0x08009360                __divdi3
 .text          0x080095f8      0x284 c:/program files (x86)/gnu tools arm embedded/4.8 2014q3/bin/../lib/gcc/arm-none-eabi/4.8.4/armv7e-m\libgcc.a(_udivdi3.o)
                0x080095f8                __udivdi3
 *(.init)
 .init          0x0800987c        0x4 c:/program files (x86)/gnu tools arm embedded/4.8 2014q3/bin/../lib/gcc/arm-none-eabi/4.8.4/armv7e-m/crti.o
                0x0800987c                _init
 .init          0x08009880        0x8 c:/program files (x86)/gnu tools arm embedded/4.8 2014q3/bin/../lib/gcc/arm-none-eabi/4.8.4/armv7e-m/crtn.o
 *(.fini)
 .fini          0x08009888        0x4 c:/program files (x86)/gnu tools arm embedded/4.8 2014q3/bin/../lib/gcc/arm-none-eabi/4.8.4/armv7e-m/crti.o
                0x08009888                _fini
 .fini          0x0800988c        0x8 c:/program files (x86)/gnu tools arm embedded/4.8 2014q3/bin/../lib/gcc/arm-none-eabi/4.8.4/armv7e-m/crtn.o
 *crtbegin.o(.ctors)
 *crtbegin?.o(.ctors)
 *(EXCLUDE_FILE(*crtend.o *crtend?.o) .ctors)
 *(SORT(.ctors.*))
 *(.ctors)
 *crtbegin.o(.dtors)
 *crtbegin?.o(.dtors)
 *(EXCLUDE_FILE(*crtend.o *crtend?.o) .dtors)
 *(SORT(.dtors.*))
 *(.dtors)
 *(.rodata*)
 .rodata        0x08009894       0x40 ..\obj\stepper.o
 .rodata        0x080098d4       0x30 ..\obj\stm32f4_discovery.o
                0x080098d4                GPIO_PIN
                0x080098dc                GPIO_CLK
                0x080098ec                BUTTON_PIN
                0x080098f0                BUTTON_CLK
                0x080098f4                BUTTON_EXTI_LINE
                0x080098f8                BUTTON_PORT_SOURCE
                0x080098fc                BUTTON_PIN_SOURCE
                0x08009900                BUTTON_IRQn
 .rodata        0x08009904       0x50 ..\obj\fassade.o
 .rodata        0x08009954       0x88 ..\obj\terminal.o
 .rodata.str1.4
                0x080099dc        0x2 c:/program files (x86)/gnu tools arm embedded/4.8 2014q3/bin/../lib/gcc/arm-none-eabi/4.8.4/../../../../arm-none-eabi/lib/armv7e-m\libc.a(lib_a-impure.o)
                                  0x4 (size before relaxing)
 *fill*         0x080099de        0x2 
 .rodata._global_impure_ptr
                0x080099e0        0x4 c:/program files (x86)/gnu tools arm embedded/4.8 2014q3/bin/../lib/gcc/arm-none-eabi/4.8.4/../../../../arm-none-eabi/lib/armv7e-m\libc.a(lib_a-impure.o)
                0x080099e0                _global_impure_ptr
 .rodata.zeroes.6763
                0x080099e4       0x10 c:/program files (x86)/gnu tools arm embedded/4.8 2014q3/bin/../lib/gcc/arm-none-eabi/4.8.4/../../../../arm-none-eabi/lib/armv7e-m\libc.a(lib_a-svfprintf.o)
 .rodata.str1.4
                0x080099f4       0x42 c:/program files (x86)/gnu tools arm embedded/4.8 2014q3/bin/../lib/gcc/arm-none-eabi/4.8.4/../../../../arm-none-eabi/lib/armv7e-m\libc.a(lib_a-svfprintf.o)
                                 0x44 (size before relaxing)
 *fill*         0x08009a36        0x2 
 .rodata.blanks.6762
                0x08009a38       0x10 c:/program files (x86)/gnu tools arm embedded/4.8 2014q3/bin/../lib/gcc/arm-none-eabi/4.8.4/../../../../arm-none-eabi/lib/armv7e-m\libc.a(lib_a-svfprintf.o)
 .rodata._ctype_
                0x08009a48      0x104 c:/program files (x86)/gnu tools arm embedded/4.8 2014q3/bin/../lib/gcc/arm-none-eabi/4.8.4/../../../../arm-none-eabi/lib/armv7e-m\libc.a(lib_a-ctype_.o)
                0x08009a48                _ctype_
 .rodata.str1.4
                0x08009b4c       0x10 c:/program files (x86)/gnu tools arm embedded/4.8 2014q3/bin/../lib/gcc/arm-none-eabi/4.8.4/../../../../arm-none-eabi/lib/armv7e-m\libc.a(lib_a-dtoa.o)
                                 0x14 (size before relaxing)
 .rodata.str1.4
                0x08009b5c        0xc c:/program files (x86)/gnu tools arm embedded/4.8 2014q3/bin/../lib/gcc/arm-none-eabi/4.8.4/../../../../arm-none-eabi/lib/armv7e-m\libc.a(lib_a-locale.o)
                                 0x14 (size before relaxing)
 .rodata.__mprec_tens
                0x08009b68       0xc8 c:/program files (x86)/gnu tools arm embedded/4.8 2014q3/bin/../lib/gcc/arm-none-eabi/4.8.4/../../../../arm-none-eabi/lib/armv7e-m\libc.a(lib_a-mprec.o)
                0x08009b68                __mprec_tens
 .rodata.__mprec_bigtens
                0x08009c30       0x28 c:/program files (x86)/gnu tools arm embedded/4.8 2014q3/bin/../lib/gcc/arm-none-eabi/4.8.4/../../../../arm-none-eabi/lib/armv7e-m\libc.a(lib_a-mprec.o)
                0x08009c30                __mprec_bigtens
 .rodata.p05.5269
                0x08009c58        0xc c:/program files (x86)/gnu tools arm embedded/4.8 2014q3/bin/../lib/gcc/arm-none-eabi/4.8.4/../../../../arm-none-eabi/lib/armv7e-m\libc.a(lib_a-mprec.o)
 *(.eh_frame*)
 .eh_frame      0x08009c64        0x0 c:/program files (x86)/gnu tools arm embedded/4.8 2014q3/bin/../lib/gcc/arm-none-eabi/4.8.4/armv7e-m/crtbegin.o
 .eh_frame      0x08009c64        0x4 c:/program files (x86)/gnu tools arm embedded/4.8 2014q3/bin/../lib/gcc/arm-none-eabi/4.8.4/armv7e-m/crtend.o

.glue_7         0x08009c68        0x0
 .glue_7        0x00000000        0x0 linker stubs

.glue_7t        0x08009c68        0x0
 .glue_7t       0x00000000        0x0 linker stubs

.vfp11_veneer   0x08009c68        0x0
 .vfp11_veneer  0x00000000        0x0 linker stubs

.v4_bx          0x08009c68        0x0
 .v4_bx         0x00000000        0x0 linker stubs

.iplt           0x08009c68        0x0
 .iplt          0x00000000        0x0 c:/program files (x86)/gnu tools arm embedded/4.8 2014q3/bin/../lib/gcc/arm-none-eabi/4.8.4/armv7e-m/crtbegin.o

.ARM.extab      0x08009c68      0x168
 *(.ARM.extab* .gnu.linkonce.armextab.*)
 .ARM.extab.text._ZN18TemperaturSensorenC2Ev
                0x08009c68        0xc ..\obj\temp_sensors.o
 .ARM.extab.text._ZN17QuadratureEncoderC2Ev
                0x08009c74        0xc ..\obj\quadrature_encoder.o
 .ARM.extab.text._ZN3LEDC2Ev
                0x08009c80        0xc ..\obj\led.o
 .ARM.extab.text.EXTI9_5_IRQHandler
                0x08009c8c        0xc ..\obj\rotary.o
 .ARM.extab.text._ZN7StepperC2Ev
                0x08009c98        0xc ..\obj\stepper.o
 .ARM.extab.text._ZN7Stepper4InitEv
                0x08009ca4        0xc ..\obj\stepper.o
 .ARM.extab.text._ZN7Stepper4LeftEii
                0x08009cb0        0xc ..\obj\stepper.o
 .ARM.extab.text._ZN7Stepper5RightEii
                0x08009cbc        0xc ..\obj\stepper.o
 .ARM.extab.text._ZN7Stepper7Go2StepEi
                0x08009cc8        0xc ..\obj\stepper.o
 .ARM.extab.text._ZN7Stepper8LeerlaufEv
                0x08009cd4        0xc ..\obj\stepper.o
 .ARM.extab.text._ZN7Stepper7RunStepEv
                0x08009ce0        0xc ..\obj\stepper.o
 .ARM.extab.text._ZN7Stepper8InitTim2Eii
                0x08009cec        0xc ..\obj\stepper.o
 .ARM.extab.text.main
                0x08009cf8        0xc ..\obj\main.o
 .ARM.extab.text._ZN7Fassade15Window2PositionEv
                0x08009d04        0xc ..\obj\fassade.o
 .ARM.extab.text._ZN10Ampermeter10getCurrentEv
                0x08009d10        0xc ..\obj\ampermeter.o
 .ARM.extab.text._ZN8TerminalC2Ei
                0x08009d1c        0xc ..\obj\terminal.o
 .ARM.extab.text._ZN8Terminal13usart3InitDMAEv
                0x08009d28        0xc ..\obj\terminal.o
 .ARM.extab.text._ZN8Terminal10SendViaDmaEPci
                0x08009d34        0xc ..\obj\terminal.o
 .ARM.extab.text._ZN8Terminal10usart3InitEv
                0x08009d40        0xc ..\obj\terminal.o
 .ARM.extab.text._ZN8Terminal11uartPutCharEt
                0x08009d4c        0xc ..\obj\terminal.o
 .ARM.extab.text._ZN8Terminal14uartSendStringEPc
                0x08009d58        0xc ..\obj\terminal.o
 .ARM.extab.text._ZN8Terminal11SendMessageEPc
                0x08009d64        0xc ..\obj\terminal.o
 .ARM.extab.text._ZN8Terminal18IsCommandoAvalibleEv
                0x08009d70        0xc ..\obj\terminal.o
 .ARM.extab.text._ZN8Terminal15ProzessCommandoEv
                0x08009d7c        0xc ..\obj\terminal.o
 .ARM.extab.text._ZN8Terminal15CommandoProzessEPc
                0x08009d88        0xc ..\obj\terminal.o
 .ARM.extab.text.USART3_IRQHandler
                0x08009d94        0xc ..\obj\terminal.o
 .ARM.extab.text._ZN22AnalogDigitalConverterC2Ev
                0x08009da0        0xc ..\obj\adc.o
 .ARM.extab     0x08009dac        0xc c:/program files (x86)/gnu tools arm embedded/4.8 2014q3/bin/../lib/gcc/arm-none-eabi/4.8.4/armv7e-m\libgcc.a(unwind-arm.o)
 .ARM.extab     0x08009db8       0x18 c:/program files (x86)/gnu tools arm embedded/4.8 2014q3/bin/../lib/gcc/arm-none-eabi/4.8.4/armv7e-m\libgcc.a(pr-support.o)
                0x08009dd0                __exidx_start = .

.ARM.exidx      0x08009dd0      0x210
 *(.ARM.exidx* .gnu.linkonce.armexidx.*)
 .ARM.exidx     0x08009dd0        0x8 c:/program files (x86)/gnu tools arm embedded/4.8 2014q3/bin/../lib/gcc/arm-none-eabi/4.8.4/../../../../arm-none-eabi/lib/armv7e-m/crt0.o
 .ARM.exidx.text._ZN18TemperaturSensorenC2Ev
                0x08009dd8       0x10 ..\obj\temp_sensors.o
                                  0x8 (size before relaxing)
 .ARM.exidx.text._ZN17QuadratureEncoderC2Ev
                0x08009de8        0x8 ..\obj\quadrature_encoder.o
 .ARM.exidx.text._ZN17QuadratureEncoder5resetEv
                0x08009df0        0x8 ..\obj\quadrature_encoder.o
 .ARM.exidx.text._ZN3LEDC2Ev
                0x08009df8        0x8 ..\obj\led.o
 .ARM.exidx.text._ZN3LEDD2Ev
                0x08009e00        0x8 ..\obj\led.o
 .ARM.exidx.text.EXTI9_5_IRQHandler
                0x08009e08        0x8 ..\obj\rotary.o
 .ARM.exidx.text._ZN7StepperC2Ev
                0x08009e10        0x8 ..\obj\stepper.o
 .ARM.exidx.text._ZN7Stepper4InitEv
                0x08009e18        0x8 ..\obj\stepper.o
 .ARM.exidx.text._ZN7Stepper4LeftEii
                0x08009e20        0x8 ..\obj\stepper.o
 .ARM.exidx.text._ZN7Stepper5RightEii
                0x08009e28        0x8 ..\obj\stepper.o
 .ARM.exidx.text._ZN7Stepper7Go2StepEi
                0x08009e30        0x8 ..\obj\stepper.o
 .ARM.exidx.text._ZN7Stepper8LeerlaufEv
                0x08009e38        0x8 ..\obj\stepper.o
 .ARM.exidx.text._ZN7Stepper7RunStepEv
                0x08009e40        0x8 ..\obj\stepper.o
 .ARM.exidx.text._ZN7Stepper15EnableSingeltonEv
                0x08009e48        0x8 ..\obj\stepper.o
 .ARM.exidx.text._ZN7Stepper8InitTim2Eii
                0x08009e50        0x8 ..\obj\stepper.o
 .ARM.exidx.text.TIM2_IRQHandler
                0x08009e58       0x10 ..\obj\stepper.o
                                  0x8 (size before relaxing)
 .ARM.exidx.text.main
                0x08009e68        0x8 ..\obj\main.o
 .ARM.exidx.text._Z41__static_initialization_and_destruction_0ii
                0x08009e70        0x8 ..\obj\main.o
 .ARM.exidx.text._GLOBAL__sub_I_OutputString
                0x08009e78        0x0 ..\obj\main.o
                                  0x8 (size before relaxing)
 .ARM.exidx.text._ZN7Fassade15Window2PositionEv
                0x08009e78        0x8 ..\obj\fassade.o
 .ARM.exidx.text._ZN10AmpermeterC2Ev
                0x08009e80        0x8 ..\obj\ampermeter.o
 .ARM.exidx.text._ZN10Ampermeter10getCurrentEv
                0x08009e88       0x10 ..\obj\ampermeter.o
                                  0x8 (size before relaxing)
 .ARM.exidx.text._ZN8TerminalC2Ei
                0x08009e98        0x8 ..\obj\terminal.o
 .ARM.exidx.text._ZN8Terminal11buffer_initEv
                0x08009ea0        0x8 ..\obj\terminal.o
 .ARM.exidx.text._ZN8Terminal8BufferInEc
                0x08009ea8        0x0 ..\obj\terminal.o
                                  0x8 (size before relaxing)
 .ARM.exidx.text._ZN8Terminal9BufferOutEPc
                0x08009ea8        0x0 ..\obj\terminal.o
                                  0x8 (size before relaxing)
 .ARM.exidx.text._ZN8Terminal10ReadBufferEPc
                0x08009ea8        0x0 ..\obj\terminal.o
                                  0x8 (size before relaxing)
 .ARM.exidx.text._ZN8Terminal13usart3InitDMAEv
                0x08009ea8        0x8 ..\obj\terminal.o
 .ARM.exidx.text._ZN8Terminal10SendViaDmaEPci
                0x08009eb0        0x8 ..\obj\terminal.o
 .ARM.exidx.text._ZN8Terminal10usart3InitEv
                0x08009eb8        0x8 ..\obj\terminal.o
 .ARM.exidx.text._ZN8Terminal11uartPutCharEt
                0x08009ec0        0x8 ..\obj\terminal.o
 .ARM.exidx.text._ZN8Terminal14uartSendStringEPc
                0x08009ec8        0x8 ..\obj\terminal.o
 .ARM.exidx.text._ZN8Terminal11SendMessageEPc
                0x08009ed0        0x8 ..\obj\terminal.o
 .ARM.exidx.text._ZN8Terminal18IsCommandoAvalibleEv
                0x08009ed8        0x8 ..\obj\terminal.o
 .ARM.exidx.text._ZN8Terminal15ProzessCommandoEv
                0x08009ee0        0x8 ..\obj\terminal.o
 .ARM.exidx.text._ZN8Terminal15CommandoProzessEPc
                0x08009ee8        0x8 ..\obj\terminal.o
 .ARM.exidx.text._ZN8Terminal15EnableSingeltonEv
                0x08009ef0        0x8 ..\obj\terminal.o
 .ARM.exidx.text.DMA1_Stream3_IRQHandler
                0x08009ef8        0x8 ..\obj\terminal.o
 .ARM.exidx.text.USART3_IRQHandler
                0x08009f00       0x10 ..\obj\terminal.o
                                  0x8 (size before relaxing)
 .ARM.exidx.text._ZN22AnalogDigitalConverterC2Ev
                0x08009f10        0x8 ..\obj\adc.o
 .ARM.exidx.text._ZN22AnalogDigitalConverter17getConvertedValueEi
                0x08009f18        0x8 ..\obj\adc.o
 .ARM.exidx.text._ZN22AnalogDigitalConverter26getConvertedValueAsVoltageEi
                0x08009f20        0x0 ..\obj\adc.o
                                  0x8 (size before relaxing)
 .ARM.exidx     0x08009f20       0x88 c:/program files (x86)/gnu tools arm embedded/4.8 2014q3/bin/../lib/gcc/arm-none-eabi/4.8.4/armv7e-m\libgcc.a(unwind-arm.o)
                                 0xd8 (size before relaxing)
 .ARM.exidx     0x08009fa8       0x38 c:/program files (x86)/gnu tools arm embedded/4.8 2014q3/bin/../lib/gcc/arm-none-eabi/4.8.4/armv7e-m\libgcc.a(pr-support.o)
                                 0x48 (size before relaxing)
 .ARM.exidx     0x08009fe0        0x0 c:/program files (x86)/gnu tools arm embedded/4.8 2014q3/bin/../lib/gcc/arm-none-eabi/4.8.4/armv7e-m\libgcc.a(_divdi3.o)
                                  0x8 (size before relaxing)
 .ARM.exidx     0x08009fe0        0x0 c:/program files (x86)/gnu tools arm embedded/4.8 2014q3/bin/../lib/gcc/arm-none-eabi/4.8.4/armv7e-m\libgcc.a(_udivdi3.o)
                                  0x8 (size before relaxing)
                0x08009fe0                __exidx_end = .
                0x08009fe0                __etext = .
                0x08009fe0                _sidata = __etext

.rel.dyn        0x08009fe0        0x0
 .rel.iplt      0x00000000        0x0 c:/program files (x86)/gnu tools arm embedded/4.8 2014q3/bin/../lib/gcc/arm-none-eabi/4.8.4/armv7e-m/crtbegin.o

.data           0x20000000      0x98c load address 0x08009fe0
                0x20000000                __data_start__ = .
                0x20000000                _sdata = __data_start__
 *(vtable)
 *(.data*)
 .data          0x20000000        0x4 c:/program files (x86)/gnu tools arm embedded/4.8 2014q3/bin/../lib/gcc/arm-none-eabi/4.8.4/armv7e-m/crtbegin.o
                0x20000000                __dso_handle
 .data          0x20000004       0x34 ..\obj\stm32f4_discovery_audio_codec.o
                0x20000004                AudioTotalSize
                0x20000008                AudioRemSize
                0x2000000c                CODECTimeout
                0x20000010                CurrAudioInterface
                0x20000014                AUDIO_MAL_DMA_CLOCK
                0x20000018                AUDIO_MAL_DMA_STREAM
                0x2000001c                AUDIO_MAL_DMA_DREG
                0x20000020                AUDIO_MAL_DMA_IRQ
                0x20000024                AUDIO_MAL_DMA_FLAG_TC
                0x20000028                AUDIO_MAL_DMA_FLAG_HT
                0x2000002c                AUDIO_MAL_DMA_FLAG_FE
                0x20000030                AUDIO_MAL_DMA_FLAG_TE
                0x20000034                AUDIO_MAL_DMA_FLAG_DME
 .data          0x20000038       0x14 ..\obj\stm32f4_discovery.o
                0x20000038                GPIO_PORT
                0x20000048                BUTTON_PORT
 .data          0x2000004c       0x10 ..\obj\stm32f4xx_rcc.o
 .data          0x2000005c       0xa4 ..\obj\terminal.o
 .data.impure_data
                0x20000100      0x428 c:/program files (x86)/gnu tools arm embedded/4.8 2014q3/bin/../lib/gcc/arm-none-eabi/4.8.4/../../../../arm-none-eabi/lib/armv7e-m\libc.a(lib_a-impure.o)
 .data._impure_ptr
                0x20000528        0x4 c:/program files (x86)/gnu tools arm embedded/4.8 2014q3/bin/../lib/gcc/arm-none-eabi/4.8.4/../../../../arm-none-eabi/lib/armv7e-m\libc.a(lib_a-impure.o)
                0x20000528                _impure_ptr
 .data.__malloc_av_
                0x2000052c      0x408 c:/program files (x86)/gnu tools arm embedded/4.8 2014q3/bin/../lib/gcc/arm-none-eabi/4.8.4/../../../../arm-none-eabi/lib/armv7e-m\libc.a(lib_a-mallocr.o)
                0x2000052c                __malloc_av_
 .data.__malloc_trim_threshold
                0x20000934        0x4 c:/program files (x86)/gnu tools arm embedded/4.8 2014q3/bin/../lib/gcc/arm-none-eabi/4.8.4/../../../../arm-none-eabi/lib/armv7e-m\libc.a(lib_a-mallocr.o)
                0x20000934                __malloc_trim_threshold
 .data.__malloc_sbrk_base
                0x20000938        0x4 c:/program files (x86)/gnu tools arm embedded/4.8 2014q3/bin/../lib/gcc/arm-none-eabi/4.8.4/../../../../arm-none-eabi/lib/armv7e-m\libc.a(lib_a-mallocr.o)
                0x20000938                __malloc_sbrk_base
 .data.__ctype_ptr__
                0x2000093c        0x4 c:/program files (x86)/gnu tools arm embedded/4.8 2014q3/bin/../lib/gcc/arm-none-eabi/4.8.4/../../../../arm-none-eabi/lib/armv7e-m\libc.a(lib_a-ctype_.o)
                0x2000093c                __ctype_ptr__
 .data.lconv    0x20000940       0x38 c:/program files (x86)/gnu tools arm embedded/4.8 2014q3/bin/../lib/gcc/arm-none-eabi/4.8.4/../../../../arm-none-eabi/lib/armv7e-m\libc.a(lib_a-locale.o)
                0x20000978                . = ALIGN (0x4)
                0x20000978                PROVIDE (__preinit_array_start, .)
 *(.preinit_array)
                0x20000978                PROVIDE (__preinit_array_end, .)
                0x20000978                . = ALIGN (0x4)
                0x20000978                PROVIDE (__init_array_start, .)
 *(SORT(.init_array.*))
 .init_array.00000
                0x20000978        0x4 c:/program files (x86)/gnu tools arm embedded/4.8 2014q3/bin/../lib/gcc/arm-none-eabi/4.8.4/../../../../arm-none-eabi/lib/armv7e-m\libc.a(lib_a-__call_atexit.o)
 *(.init_array)
 .init_array    0x2000097c        0x4 c:/program files (x86)/gnu tools arm embedded/4.8 2014q3/bin/../lib/gcc/arm-none-eabi/4.8.4/armv7e-m/crtbegin.o
 .init_array    0x20000980        0x4 ..\obj\main.o
                0x20000984                PROVIDE (__init_array_end, .)
                0x20000984                . = ALIGN (0x4)
                0x20000984                PROVIDE (__fini_array_start, .)
 *(SORT(.fini_array.*))
 *(.fini_array)
 .fini_array    0x20000984        0x4 c:/program files (x86)/gnu tools arm embedded/4.8 2014q3/bin/../lib/gcc/arm-none-eabi/4.8.4/armv7e-m/crtbegin.o
                0x20000988                PROVIDE (__fini_array_end, .)
 *(.jcr*)
 .jcr           0x20000988        0x0 c:/program files (x86)/gnu tools arm embedded/4.8 2014q3/bin/../lib/gcc/arm-none-eabi/4.8.4/armv7e-m/crtbegin.o
 .jcr           0x20000988        0x4 c:/program files (x86)/gnu tools arm embedded/4.8 2014q3/bin/../lib/gcc/arm-none-eabi/4.8.4/armv7e-m/crtend.o
                0x2000098c                . = ALIGN (0x4)
                0x2000098c                __data_end__ = .
                0x2000098c                _edata = __data_end__

.igot.plt       0x2000098c        0x0 load address 0x0800a96c
 .igot.plt      0x00000000        0x0 c:/program files (x86)/gnu tools arm embedded/4.8 2014q3/bin/../lib/gcc/arm-none-eabi/4.8.4/armv7e-m/crtbegin.o

.bss            0x2000098c      0x1b4 load address 0x0800a96c
                0x2000098c                . = ALIGN (0x4)
                0x2000098c                __bss_start__ = .
                0x2000098c                _sbss = __bss_start__
 *(.bss*)
 .bss           0x2000098c       0x1c c:/program files (x86)/gnu tools arm embedded/4.8 2014q3/bin/../lib/gcc/arm-none-eabi/4.8.4/armv7e-m/crtbegin.o
 .bss           0x200009a8        0x4 ..\obj\temp_sensors.o
                0x200009a8                TemperaturSensorenInstance
 .bss           0x200009ac        0x4 ..\obj\rotary.o
                0x200009ac                RotaryInstance
 .bss           0x200009b0        0x4 ..\obj\stepper.o
                0x200009b0                StepperInstance
 .bss           0x200009b4        0x8 ..\obj\main.o
                0x200009b4                OutputString
                0x200009b8                LPC1768_LED
 .bss           0x200009bc       0x88 ..\obj\fassade.o
                0x200009bc                buffer
                0x20000a40                FassadeInstance
 .bss           0x20000a44        0x4 ..\obj\ampermeter.o
                0x20000a44                AmpermeterInstance
 .bss           0x20000a48       0x1c ..\obj\stm32_ub_systick.o
 .bss           0x20000a64        0x4 ..\obj\terminal.o
                0x20000a64                TerminalInstance
 .bss           0x20000a68        0x8 ..\obj\adc.o
                0x20000a68                ADC_BUFF
                0x20000a6c                AnalogDigitalConverterInstance
 .bss.__malloc_max_total_mem
                0x20000a70        0x4 c:/program files (x86)/gnu tools arm embedded/4.8 2014q3/bin/../lib/gcc/arm-none-eabi/4.8.4/../../../../arm-none-eabi/lib/armv7e-m\libc.a(lib_a-mallocr.o)
                0x20000a70                __malloc_max_total_mem
 .bss.__malloc_max_sbrked_mem
                0x20000a74        0x4 c:/program files (x86)/gnu tools arm embedded/4.8 2014q3/bin/../lib/gcc/arm-none-eabi/4.8.4/../../../../arm-none-eabi/lib/armv7e-m\libc.a(lib_a-mallocr.o)
                0x20000a74                __malloc_max_sbrked_mem
 .bss.__malloc_top_pad
                0x20000a78        0x4 c:/program files (x86)/gnu tools arm embedded/4.8 2014q3/bin/../lib/gcc/arm-none-eabi/4.8.4/../../../../arm-none-eabi/lib/armv7e-m\libc.a(lib_a-mallocr.o)
                0x20000a78                __malloc_top_pad
 .bss.__malloc_current_mallinfo
                0x20000a7c       0x28 c:/program files (x86)/gnu tools arm embedded/4.8 2014q3/bin/../lib/gcc/arm-none-eabi/4.8.4/../../../../arm-none-eabi/lib/armv7e-m\libc.a(lib_a-mallocr.o)
                0x20000a7c                __malloc_current_mallinfo
 .bss.heap_end.4246
                0x20000aa4        0x4 c:/program files (x86)/gnu tools arm embedded/4.8 2014q3/bin/../lib/gcc/arm-none-eabi/4.8.4/../../../../arm-none-eabi/lib/armv7e-m\libnosys.a(sbrk.o)
 *(COMMON)
 COMMON         0x20000aa8       0x7c ..\obj\stm32f4_discovery_audio_codec.o
                0x20000aa8                CurrentPos
                0x20000aac                AUDIO_MAL_DMA_InitStructure
                0x20000ae8                DMA_InitStructure
 COMMON         0x20000b24       0x16 ..\obj\tm_stm32f4_onewire.o
                0x20000b24                TM_OneWire_GPIO_InitDef
                0x20000b2c                TM_OneWire_LastDeviceFlag
                0x20000b30                TM_OneWire_ROM_NO
                0x20000b38                TM_OneWire_LastFamilyDiscrepancy
                0x20000b39                TM_OneWire_LastDiscrepancy
 *fill*         0x20000b3a        0x2 
 COMMON         0x20000b3c        0x4 c:/program files (x86)/gnu tools arm embedded/4.8 2014q3/bin/../lib/gcc/arm-none-eabi/4.8.4/../../../../arm-none-eabi/lib/armv7e-m\libc.a(lib_a-reent.o)
                0x20000b3c                errno
                0x20000b40                . = ALIGN (0x4)
                0x20000b40                __bss_end__ = .
                0x20000b40                _ebss = __bss_end__

.heap           0x20000b40        0x0
                0x20000b40                __end__ = .
                0x20000b40                _end = __end__
                0x20000b40                end = __end__
 *(.heap*)
                0x20000b40                __HeapLimit = .

.co_stack       0x20000b40      0x800 load address 0x0800ab20
                0x20000b40                . = ALIGN (0x8)
 *(.co_stack .co_stack.*)
 .co_stack      0x20000b40      0x800 ..\obj\startup_stm32f4xx.o
                0x20000b40                pulStack
                0x20020000                __StackTop = (ORIGIN (RAM) + 0x20000)
                0x2001f800                __StackLimit = (__StackTop - SIZEOF (.co_stack))
                0x20020000                PROVIDE (__stack, __StackTop)
                0x00000001                ASSERT ((__StackLimit >= __HeapLimit), region RAM overflowed with stack)
LOAD ..\obj\stm32f4xx_syscfg.o
LOAD ..\obj\temp_sensors.o
LOAD ..\obj\tm_stm32f4_ds18b20.o
LOAD ..\obj\stm32f4_discovery_audio_codec.o
LOAD ..\obj\stm32f4xx_usart.o
LOAD ..\obj\quadrature_encoder.o
LOAD ..\obj\led.o
LOAD ..\obj\stm32f4xx_dac.o
LOAD ..\obj\rotary.o
LOAD ..\obj\stepper.o
LOAD ..\obj\startup_stm32f4xx.o
LOAD ..\obj\stm32f4_discovery.o
LOAD ..\obj\main.o
LOAD ..\obj\stm32f4xx_rcc.o
LOAD ..\obj\fassade.o
LOAD ..\obj\ampermeter.o
LOAD ..\obj\stm32f4xx_adc.o
LOAD ..\obj\stm32_ub_systick.o
LOAD ..\obj\tm_stm32f4_onewire.o
LOAD ..\obj\terminal.o
LOAD ..\obj\stm32f4xx_gpio.o
LOAD ..\obj\system_stm32f4xx.o
LOAD ..\obj\stm32f4xx_dma.o
LOAD ..\obj\adc.o
LOAD ..\obj\stm32f4_discovery_callbacks.o
LOAD ..\obj\stm32f4xx_spi.o
LOAD ..\obj\stm32f4xx_i2c.o
LOAD ..\obj\stm32f4xx_exti.o
LOAD ..\obj\misc.o
LOAD ..\obj\stm32f4_discovery_lis302dl.o
LOAD ..\obj\stm32f4xx_tim.o
LOAD ..\..\..\STM32F4-Discovery\libpdmfilter_gcc.a
LOAD c:/program files (x86)/gnu tools arm embedded/4.8 2014q3/bin/../lib/gcc/arm-none-eabi/4.8.4/../../../../arm-none-eabi/lib/armv7e-m\libm.a
LOAD c:/program files (x86)/gnu tools arm embedded/4.8 2014q3/bin/../lib/gcc/arm-none-eabi/4.8.4/armv7e-m\libgcc.a
LOAD c:/program files (x86)/gnu tools arm embedded/4.8 2014q3/bin/../lib/gcc/arm-none-eabi/4.8.4/../../../../arm-none-eabi/lib/armv7e-m\libc.a
LOAD c:/program files (x86)/gnu tools arm embedded/4.8 2014q3/bin/../lib/gcc/arm-none-eabi/4.8.4/../../../../arm-none-eabi/lib/armv7e-m\libstdc++.a
LOAD c:/program files (x86)/gnu tools arm embedded/4.8 2014q3/bin/../lib/gcc/arm-none-eabi/4.8.4/../../../../arm-none-eabi/lib/armv7e-m\libsupc++.a
LOAD c:/program files (x86)/gnu tools arm embedded/4.8 2014q3/bin/../lib/gcc/arm-none-eabi/4.8.4/../../../../arm-none-eabi/lib/armv7e-m\libnosys.a
START GROUP
LOAD c:/program files (x86)/gnu tools arm embedded/4.8 2014q3/bin/../lib/gcc/arm-none-eabi/4.8.4/armv7e-m\libgcc.a
LOAD c:/program files (x86)/gnu tools arm embedded/4.8 2014q3/bin/../lib/gcc/arm-none-eabi/4.8.4/../../../../arm-none-eabi/lib/armv7e-m\libg.a
LOAD c:/program files (x86)/gnu tools arm embedded/4.8 2014q3/bin/../lib/gcc/arm-none-eabi/4.8.4/../../../../arm-none-eabi/lib/armv7e-m\libc.a
END GROUP
LOAD c:/program files (x86)/gnu tools arm embedded/4.8 2014q3/bin/../lib/gcc/arm-none-eabi/4.8.4/armv7e-m/crtend.o
LOAD c:/program files (x86)/gnu tools arm embedded/4.8 2014q3/bin/../lib/gcc/arm-none-eabi/4.8.4/armv7e-m/crtn.o
OUTPUT(Gewaechshaus.elf elf32-littlearm)

.ARM.attributes
                0x00000000       0x2a
 .ARM.attributes
                0x00000000       0x1e c:/program files (x86)/gnu tools arm embedded/4.8 2014q3/bin/../lib/gcc/arm-none-eabi/4.8.4/armv7e-m/crti.o
 .ARM.attributes
                0x0000001e       0x2e c:/program files (x86)/gnu tools arm embedded/4.8 2014q3/bin/../lib/gcc/arm-none-eabi/4.8.4/armv7e-m/crtbegin.o
 .ARM.attributes
                0x0000004c       0x1c c:/program files (x86)/gnu tools arm embedded/4.8 2014q3/bin/../lib/gcc/arm-none-eabi/4.8.4/../../../../arm-none-eabi/lib/armv7e-m/crt0.o
 .ARM.attributes
                0x00000068       0x33 ..\obj\temp_sensors.o
 .ARM.attributes
                0x0000009b       0x33 ..\obj\tm_stm32f4_ds18b20.o
 .ARM.attributes
                0x000000ce       0x33 ..\obj\stm32f4_discovery_audio_codec.o
 .ARM.attributes
                0x00000101       0x33 ..\obj\stm32f4xx_usart.o
 .ARM.attributes
                0x00000134       0x33 ..\obj\quadrature_encoder.o
 .ARM.attributes
                0x00000167       0x33 ..\obj\led.o
 .ARM.attributes
                0x0000019a       0x33 ..\obj\stm32f4xx_dac.o
 .ARM.attributes
                0x000001cd       0x33 ..\obj\rotary.o
 .ARM.attributes
                0x00000200       0x33 ..\obj\stepper.o
 .ARM.attributes
                0x00000233       0x33 ..\obj\startup_stm32f4xx.o
 .ARM.attributes
                0x00000266       0x33 ..\obj\stm32f4_discovery.o
 .ARM.attributes
                0x00000299       0x33 ..\obj\main.o
 .ARM.attributes
                0x000002cc       0x33 ..\obj\stm32f4xx_rcc.o
 .ARM.attributes
                0x000002ff       0x33 ..\obj\fassade.o
 .ARM.attributes
                0x00000332       0x33 ..\obj\ampermeter.o
 .ARM.attributes
                0x00000365       0x33 ..\obj\stm32f4xx_adc.o
 .ARM.attributes
                0x00000398       0x33 ..\obj\stm32_ub_systick.o
 .ARM.attributes
                0x000003cb       0x33 ..\obj\tm_stm32f4_onewire.o
 .ARM.attributes
                0x000003fe       0x33 ..\obj\terminal.o
 .ARM.attributes
                0x00000431       0x33 ..\obj\stm32f4xx_gpio.o
 .ARM.attributes
                0x00000464       0x33 ..\obj\system_stm32f4xx.o
 .ARM.attributes
                0x00000497       0x33 ..\obj\stm32f4xx_dma.o
 .ARM.attributes
                0x000004ca       0x33 ..\obj\adc.o
 .ARM.attributes
                0x000004fd       0x33 ..\obj\stm32f4_discovery_callbacks.o
 .ARM.attributes
                0x00000530       0x33 ..\obj\stm32f4xx_spi.o
 .ARM.attributes
                0x00000563       0x33 ..\obj\stm32f4xx_exti.o
 .ARM.attributes
                0x00000596       0x33 ..\obj\misc.o
 .ARM.attributes
                0x000005c9       0x33 ..\obj\stm32f4xx_tim.o
 .ARM.attributes
                0x000005fc       0x1e c:/program files (x86)/gnu tools arm embedded/4.8 2014q3/bin/../lib/gcc/arm-none-eabi/4.8.4/armv7e-m\libgcc.a(_arm_addsubdf3.o)
 .ARM.attributes
                0x0000061a       0x1e c:/program files (x86)/gnu tools arm embedded/4.8 2014q3/bin/../lib/gcc/arm-none-eabi/4.8.4/armv7e-m\libgcc.a(_arm_muldivdf3.o)
 .ARM.attributes
                0x00000638       0x1e c:/program files (x86)/gnu tools arm embedded/4.8 2014q3/bin/../lib/gcc/arm-none-eabi/4.8.4/armv7e-m\libgcc.a(_arm_truncdfsf2.o)
 .ARM.attributes
                0x00000656       0x2e c:/program files (x86)/gnu tools arm embedded/4.8 2014q3/bin/../lib/gcc/arm-none-eabi/4.8.4/../../../../arm-none-eabi/lib/armv7e-m\libc.a(lib_a-aeabi_atexit.o)
 .ARM.attributes
                0x00000684       0x2e c:/program files (x86)/gnu tools arm embedded/4.8 2014q3/bin/../lib/gcc/arm-none-eabi/4.8.4/../../../../arm-none-eabi/lib/armv7e-m\libc.a(lib_a-atoi.o)
 .ARM.attributes
                0x000006b2       0x2e c:/program files (x86)/gnu tools arm embedded/4.8 2014q3/bin/../lib/gcc/arm-none-eabi/4.8.4/../../../../arm-none-eabi/lib/armv7e-m\libc.a(lib_a-cxa_atexit.o)
 .ARM.attributes
                0x000006e0       0x2e c:/program files (x86)/gnu tools arm embedded/4.8 2014q3/bin/../lib/gcc/arm-none-eabi/4.8.4/../../../../arm-none-eabi/lib/armv7e-m\libc.a(lib_a-exit.o)
 .ARM.attributes
                0x0000070e       0x2e c:/program files (x86)/gnu tools arm embedded/4.8 2014q3/bin/../lib/gcc/arm-none-eabi/4.8.4/../../../../arm-none-eabi/lib/armv7e-m\libc.a(lib_a-impure.o)
 .ARM.attributes
                0x0000073c       0x2e c:/program files (x86)/gnu tools arm embedded/4.8 2014q3/bin/../lib/gcc/arm-none-eabi/4.8.4/../../../../arm-none-eabi/lib/armv7e-m\libc.a(lib_a-init.o)
 .ARM.attributes
                0x0000076a       0x2e c:/program files (x86)/gnu tools arm embedded/4.8 2014q3/bin/../lib/gcc/arm-none-eabi/4.8.4/../../../../arm-none-eabi/lib/armv7e-m\libc.a(lib_a-malloc.o)
 .ARM.attributes
                0x00000798       0x2e c:/program files (x86)/gnu tools arm embedded/4.8 2014q3/bin/../lib/gcc/arm-none-eabi/4.8.4/../../../../arm-none-eabi/lib/armv7e-m\libc.a(lib_a-mallocr.o)
 .ARM.attributes
                0x000007c6       0x1c c:/program files (x86)/gnu tools arm embedded/4.8 2014q3/bin/../lib/gcc/arm-none-eabi/4.8.4/../../../../arm-none-eabi/lib/armv7e-m\libc.a(lib_a-memcpy.o)
 .ARM.attributes
                0x000007e2       0x2e c:/program files (x86)/gnu tools arm embedded/4.8 2014q3/bin/../lib/gcc/arm-none-eabi/4.8.4/../../../../arm-none-eabi/lib/armv7e-m\libc.a(lib_a-memset.o)
 .ARM.attributes
                0x00000810       0x2e c:/program files (x86)/gnu tools arm embedded/4.8 2014q3/bin/../lib/gcc/arm-none-eabi/4.8.4/../../../../arm-none-eabi/lib/armv7e-m\libc.a(lib_a-mlock.o)
 .ARM.attributes
                0x0000083e       0x2e c:/program files (x86)/gnu tools arm embedded/4.8 2014q3/bin/../lib/gcc/arm-none-eabi/4.8.4/../../../../arm-none-eabi/lib/armv7e-m\libc.a(lib_a-sbrkr.o)
 .ARM.attributes
                0x0000086c       0x2e c:/program files (x86)/gnu tools arm embedded/4.8 2014q3/bin/../lib/gcc/arm-none-eabi/4.8.4/../../../../arm-none-eabi/lib/armv7e-m\libc.a(lib_a-sprintf.o)
 .ARM.attributes
                0x0000089a       0x1c c:/program files (x86)/gnu tools arm embedded/4.8 2014q3/bin/../lib/gcc/arm-none-eabi/4.8.4/../../../../arm-none-eabi/lib/armv7e-m\libc.a(lib_a-strcmp.o)
 .ARM.attributes
                0x000008b6       0x2e c:/program files (x86)/gnu tools arm embedded/4.8 2014q3/bin/../lib/gcc/arm-none-eabi/4.8.4/../../../../arm-none-eabi/lib/armv7e-m\libc.a(lib_a-strcpy.o)
 .ARM.attributes
                0x000008e4       0x2e c:/program files (x86)/gnu tools arm embedded/4.8 2014q3/bin/../lib/gcc/arm-none-eabi/4.8.4/../../../../arm-none-eabi/lib/armv7e-m\libc.a(lib_a-strlen.o)
 .ARM.attributes
                0x00000912       0x2e c:/program files (x86)/gnu tools arm embedded/4.8 2014q3/bin/../lib/gcc/arm-none-eabi/4.8.4/../../../../arm-none-eabi/lib/armv7e-m\libc.a(lib_a-strtok.o)
 .ARM.attributes
                0x00000940       0x2e c:/program files (x86)/gnu tools arm embedded/4.8 2014q3/bin/../lib/gcc/arm-none-eabi/4.8.4/../../../../arm-none-eabi/lib/armv7e-m\libc.a(lib_a-strtok_r.o)
 .ARM.attributes
                0x0000096e       0x2e c:/program files (x86)/gnu tools arm embedded/4.8 2014q3/bin/../lib/gcc/arm-none-eabi/4.8.4/../../../../arm-none-eabi/lib/armv7e-m\libc.a(lib_a-strtol.o)
 .ARM.attributes
                0x0000099c       0x2e c:/program files (x86)/gnu tools arm embedded/4.8 2014q3/bin/../lib/gcc/arm-none-eabi/4.8.4/../../../../arm-none-eabi/lib/armv7e-m\libc.a(lib_a-svfprintf.o)
 .ARM.attributes
                0x000009ca       0x2e c:/program files (x86)/gnu tools arm embedded/4.8 2014q3/bin/../lib/gcc/arm-none-eabi/4.8.4/../../../../arm-none-eabi/lib/armv7e-m\libc.a(lib_a-__atexit.o)
 .ARM.attributes
                0x000009f8       0x2e c:/program files (x86)/gnu tools arm embedded/4.8 2014q3/bin/../lib/gcc/arm-none-eabi/4.8.4/../../../../arm-none-eabi/lib/armv7e-m\libc.a(lib_a-__call_atexit.o)
 .ARM.attributes
                0x00000a26       0x2e c:/program files (x86)/gnu tools arm embedded/4.8 2014q3/bin/../lib/gcc/arm-none-eabi/4.8.4/../../../../arm-none-eabi/lib/armv7e-m\libc.a(lib_a-atexit.o)
 .ARM.attributes
                0x00000a54       0x2e c:/program files (x86)/gnu tools arm embedded/4.8 2014q3/bin/../lib/gcc/arm-none-eabi/4.8.4/../../../../arm-none-eabi/lib/armv7e-m\libc.a(lib_a-ctype_.o)
 .ARM.attributes
                0x00000a82       0x2e c:/program files (x86)/gnu tools arm embedded/4.8 2014q3/bin/../lib/gcc/arm-none-eabi/4.8.4/../../../../arm-none-eabi/lib/armv7e-m\libc.a(lib_a-dtoa.o)
 .ARM.attributes
                0x00000ab0       0x2e c:/program files (x86)/gnu tools arm embedded/4.8 2014q3/bin/../lib/gcc/arm-none-eabi/4.8.4/../../../../arm-none-eabi/lib/armv7e-m\libc.a(lib_a-fini.o)
 .ARM.attributes
                0x00000ade       0x2e c:/program files (x86)/gnu tools arm embedded/4.8 2014q3/bin/../lib/gcc/arm-none-eabi/4.8.4/../../../../arm-none-eabi/lib/armv7e-m\libc.a(lib_a-freer.o)
 .ARM.attributes
                0x00000b0c       0x2e c:/program files (x86)/gnu tools arm embedded/4.8 2014q3/bin/../lib/gcc/arm-none-eabi/4.8.4/../../../../arm-none-eabi/lib/armv7e-m\libc.a(lib_a-locale.o)
 .ARM.attributes
                0x00000b3a       0x2e c:/program files (x86)/gnu tools arm embedded/4.8 2014q3/bin/../lib/gcc/arm-none-eabi/4.8.4/../../../../arm-none-eabi/lib/armv7e-m\libc.a(lib_a-memchr-stub.o)
 .ARM.attributes
                0x00000b68       0x2e c:/program files (x86)/gnu tools arm embedded/4.8 2014q3/bin/../lib/gcc/arm-none-eabi/4.8.4/../../../../arm-none-eabi/lib/armv7e-m\libc.a(lib_a-mprec.o)
 .ARM.attributes
                0x00000b96       0x2e c:/program files (x86)/gnu tools arm embedded/4.8 2014q3/bin/../lib/gcc/arm-none-eabi/4.8.4/../../../../arm-none-eabi/lib/armv7e-m\libc.a(lib_a-reent.o)
 .ARM.attributes
                0x00000bc4       0x2e c:/program files (x86)/gnu tools arm embedded/4.8 2014q3/bin/../lib/gcc/arm-none-eabi/4.8.4/../../../../arm-none-eabi/lib/armv7e-m\libc.a(lib_a-s_fpclassify.o)
 .ARM.attributes
                0x00000bf2       0x2e c:/program files (x86)/gnu tools arm embedded/4.8 2014q3/bin/../lib/gcc/arm-none-eabi/4.8.4/../../../../arm-none-eabi/lib/armv7e-m\libc.a(lib_a-svfiprintf.o)
 .ARM.attributes
                0x00000c20       0x2e c:/program files (x86)/gnu tools arm embedded/4.8 2014q3/bin/../lib/gcc/arm-none-eabi/4.8.4/../../../../arm-none-eabi/lib/armv7e-m\libc.a(lib_a-callocr.o)
 .ARM.attributes
                0x00000c4e       0x2e c:/program files (x86)/gnu tools arm embedded/4.8 2014q3/bin/../lib/gcc/arm-none-eabi/4.8.4/../../../../arm-none-eabi/lib/armv7e-m\libc.a(lib_a-memmove.o)
 .ARM.attributes
                0x00000c7c       0x2e c:/program files (x86)/gnu tools arm embedded/4.8 2014q3/bin/../lib/gcc/arm-none-eabi/4.8.4/../../../../arm-none-eabi/lib/armv7e-m\libc.a(lib_a-reallocr.o)
 .ARM.attributes
                0x00000caa       0x2e c:/program files (x86)/gnu tools arm embedded/4.8 2014q3/bin/../lib/gcc/arm-none-eabi/4.8.4/../../../../arm-none-eabi/lib/armv7e-m\libnosys.a(sbrk.o)
 .ARM.attributes
                0x00000cd8       0x2e c:/program files (x86)/gnu tools arm embedded/4.8 2014q3/bin/../lib/gcc/arm-none-eabi/4.8.4/../../../../arm-none-eabi/lib/armv7e-m\libnosys.a(_exit.o)
 .ARM.attributes
                0x00000d06       0x1e c:/program files (x86)/gnu tools arm embedded/4.8 2014q3/bin/../lib/gcc/arm-none-eabi/4.8.4/armv7e-m\libgcc.a(_arm_cmpdf2.o)
 .ARM.attributes
                0x00000d24       0x1e c:/program files (x86)/gnu tools arm embedded/4.8 2014q3/bin/../lib/gcc/arm-none-eabi/4.8.4/armv7e-m\libgcc.a(_arm_fixdfsi.o)
 .ARM.attributes
                0x00000d42       0x1e c:/program files (x86)/gnu tools arm embedded/4.8 2014q3/bin/../lib/gcc/arm-none-eabi/4.8.4/armv7e-m\libgcc.a(_aeabi_uldivmod.o)
 .ARM.attributes
                0x00000d60       0x2e c:/program files (x86)/gnu tools arm embedded/4.8 2014q3/bin/../lib/gcc/arm-none-eabi/4.8.4/armv7e-m\libgcc.a(bpabi.o)
 .ARM.attributes
                0x00000d8e       0x1e c:/program files (x86)/gnu tools arm embedded/4.8 2014q3/bin/../lib/gcc/arm-none-eabi/4.8.4/armv7e-m\libgcc.a(_dvmd_tls.o)
 .ARM.attributes
                0x00000dac       0x2e c:/program files (x86)/gnu tools arm embedded/4.8 2014q3/bin/../lib/gcc/arm-none-eabi/4.8.4/armv7e-m\libgcc.a(_divdi3.o)
 .ARM.attributes
                0x00000dda       0x2e c:/program files (x86)/gnu tools arm embedded/4.8 2014q3/bin/../lib/gcc/arm-none-eabi/4.8.4/armv7e-m\libgcc.a(_udivdi3.o)
 .ARM.attributes
                0x00000e08       0x2e c:/program files (x86)/gnu tools arm embedded/4.8 2014q3/bin/../lib/gcc/arm-none-eabi/4.8.4/armv7e-m/crtend.o
 .ARM.attributes
                0x00000e36       0x1e c:/program files (x86)/gnu tools arm embedded/4.8 2014q3/bin/../lib/gcc/arm-none-eabi/4.8.4/armv7e-m/crtn.o

.comment        0x00000000       0x70
 .comment       0x00000000       0x70 ..\obj\temp_sensors.o
                                 0x71 (size before relaxing)
 .comment       0x00000000       0x71 ..\obj\tm_stm32f4_ds18b20.o
 .comment       0x00000000       0x71 ..\obj\stm32f4_discovery_audio_codec.o
 .comment       0x00000000       0x71 ..\obj\stm32f4xx_usart.o
 .comment       0x00000000       0x71 ..\obj\quadrature_encoder.o
 .comment       0x00000000       0x71 ..\obj\led.o
 .comment       0x00000000       0x71 ..\obj\stm32f4xx_dac.o
 .comment       0x00000000       0x71 ..\obj\rotary.o
 .comment       0x00000000       0x71 ..\obj\stepper.o
 .comment       0x00000000       0x71 ..\obj\startup_stm32f4xx.o
 .comment       0x00000000       0x71 ..\obj\stm32f4_discovery.o
 .comment       0x00000000       0x71 ..\obj\main.o
 .comment       0x00000000       0x71 ..\obj\stm32f4xx_rcc.o
 .comment       0x00000000       0x71 ..\obj\fassade.o
 .comment       0x00000000       0x71 ..\obj\ampermeter.o
 .comment       0x00000000       0x71 ..\obj\stm32f4xx_adc.o
 .comment       0x00000000       0x71 ..\obj\stm32_ub_systick.o
 .comment       0x00000000       0x71 ..\obj\tm_stm32f4_onewire.o
 .comment       0x00000000       0x71 ..\obj\terminal.o
 .comment       0x00000000       0x71 ..\obj\stm32f4xx_gpio.o
 .comment       0x00000000       0x71 ..\obj\system_stm32f4xx.o
 .comment       0x00000000       0x71 ..\obj\stm32f4xx_dma.o
 .comment       0x00000000       0x71 ..\obj\adc.o
 .comment       0x00000000       0x71 ..\obj\stm32f4_discovery_callbacks.o
 .comment       0x00000000       0x71 ..\obj\stm32f4xx_spi.o
 .comment       0x00000000       0x71 ..\obj\stm32f4xx_exti.o
 .comment       0x00000000       0x71 ..\obj\misc.o
 .comment       0x00000000       0x71 ..\obj\stm32f4xx_tim.o

.debug_info     0x00000000     0xe847
 .debug_info    0x00000000      0x388 ..\obj\temp_sensors.o
 .debug_info    0x00000388      0x3c5 ..\obj\tm_stm32f4_ds18b20.o
 .debug_info    0x0000074d     0x1070 ..\obj\stm32f4_discovery_audio_codec.o
 .debug_info    0x000017bd      0x9c2 ..\obj\stm32f4xx_usart.o
 .debug_info    0x0000217f      0x674 ..\obj\quadrature_encoder.o
 .debug_info    0x000027f3      0x22b ..\obj\led.o
 .debug_info    0x00002a1e      0x63a ..\obj\stm32f4xx_dac.o
 .debug_info    0x00003058      0x85f ..\obj\rotary.o
 .debug_info    0x000038b7      0xbe7 ..\obj\stepper.o
 .debug_info    0x0000449e      0x122 ..\obj\startup_stm32f4xx.o
 .debug_info    0x000045c0      0x889 ..\obj\stm32f4_discovery.o
 .debug_info    0x00004e49      0xa6b ..\obj\main.o
 .debug_info    0x000058b4      0xc4d ..\obj\stm32f4xx_rcc.o
 .debug_info    0x00006501      0x923 ..\obj\fassade.o
 .debug_info    0x00006e24      0x26c ..\obj\ampermeter.o
 .debug_info    0x00007090      0xc38 ..\obj\stm32f4xx_adc.o
 .debug_info    0x00007cc8      0x977 ..\obj\stm32_ub_systick.o
 .debug_info    0x0000863f      0x63c ..\obj\tm_stm32f4_onewire.o
 .debug_info    0x00008c7b     0x1285 ..\obj\terminal.o
 .debug_info    0x00009f00      0x602 ..\obj\stm32f4xx_gpio.o
 .debug_info    0x0000a502      0x592 ..\obj\system_stm32f4xx.o
 .debug_info    0x0000aa94      0x739 ..\obj\stm32f4xx_dma.o
 .debug_info    0x0000b1cd      0x585 ..\obj\adc.o
 .debug_info    0x0000b752      0x109 ..\obj\stm32f4_discovery_callbacks.o
 .debug_info    0x0000b85b      0xb07 ..\obj\stm32f4xx_spi.o
 .debug_info    0x0000c362      0x347 ..\obj\stm32f4xx_exti.o
 .debug_info    0x0000c6a9      0x53d ..\obj\misc.o
 .debug_info    0x0000cbe6     0x1c61 ..\obj\stm32f4xx_tim.o

.debug_abbrev   0x00000000     0x30f1
 .debug_abbrev  0x00000000      0x1ff ..\obj\temp_sensors.o
 .debug_abbrev  0x000001ff      0x15b ..\obj\tm_stm32f4_ds18b20.o
 .debug_abbrev  0x0000035a      0x256 ..\obj\stm32f4_discovery_audio_codec.o
 .debug_abbrev  0x000005b0      0x155 ..\obj\stm32f4xx_usart.o
 .debug_abbrev  0x00000705      0x1f7 ..\obj\quadrature_encoder.o
 .debug_abbrev  0x000008fc      0x175 ..\obj\led.o
 .debug_abbrev  0x00000a71      0x17c ..\obj\stm32f4xx_dac.o
 .debug_abbrev  0x00000bed      0x25e ..\obj\rotary.o
 .debug_abbrev  0x00000e4b      0x25f ..\obj\stepper.o
 .debug_abbrev  0x000010aa       0xce ..\obj\startup_stm32f4xx.o
 .debug_abbrev  0x00001178      0x183 ..\obj\stm32f4_discovery.o
 .debug_abbrev  0x000012fb      0x284 ..\obj\main.o
 .debug_abbrev  0x0000157f      0x1e3 ..\obj\stm32f4xx_rcc.o
 .debug_abbrev  0x00001762      0x223 ..\obj\fassade.o
 .debug_abbrev  0x00001985      0x182 ..\obj\ampermeter.o
 .debug_abbrev  0x00001b07      0x196 ..\obj\stm32f4xx_adc.o
 .debug_abbrev  0x00001c9d      0x214 ..\obj\stm32_ub_systick.o
 .debug_abbrev  0x00001eb1      0x259 ..\obj\tm_stm32f4_onewire.o
 .debug_abbrev  0x0000210a      0x365 ..\obj\terminal.o
 .debug_abbrev  0x0000246f      0x1a3 ..\obj\stm32f4xx_gpio.o
 .debug_abbrev  0x00002612      0x136 ..\obj\system_stm32f4xx.o
 .debug_abbrev  0x00002748      0x155 ..\obj\stm32f4xx_dma.o
 .debug_abbrev  0x0000289d      0x1ec ..\obj\adc.o
 .debug_abbrev  0x00002a89       0x90 ..\obj\stm32f4_discovery_callbacks.o
 .debug_abbrev  0x00002b19      0x167 ..\obj\stm32f4xx_spi.o
 .debug_abbrev  0x00002c80      0x1a5 ..\obj\stm32f4xx_exti.o
 .debug_abbrev  0x00002e25      0x145 ..\obj\misc.o
 .debug_abbrev  0x00002f6a      0x187 ..\obj\stm32f4xx_tim.o

.debug_aranges  0x00000000     0x1050
 .debug_aranges
                0x00000000       0x40 ..\obj\temp_sensors.o
 .debug_aranges
                0x00000040       0x70 ..\obj\tm_stm32f4_ds18b20.o
 .debug_aranges
                0x000000b0      0x130 ..\obj\stm32f4_discovery_audio_codec.o
 .debug_aranges
                0x000001e0      0x100 ..\obj\stm32f4xx_usart.o
 .debug_aranges
                0x000002e0       0x48 ..\obj\quadrature_encoder.o
 .debug_aranges
                0x00000328       0x38 ..\obj\led.o
 .debug_aranges
                0x00000360       0xa0 ..\obj\stm32f4xx_dac.o
 .debug_aranges
                0x00000400       0x40 ..\obj\rotary.o
 .debug_aranges
                0x00000440       0x68 ..\obj\stepper.o
 .debug_aranges
                0x000004a8       0x28 ..\obj\startup_stm32f4xx.o
 .debug_aranges