Archive member included because of file (symbol)

c:/program files (x86)/gnu tools arm embedded/4.8 2014q3/bin/../lib/gcc/arm-none-eabi/4.8.4/armv7e-m\libgcc.a(_arm_addsubdf3.o)
                              ..\obj\ampermeter.o (__aeabi_dsub)
c:/program files (x86)/gnu tools arm embedded/4.8 2014q3/bin/../lib/gcc/arm-none-eabi/4.8.4/armv7e-m\libgcc.a(_arm_muldivdf3.o)
                              ..\obj\fassade.o (__aeabi_dmul)
c:/program files (x86)/gnu tools arm embedded/4.8 2014q3/bin/../lib/gcc/arm-none-eabi/4.8.4/armv7e-m\libgcc.a(_arm_fixdfsi.o)
                              ..\obj\fassade.o (__aeabi_d2iz)
c:/program files (x86)/gnu tools arm embedded/4.8 2014q3/bin/../lib/gcc/arm-none-eabi/4.8.4/armv7e-m\libgcc.a(_arm_truncdfsf2.o)
                              ..\obj\ampermeter.o (__aeabi_d2f)
c:/program files (x86)/gnu tools arm embedded/4.8 2014q3/bin/../lib/gcc/arm-none-eabi/4.8.4/armv7e-m\libgcc.a(_arm_addsubsf3.o)
                              ..\obj\tm_stm32f4_ds18b20.o (__aeabi_fsub)
c:/program files (x86)/gnu tools arm embedded/4.8 2014q3/bin/../lib/gcc/arm-none-eabi/4.8.4/armv7e-m\libgcc.a(_arm_muldivsf3.o)
                              ..\obj\tm_stm32f4_ds18b20.o (__aeabi_fmul)
c:/program files (x86)/gnu tools arm embedded/4.8 2014q3/bin/../lib/gcc/arm-none-eabi/4.8.4/armv7e-m\libgcc.a(unwind-arm.o)
                              ..\obj\stepper.o (__aeabi_unwind_cpp_pr0)
c:/program files (x86)/gnu tools arm embedded/4.8 2014q3/bin/../lib/gcc/arm-none-eabi/4.8.4/armv7e-m\libgcc.a(libunwind.o)
                              c:/program files (x86)/gnu tools arm embedded/4.8 2014q3/bin/../lib/gcc/arm-none-eabi/4.8.4/armv7e-m\libgcc.a(unwind-arm.o) (restore_core_regs)
c:/program files (x86)/gnu tools arm embedded/4.8 2014q3/bin/../lib/gcc/arm-none-eabi/4.8.4/armv7e-m\libgcc.a(pr-support.o)
                              c:/program files (x86)/gnu tools arm embedded/4.8 2014q3/bin/../lib/gcc/arm-none-eabi/4.8.4/armv7e-m\libgcc.a(unwind-arm.o) (__gnu_unwind_execute)
c:/program files (x86)/gnu tools arm embedded/4.8 2014q3/bin/../lib/gcc/arm-none-eabi/4.8.4/../../../../arm-none-eabi/lib/armv7e-m\libc.a(lib_a-abort.o)
                              c:/program files (x86)/gnu tools arm embedded/4.8 2014q3/bin/../lib/gcc/arm-none-eabi/4.8.4/armv7e-m\libgcc.a(unwind-arm.o) (abort)
c:/program files (x86)/gnu tools arm embedded/4.8 2014q3/bin/../lib/gcc/arm-none-eabi/4.8.4/../../../../arm-none-eabi/lib/armv7e-m\libc.a(lib_a-aeabi_atexit.o)
                              ..\obj\main.o (__aeabi_atexit)
c:/program files (x86)/gnu tools arm embedded/4.8 2014q3/bin/../lib/gcc/arm-none-eabi/4.8.4/../../../../arm-none-eabi/lib/armv7e-m\libc.a(lib_a-atoi.o)
                              ..\obj\terminal.o (atoi)
c:/program files (x86)/gnu tools arm embedded/4.8 2014q3/bin/../lib/gcc/arm-none-eabi/4.8.4/../../../../arm-none-eabi/lib/armv7e-m\libc.a(lib_a-cxa_atexit.o)
                              c:/program files (x86)/gnu tools arm embedded/4.8 2014q3/bin/../lib/gcc/arm-none-eabi/4.8.4/../../../../arm-none-eabi/lib/armv7e-m\libc.a(lib_a-aeabi_atexit.o) (__cxa_atexit)
c:/program files (x86)/gnu tools arm embedded/4.8 2014q3/bin/../lib/gcc/arm-none-eabi/4.8.4/../../../../arm-none-eabi/lib/armv7e-m\libc.a(lib_a-exit.o)
                              c:/program files (x86)/gnu tools arm embedded/4.8 2014q3/bin/../lib/gcc/arm-none-eabi/4.8.4/../../../../arm-none-eabi/lib/armv7e-m/crt0.o (exit)
c:/program files (x86)/gnu tools arm embedded/4.8 2014q3/bin/../lib/gcc/arm-none-eabi/4.8.4/../../../../arm-none-eabi/lib/armv7e-m\libc.a(lib_a-impure.o)
                              c:/program files (x86)/gnu tools arm embedded/4.8 2014q3/bin/../lib/gcc/arm-none-eabi/4.8.4/../../../../arm-none-eabi/lib/armv7e-m\libc.a(lib_a-exit.o) (_global_impure_ptr)
c:/program files (x86)/gnu tools arm embedded/4.8 2014q3/bin/../lib/gcc/arm-none-eabi/4.8.4/../../../../arm-none-eabi/lib/armv7e-m\libc.a(lib_a-init.o)
                              c:/program files (x86)/gnu tools arm embedded/4.8 2014q3/bin/../lib/gcc/arm-none-eabi/4.8.4/../../../../arm-none-eabi/lib/armv7e-m/crt0.o (__libc_init_array)
c:/program files (x86)/gnu tools arm embedded/4.8 2014q3/bin/../lib/gcc/arm-none-eabi/4.8.4/../../../../arm-none-eabi/lib/armv7e-m\libc.a(lib_a-malloc.o)
                              ..\obj\terminal.o (malloc)
c:/program files (x86)/gnu tools arm embedded/4.8 2014q3/bin/../lib/gcc/arm-none-eabi/4.8.4/../../../../arm-none-eabi/lib/armv7e-m\libc.a(lib_a-mallocr.o)
                              c:/program files (x86)/gnu tools arm embedded/4.8 2014q3/bin/../lib/gcc/arm-none-eabi/4.8.4/../../../../arm-none-eabi/lib/armv7e-m\libc.a(lib_a-malloc.o) (_malloc_r)
c:/program files (x86)/gnu tools arm embedded/4.8 2014q3/bin/../lib/gcc/arm-none-eabi/4.8.4/../../../../arm-none-eabi/lib/armv7e-m\libc.a(lib_a-memcpy.o)
                              ..\obj\xbee.o (memcpy)
[...]
Memory Configuration

Name             Origin             Length             Attributes
FLASH            0x08000000         0x00100000         xr
RAM              0x20000000         0x00020000         xrw
RAM1             0x10000000         0x00010000         xrw
*default*        0x00000000         0xffffffff

Linker script and memory map

LOAD c:/program files (x86)/gnu tools arm embedded/4.8 2014q3/bin/../lib/gcc/arm-none-eabi/4.8.4/armv7e-m/crti.o
LOAD c:/program files (x86)/gnu tools arm embedded/4.8 2014q3/bin/../lib/gcc/arm-none-eabi/4.8.4/armv7e-m/crtbegin.o
LOAD c:/program files (x86)/gnu tools arm embedded/4.8 2014q3/bin/../lib/gcc/arm-none-eabi/4.8.4/../../../../arm-none-eabi/lib/armv7e-m/crt0.o

.text           0x08000000     0xa7d0
 *(.isr_vector)
 .isr_vector    0x08000000      0x188 ..\obj\startup_stm32f4xx.o
                0x08000000                g_pfnVectors
 *(.text*)
 .text          0x08000188       0x54 c:/program files (x86)/gnu tools arm embedded/4.8 2014q3/bin/../lib/gcc/arm-none-eabi/4.8.4/armv7e-m/crtbegin.o
 .text          0x080001dc       0x74 c:/program files (x86)/gnu tools arm embedded/4.8 2014q3/bin/../lib/gcc/arm-none-eabi/4.8.4/../../../../arm-none-eabi/lib/armv7e-m/crt0.o
                0x080001dc                _start
                0x080001dc                _mainCRTStartup
 .text._ZN18TemperaturSensorenC2Ev
                0x08000250       0x9c ..\obj\temp_sensors.o
                0x08000250                TemperaturSensoren::TemperaturSensoren()
                0x08000250                TemperaturSensoren::TemperaturSensoren()
 .text.TM_DS18B20_SetResolution
                0x080002ec       0xec ..\obj\tm_stm32f4_ds18b20.o
                0x080002ec                TM_DS18B20_SetResolution
 .text.TM_DS18B20_Is
                0x080003d8       0x24 ..\obj\tm_stm32f4_ds18b20.o
                0x080003d8                TM_DS18B20_Is
 .text.Audio_MAL_IRQHandler
                0x080003fc       0xf8 ..\obj\stm32f4_discovery_audio_codec.o
 .text.DMA1_Stream7_IRQHandler
                0x080004f4        0xc ..\obj\stm32f4_discovery_audio_codec.o
                0x080004f4                DMA1_Stream7_IRQHandler
 .text.DMA1_Stream0_IRQHandler
                0x08000500        0xc ..\obj\stm32f4_discovery_audio_codec.o
                0x08000500                DMA1_Stream0_IRQHandler
 .text.SPI3_IRQHandler
                0x0800050c       0x40 ..\obj\stm32f4_discovery_audio_codec.o
                0x0800050c                SPI3_IRQHandler
 .text.USART_Init
                0x0800054c      0x174 ..\obj\stm32f4xx_usart.o
                0x0800054c                USART_Init
 .text.USART_Cmd
                0x080006c0       0x40 ..\obj\stm32f4xx_usart.o
                0x080006c0                USART_Cmd
 .text.USART_SendData
                0x08000700       0x24 ..\obj\stm32f4xx_usart.o
                0x08000700                USART_SendData
 .text.USART_ReceiveData
                0x08000724       0x20 ..\obj\stm32f4xx_usart.o
                0x08000724                USART_ReceiveData
 .text.USART_DMACmd
                0x08000744       0x48 ..\obj\stm32f4xx_usart.o
                0x08000744                USART_DMACmd
 .text.USART_ITConfig
                0x0800078c       0x90 ..\obj\stm32f4xx_usart.o
                0x0800078c                USART_ITConfig
 .text.USART_GetFlagStatus
                0x0800081c       0x38 ..\obj\stm32f4xx_usart.o
                0x0800081c                USART_GetFlagStatus
 .text.USART_ClearFlag
                0x08000854       0x20 ..\obj\stm32f4xx_usart.o
                0x08000854                USART_ClearFlag
 .text.USART_GetITStatus
                0x08000874       0xb0 ..\obj\stm32f4xx_usart.o
                0x08000874                USART_GetITStatus
 .text._ZN17QuadratureEncoderC2Ev
                0x08000924       0xa0 ..\obj\quadrature_encoder.o
                0x08000924                QuadratureEncoder::QuadratureEncoder()
                0x08000924                QuadratureEncoder::QuadratureEncoder()
 .text._ZN17QuadratureEncoder5resetEv
                0x080009c4       0x24 ..\obj\quadrature_encoder.o
                0x080009c4                QuadratureEncoder::reset()
 .text._ZN3LedC2Ev
                0x080009e8       0x18 ..\obj\led.o
                0x080009e8                Led::Led()
                0x080009e8                Led::Led()
 .text._ZN3LedD2Ev
                0x08000a00       0x18 ..\obj\led.o
                0x08000a00                Led::~Led()
                0x08000a00                Led::~Led()
 .text._ZN3Led2OnEv
                0x08000a18       0x14 ..\obj\led.o
                0x08000a18                Led::On()
 .text._ZN3Led3OffEv
                0x08000a2c       0x14 ..\obj\led.o
                0x08000a2c                Led::Off()
 .text.DAC_SetChannel1Data
                0x08000a40       0x34 ..\obj\stm32f4xx_dac.o
                0x08000a40                DAC_SetChannel1Data
 .text.EXTI9_5_IRQHandler
                0x08000a74       0xb8 ..\obj\rotary.o
                0x08000a74                EXTI9_5_IRQHandler
 .text._ZN7StepperC2Ev
                0x08000b2c       0x20 ..\obj\stepper.o
                0x08000b2c                Stepper::Stepper()
                0x08000b2c                Stepper::Stepper()
 .text._ZN7Stepper4InitEv
                0x08000b4c       0x74 ..\obj\stepper.o
                0x08000b4c                Stepper::Init()
 .text._ZN7Stepper4LeftEii
                0x08000bc0       0x48 ..\obj\stepper.o
                0x08000bc0                Stepper::Left(int, int)
 .text._ZN7Stepper5RightEii
                0x08000c08       0x48 ..\obj\stepper.o
                0x08000c08                Stepper::Right(int, int)
 .text._ZN7Stepper7Go2StepEi
                0x08000c50       0x64 ..\obj\stepper.o
                0x08000c50                Stepper::Go2Step(int)
 .text._ZN7Stepper8LeerlaufEv
                0x08000cb4       0x30 ..\obj\stepper.o
                0x08000cb4                Stepper::Leerlauf()
 .text._ZN7Stepper7RunStepEv
                0x08000ce4       0xb8 ..\obj\stepper.o
                0x08000ce4                Stepper::RunStep()
 .text._ZN7Stepper15EnableSingeltonEv
                0x08000d9c       0x1c ..\obj\stepper.o
                0x08000d9c                Stepper::EnableSingelton()
 .text._ZN7Stepper8InitTim2Eii
                0x08000db8       0x70 ..\obj\stepper.o
                0x08000db8                Stepper::InitTim2(int, int)
 .text.TIM2_IRQHandler
                0x08000e28       0x6c ..\obj\stepper.o
                0x08000e28                TIM2_IRQHandler
 .text.Default_Reset_Handler
                0x08000e94       0x5c ..\obj\startup_stm32f4xx.o
                0x08000e94                Default_Reset_Handler
                0x08000e94                Reset_Handler
 .text.Default_Handler
                0x08000ef0        0x8 ..\obj\startup_stm32f4xx.o
                0x08000ef0                RTC_Alarm_IRQHandler
                0x08000ef0                HASH_RNG_IRQHandler
                0x08000ef0                EXTI2_IRQHandler
                0x08000ef0                TIM8_CC_IRQHandler
                0x08000ef0                DebugMon_Handler
                0x08000ef0                TIM1_CC_IRQHandler
                0x08000ef0                DMA2_Stream5_IRQHandler
                0x08000ef0                HardFault_Handler
                0x08000ef0                PVD_IRQHandler
                0x08000ef0                SDIO_IRQHandler
                0x08000ef0                TAMP_STAMP_IRQHandler
                0x08000ef0                PendSV_Handler
                0x08000ef0                NMI_Handler
                0x08000ef0                CAN2_RX1_IRQHandler
                0x08000ef0                EXTI3_IRQHandler
                0x08000ef0                TIM8_TRG_COM_TIM14_IRQHandler
                0x08000ef0                TIM1_UP_TIM10_IRQHandler
                0x08000ef0                TIM8_UP_TIM13_IRQHandler
                0x08000ef0                I2C3_ER_IRQHandler
                0x08000ef0                EXTI0_IRQHandler
                0x08000ef0                I2C2_EV_IRQHandler
                0x08000ef0                DMA1_Stream2_IRQHandler
                0x08000ef0                CAN1_RX0_IRQHandler
                0x08000ef0                FPU_IRQHandler
                0x08000ef0                OTG_HS_WKUP_IRQHandler
                0x08000ef0                UsageFault_Handler
                0x08000ef0                CAN2_SCE_IRQHandler
                0x08000ef0                DMA2_Stream2_IRQHandler
                0x08000ef0                SPI1_IRQHandler
                0x08000ef0                TIM6_DAC_IRQHandler
                0x08000ef0                TIM1_BRK_TIM9_IRQHandler
                0x08000ef0                DCMI_IRQHandler
                0x08000ef0                CAN2_RX0_IRQHandler
                0x08000ef0                DMA2_Stream3_IRQHandler
                0x08000ef0                USART6_IRQHandler
                0x08000ef0                CRYP_IRQHandler
                0x08000ef0                CAN1_RX1_IRQHandler
                0x08000ef0                UART5_IRQHandler
                0x08000ef0                DMA2_Stream0_IRQHandler
                0x08000ef0                TIM4_IRQHandler
                0x08000ef0                I2C1_EV_IRQHandler
                0x08000ef0                DMA1_Stream6_IRQHandler
                0x08000ef0                DMA1_Stream1_IRQHandler
                0x08000ef0                UART4_IRQHandler
                0x08000ef0                TIM3_IRQHandler
                0x08000ef0                RCC_IRQHandler
                0x08000ef0                TIM8_BRK_TIM12_IRQHandler
                0x08000ef0                EXTI15_10_IRQHandler
                0x08000ef0                ADC_IRQHandler
                0x08000ef0                TIM7_IRQHandler
                0x08000ef0                CAN2_TX_IRQHandler
                0x08000ef0                TIM5_IRQHandler
                0x08000ef0                DMA2_Stream7_IRQHandler
                0x08000ef0                I2C3_EV_IRQHandler
                0x08000ef0                RTC_WKUP_IRQHandler
                0x08000ef0                ETH_WKUP_IRQHandler
                0x08000ef0                SPI2_IRQHandler
                0x08000ef0                OTG_HS_EP1_IN_IRQHandler
                0x08000ef0                MemManage_Handler
                0x08000ef0                CAN1_TX_IRQHandler
                0x08000ef0                SVC_Handler
                0x08000ef0                EXTI4_IRQHandler
                0x08000ef0                FSMC_IRQHandler
                0x08000ef0                ETH_IRQHandler
                0x08000ef0                OTG_HS_EP1_OUT_IRQHandler
                0x08000ef0                WWDG_IRQHandler
                0x08000ef0                OTG_FS_WKUP_IRQHandler
                0x08000ef0                TIM1_TRG_COM_TIM11_IRQHandler
                0x08000ef0                OTG_HS_IRQHandler
                0x08000ef0                EXTI1_IRQHandler
                0x08000ef0                I2C2_ER_IRQHandler
                0x08000ef0                DMA2_Stream1_IRQHandler
                0x08000ef0                CAN1_SCE_IRQHandler
                0x08000ef0                FLASH_IRQHandler
                0x08000ef0                DMA2_Stream4_IRQHandler
                0x08000ef0                BusFault_Handler
                0x08000ef0                USART1_IRQHandler
                0x08000ef0                OTG_FS_IRQHandler
                0x08000ef0                DMA1_Stream4_IRQHandler
                0x08000ef0                I2C1_ER_IRQHandler
                0x08000ef0                DMA2_Stream6_IRQHandler
 .text.STM_EVAL_LEDInit
                0x08000ef8       0x5c ..\obj\stm32f4_discovery.o
                0x08000ef8                STM_EVAL_LEDInit
 .text.STM_EVAL_LEDOn
                0x08000f54       0x30 ..\obj\stm32f4_discovery.o
                0x08000f54                STM_EVAL_LEDOn
 .text.STM_EVAL_LEDOff
                0x08000f84       0x30 ..\obj\stm32f4_discovery.o
                0x08000f84                STM_EVAL_LEDOff
 .text.main     0x08000fb4      0x130 ..\obj\main.o
                0x08000fb4                main
 .text._Z41__static_initialization_and_destruction_0ii
                0x080010e4       0x3c ..\obj\main.o
 .text._GLOBAL__sub_I_OutputString
                0x08001120       0x10 ..\obj\main.o
 .text.RCC_GetClocksFreq
                0x08001130      0x154 ..\obj\stm32f4xx_rcc.o
                0x08001130                RCC_GetClocksFreq
 .text.RCC_AHB1PeriphClockCmd
                0x08001284       0x3c ..\obj\stm32f4xx_rcc.o
                0x08001284                RCC_AHB1PeriphClockCmd
 .text.RCC_APB1PeriphClockCmd
                0x080012c0       0x3c ..\obj\stm32f4xx_rcc.o
                0x080012c0                RCC_APB1PeriphClockCmd
 .text.RCC_APB2PeriphClockCmd
                0x080012fc       0x3c ..\obj\stm32f4xx_rcc.o
                0x080012fc                RCC_APB2PeriphClockCmd
 .text.RCC_APB2PeriphResetCmd
                0x08001338       0x3c ..\obj\stm32f4xx_rcc.o
                0x08001338                RCC_APB2PeriphResetCmd
 *fill*         0x08001374        0x4 
 .text._ZN7Fassade15Window2PositionEi
                0x08001378       0x90 ..\obj\fassade.o
                0x08001378                Fassade::Window2Position(int)
 .text._ZN10AmpermeterC2Ev
                0x08001408       0x18 ..\obj\ampermeter.o
                0x08001408                Ampermeter::Ampermeter()
                0x08001408                Ampermeter::Ampermeter()
 .text._ZN10Ampermeter10getCurrentEv
                0x08001420       0x70 ..\obj\ampermeter.o
                0x08001420                Ampermeter::getCurrent()
 .text.ADC_DeInit
                0x08001490       0x1c ..\obj\stm32f4xx_adc.o
                0x08001490                ADC_DeInit
 .text.ADC_Init
                0x080014ac       0xa8 ..\obj\stm32f4xx_adc.o
                0x080014ac                ADC_Init
 .text.ADC_CommonInit
                0x08001554       0x50 ..\obj\stm32f4xx_adc.o
                0x08001554                ADC_CommonInit
 .text.ADC_Cmd  0x080015a4       0x38 ..\obj\stm32f4xx_adc.o
                0x080015a4                ADC_Cmd
 .text.ADC_RegularChannelConfig
                0x080015dc      0x188 ..\obj\stm32f4xx_adc.o
                0x080015dc                ADC_RegularChannelConfig
 .text.ADC_SoftwareStartConv
                0x08001764       0x20 ..\obj\stm32f4xx_adc.o
                0x08001764                ADC_SoftwareStartConv
 .text.ADC_DMACmd
                0x08001784       0x38 ..\obj\stm32f4xx_adc.o
                0x08001784                ADC_DMACmd
 .text.ADC_DMARequestAfterLastTransferCmd
                0x080017bc       0x38 ..\obj\stm32f4xx_adc.o
                0x080017bc                ADC_DMARequestAfterLastTransferCmd
 .text.NVIC_SetPriority
                0x080017f4       0x54 ..\obj\stm32_ub_systick.o
 .text.SysTick_Config
                0x08001848       0x44 ..\obj\stm32_ub_systick.o
 .text.UB_Systick_Init
                0x0800188c       0x68 ..\obj\stm32_ub_systick.o
                0x0800188c                UB_Systick_Init
 .text.UB_Systick_Pause_us
                0x080018f4       0x28 ..\obj\stm32_ub_systick.o
                0x080018f4                UB_Systick_Pause_us
 .text.UB_Systick_Pause_ms
                0x0800191c       0x2c ..\obj\stm32_ub_systick.o
                0x0800191c                UB_Systick_Pause_ms
 .text.SysTick_Handler
                0x08001948       0x7c ..\obj\stm32_ub_systick.o
                0x08001948                SysTick_Handler
 .text._ZN7DisplayC2Ei
                0x080019c4       0x2c ..\obj\display.o
                0x080019c4                Display::Display(int)
                0x080019c4                Display::Display(int)
 .text._ZN7Display4InitEv
                0x080019f0       0xa4 ..\obj\display.o
                0x080019f0                Display::Init()
 .text._ZN7Display11uartPutCharEt
                0x08001a94       0x3c ..\obj\display.o
                0x08001a94                Display::uartPutChar(unsigned short)
 .text._ZN7Display14uartSendStringEPc
                0x08001ad0       0x2c ..\obj\display.o
                0x08001ad0                Display::uartSendString(char*)
 .text._ZN7Display9BacklightEc
                0x08001afc       0x3c ..\obj\display.o
                0x08001afc                Display::Backlight(char)
 .text._ZN7Display14SpecialCommandEc
                0x08001b38       0x34 ..\obj\display.o
                0x08001b38                Display::SpecialCommand(char)
 .text._ZN7Display17SetCursorPositionEc
                0x08001b6c       0x38 ..\obj\display.o
                0x08001b6c                Display::SetCursorPosition(char)
 .text.TM_OneWire_Init
                0x08001ba4       0x40 ..\obj\tm_stm32f4_onewire.o
                0x08001ba4                TM_OneWire_Init
 .text.TM_OneWire_Reset
                0x08001be4       0x5c ..\obj\tm_stm32f4_onewire.o
                0x08001be4                TM_OneWire_Reset
 .text.TM_OneWire_ReadBit
                0x08001c40       0x64 ..\obj\tm_stm32f4_onewire.o
                0x08001c40                TM_OneWire_ReadBit
 .text.TM_OneWire_ReadByte
                0x08001ca4       0x3c ..\obj\tm_stm32f4_onewire.o
                0x08001ca4                TM_OneWire_ReadByte
 .text.TM_OneWire_WriteBit
                0x08001ce0       0x5c ..\obj\tm_stm32f4_onewire.o
                0x08001ce0                TM_OneWire_WriteBit
 .text.TM_OneWire_WriteByte
                0x08001d3c       0x34 ..\obj\tm_stm32f4_onewire.o
                0x08001d3c                TM_OneWire_WriteByte
 .text.TM_OneWire_First
                0x08001d70       0x14 ..\obj\tm_stm32f4_onewire.o
                0x08001d70                TM_OneWire_First
 .text.TM_OneWire_Next
                0x08001d84       0x10 ..\obj\tm_stm32f4_onewire.o
                0x08001d84                TM_OneWire_Next
 .text.TM_OneWire_ResetSearch
                0x08001d94       0x2c ..\obj\tm_stm32f4_onewire.o
                0x08001d94                TM_OneWire_ResetSearch
 .text.TM_OneWire_Search
                0x08001dc0      0x180 ..\obj\tm_stm32f4_onewire.o
                0x08001dc0                TM_OneWire_Search
 .text.TM_OneWire_SelectWithPointer
                0x08001f40       0x34 ..\obj\tm_stm32f4_onewire.o
                0x08001f40                TM_OneWire_SelectWithPointer
 .text.TM_OneWire_GetFullROM
                0x08001f74       0x38 ..\obj\tm_stm32f4_onewire.o
                0x08001f74                TM_OneWire_GetFullROM
 .text._ZN8TerminalC2Ei
                0x08001fac       0x74 ..\obj\terminal.o
                0x08001fac                Terminal::Terminal(int)
                0x08001fac                Terminal::Terminal(int)
 .text._ZN8Terminal11buffer_initEv
                0x08002020       0x34 ..\obj\terminal.o
                0x08002020                Terminal::buffer_init()
 .text._ZN8Terminal8BufferInEc
                0x08002054       0x88 ..\obj\terminal.o
                0x08002054                Terminal::BufferIn(char)
 .text._ZN8Terminal9BufferOutEPc
                0x080020dc       0x68 ..\obj\terminal.o
                0x080020dc                Terminal::BufferOut(char*)
 .text._ZN8Terminal10ReadBufferEPc
                0x08002144       0x54 ..\obj\terminal.o
                0x08002144                Terminal::ReadBuffer(char*)
 .text._ZN8Terminal13usart3InitDMAEv
                0x08002198       0xc8 ..\obj\terminal.o
                0x08002198                Terminal::usart3InitDMA()
 .text._ZN8Terminal10SendViaDmaEPci
                0x08002260       0xac ..\obj\terminal.o
                0x08002260                Terminal::SendViaDma(char*, int)
 .text._ZN8Terminal10usart3InitEv
                0x0800230c       0xe0 ..\obj\terminal.o
                0x0800230c                Terminal::usart3Init()
 .text._ZN8Terminal11uartPutCharEt
                0x080023ec       0x3c ..\obj\terminal.o
                0x080023ec                Terminal::uartPutChar(unsigned short)
 .text._ZN8Terminal14uartSendStringEPc
                0x08002428       0x2c ..\obj\terminal.o
                0x08002428                Terminal::uartSendString(char*)
 .text._ZN8Terminal11SendMessageEPc
                0x08002454       0x24 ..\obj\terminal.o
                0x08002454                Terminal::SendMessage(char*)
 .text._ZN8Terminal18IsCommandoAvalibleEv
                0x08002478       0x8c ..\obj\terminal.o
                0x08002478                Terminal::IsCommandoAvalible()
 .text._ZN8Terminal15ProzessCommandoEv
                0x08002504       0x84 ..\obj\terminal.o
                0x08002504                Terminal::ProzessCommando()
 .text._ZN8Terminal15CommandoProzessEPc
                0x08002588      0x26c ..\obj\terminal.o
                0x08002588                Terminal::CommandoProzess(char*)
 .text._ZN8Terminal15EnableSingeltonEv
                0x080027f4       0x1c ..\obj\terminal.o
                0x080027f4                Terminal::EnableSingelton()
 .text.DMA1_Stream3_IRQHandler
                0x08002810       0x30 ..\obj\terminal.o
                0x08002810                DMA1_Stream3_IRQHandler
 .text.USART3_IRQHandler
                0x08002840       0x48 ..\obj\terminal.o
                0x08002840                USART3_IRQHandler
 .text.GPIO_Init
                0x08002888      0x11c ..\obj\stm32f4xx_gpio.o
                0x08002888                GPIO_Init
 .text.GPIO_ReadInputDataBit
                0x080029a4       0x34 ..\obj\stm32f4xx_gpio.o
                0x080029a4                GPIO_ReadInputDataBit
 .text.GPIO_SetBits
                0x080029d8       0x1c ..\obj\stm32f4xx_gpio.o
                0x080029d8                GPIO_SetBits
 .text.GPIO_ResetBits
                0x080029f4       0x1c ..\obj\stm32f4xx_gpio.o
                0x080029f4                GPIO_ResetBits
 .text.GPIO_WriteBit
                0x08002a10       0x30 ..\obj\stm32f4xx_gpio.o
                0x08002a10                GPIO_WriteBit
 .text.GPIO_PinAFConfig
                0x08002a40       0x8c ..\obj\stm32f4xx_gpio.o
                0x08002a40                GPIO_PinAFConfig
 .text.SystemInit
                0x08002acc       0x58 ..\obj\system_stm32f4xx.o
                0x08002acc                SystemInit
 .text.SetSysClock
                0x08002b24       0xf4 ..\obj\system_stm32f4xx.o
 .text.DMA_DeInit
                0x08002c18      0x1a4 ..\obj\stm32f4xx_dma.o
                0x08002c18                DMA_DeInit
 .text.DMA_Init
                0x08002dbc       0xac ..\obj\stm32f4xx_dma.o
                0x08002dbc                DMA_Init
 .text.DMA_Cmd  0x08002e68       0x38 ..\obj\stm32f4xx_dma.o
                0x08002e68                DMA_Cmd
 .text.DMA_GetCmdStatus
                0x08002ea0       0x30 ..\obj\stm32f4xx_dma.o
                0x08002ea0                DMA_GetCmdStatus
 .text.DMA_GetFlagStatus
                0x08002ed0       0x78 ..\obj\stm32f4xx_dma.o
                0x08002ed0                DMA_GetFlagStatus
 .text.DMA_ClearFlag
                0x08002f48       0x5c ..\obj\stm32f4xx_dma.o
                0x08002f48                DMA_ClearFlag
 .text.DMA_ITConfig
                0x08002fa4       0x74 ..\obj\stm32f4xx_dma.o
                0x08002fa4                DMA_ITConfig
 .text.DMA_GetITStatus
                0x08003018       0xb0 ..\obj\stm32f4xx_dma.o
                0x08003018                DMA_GetITStatus
 .text.DMA_ClearITPendingBit
                0x080030c8       0x5c ..\obj\stm32f4xx_dma.o
                0x080030c8                DMA_ClearITPendingBit
 .text._ZN22AnalogDigitalConverterC2Ev
                0x08003124      0x154 ..\obj\adc.o
                0x08003124                AnalogDigitalConverter::AnalogDigitalConverter()
                0x08003124                AnalogDigitalConverter::AnalogDigitalConverter()
 .text._ZN22AnalogDigitalConverter26getConvertedValueAsVoltageEi
                0x08003278       0x50 ..\obj\adc.o
                0x08003278                AnalogDigitalConverter::getConvertedValueAsVoltage(int)
 .text.EVAL_AUDIO_TransferComplete_CallBack
                0x080032c8       0x14 ..\obj\stm32f4_discovery_callbacks.o
                0x080032c8                EVAL_AUDIO_TransferComplete_CallBack
 .text.EVAL_AUDIO_GetSampleCallBack
                0x080032dc       0x10 ..\obj\stm32f4_discovery_callbacks.o
                0x080032dc                EVAL_AUDIO_GetSampleCallBack
 .text.SPI_I2S_SendData
                0x080032ec       0x1c ..\obj\stm32f4xx_spi.o
                0x080032ec                SPI_I2S_SendData
 .text.SPI_I2S_GetFlagStatus
                0x08003308       0x38 ..\obj\stm32f4xx_spi.o
                0x08003308                SPI_I2S_GetFlagStatus
 .text.EXTI_GetITStatus
                0x08003340       0x48 ..\obj\stm32f4xx_exti.o
                0x08003340                EXTI_GetITStatus
 .text.EXTI_ClearITPendingBit
                0x08003388       0x1c ..\obj\stm32f4xx_exti.o
                0x08003388                EXTI_ClearITPendingBit
 .text.NVIC_PriorityGroupConfig
                0x080033a4       0x24 ..\obj\misc.o
                0x080033a4                NVIC_PriorityGroupConfig
 .text.NVIC_Init
                0x080033c8       0xbc ..\obj\misc.o
                0x080033c8                NVIC_Init
 .text.TIM_TimeBaseInit
                0x08003484       0xd4 ..\obj\stm32f4xx_tim.o
                0x08003484                TIM_TimeBaseInit
 .text.TIM_SetAutoreload
                0x08003558       0x1c ..\obj\stm32f4xx_tim.o
                0x08003558                TIM_SetAutoreload
 .text.TIM_Cmd  0x08003574       0x40 ..\obj\stm32f4xx_tim.o
                0x08003574                TIM_Cmd
 .text.TIM_ICInit
                0x080035b4       0xa8 ..\obj\stm32f4xx_tim.o
                0x080035b4                TIM_ICInit
 .text.TIM_ICStructInit
                0x0800365c       0x30 ..\obj\stm32f4xx_tim.o
                0x0800365c                TIM_ICStructInit
 .text.TIM_SetIC1Prescaler
                0x0800368c       0x38 ..\obj\stm32f4xx_tim.o
                0x0800368c                TIM_SetIC1Prescaler
 .text.TIM_SetIC2Prescaler
                0x080036c4       0x3c ..\obj\stm32f4xx_tim.o
                0x080036c4                TIM_SetIC2Prescaler
 .text.TIM_SetIC3Prescaler
                0x08003700       0x38 ..\obj\stm32f4xx_tim.o
                0x08003700                TIM_SetIC3Prescaler
 .text.TIM_SetIC4Prescaler
                0x08003738       0x3c ..\obj\stm32f4xx_tim.o
                0x08003738                TIM_SetIC4Prescaler
 .text.TIM_ITConfig
                0x08003774       0x48 ..\obj\stm32f4xx_tim.o
                0x08003774                TIM_ITConfig
 .text.TIM_GetITStatus
                0x080037bc       0x54 ..\obj\stm32f4xx_tim.o
                0x080037bc                TIM_GetITStatus
 .text.TIM_ClearITPendingBit
                0x08003810       0x20 ..\obj\stm32f4xx_tim.o
                0x08003810                TIM_ClearITPendingBit
 .text.TIM_EncoderInterfaceConfig
                0x08003830       0x8c ..\obj\stm32f4xx_tim.o
                0x08003830                TIM_EncoderInterfaceConfig
 .text.TI1_Config
                0x080038bc       0x78 ..\obj\stm32f4xx_tim.o
 .text.TI2_Config
                0x08003934       0x8c ..\obj\stm32f4xx_tim.o
 .text.TI3_Config
                0x080039c0       0x84 ..\obj\stm32f4xx_tim.o
 .text.TI4_Config
                0x08003a44       0x90 ..\obj\stm32f4xx_tim.o
 .text._ZN4XbeeC2Ei
                0x08003ad4       0x74 ..\obj\xbee.o
                0x08003ad4                Xbee::Xbee(int)
                0x08003ad4                Xbee::Xbee(int)
 .text._ZN4Xbee11buffer_initEv
                0x08003b48       0x34 ..\obj\xbee.o
                0x08003b48                Xbee::buffer_init()
 .text._ZN4Xbee8BufferInEc
                0x08003b7c       0x88 ..\obj\xbee.o
                0x08003b7c                Xbee::BufferIn(char)
 .text._ZN4Xbee9BufferOutEPc
                0x08003c04       0x68 ..\obj\xbee.o
                0x08003c04                Xbee::BufferOut(char*)
 .text._ZN4Xbee10ReadBufferEPc
                0x08003c6c       0x54 ..\obj\xbee.o
                0x08003c6c                Xbee::ReadBuffer(char*)
 .text._ZN4Xbee7InitDMAEv
                0x08003cc0       0xc8 ..\obj\xbee.o
                0x08003cc0                Xbee::InitDMA()
 .text._ZN4Xbee4InitEv
                0x08003d88       0xd0 ..\obj\xbee.o
                0x08003d88                Xbee::Init()
 .text._ZN4Xbee7PutCharEt
                0x08003e58       0x3c ..\obj\xbee.o
                0x08003e58                Xbee::PutChar(unsigned short)
 .text._ZN4Xbee10SendStringEPc
                0x08003e94       0x2c ..\obj\xbee.o
                0x08003e94                Xbee::SendString(char*)
 .text._ZN4Xbee18IsCommandoAvalibleEv
                0x08003ec0       0x78 ..\obj\xbee.o
                0x08003ec0                Xbee::IsCommandoAvalible()
 .text._ZN4Xbee15ProzessCommandoEv
                0x08003f38       0xa4 ..\obj\xbee.o
                0x08003f38                Xbee::ProzessCommando()
 .text._ZN4Xbee15CommandoProzessEPc
                0x08003fdc      0x104 ..\obj\xbee.o
                0x08003fdc                Xbee::CommandoProzess(char*)
 .text.DMA1_Stream5_IRQHandler
                0x080040e0       0x30 ..\obj\xbee.o
                0x080040e0                DMA1_Stream5_IRQHandler
 .text.USART2_IRQHandler
                0x08004110       0x48 ..\obj\xbee.o
                0x08004110                USART2_IRQHandler
 .text          0x08004158      0x370 c:/program files (x86)/gnu tools arm embedded/4.8 2014q3/bin/../lib/gcc/arm-none-eabi/4.8.4/armv7e-m\libgcc.a(_arm_addsubdf3.o)
                0x08004158                __aeabi_drsub
                0x08004160                __aeabi_dsub
                0x08004160                __subdf3
                0x08004164                __aeabi_dadd
                0x08004164                __adddf3
                0x080043dc                __floatunsidf
                0x080043dc                __aeabi_ui2d
                0x080043fc                __floatsidf
                0x080043fc                __aeabi_i2d
                0x08004420                __aeabi_f2d
                0x08004420                __extendsfdf2
                0x0800445c                __floatundidf
                0x0800445c                __aeabi_ul2d
                0x0800446c                __floatdidf
                0x0800446c                __aeabi_l2d
 .text          0x080044c8      0x424 c:/program files (x86)/gnu tools arm embedded/4.8 2014q3/bin/../lib/gcc/arm-none-eabi/4.8.4/armv7e-m\libgcc.a(_arm_muldivdf3.o)
                0x080044c8                __aeabi_dmul
                0x080044c8                __muldf3
                0x0800471c                __divdf3
                0x0800471c                __aeabi_ddiv
 .text          0x080048ec       0x50 c:/program files (x86)/gnu tools arm embedded/4.8 2014q3/bin/../lib/gcc/arm-none-eabi/4.8.4/armv7e-m\libgcc.a(_arm_fixdfsi.o)
                0x080048ec                __aeabi_d2iz
                0x080048ec                __fixdfsi
 .text          0x0800493c       0xa0 c:/program files (x86)/gnu tools arm embedded/4.8 2014q3/bin/../lib/gcc/arm-none-eabi/4.8.4/armv7e-m\libgcc.a(_arm_truncdfsf2.o)
                0x0800493c                __truncdfsf2
                0x0800493c                __aeabi_d2f
 .text          0x080049dc      0xa1c c:/program files (x86)/gnu tools arm embedded/4.8 2014q3/bin/../lib/gcc/arm-none-eabi/4.8.4/armv7e-m\libgcc.a(unwind-arm.o)
                0x08004cc0                _Unwind_GetCFA
                0x08004cc4                __gnu_Unwind_RaiseException
                0x08004d24                __gnu_Unwind_ForcedUnwind
                0x08004d38                __gnu_Unwind_Resume
                0x08004d7c                __gnu_Unwind_Resume_or_Rethrow
                0x08004d8c                _Unwind_Complete
                0x08004d90                _Unwind_DeleteException
                0x08004da0                _Unwind_VRS_Get
                0x08004df0                _Unwind_VRS_Set
                0x08004e40                __gnu_Unwind_Backtrace
                0x08005194                __aeabi_unwind_cpp_pr0
                0x0800519c                __aeabi_unwind_cpp_pr1
                0x080051a4                __aeabi_unwind_cpp_pr2
                0x080051ac                _Unwind_VRS_Pop
 .text          0x080053f8      0x1ac c:/program files (x86)/gnu tools arm embedded/4.8 2014q3/bin/../lib/gcc/arm-none-eabi/4.8.4/armv7e-m\libgcc.a(libunwind.o)
                0x080053f8                __restore_core_regs
                0x080053f8                restore_core_regs
                0x08005410                __gnu_Unwind_Restore_VFP
                0x08005418                __gnu_Unwind_Save_VFP
                0x08005420                __gnu_Unwind_Restore_VFP_D
                0x08005428                __gnu_Unwind_Save_VFP_D
                0x08005430                __gnu_Unwind_Restore_VFP_D_16_to_31
                0x08005438                __gnu_Unwind_Save_VFP_D_16_to_31
                0x08005440                __gnu_Unwind_Restore_WMMXD
                0x08005484                __gnu_Unwind_Save_WMMXD
                0x080054c8                __gnu_Unwind_Restore_WMMXC
                0x080054dc                __gnu_Unwind_Save_WMMXC
                0x080054f0                ___Unwind_RaiseException
                0x080054f0                _Unwind_RaiseException
                0x08005514                _Unwind_Resume
                0x08005514                ___Unwind_Resume
                0x08005538                _Unwind_Resume_or_Rethrow
                0x08005538                ___Unwind_Resume_or_Rethrow
                0x0800555c                _Unwind_ForcedUnwind
                0x0800555c                ___Unwind_ForcedUnwind
                0x08005580                ___Unwind_Backtrace
                0x08005580                _Unwind_Backtrace
 .text          0x080055a4      0x33c c:/program files (x86)/gnu tools arm embedded/4.8 2014q3/bin/../lib/gcc/arm-none-eabi/4.8.4/armv7e-m\libgcc.a(pr-support.o)
                0x080055f8                __gnu_unwind_execute
                0x08005884                __gnu_unwind_frame
                0x080058b0                _Unwind_GetRegionStart
                0x080058bc                _Unwind_GetLanguageSpecificData
                0x080058d0                _Unwind_GetDataRelBase
                0x080058d8                _Unwind_GetTextRelBase
 .text.abort    0x080058e0       0x10 c:/program files (x86)/gnu tools arm embedded/4.8 2014q3/bin/../lib/gcc/arm-none-eabi/4.8.4/../../../../arm-none-eabi/lib/armv7e-m\libc.a(lib_a-abort.o)
                0x080058e0                abort
 .text.__aeabi_atexit
                0x080058f0        0xc c:/program files (x86)/gnu tools arm embedded/4.8 2014q3/bin/../lib/gcc/arm-none-eabi/4.8.4/../../../../arm-none-eabi/lib/armv7e-m\libc.a(lib_a-aeabi_atexit.o)
                0x080058f0                __aeabi_atexit
 .text.atoi     0x080058fc        0x8 c:/program files (x86)/gnu tools arm embedded/4.8 2014q3/bin/../lib/gcc/arm-none-eabi/4.8.4/../../../../arm-none-eabi/lib/armv7e-m\libc.a(lib_a-atoi.o)
                0x080058fc                atoi
 .text.__cxa_atexit
                0x08005904       0x14 c:/program files (x86)/gnu tools arm embedded/4.8 2014q3/bin/../lib/gcc/arm-none-eabi/4.8.4/../../../../arm-none-eabi/lib/armv7e-m\libc.a(lib_a-cxa_atexit.o)
                0x08005904                __cxa_atexit
 .text.exit     0x08005918       0x20 c:/program files (x86)/gnu tools arm embedded/4.8 2014q3/bin/../lib/gcc/arm-none-eabi/4.8.4/../../../../arm-none-eabi/lib/armv7e-m\libc.a(lib_a-exit.o)
                0x08005918                exit
 .text.__libc_init_array
                0x08005938       0x50 c:/program files (x86)/gnu tools arm embedded/4.8 2014q3/bin/../lib/gcc/arm-none-eabi/4.8.4/../../../../arm-none-eabi/lib/armv7e-m\libc.a(lib_a-init.o)
                0x08005938                __libc_init_array
 .text.malloc   0x08005988       0x10 c:/program files (x86)/gnu tools arm embedded/4.8 2014q3/bin/../lib/gcc/arm-none-eabi/4.8.4/../../../../arm-none-eabi/lib/armv7e-m\libc.a(lib_a-malloc.o)
                0x08005988                malloc
 .text.free     0x08005998       0x10 c:/program files (x86)/gnu tools arm embedded/4.8 2014q3/bin/../lib/gcc/arm-none-eabi/4.8.4/../../../../arm-none-eabi/lib/armv7e-m\libc.a(lib_a-malloc.o)
                0x08005998                free
 .text._malloc_r
                0x080059a8      0x538 c:/program files (x86)/gnu tools arm embedded/4.8 2014q3/bin/../lib/gcc/arm-none-eabi/4.8.4/../../../../arm-none-eabi/lib/armv7e-m\libc.a(lib_a-mallocr.o)
                0x080059a8                _malloc_r
 .text          0x08005ee0      0x134 c:/program files (x86)/gnu tools arm embedded/4.8 2014q3/bin/../lib/gcc/arm-none-eabi/4.8.4/../../../../arm-none-eabi/lib/armv7e-m\libc.a(lib_a-memcpy.o)
                0x08005ee0                memcpy
 .text.memset   0x08006014       0x94 c:/program files (x86)/gnu tools arm embedded/4.8 2014q3/bin/../lib/gcc/arm-none-eabi/4.8.4/../../../../arm-none-eabi/lib/armv7e-m\libc.a(lib_a-memset.o)
                0x08006014                memset
 .text.__malloc_lock
                0x080060a8        0x4 c:/program files (x86)/gnu tools arm embedded/4.8 2014q3/bin/../lib/gcc/arm-none-eabi/4.8.4/../../../../arm-none-eabi/lib/armv7e-m\libc.a(lib_a-mlock.o)
                0x080060a8                __malloc_lock
 .text.__malloc_unlock
                0x080060ac        0x4 c:/program files (x86)/gnu tools arm embedded/4.8 2014q3/bin/../lib/gcc/arm-none-eabi/4.8.4/../../../../arm-none-eabi/lib/armv7e-m\libc.a(lib_a-mlock.o)
                0x080060ac                __malloc_unlock
 .text._sbrk_r  0x080060b0       0x24 c:/program files (x86)/gnu tools arm embedded/4.8 2014q3/bin/../lib/gcc/arm-none-eabi/4.8.4/../../../../arm-none-eabi/lib/armv7e-m\libc.a(lib_a-sbrkr.o)
                0x080060b0                _sbrk_r
 .text._raise_r
                0x080060d4       0x58 c:/program files (x86)/gnu tools arm embedded/4.8 2014q3/bin/../lib/gcc/arm-none-eabi/4.8.4/../../../../arm-none-eabi/lib/armv7e-m\libc.a(lib_a-signal.o)
                0x080060d4                _raise_r
 .text.raise    0x0800612c       0x10 c:/program files (x86)/gnu tools arm embedded/4.8 2014q3/bin/../lib/gcc/arm-none-eabi/4.8.4/../../../../arm-none-eabi/lib/armv7e-m\libc.a(lib_a-signal.o)
                0x0800612c                raise
 .text._kill_r  0x0800613c       0x28 c:/program files (x86)/gnu tools arm embedded/4.8 2014q3/bin/../lib/gcc/arm-none-eabi/4.8.4/../../../../arm-none-eabi/lib/armv7e-m\libc.a(lib_a-signalr.o)
                0x0800613c                _kill_r
 .text._getpid_r
                0x08006164        0x4 c:/program files (x86)/gnu tools arm embedded/4.8 2014q3/bin/../lib/gcc/arm-none-eabi/4.8.4/../../../../arm-none-eabi/lib/armv7e-m\libc.a(lib_a-signalr.o)
                0x08006164                _getpid_r
 .text.sprintf  0x08006168       0x4c c:/program files (x86)/gnu tools arm embedded/4.8 2014q3/bin/../lib/gcc/arm-none-eabi/4.8.4/../../../../arm-none-eabi/lib/armv7e-m\libc.a(lib_a-sprintf.o)
                0x08006168                sprintf
 .text          0x080061b4      0x21c c:/program files (x86)/gnu tools arm embedded/4.8 2014q3/bin/../lib/gcc/arm-none-eabi/4.8.4/../../../../arm-none-eabi/lib/armv7e-m\libc.a(lib_a-strcmp.o)
                0x080061b4                strcmp
 .text.strcpy   0x080063d0       0xbc c:/program files (x86)/gnu tools arm embedded/4.8 2014q3/bin/../lib/gcc/arm-none-eabi/4.8.4/../../../../arm-none-eabi/lib/armv7e-m\libc.a(lib_a-strcpy.o)
                0x080063d0                strcpy
 .text.strlen   0x0800648c       0x60 c:/program files (x86)/gnu tools arm embedded/4.8 2014q3/bin/../lib/gcc/arm-none-eabi/4.8.4/../../../../arm-none-eabi/lib/armv7e-m\libc.a(lib_a-strlen.o)
                0x0800648c                strlen
 .text.strtok   0x080064ec       0x10 c:/program files (x86)/gnu tools arm embedded/4.8 2014q3/bin/../lib/gcc/arm-none-eabi/4.8.4/../../../../arm-none-eabi/lib/armv7e-m\libc.a(lib_a-strtok.o)
                0x080064ec                strtok
 .text.__strtok_r
                0x080064fc       0x64 c:/program files (x86)/gnu tools arm embedded/4.8 2014q3/bin/../lib/gcc/arm-none-eabi/4.8.4/../../../../arm-none-eabi/lib/armv7e-m\libc.a(lib_a-strtok_r.o)
                0x080064fc                __strtok_r
 .text._strtol_r
                0x08006560      0x114 c:/program files (x86)/gnu tools arm embedded/4.8 2014q3/bin/../lib/gcc/arm-none-eabi/4.8.4/../../../../arm-none-eabi/lib/armv7e-m\libc.a(lib_a-strtol.o)
                0x08006560                _strtol_r
 .text.strtol   0x08006674       0x18 c:/program files (x86)/gnu tools arm embedded/4.8 2014q3/bin/../lib/gcc/arm-none-eabi/4.8.4/../../../../arm-none-eabi/lib/armv7e-m\libc.a(lib_a-strtol.o)
                0x08006674                strtol
 .text._svfprintf_r
                0x0800668c     0x14f8 c:/program files (x86)/gnu tools arm embedded/4.8 2014q3/bin/../lib/gcc/arm-none-eabi/4.8.4/../../../../arm-none-eabi/lib/armv7e-m\libc.a(lib_a-svfprintf.o)
                0x0800668c                _svfprintf_r
 .text.__register_exitproc
                0x08007b84       0xa8 c:/program files (x86)/gnu tools arm embedded/4.8 2014q3/bin/../lib/gcc/arm-none-eabi/4.8.4/../../../../arm-none-eabi/lib/armv7e-m\libc.a(lib_a-__atexit.o)
                0x08007b84                __register_exitproc
 .text.startup.register_fini
                0x08007c2c       0x14 c:/program files (x86)/gnu tools arm embedded/4.8 2014q3/bin/../lib/gcc/arm-none-eabi/4.8.4/../../../../arm-none-eabi/lib/armv7e-m\libc.a(lib_a-__call_atexit.o)
 .text.__call_exitprocs
                0x08007c40       0xf0 c:/program files (x86)/gnu tools arm embedded/4.8 2014q3/bin/../lib/gcc/arm-none-eabi/4.8.4/../../../../arm-none-eabi/lib/armv7e-m\libc.a(lib_a-__call_atexit.o)
                0x08007c40                __call_exitprocs
 .text.atexit   0x08007d30        0xc c:/program files (x86)/gnu tools arm embedded/4.8 2014q3/bin/../lib/gcc/arm-none-eabi/4.8.4/../../../../arm-none-eabi/lib/armv7e-m\libc.a(lib_a-atexit.o)
                0x08007d30                atexit
 .text.quorem   0x08007d3c      0x130 c:/program files (x86)/gnu tools arm embedded/4.8 2014q3/bin/../lib/gcc/arm-none-eabi/4.8.4/../../../../arm-none-eabi/lib/armv7e-m\libc.a(lib_a-dtoa.o)
 *fill*         0x08007e6c        0x4 
 .text._dtoa_r  0x08007e70      0xe38 c:/program files (x86)/gnu tools arm embedded/4.8 2014q3/bin/../lib/gcc/arm-none-eabi/4.8.4/../../../../arm-none-eabi/lib/armv7e-m\libc.a(lib_a-dtoa.o)
                0x08007e70                _dtoa_r
 .text.__libc_fini_array
                0x08008ca8       0x30 c:/program files (x86)/gnu tools arm embedded/4.8 2014q3/bin/../lib/gcc/arm-none-eabi/4.8.4/../../../../arm-none-eabi/lib/armv7e-m\libc.a(lib_a-fini.o)
                0x08008ca8                __libc_fini_array
 .text._malloc_trim_r
                0x08008cd8       0x9c c:/program files (x86)/gnu tools arm embedded/4.8 2014q3/bin/../lib/gcc/arm-none-eabi/4.8.4/../../../../arm-none-eabi/lib/armv7e-m\libc.a(lib_a-freer.o)
                0x08008cd8                _malloc_trim_r
 .text._free_r  0x08008d74      0x19c c:/program files (x86)/gnu tools arm embedded/4.8 2014q3/bin/../lib/gcc/arm-none-eabi/4.8.4/../../../../arm-none-eabi/lib/armv7e-m\libc.a(lib_a-freer.o)
                0x08008d74                _free_r
 .text._localeconv_r
                0x08008f10        0x8 c:/program files (x86)/gnu tools arm embedded/4.8 2014q3/bin/../lib/gcc/arm-none-eabi/4.8.4/../../../../arm-none-eabi/lib/armv7e-m\libc.a(lib_a-locale.o)
                0x08008f10                _localeconv_r
 .text.memchr   0x08008f18       0x90 c:/program files (x86)/gnu tools arm embedded/4.8 2014q3/bin/../lib/gcc/arm-none-eabi/4.8.4/../../../../arm-none-eabi/lib/armv7e-m\libc.a(lib_a-memchr-stub.o)
                0x08008f18                memchr
 .text._Balloc  0x08008fa8       0x4c c:/program files (x86)/gnu tools arm embedded/4.8 2014q3/bin/../lib/gcc/arm-none-eabi/4.8.4/../../../../arm-none-eabi/lib/armv7e-m\libc.a(lib_a-mprec.o)
                0x08008fa8                _Balloc
 .text._Bfree   0x08008ff4       0x14 c:/program files (x86)/gnu tools arm embedded/4.8 2014q3/bin/../lib/gcc/arm-none-eabi/4.8.4/../../../../arm-none-eabi/lib/armv7e-m\libc.a(lib_a-mprec.o)
                0x08008ff4                _Bfree
 .text.__multadd
                0x08009008       0x98 c:/program files (x86)/gnu tools arm embedded/4.8 2014q3/bin/../lib/gcc/arm-none-eabi/4.8.4/../../../../arm-none-eabi/lib/armv7e-m\libc.a(lib_a-mprec.o)
                0x08009008                __multadd
 .text.__hi0bits
                0x080090a0       0x40 c:/program files (x86)/gnu tools arm embedded/4.8 2014q3/bin/../lib/gcc/arm-none-eabi/4.8.4/../../../../arm-none-eabi/lib/armv7e-m\libc.a(lib_a-mprec.o)
                0x080090a0                __hi0bits
 .text.__lo0bits
                0x080090e0       0x5c c:/program files (x86)/gnu tools arm embedded/4.8 2014q3/bin/../lib/gcc/arm-none-eabi/4.8.4/../../../../arm-none-eabi/lib/armv7e-m\libc.a(lib_a-mprec.o)
                0x080090e0                __lo0bits
 .text.__i2b    0x0800913c       0x14 c:/program files (x86)/gnu tools arm embedded/4.8 2014q3/bin/../lib/gcc/arm-none-eabi/4.8.4/../../../../arm-none-eabi/lib/armv7e-m\libc.a(lib_a-mprec.o)
                0x0800913c                __i2b
 .text.__multiply
                0x08009150      0x13c c:/program files (x86)/gnu tools arm embedded/4.8 2014q3/bin/../lib/gcc/arm-none-eabi/4.8.4/../../../../arm-none-eabi/lib/armv7e-m\libc.a(lib_a-mprec.o)
                0x08009150                __multiply
 .text.__pow5mult
                0x0800928c       0x9c c:/program files (x86)/gnu tools arm embedded/4.8 2014q3/bin/../lib/gcc/arm-none-eabi/4.8.4/../../../../arm-none-eabi/lib/armv7e-m\libc.a(lib_a-mprec.o)
                0x0800928c                __pow5mult
 .text.__lshift
                0x08009328       0xbc c:/program files (x86)/gnu tools arm embedded/4.8 2014q3/bin/../lib/gcc/arm-none-eabi/4.8.4/../../../../arm-none-eabi/lib/armv7e-m\libc.a(lib_a-mprec.o)
                0x08009328                __lshift
 .text.__mcmp   0x080093e4       0x48 c:/program files (x86)/gnu tools arm embedded/4.8 2014q3/bin/../lib/gcc/arm-none-eabi/4.8.4/../../../../arm-none-eabi/lib/armv7e-m\libc.a(lib_a-mprec.o)
                0x080093e4                __mcmp
 .text.__mdiff  0x0800942c       0xd4 c:/program files (x86)/gnu tools arm embedded/4.8 2014q3/bin/../lib/gcc/arm-none-eabi/4.8.4/../../../../arm-none-eabi/lib/armv7e-m\libc.a(lib_a-mprec.o)
                0x0800942c                __mdiff
 .text.__d2b    0x08009500       0xbc c:/program files (x86)/gnu tools arm embedded/4.8 2014q3/bin/../lib/gcc/arm-none-eabi/4.8.4/../../../../arm-none-eabi/lib/armv7e-m\libc.a(lib_a-mprec.o)
                0x08009500                __d2b
 .text.__fpclassifyd
                0x080095bc       0x50 c:/program files (x86)/gnu tools arm embedded/4.8 2014q3/bin/../lib/gcc/arm-none-eabi/4.8.4/../../../../arm-none-eabi/lib/armv7e-m\libc.a(lib_a-s_fpclassify.o)
                0x080095bc                __fpclassifyd
 .text.__ssprint_r
                0x0800960c      0x100 c:/program files (x86)/gnu tools arm embedded/4.8 2014q3/bin/../lib/gcc/arm-none-eabi/4.8.4/../../../../arm-none-eabi/lib/armv7e-m\libc.a(lib_a-svfiprintf.o)
                0x0800960c                __ssprint_r
 .text._calloc_r
                0x0800970c       0x60 c:/program files (x86)/gnu tools arm embedded/4.8 2014q3/bin/../lib/gcc/arm-none-eabi/4.8.4/../../../../arm-none-eabi/lib/armv7e-m\libc.a(lib_a-callocr.o)
                0x0800970c                _calloc_r
 .text.memmove  0x0800976c       0xc0 c:/program files (x86)/gnu tools arm embedded/4.8 2014q3/bin/../lib/gcc/arm-none-eabi/4.8.4/../../../../arm-none-eabi/lib/armv7e-m\libc.a(lib_a-memmove.o)
                0x0800976c                memmove
 .text._realloc_r
                0x0800982c      0x3cc c:/program files (x86)/gnu tools arm embedded/4.8 2014q3/bin/../lib/gcc/arm-none-eabi/4.8.4/../../../../arm-none-eabi/lib/armv7e-m\libc.a(lib_a-reallocr.o)
                0x0800982c                _realloc_r
 .text._getpid  0x08009bf8       0x10 c:/program files (x86)/gnu tools arm embedded/4.8 2014q3/bin/../lib/gcc/arm-none-eabi/4.8.4/../../../../arm-none-eabi/lib/armv7e-m\libnosys.a(getpid.o)
                0x08009bf8                _getpid
 .text._kill    0x08009c08       0x10 c:/program files (x86)/gnu tools arm embedded/4.8 2014q3/bin/../lib/gcc/arm-none-eabi/4.8.4/../../../../arm-none-eabi/lib/armv7e-m\libnosys.a(kill.o)
                0x08009c08                _kill
 .text._sbrk    0x08009c18       0x34 c:/program files (x86)/gnu tools arm embedded/4.8 2014q3/bin/../lib/gcc/arm-none-eabi/4.8.4/../../../../arm-none-eabi/lib/armv7e-m\libnosys.a(sbrk.o)
                0x08009c18                _sbrk
 .text._exit    0x08009c4c        0x4 c:/program files (x86)/gnu tools arm embedded/4.8 2014q3/bin/../lib/gcc/arm-none-eabi/4.8.4/../../../../arm-none-eabi/lib/armv7e-m\libnosys.a(_exit.o)
                0x08009c4c                _exit
 .text          0x08009c50      0x110 c:/program files (x86)/gnu tools arm embedded/4.8 2014q3/bin/../lib/gcc/arm-none-eabi/4.8.4/armv7e-m\libgcc.a(_arm_cmpdf2.o)
                0x08009c50                __gtdf2
                0x08009c50                __gedf2
                0x08009c58                __ltdf2
                0x08009c58                __ledf2
                0x08009c60                __nedf2
                0x08009c60                __eqdf2
                0x08009c60                __cmpdf2
                0x08009cdc                __aeabi_cdrcmple
                0x08009cec                __aeabi_cdcmpeq
                0x08009cec                __aeabi_cdcmple
                0x08009cfc                __aeabi_dcmpeq
                0x08009d10                __aeabi_dcmplt
                0x08009d24                __aeabi_dcmple
                0x08009d38                __aeabi_dcmpge
                0x08009d4c                __aeabi_dcmpgt
 .text          0x08009d60       0x2c c:/program files (x86)/gnu tools arm embedded/4.8 2014q3/bin/../lib/gcc/arm-none-eabi/4.8.4/armv7e-m\libgcc.a(_aeabi_uldivmod.o)
                0x08009d60                __aeabi_uldivmod
 .text          0x08009d8c       0x60 c:/program files (x86)/gnu tools arm embedded/4.8 2014q3/bin/../lib/gcc/arm-none-eabi/4.8.4/armv7e-m\libgcc.a(bpabi.o)
                0x08009d8c                __gnu_ldivmod_helper
                0x08009dbc                __gnu_uldivmod_helper
 .text          0x08009dec        0x4 c:/program files (x86)/gnu tools arm embedded/4.8 2014q3/bin/../lib/gcc/arm-none-eabi/4.8.4/armv7e-m\libgcc.a(_dvmd_tls.o)
                0x08009dec                __aeabi_idiv0
                0x08009dec                __aeabi_ldiv0
 .text          0x08009df0      0x298 c:/program files (x86)/gnu tools arm embedded/4.8 2014q3/bin/../lib/gcc/arm-none-eabi/4.8.4/armv7e-m\libgcc.a(_divdi3.o)
                0x08009df0                __divdi3
 .text          0x0800a088      0x284 c:/program files (x86)/gnu tools arm embedded/4.8 2014q3/bin/../lib/gcc/arm-none-eabi/4.8.4/armv7e-m\libgcc.a(_udivdi3.o)
                0x0800a088                __udivdi3
 *(.init)
 .init          0x0800a30c        0x4 c:/program files (x86)/gnu tools arm embedded/4.8 2014q3/bin/../lib/gcc/arm-none-eabi/4.8.4/armv7e-m/crti.o
                0x0800a30c                _init
 .init          0x0800a310        0x8 c:/program files (x86)/gnu tools arm embedded/4.8 2014q3/bin/../lib/gcc/arm-none-eabi/4.8.4/armv7e-m/crtn.o
 *(.fini)
 .fini          0x0800a318        0x4 c:/program files (x86)/gnu tools arm embedded/4.8 2014q3/bin/../lib/gcc/arm-none-eabi/4.8.4/armv7e-m/crti.o
                0x0800a318                _fini
 .fini          0x0800a31c        0x8 c:/program files (x86)/gnu tools arm embedded/4.8 2014q3/bin/../lib/gcc/arm-none-eabi/4.8.4/armv7e-m/crtn.o
 *crtbegin.o(.ctors)
 *crtbegin?.o(.ctors)
 *(EXCLUDE_FILE(*crtend.o *crtend?.o) .ctors)
 *(SORT(.ctors.*))
 *(.ctors)
 *crtbegin.o(.dtors)
 *crtbegin?.o(.dtors)
 *(EXCLUDE_FILE(*crtend.o *crtend?.o) .dtors)
 *(SORT(.dtors.*))
 *(.dtors)
 *(.rodata*)
 .rodata        0x0800a324       0x40 ..\obj\stepper.o
 .rodata        0x0800a364       0x30 ..\obj\stm32f4_discovery.o
                0x0800a364                GPIO_PIN
                0x0800a36c                GPIO_CLK
                0x0800a37c                BUTTON_PIN
                0x0800a380                BUTTON_CLK
                0x0800a384                BUTTON_EXTI_LINE
                0x0800a388                BUTTON_PORT_SOURCE
                0x0800a38c                BUTTON_PIN_SOURCE
                0x0800a390                BUTTON_IRQn
 .rodata        0x0800a394       0x28 ..\obj\main.o
 .rodata        0x0800a3bc       0x4c ..\obj\fassade.o
 .rodata        0x0800a408       0xe0 ..\obj\terminal.o
 .rodata        0x0800a4e8       0x5c ..\obj\xbee.o
 .rodata.str1.4
                0x0800a544        0x2 c:/program files (x86)/gnu tools arm embedded/4.8 2014q3/bin/../lib/gcc/arm-none-eabi/4.8.4/../../../../arm-none-eabi/lib/armv7e-m\libc.a(lib_a-impure.o)
                                  0x4 (size before relaxing)
 *fill*         0x0800a546        0x2 
 .rodata._global_impure_ptr
                0x0800a548        0x4 c:/program files (x86)/gnu tools arm embedded/4.8 2014q3/bin/../lib/gcc/arm-none-eabi/4.8.4/../../../../arm-none-eabi/lib/armv7e-m\libc.a(lib_a-impure.o)
                0x0800a548                _global_impure_ptr
 .rodata.zeroes.6763
                0x0800a54c       0x10 c:/program files (x86)/gnu tools arm embedded/4.8 2014q3/bin/../lib/gcc/arm-none-eabi/4.8.4/../../../../arm-none-eabi/lib/armv7e-m\libc.a(lib_a-svfprintf.o)
 .rodata.str1.4
                0x0800a55c       0x42 c:/program files (x86)/gnu tools arm embedded/4.8 2014q3/bin/../lib/gcc/arm-none-eabi/4.8.4/../../../../arm-none-eabi/lib/armv7e-m\libc.a(lib_a-svfprintf.o)
                                 0x44 (size before relaxing)
 *fill*         0x0800a59e        0x2 
 .rodata.blanks.6762
                0x0800a5a0       0x10 c:/program files (x86)/gnu tools arm embedded/4.8 2014q3/bin/../lib/gcc/arm-none-eabi/4.8.4/../../../../arm-none-eabi/lib/armv7e-m\libc.a(lib_a-svfprintf.o)
 .rodata._ctype_
                0x0800a5b0      0x104 c:/program files (x86)/gnu tools arm embedded/4.8 2014q3/bin/../lib/gcc/arm-none-eabi/4.8.4/../../../../arm-none-eabi/lib/armv7e-m\libc.a(lib_a-ctype_.o)
                0x0800a5b0                _ctype_
 .rodata.str1.4
                0x0800a6b4       0x10 c:/program files (x86)/gnu tools arm embedded/4.8 2014q3/bin/../lib/gcc/arm-none-eabi/4.8.4/../../../../arm-none-eabi/lib/armv7e-m\libc.a(lib_a-dtoa.o)
                                 0x14 (size before relaxing)
 .rodata.str1.4
                0x0800a6c4        0xc c:/program files (x86)/gnu tools arm embedded/4.8 2014q3/bin/../lib/gcc/arm-none-eabi/4.8.4/../../../../arm-none-eabi/lib/armv7e-m\libc.a(lib_a-locale.o)
                                 0x14 (size before relaxing)
 .rodata.__mprec_tens
                0x0800a6d0       0xc8 c:/program files (x86)/gnu tools arm embedded/4.8 2014q3/bin/../lib/gcc/arm-none-eabi/4.8.4/../../../../arm-none-eabi/lib/armv7e-m\libc.a(lib_a-mprec.o)
                0x0800a6d0                __mprec_tens
 .rodata.__mprec_bigtens
                0x0800a798       0x28 c:/program files (x86)/gnu tools arm embedded/4.8 2014q3/bin/../lib/gcc/arm-none-eabi/4.8.4/../../../../arm-none-eabi/lib/armv7e-m\libc.a(lib_a-mprec.o)
                0x0800a798                __mprec_bigtens
 .rodata.p05.5269
                0x0800a7c0        0xc c:/program files (x86)/gnu tools arm embedded/4.8 2014q3/bin/../lib/gcc/arm-none-eabi/4.8.4/../../../../arm-none-eabi/lib/armv7e-m\libc.a(lib_a-mprec.o)
 *(.eh_frame*)
 .eh_frame      0x0800a7cc        0x0 c:/program files (x86)/gnu tools arm embedded/4.8 2014q3/bin/../lib/gcc/arm-none-eabi/4.8.4/armv7e-m/crtbegin.o
 .eh_frame      0x0800a7cc        0x4 c:/program files (x86)/gnu tools arm embedded/4.8 2014q3/bin/../lib/gcc/arm-none-eabi/4.8.4/armv7e-m/crtend.o

.glue_7         0x0800a7d0        0x0
 .glue_7        0x00000000        0x0 linker stubs

.glue_7t        0x0800a7d0        0x0
 .glue_7t       0x00000000        0x0 linker stubs

.vfp11_veneer   0x0800a7d0        0x0
 .vfp11_veneer  0x00000000        0x0 linker stubs

.v4_bx          0x0800a7d0        0x0
 .v4_bx         0x00000000        0x0 linker stubs

.iplt           0x0800a7d0        0x0
 .iplt          0x00000000        0x0 c:/program files (x86)/gnu tools arm embedded/4.8 2014q3/bin/../lib/gcc/arm-none-eabi/4.8.4/armv7e-m/crtbegin.o

.ARM.extab      0x0800a7d0      0x234
 *(.ARM.extab* .gnu.linkonce.armextab.*)
 .ARM.extab.text._ZN18TemperaturSensorenC2Ev
                0x0800a7d0        0xc ..\obj\temp_sensors.o
 .ARM.extab.text._ZN17QuadratureEncoderC2Ev
                0x0800a7dc        0xc ..\obj\quadrature_encoder.o
 .ARM.extab.text._ZN3LedC2Ev
                0x0800a7e8        0xc ..\obj\led.o
 .ARM.extab.text._ZN3Led2OnEv
                0x0800a7f4        0xc ..\obj\led.o
 .ARM.extab.text._ZN3Led3OffEv
                0x0800a800        0xc ..\obj\led.o
 .ARM.extab.text.EXTI9_5_IRQHandler
                0x0800a80c        0xc ..\obj\rotary.o
 .ARM.extab.text._ZN7StepperC2Ev
                0x0800a818        0xc ..\obj\stepper.o
 .ARM.extab.text._ZN7Stepper4InitEv
                0x0800a824        0xc ..\obj\stepper.o
 .ARM.extab.text._ZN7Stepper4LeftEii
                0x0800a830        0xc ..\obj\stepper.o
 .ARM.extab.text._ZN7Stepper5RightEii
                0x0800a83c        0xc ..\obj\stepper.o
 .ARM.extab.text._ZN7Stepper7Go2StepEi
                0x0800a848        0xc ..\obj\stepper.o
 .ARM.extab.text._ZN7Stepper8LeerlaufEv
                0x0800a854        0xc ..\obj\stepper.o
 .ARM.extab.text._ZN7Stepper7RunStepEv
                0x0800a860        0xc ..\obj\stepper.o
 .ARM.extab.text._ZN7Stepper8InitTim2Eii
                0x0800a86c        0xc ..\obj\stepper.o
 .ARM.extab.text.main
                0x0800a878        0xc ..\obj\main.o
 .ARM.extab.text._ZN7Fassade15Window2PositionEi
                0x0800a884        0xc ..\obj\fassade.o
 .ARM.extab.text._ZN10Ampermeter10getCurrentEv
                0x0800a890        0xc ..\obj\ampermeter.o
 .ARM.extab.text._ZN7DisplayC2Ei
                0x0800a89c        0xc ..\obj\display.o
 .ARM.extab.text._ZN7Display4InitEv
                0x0800a8a8        0xc ..\obj\display.o
 .ARM.extab.text._ZN7Display11uartPutCharEt
                0x0800a8b4        0xc ..\obj\display.o
 .ARM.extab.text._ZN7Display14uartSendStringEPc
                0x0800a8c0        0xc ..\obj\display.o
 .ARM.extab.text._ZN7Display9BacklightEc
                0x0800a8cc        0xc ..\obj\display.o
 .ARM.extab.text._ZN7Display14SpecialCommandEc
                0x0800a8d8        0xc ..\obj\display.o
 .ARM.extab.text._ZN7Display17SetCursorPositionEc
                0x0800a8e4        0xc ..\obj\display.o
 .ARM.extab.text._ZN8TerminalC2Ei
                0x0800a8f0        0xc ..\obj\terminal.o
 .ARM.extab.text._ZN8Terminal13usart3InitDMAEv
                0x0800a8fc        0xc ..\obj\terminal.o
 .ARM.extab.text._ZN8Terminal10SendViaDmaEPci
                0x0800a908        0xc ..\obj\terminal.o
 .ARM.extab.text._ZN8Terminal10usart3InitEv
                0x0800a914        0xc ..\obj\terminal.o
 .ARM.extab.text._ZN8Terminal11uartPutCharEt
                0x0800a920        0xc ..\obj\terminal.o
 .ARM.extab.text._ZN8Terminal14uartSendStringEPc
                0x0800a92c        0xc ..\obj\terminal.o
 .ARM.extab.text._ZN8Terminal11SendMessageEPc
                0x0800a938        0xc ..\obj\terminal.o
 .ARM.extab.text._ZN8Terminal18IsCommandoAvalibleEv
                0x0800a944        0xc ..\obj\terminal.o
 .ARM.extab.text._ZN8Terminal15ProzessCommandoEv
                0x0800a950        0xc ..\obj\terminal.o
 .ARM.extab.text._ZN8Terminal15CommandoProzessEPc
                0x0800a95c        0xc ..\obj\terminal.o
 .ARM.extab.text.USART3_IRQHandler
                0x0800a968        0xc ..\obj\terminal.o
 .ARM.extab.text._ZN22AnalogDigitalConverterC2Ev
                0x0800a974        0xc ..\obj\adc.o
 .ARM.extab.text._ZN4XbeeC2Ei
                0x0800a980        0xc ..\obj\xbee.o
 .ARM.extab.text._ZN4Xbee7InitDMAEv
                0x0800a98c        0xc ..\obj\xbee.o
 .ARM.extab.text._ZN4Xbee4InitEv
                0x0800a998        0xc ..\obj\xbee.o
 .ARM.extab.text._ZN4Xbee7PutCharEt
                0x0800a9a4        0xc ..\obj\xbee.o
 .ARM.extab.text._ZN4Xbee10SendStringEPc
                0x0800a9b0        0xc ..\obj\xbee.o
 .ARM.extab.text._ZN4Xbee15ProzessCommandoEv
                0x0800a9bc        0xc ..\obj\xbee.o
 .ARM.extab.text._ZN4Xbee15CommandoProzessEPc
                0x0800a9c8        0xc ..\obj\xbee.o
 .ARM.extab.text.USART2_IRQHandler
                0x0800a9d4        0xc ..\obj\xbee.o
 .ARM.extab     0x0800a9e0        0xc c:/program files (x86)/gnu tools arm embedded/4.8 2014q3/bin/../lib/gcc/arm-none-eabi/4.8.4/armv7e-m\libgcc.a(unwind-arm.o)
 .ARM.extab     0x0800a9ec       0x18 c:/program files (x86)/gnu tools arm embedded/4.8 2014q3/bin/../lib/gcc/arm-none-eabi/4.8.4/armv7e-m\libgcc.a(pr-support.o)
                0x0800aa04                __exidx_start = .

.ARM.exidx      0x0800aa04      0x2c8
 *(.ARM.exidx* .gnu.linkonce.armexidx.*)
 .ARM.exidx     0x0800aa04        0x8 c:/program files (x86)/gnu tools arm embedded/4.8 2014q3/bin/../lib/gcc/arm-none-eabi/4.8.4/../../../../arm-none-eabi/lib/armv7e-m/crt0.o
 .ARM.exidx.text._ZN18TemperaturSensorenC2Ev
                0x0800aa0c       0x10 ..\obj\temp_sensors.o
                                  0x8 (size before relaxing)
 .ARM.exidx.text._ZN17QuadratureEncoderC2Ev
                0x0800aa1c        0x8 ..\obj\quadrature_encoder.o
 .ARM.exidx.text._ZN17QuadratureEncoder5resetEv
                0x0800aa24        0x8 ..\obj\quadrature_encoder.o
 .ARM.exidx.text._ZN3LedC2Ev
                0x0800aa2c        0x8 ..\obj\led.o
 .ARM.exidx.text._ZN3LedD2Ev
                0x0800aa34        0x8 ..\obj\led.o
 .ARM.exidx.text._ZN3Led2OnEv
                0x0800aa3c        0x8 ..\obj\led.o
 .ARM.exidx.text._ZN3Led3OffEv
                0x0800aa44       0x10 ..\obj\led.o
                                  0x8 (size before relaxing)
 .ARM.exidx.text.EXTI9_5_IRQHandler
                0x0800aa54        0x8 ..\obj\rotary.o
 .ARM.exidx.text._ZN7StepperC2Ev
                0x0800aa5c        0x8 ..\obj\stepper.o
 .ARM.exidx.text._ZN7Stepper4InitEv
                0x0800aa64        0x8 ..\obj\stepper.o
 .ARM.exidx.text._ZN7Stepper4LeftEii
                0x0800aa6c        0x8 ..\obj\stepper.o
 .ARM.exidx.text._ZN7Stepper5RightEii
                0x0800aa74        0x8 ..\obj\stepper.o
 .ARM.exidx.text._ZN7Stepper7Go2StepEi
                0x0800aa7c        0x8 ..\obj\stepper.o
 .ARM.exidx.text._ZN7Stepper8LeerlaufEv
                0x0800aa84        0x8 ..\obj\stepper.o
 .ARM.exidx.text._ZN7Stepper7RunStepEv
                0x0800aa8c        0x8 ..\obj\stepper.o
 .ARM.exidx.text._ZN7Stepper15EnableSingeltonEv
                0x0800aa94        0x8 ..\obj\stepper.o
 .ARM.exidx.text._ZN7Stepper8InitTim2Eii
                0x0800aa9c        0x8 ..\obj\stepper.o
 .ARM.exidx.text.TIM2_IRQHandler
                0x0800aaa4       0x10 ..\obj\stepper.o
                                  0x8 (size before relaxing)
 .ARM.exidx.text.main
                0x0800aab4        0x8 ..\obj\main.o
 .ARM.exidx.text._Z41__static_initialization_and_destruction_0ii
                0x0800aabc        0x8 ..\obj\main.o
 .ARM.exidx.text._GLOBAL__sub_I_OutputString
                0x0800aac4        0x0 ..\obj\main.o
                                  0x8 (size before relaxing)
 .ARM.exidx.text._ZN7Fassade15Window2PositionEi
                0x0800aac4        0x8 ..\obj\fassade.o
 .ARM.exidx.text._ZN10AmpermeterC2Ev
                0x0800aacc        0x8 ..\obj\ampermeter.o
 .ARM.exidx.text._ZN10Ampermeter10getCurrentEv
                0x0800aad4       0x10 ..\obj\ampermeter.o
                                  0x8 (size before relaxing)
 .ARM.exidx.text._ZN7DisplayC2Ei
                0x0800aae4        0x8 ..\obj\display.o
 .ARM.exidx.text._ZN7Display4InitEv
                0x0800aaec        0x8 ..\obj\display.o
 .ARM.exidx.text._ZN7Display11uartPutCharEt
                0x0800aaf4        0x8 ..\obj\display.o
 .ARM.exidx.text._ZN7Display14uartSendStringEPc
                0x0800aafc        0x8 ..\obj\display.o
 .ARM.exidx.text._ZN7Display9BacklightEc
                0x0800ab04        0x8 ..\obj\display.o
 .ARM.exidx.text._ZN7Display14SpecialCommandEc
                0x0800ab0c        0x8 ..\obj\display.o
 .ARM.exidx.text._ZN7Display17SetCursorPositionEc
                0x0800ab14       0x10 ..\obj\display.o
                                  0x8 (size before relaxing)
 .ARM.exidx.text._ZN8TerminalC2Ei
                0x0800ab24        0x8 ..\obj\terminal.o
 .ARM.exidx.text._ZN8Terminal11buffer_initEv
                0x0800ab2c        0x8 ..\obj\terminal.o
 .ARM.exidx.text._ZN8Terminal8BufferInEc
                0x0800ab34        0x0 ..\obj\terminal.o
                                  0x8 (size before relaxing)
 .ARM.exidx.text._ZN8Terminal9BufferOutEPc
                0x0800ab34        0x0 ..\obj\terminal.o
                                  0x8 (size before relaxing)
 .ARM.exidx.text._ZN8Terminal10ReadBufferEPc
                0x0800ab34        0x0 ..\obj\terminal.o
                                  0x8 (size before relaxing)
 .ARM.exidx.text._ZN8Terminal13usart3InitDMAEv
                0x0800ab34        0x8 ..\obj\terminal.o
 .ARM.exidx.text._ZN8Terminal10SendViaDmaEPci
                0x0800ab3c        0x8 ..\obj\terminal.o
 .ARM.exidx.text._ZN8Terminal10usart3InitEv
                0x0800ab44        0x8 ..\obj\terminal.o
 .ARM.exidx.text._ZN8Terminal11uartPutCharEt
                0x0800ab4c        0x8 ..\obj\terminal.o
 .ARM.exidx.text._ZN8Terminal14uartSendStringEPc
                0x0800ab54        0x8 ..\obj\terminal.o
 .ARM.exidx.text._ZN8Terminal11SendMessageEPc
                0x0800ab5c        0x8 ..\obj\terminal.o
 .ARM.exidx.text._ZN8Terminal18IsCommandoAvalibleEv
                0x0800ab64        0x8 ..\obj\terminal.o
 .ARM.exidx.text._ZN8Terminal15ProzessCommandoEv
                0x0800ab6c        0x8 ..\obj\terminal.o
 .ARM.exidx.text._ZN8Terminal15CommandoProzessEPc
                0x0800ab74        0x8 ..\obj\terminal.o
 .ARM.exidx.text._ZN8Terminal15EnableSingeltonEv
                0x0800ab7c        0x8 ..\obj\terminal.o
 .ARM.exidx.text.DMA1_Stream3_IRQHandler
                0x0800ab84        0x8 ..\obj\terminal.o
 .ARM.exidx.text.USART3_IRQHandler
                0x0800ab8c       0x10 ..\obj\terminal.o
                                  0x8 (size before relaxing)
 .ARM.exidx.text._ZN22AnalogDigitalConverterC2Ev
                0x0800ab9c        0x8 ..\obj\adc.o
 .ARM.exidx.text._ZN22AnalogDigitalConverter26getConvertedValueAsVoltageEi
                0x0800aba4        0x8 ..\obj\adc.o
 .ARM.exidx.text._ZN4XbeeC2Ei
                0x0800abac        0x8 ..\obj\xbee.o
 .ARM.exidx.text._ZN4Xbee11buffer_initEv
                0x0800abb4        0x8 ..\obj\xbee.o
 .ARM.exidx.text._ZN4Xbee8BufferInEc
                0x0800abbc        0x0 ..\obj\xbee.o
                                  0x8 (size before relaxing)
 .ARM.exidx.text._ZN4Xbee9BufferOutEPc
                0x0800abbc        0x0 ..\obj\xbee.o
                                  0x8 (size before relaxing)
 .ARM.exidx.text._ZN4Xbee10ReadBufferEPc
                0x0800abbc        0x0 ..\obj\xbee.o
                                  0x8 (size before relaxing)
 .ARM.exidx.text._ZN4Xbee7InitDMAEv
                0x0800abbc        0x8 ..\obj\xbee.o
 .ARM.exidx.text._ZN4Xbee4InitEv
                0x0800abc4        0x8 ..\obj\xbee.o
 .ARM.exidx.text._ZN4Xbee7PutCharEt
                0x0800abcc        0x8 ..\obj\xbee.o
 .ARM.exidx.text._ZN4Xbee10SendStringEPc
                0x0800abd4        0x8 ..\obj\xbee.o
 .ARM.exidx.text._ZN4Xbee18IsCommandoAvalibleEv
                0x0800abdc        0x8 ..\obj\xbee.o
 .ARM.exidx.text._ZN4Xbee15ProzessCommandoEv
                0x0800abe4        0x8 ..\obj\xbee.o
 .ARM.exidx.text._ZN4Xbee15CommandoProzessEPc
                0x0800abec        0x8 ..\obj\xbee.o
 .ARM.exidx.text.DMA1_Stream5_IRQHandler
                0x0800abf4        0x8 ..\obj\xbee.o
 .ARM.exidx.text.USART2_IRQHandler
                0x0800abfc       0x10 ..\obj\xbee.o
                                  0x8 (size before relaxing)
 .ARM.exidx     0x0800ac0c       0x88 c:/program files (x86)/gnu tools arm embedded/4.8 2014q3/bin/../lib/gcc/arm-none-eabi/4.8.4/armv7e-m\libgcc.a(unwind-arm.o)
                                 0xd8 (size before relaxing)
 .ARM.exidx     0x0800ac94       0x38 c:/program files (x86)/gnu tools arm embedded/4.8 2014q3/bin/../lib/gcc/arm-none-eabi/4.8.4/armv7e-m\libgcc.a(pr-support.o)
                                 0x48 (size before relaxing)
 .ARM.exidx     0x0800accc        0x0 c:/program files (x86)/gnu tools arm embedded/4.8 2014q3/bin/../lib/gcc/arm-none-eabi/4.8.4/armv7e-m\libgcc.a(_divdi3.o)
                                  0x8 (size before relaxing)
 .ARM.exidx     0x0800accc        0x0 c:/program files (x86)/gnu tools arm embedded/4.8 2014q3/bin/../lib/gcc/arm-none-eabi/4.8.4/armv7e-m\libgcc.a(_udivdi3.o)
                                  0x8 (size before relaxing)
                0x0800accc                __exidx_end = .
                0x0800accc                __etext = .
                0x0800accc                _sidata = __etext

.rel.dyn        0x0800accc        0x0
 .rel.iplt      0x00000000        0x0 c:/program files (x86)/gnu tools arm embedded/4.8 2014q3/bin/../lib/gcc/arm-none-eabi/4.8.4/armv7e-m/crtbegin.o

.data           0x20000000      0x9a4 load address 0x0800accc
                0x20000000                __data_start__ = .
                0x20000000                _sdata = __data_start__
 *(vtable)
 *(.data*)
 .data          0x20000000        0x4 c:/program files (x86)/gnu tools arm embedded/4.8 2014q3/bin/../lib/gcc/arm-none-eabi/4.8.4/armv7e-m/crtbegin.o
                0x20000000                __dso_handle
 .data          0x20000004       0x34 ..\obj\stm32f4_discovery_audio_codec.o
                0x20000004                AudioTotalSize
                0x20000008                AudioRemSize
                0x2000000c                CODECTimeout
                0x20000010                CurrAudioInterface
                0x20000014                AUDIO_MAL_DMA_CLOCK
                0x20000018                AUDIO_MAL_DMA_STREAM
                0x2000001c                AUDIO_MAL_DMA_DREG
                0x20000020                AUDIO_MAL_DMA_IRQ
                0x20000024                AUDIO_MAL_DMA_FLAG_TC
                0x20000028                AUDIO_MAL_DMA_FLAG_HT
                0x2000002c                AUDIO_MAL_DMA_FLAG_FE
                0x20000030                AUDIO_MAL_DMA_FLAG_TE
                0x20000034                AUDIO_MAL_DMA_FLAG_DME
 .data          0x20000038       0x14 ..\obj\stm32f4_discovery.o
                0x20000038                GPIO_PORT
                0x20000048                BUTTON_PORT
 .data          0x2000004c       0x10 ..\obj\stm32f4xx_rcc.o
 .data          0x2000005c       0xb8 ..\obj\terminal.o
 *fill*         0x20000114        0x4 
 .data.impure_data
                0x20000118      0x428 c:/program files (x86)/gnu tools arm embedded/4.8 2014q3/bin/../lib/gcc/arm-none-eabi/4.8.4/../../../../arm-none-eabi/lib/armv7e-m\libc.a(lib_a-impure.o)
 .data._impure_ptr
                0x20000540        0x4 c:/program files (x86)/gnu tools arm embedded/4.8 2014q3/bin/../lib/gcc/arm-none-eabi/4.8.4/../../../../arm-none-eabi/lib/armv7e-m\libc.a(lib_a-impure.o)
                0x20000540                _impure_ptr
 .data.__malloc_av_
                0x20000544      0x408 c:/program files (x86)/gnu tools arm embedded/4.8 2014q3/bin/../lib/gcc/arm-none-eabi/4.8.4/../../../../arm-none-eabi/lib/armv7e-m\libc.a(lib_a-mallocr.o)
                0x20000544                __malloc_av_
 .data.__malloc_trim_threshold
                0x2000094c        0x4 c:/program files (x86)/gnu tools arm embedded/4.8 2014q3/bin/../lib/gcc/arm-none-eabi/4.8.4/../../../../arm-none-eabi/lib/armv7e-m\libc.a(lib_a-mallocr.o)
                0x2000094c                __malloc_trim_threshold
 .data.__malloc_sbrk_base
                0x20000950        0x4 c:/program files (x86)/gnu tools arm embedded/4.8 2014q3/bin/../lib/gcc/arm-none-eabi/4.8.4/../../../../arm-none-eabi/lib/armv7e-m\libc.a(lib_a-mallocr.o)
                0x20000950                __malloc_sbrk_base
 .data.__ctype_ptr__
                0x20000954        0x4 c:/program files (x86)/gnu tools arm embedded/4.8 2014q3/bin/../lib/gcc/arm-none-eabi/4.8.4/../../../../arm-none-eabi/lib/armv7e-m\libc.a(lib_a-ctype_.o)
                0x20000954                __ctype_ptr__
 .data.lconv    0x20000958       0x38 c:/program files (x86)/gnu tools arm embedded/4.8 2014q3/bin/../lib/gcc/arm-none-eabi/4.8.4/../../../../arm-none-eabi/lib/armv7e-m\libc.a(lib_a-locale.o)
                0x20000990                . = ALIGN (0x4)
                0x20000990                PROVIDE (__preinit_array_start, .)
 *(.preinit_array)
                0x20000990                PROVIDE (__preinit_array_end, .)
                0x20000990                . = ALIGN (0x4)
                0x20000990                PROVIDE (__init_array_start, .)
 *(SORT(.init_array.*))
 .init_array.00000
                0x20000990        0x4 c:/program files (x86)/gnu tools arm embedded/4.8 2014q3/bin/../lib/gcc/arm-none-eabi/4.8.4/../../../../arm-none-eabi/lib/armv7e-m\libc.a(lib_a-__call_atexit.o)
 *(.init_array)
 .init_array    0x20000994        0x4 c:/program files (x86)/gnu tools arm embedded/4.8 2014q3/bin/../lib/gcc/arm-none-eabi/4.8.4/armv7e-m/crtbegin.o
 .init_array    0x20000998        0x4 ..\obj\main.o
                0x2000099c                PROVIDE (__init_array_end, .)
                0x2000099c                . = ALIGN (0x4)
                0x2000099c                PROVIDE (__fini_array_start, .)
 *(SORT(.fini_array.*))
 *(.fini_array)
 .fini_array    0x2000099c        0x4 c:/program files (x86)/gnu tools arm embedded/4.8 2014q3/bin/../lib/gcc/arm-none-eabi/4.8.4/armv7e-m/crtbegin.o
                0x200009a0                PROVIDE (__fini_array_end, .)
 *(.jcr*)
 .jcr           0x200009a0        0x0 c:/program files (x86)/gnu tools arm embedded/4.8 2014q3/bin/../lib/gcc/arm-none-eabi/4.8.4/armv7e-m/crtbegin.o
 .jcr           0x200009a0        0x4 c:/program files (x86)/gnu tools arm embedded/4.8 2014q3/bin/../lib/gcc/arm-none-eabi/4.8.4/armv7e-m/crtend.o
                0x200009a4                . = ALIGN (0x4)
                0x200009a4                __data_end__ = .
                0x200009a4                _edata = __data_end__

.igot.plt       0x200009a4        0x0 load address 0x0800b670
 .igot.plt      0x00000000        0x0 c:/program files (x86)/gnu tools arm embedded/4.8 2014q3/bin/../lib/gcc/arm-none-eabi/4.8.4/armv7e-m/crtbegin.o

.bss            0x200009a4      0x1bc load address 0x0800b670
                0x200009a4                . = ALIGN (0x4)
                0x200009a4                __bss_start__ = .
                0x200009a4                _sbss = __bss_start__
 *(.bss*)
 .bss           0x200009a4       0x1c c:/program files (x86)/gnu tools arm embedded/4.8 2014q3/bin/../lib/gcc/arm-none-eabi/4.8.4/armv7e-m/crtbegin.o
 .bss           0x200009c0        0x4 ..\obj\temp_sensors.o
                0x200009c0                TemperaturSensorenInstance
 .bss           0x200009c4        0x4 ..\obj\rotary.o
                0x200009c4                RotaryInstance
 .bss           0x200009c8        0x4 ..\obj\stepper.o
                0x200009c8                StepperInstance
 .bss           0x200009cc        0x8 ..\obj\main.o
                0x200009cc                OutputString
                0x200009d0                led
 .bss           0x200009d4       0x88 ..\obj\fassade.o
                0x200009d4                buffer
                0x20000a58                FassadeInstance
 .bss           0x20000a5c        0x4 ..\obj\ampermeter.o
                0x20000a5c                AmpermeterInstance
 .bss           0x20000a60       0x1c ..\obj\stm32_ub_systick.o
 .bss           0x20000a7c        0x4 ..\obj\display.o
                0x20000a7c                DisplayInstance
 .bss           0x20000a80        0x4 ..\obj\terminal.o
                0x20000a80                TerminalInstance
 .bss           0x20000a84        0x8 ..\obj\adc.o
                0x20000a84                ADC_BUFF
                0x20000a88                AnalogDigitalConverterInstance
 .bss           0x20000a8c        0x4 ..\obj\xbee.o
                0x20000a8c                XbeeInstance
 .bss.__malloc_max_total_mem
                0x20000a90        0x4 c:/program files (x86)/gnu tools arm embedded/4.8 2014q3/bin/../lib/gcc/arm-none-eabi/4.8.4/../../../../arm-none-eabi/lib/armv7e-m\libc.a(lib_a-mallocr.o)
                0x20000a90                __malloc_max_total_mem
 .bss.__malloc_max_sbrked_mem
                0x20000a94        0x4 c:/program files (x86)/gnu tools arm embedded/4.8 2014q3/bin/../lib/gcc/arm-none-eabi/4.8.4/../../../../arm-none-eabi/lib/armv7e-m\libc.a(lib_a-mallocr.o)
                0x20000a94                __malloc_max_sbrked_mem
 .bss.__malloc_top_pad
                0x20000a98        0x4 c:/program files (x86)/gnu tools arm embedded/4.8 2014q3/bin/../lib/gcc/arm-none-eabi/4.8.4/../../../../arm-none-eabi/lib/armv7e-m\libc.a(lib_a-mallocr.o)
                0x20000a98                __malloc_top_pad
 .bss.__malloc_current_mallinfo
                0x20000a9c       0x28 c:/program files (x86)/gnu tools arm embedded/4.8 2014q3/bin/../lib/gcc/arm-none-eabi/4.8.4/../../../../arm-none-eabi/lib/armv7e-m\libc.a(lib_a-mallocr.o)
                0x20000a9c                __malloc_current_mallinfo
 .bss.heap_end.4246
                0x20000ac4        0x4 c:/program files (x86)/gnu tools arm embedded/4.8 2014q3/bin/../lib/gcc/arm-none-eabi/4.8.4/../../../../arm-none-eabi/lib/armv7e-m\libnosys.a(sbrk.o)
 *(COMMON)
 COMMON         0x20000ac8       0x7c ..\obj\stm32f4_discovery_audio_codec.o
                0x20000ac8                CurrentPos
                0x20000acc                AUDIO_MAL_DMA_InitStructure
                0x20000b08                DMA_InitStructure
 COMMON         0x20000b44       0x16 ..\obj\tm_stm32f4_onewire.o
                0x20000b44                TM_OneWire_GPIO_InitDef
                0x20000b4c                TM_OneWire_LastDeviceFlag
                0x20000b50                TM_OneWire_ROM_NO
                0x20000b58                TM_OneWire_LastFamilyDiscrepancy
                0x20000b59                TM_OneWire_LastDiscrepancy
 *fill*         0x20000b5a        0x2 
 COMMON         0x20000b5c        0x4 c:/program files (x86)/gnu tools arm embedded/4.8 2014q3/bin/../lib/gcc/arm-none-eabi/4.8.4/../../../../arm-none-eabi/lib/armv7e-m\libc.a(lib_a-reent.o)
                0x20000b5c                errno
                0x20000b60                . = ALIGN (0x4)
                0x20000b60                __bss_end__ = .
                0x20000b60                _ebss = __bss_end__

.heap           0x20000b60        0x0
                0x20000b60                __end__ = .
                0x20000b60                _end = __end__
                0x20000b60                end = __end__
 *(.heap*)
                0x20000b60                __HeapLimit = .

.co_stack       0x20000b60      0x800 load address 0x0800b82c
                0x20000b60                . = ALIGN (0x8)
 *(.co_stack .co_stack.*)
 .co_stack      0x20000b60      0x800 ..\obj\startup_stm32f4xx.o
                0x20000b60                pulStack
                0x20020000                __StackTop = (ORIGIN (RAM) + 0x20000)
                0x2001f800                __StackLimit = (__StackTop - SIZEOF (.co_stack))
                0x20020000                PROVIDE (__stack, __StackTop)
                0x00000001                ASSERT ((__StackLimit >= __HeapLimit), region RAM overflowed with stack)
LOAD ..\obj\stm32f4xx_syscfg.o
LOAD ..\obj\temp_sensors.o
LOAD ..\obj\tm_stm32f4_ds18b20.o
LOAD ..\obj\stm32f4_discovery_audio_codec.o
LOAD ..\obj\stm32f4xx_usart.o
LOAD ..\obj\stm32f4xx_pwr.o
LOAD ..\obj\rtc.o
LOAD ..\obj\quadrature_encoder.o
LOAD ..\obj\led.o
LOAD ..\obj\stm32f4xx_dac.o
LOAD ..\obj\rotary.o
LOAD ..\obj\stepper.o
LOAD ..\obj\startup_stm32f4xx.o
LOAD ..\obj\stm32f4_discovery.o
LOAD ..\obj\main.o
LOAD ..\obj\stm32f4xx_rcc.o
LOAD ..\obj\fassade.o
LOAD ..\obj\ampermeter.o
LOAD ..\obj\stm32f4xx_adc.o
LOAD ..\obj\stm32_ub_systick.o
LOAD ..\obj\display.o
LOAD ..\obj\tm_stm32f4_onewire.o
LOAD ..\obj\terminal.o
LOAD ..\obj\stm32f4xx_gpio.o
LOAD ..\obj\system_stm32f4xx.o
LOAD ..\obj\stm32f4xx_dma.o
LOAD ..\obj\adc.o
LOAD ..\obj\stm32f4_discovery_callbacks.o
LOAD ..\obj\stm32f4xx_spi.o
LOAD ..\obj\stm32f4xx_i2c.o
LOAD ..\obj\stm32f4xx_exti.o
LOAD ..\obj\misc.o
LOAD ..\obj\stm32f4_discovery_lis302dl.o
LOAD ..\obj\stm32f4xx_rtc.o
LOAD ..\obj\stm32f4xx_tim.o
LOAD ..\obj\xbee.o
LOAD ..\..\..\STM32F4-Discovery\libpdmfilter_gcc.a
LOAD c:/program files (x86)/gnu tools arm embedded/4.8 2014q3/bin/../lib/gcc/arm-none-eabi/4.8.4/../../../../arm-none-eabi/lib/armv7e-m\libm.a
LOAD c:/program files (x86)/gnu tools arm embedded/4.8 2014q3/bin/../lib/gcc/arm-none-eabi/4.8.4/armv7e-m\libgcc.a
LOAD c:/program files (x86)/gnu tools arm embedded/4.8 2014q3/bin/../lib/gcc/arm-none-eabi/4.8.4/../../../../arm-none-eabi/lib/armv7e-m\libc.a
LOAD c:/program files (x86)/gnu tools arm embedded/4.8 2014q3/bin/../lib/gcc/arm-none-eabi/4.8.4/../../../../arm-none-eabi/lib/armv7e-m\libstdc++.a
LOAD c:/program files (x86)/gnu tools arm embedded/4.8 2014q3/bin/../lib/gcc/arm-none-eabi/4.8.4/../../../../arm-none-eabi/lib/armv7e-m\libsupc++.a
LOAD c:/program files (x86)/gnu tools arm embedded/4.8 2014q3/bin/../lib/gcc/arm-none-eabi/4.8.4/../../../../arm-none-eabi/lib/armv7e-m\libnosys.a
START GROUP
LOAD c:/program files (x86)/gnu tools arm embedded/4.8 2014q3/bin/../lib/gcc/arm-none-eabi/4.8.4/armv7e-m\libgcc.a
LOAD c:/program files (x86)/gnu tools arm embedded/4.8 2014q3/bin/../lib/gcc/arm-none-eabi/4.8.4/../../../../arm-none-eabi/lib/armv7e-m\libg.a
LOAD c:/program files (x86)/gnu tools arm embedded/4.8 2014q3/bin/../lib/gcc/arm-none-eabi/4.8.4/../../../../arm-none-eabi/lib/armv7e-m\libc.a
END GROUP
LOAD c:/program files (x86)/gnu tools arm embedded/4.8 2014q3/bin/../lib/gcc/arm-none-eabi/4.8.4/armv7e-m/crtend.o
LOAD c:/program files (x86)/gnu tools arm embedded/4.8 2014q3/bin/../lib/gcc/arm-none-eabi/4.8.4/armv7e-m/crtn.o
OUTPUT(Gewaechshaus.elf elf32-littlearm)

.ARM.attributes
                0x00000000       0x2a
 .ARM.attributes
                0x00000000       0x1e c:/program files (x86)/gnu tools arm embedded/4.8 2014q3/bin/../lib/gcc/arm-none-eabi/4.8.4/armv7e-m/crti.o
 .ARM.attributes
                0x0000001e       0x2e c:/program files (x86)/gnu tools arm embedded/4.8 2014q3/bin/../lib/gcc/arm-none-eabi/4.8.4/armv7e-m/crtbegin.o
 .ARM.attributes
                0x0000004c       0x1c c:/program files (x86)/gnu tools arm embedded/4.8 2014q3/bin/../lib/gcc/arm-none-eabi/4.8.4/../../../../arm-none-eabi/lib/armv7e-m/crt0.o
 .ARM.attributes
                0x00000068       0x33 ..\obj\temp_sensors.o
 .ARM.attributes
                0x0000009b       0x33 ..\obj\tm_stm32f4_ds18b20.o
 .ARM.attributes
                0x000000ce       0x33 ..\obj\stm32f4_discovery_audio_codec.o
 .ARM.attributes
                0x00000101       0x33 ..\obj\stm32f4xx_usart.o
 .ARM.attributes
                0x00000134       0x33 ..\obj\quadrature_encoder.o
 .ARM.attributes
                0x00000167       0x33 ..\obj\led.o
 .ARM.attributes
                0x0000019a       0x33 ..\obj\stm32f4xx_dac.o
 .ARM.attributes
                0x000001cd       0x33 ..\obj\rotary.o
 .ARM.attributes
                0x00000200       0x33 ..\obj\stepper.o
 .ARM.attributes
                0x00000233       0x33 ..\obj\startup_stm32f4xx.o
 .ARM.attributes
                0x00000266       0x33 ..\obj\stm32f4_discovery.o
 .ARM.attributes
                0x00000299       0x33 ..\obj\main.o
 .ARM.attributes
                0x000002cc       0x33 ..\obj\stm32f4xx_rcc.o
 .ARM.attributes
                0x000002ff       0x33 ..\obj\fassade.o
 .ARM.attributes
                0x00000332       0x33 ..\obj\ampermeter.o
 .ARM.attributes
                0x00000365       0x33 ..\obj\stm32f4xx_adc.o
 .ARM.attributes
                0x00000398       0x33 ..\obj\stm32_ub_systick.o
 .ARM.attributes
                0x000003cb       0x33 ..\obj\display.o
 .ARM.attributes
                0x000003fe       0x33 ..\obj\tm_stm32f4_onewire.o
 .ARM.attributes
                0x00000431       0x33 ..\obj\terminal.o
 .ARM.attributes
                0x00000464       0x33 ..\obj\stm32f4xx_gpio.o
 .ARM.attributes
                0x00000497       0x33 ..\obj\system_stm32f4xx.o
 .ARM.attributes
                0x000004ca       0x33 ..\obj\stm32f4xx_dma.o
 .ARM.attributes
                0x000004fd       0x33 ..\obj\adc.o
 .ARM.attributes
                0x00000530       0x33 ..\obj\stm32f4_discovery_callbacks.o
 .ARM.attributes
                0x00000563       0x33 ..\obj\stm32f4xx_spi.o
 .ARM.attributes
                0x00000596       0x33 ..\obj\stm32f4xx_exti.o
 .ARM.attributes
                0x000005c9       0x33 ..\obj\misc.o
 .ARM.attributes
                0x000005fc       0x33 ..\obj\stm32f4xx_tim.o
 .ARM.attributes
                0x0000062f       0x33 ..\obj\xbee.o
 .ARM.attributes
                0x00000662       0x1e c:/program files (x86)/gnu tools arm embedded/4.8 2014q3/bin/../lib/gcc/arm-none-eabi/4.8.4/armv7e-m\libgcc.a(_arm_addsubdf3.o)
 .ARM.attributes
                0x00000680       0x1e c:/program files (x86)/gnu tools arm embedded/4.8 2014q3/bin/../lib/gcc/arm-none-eabi/4.8.4/armv7e-m\libgcc.a(_arm_muldivdf3.o)
 .ARM.attributes
                0x0000069e       0x1e c:/program files (x86)/gnu tools arm embedded/4.8 2014q3/bin/../lib/gcc/arm-none-eabi/4.8.4/armv7e-m\libgcc.a(_arm_fixdfsi.o)
 .ARM.attributes
                0x000006bc       0x1e c:/program files (x86)/gnu tools arm embedded/4.8 2014q3/bin/../lib/gcc/arm-none-eabi/4.8.4/armv7e-m\libgcc.a(_arm_truncdfsf2.o)
 .ARM.attributes
                0x000006da       0x2e c:/program files (x86)/gnu tools arm embedded/4.8 2014q3/bin/../lib/gcc/arm-none-eabi/4.8.4/../../../../arm-none-eabi/lib/armv7e-m\libc.a(lib_a-aeabi_atexit.o)
 .ARM.attributes
                0x00000708       0x2e c:/program files (x86)/gnu tools arm embedded/4.8 2014q3/bin/../lib/gcc/arm-none-eabi/4.8.4/../../../../arm-none-eabi/lib/armv7e-m\libc.a(lib_a-atoi.o)
 .ARM.attributes
                0x00000736       0x2e c:/program files (x86)/gnu tools arm embedded/4.8 2014q3/bin/../lib/gcc/arm-none-eabi/4.8.4/../../../../arm-none-eabi/lib/armv7e-m\libc.a(lib_a-cxa_atexit.o)
 .ARM.attributes
                0x00000764       0x2e c:/program files (x86)/gnu tools arm embedded/4.8 2014q3/bin/../lib/gcc/arm-none-eabi/4.8.4/../../../../arm-none-eabi/lib/armv7e-m\libc.a(lib_a-exit.o)
 .ARM.attributes
                0x00000792       0x2e c:/program files (x86)/gnu tools arm embedded/4.8 2014q3/bin/../lib/gcc/arm-none-eabi/4.8.4/../../../../arm-none-eabi/lib/armv7e-m\libc.a(lib_a-impure.o)
 .ARM.attributes
                0x000007c0       0x2e c:/program files (x86)/gnu tools arm embedded/4.8 2014q3/bin/../lib/gcc/arm-none-eabi/4.8.4/../../../../arm-none-eabi/lib/armv7e-m\libc.a(lib_a-init.o)
 .ARM.attributes
                0x000007ee       0x2e c:/program files (x86)/gnu tools arm embedded/4.8 2014q3/bin/../lib/gcc/arm-none-eabi/4.8.4/../../../../arm-none-eabi/lib/armv7e-m\libc.a(lib_a-malloc.o)
 .ARM.attributes
                0x0000081c       0x2e c:/program files (x86)/gnu tools arm embedded/4.8 2014q3/bin/../lib/gcc/arm-none-eabi/4.8.4/../../../../arm-none-eabi/lib/armv7e-m\libc.a(lib_a-mallocr.o)
 .ARM.attributes
                0x0000084a       0x1c c:/program files (x86)/gnu tools arm embedded/4.8 2014q3/bin/../lib/gcc/arm-none-eabi/4.8.4/../../../../arm-none-eabi/lib/armv7e-m\libc.a(lib_a-memcpy.o)
 .ARM.attributes
                0x00000866       0x2e c:/program files (x86)/gnu tools arm embedded/4.8 2014q3/bin/../lib/gcc/arm-none-eabi/4.8.4/../../../../arm-none-eabi/lib/armv7e-m\libc.a(lib_a-memset.o)
 .ARM.attributes
                0x00000894       0x2e c:/program files (x86)/gnu tools arm embedded/4.8 2014q3/bin/../lib/gcc/arm-none-eabi/4.8.4/../../../../arm-none-eabi/lib/armv7e-m\libc.a(lib_a-mlock.o)
 .ARM.attributes
                0x000008c2       0x2e c:/program files (x86)/gnu tools arm embedded/4.8 2014q3/bin/../lib/gcc/arm-none-eabi/4.8.4/../../../../arm-none-eabi/lib/armv7e-m\libc.a(lib_a-sbrkr.o)
 .ARM.attributes
                0x000008f0       0x2e c:/program files (x86)/gnu tools arm embedded/4.8 2014q3/bin/../lib/gcc/arm-none-eabi/4.8.4/../../../../arm-none-eabi/lib/armv7e-m\libc.a(lib_a-sprintf.o)
 .ARM.attributes
                0x0000091e       0x1c c:/program files (x86)/gnu tools arm embedded/4.8 2014q3/bin/../lib/gcc/arm-none-eabi/4.8.4/../../../../arm-none-eabi/lib/armv7e-m\libc.a(lib_a-strcmp.o)
 .ARM.attributes
                0x0000093a       0x2e c:/program files (x86)/gnu tools arm embedded/4.8 2014q3/bin/../lib/gcc/arm-none-eabi/4.8.4/../../../../arm-none-eabi/lib/armv7e-m\libc.a(lib_a-strcpy.o)
 .ARM.attributes
                0x00000968       0x2e c:/program files (x86)/gnu tools arm embedded/4.8 2014q3/bin/../lib/gcc/arm-none-eabi/4.8.4/../../../../arm-none-eabi/lib/armv7e-m\libc.a(lib_a-strlen.o)
 .ARM.attributes
                0x00000996       0x2e c:/program files (x86)/gnu tools arm embedded/4.8 2014q3/bin/../lib/gcc/arm-none-eabi/4.8.4/../../../../arm-none-eabi/lib/armv7e-m\libc.a(lib_a-strtok.o)
 .ARM.attributes
                0x000009c4       0x2e c:/program files (x86)/gnu tools arm embedded/4.8 2014q3/bin/../lib/gcc/arm-none-eabi/4.8.4/../../../../arm-none-eabi/lib/armv7e-m\libc.a(lib_a-strtok_r.o)
 .ARM.attributes
                0x000009f2       0x2e c:/program files (x86)/gnu tools arm embedded/4.8 2014q3/bin/../lib/gcc/arm-none-eabi/4.8.4/../../../../arm-none-eabi/lib/armv7e-m\libc.a(lib_a-strtol.o)
 .ARM.attributes
                0x00000a20       0x2e c:/program files (x86)/gnu tools arm embedded/4.8 2014q3/bin/../lib/gcc/arm-none-eabi/4.8.4/../../../../arm-none-eabi/lib/armv7e-m\libc.a(lib_a-svfprintf.o)
 .ARM.attributes
                0x00000a4e       0x2e c:/program files (x86)/gnu tools arm embedded/4.8 2014q3/bin/../lib/gcc/arm-none-eabi/4.8.4/../../../../arm-none-eabi/lib/armv7e-m\libc.a(lib_a-__atexit.o)
 .ARM.attributes
                0x00000a7c       0x2e c:/program files (x86)/gnu tools arm embedded/4.8 2014q3/bin/../lib/gcc/arm-none-eabi/4.8.4/../../../../arm-none-eabi/lib/armv7e-m\libc.a(lib_a-__call_atexit.o)
 .ARM.attributes
                0x00000aaa       0x2e c:/program files (x86)/gnu tools arm embedded/4.8 2014q3/bin/../lib/gcc/arm-none-eabi/4.8.4/../../../../arm-none-eabi/lib/armv7e-m\libc.a(lib_a-atexit.o)
 .ARM.attributes
                0x00000ad8       0x2e c:/program files (x86)/gnu tools arm embedded/4.8 2014q3/bin/../lib/gcc/arm-none-eabi/4.8.4/../../../../arm-none-eabi/lib/armv7e-m\libc.a(lib_a-ctype_.o)
 .ARM.attributes
                0x00000b06       0x2e c:/program files (x86)/gnu tools arm embedded/4.8 2014q3/bin/../lib/gcc/arm-none-eabi/4.8.4/../../../../arm-none-eabi/lib/armv7e-m\libc.a(lib_a-dtoa.o)
 .ARM.attributes
                0x00000b34       0x2e c:/program files (x86)/gnu tools arm embedded/4.8 2014q3/bin/../lib/gcc/arm-none-eabi/4.8.4/../../../../arm-none-eabi/lib/armv7e-m\libc.a(lib_a-fini.o)
 .ARM.attributes
                0x00000b62       0x2e c:/program files (x86)/gnu tools arm embedded/4.8 2014q3/bin/../lib/gcc/arm-none-eabi/4.8.4/../../../../arm-none-eabi/lib/armv7e-m\libc.a(lib_a-freer.o)
 .ARM.attributes
                0x00000b90       0x2e c:/program files (x86)/gnu tools arm embedded/4.8 2014q3/bin/../lib/gcc/arm-none-eabi/4.8.4/../../../../arm-none-eabi/lib/armv7e-m\libc.a(lib_a-locale.o)
 .ARM.attributes
                0x00000bbe       0x2e c:/program files (x86)/gnu tools arm embedded/4.8 2014q3/bin/../lib/gcc/arm-none-eabi/4.8.4/../../../../arm-none-eabi/lib/armv7e-m\libc.a(lib_a-memchr-stub.o)
 .ARM.attributes
                0x00000bec       0x2e c:/program files (x86)/gnu tools arm embedded/4.8 2014q3/bin/../lib/gcc/arm-none-eabi/4.8.4/../../../../arm-none-eabi/lib/armv7e-m\libc.a(lib_a-mprec.o)
 .ARM.attributes
                0x00000c1a       0x2e c:/program files (x86)/gnu tools arm embedded/4.8 2014q3/bin/../lib/gcc/arm-none-eabi/4.8.4/../../../../arm-none-eabi/lib/armv7e-m\libc.a(lib_a-reent.o)
 .ARM.attributes
                0x00000c48       0x2e c:/program files (x86)/gnu tools arm embedded/4.8 2014q3/bin/../lib/gcc/arm-none-eabi/4.8.4/../../../../arm-none-eabi/lib/armv7e-m\libc.a(lib_a-s_fpclassify.o)
 .ARM.attributes
                0x00000c76       0x2e c:/program files (x86)/gnu tools arm embedded/4.8 2014q3/bin/../lib/gcc/arm-none-eabi/4.8.4/../../../../arm-none-eabi/lib/armv7e-m\libc.a(lib_a-svfiprintf.o)
 .ARM.attributes
                0x00000ca4       0x2e c:/program files (x86)/gnu tools arm embedded/4.8 2014q3/bin/../lib/gcc/arm-none-eabi/4.8.4/../../../../arm-none-eabi/lib/armv7e-m\libc.a(lib_a-callocr.o)
 .ARM.attributes
                0x00000cd2       0x2e c:/program files (x86)/gnu tools arm embedded/4.8 2014q3/bin/../lib/gcc/arm-none-eabi/4.8.4/../../../../arm-none-eabi/lib/armv7e-m\libc.a(lib_a-memmove.o)
 .ARM.attributes