<html>
<body>
<pre>
<h1>µVision Build Log</h1>
<h2>Tool Versions:</h2>
IDE-Version: µVision V5.12.0.0
Copyright (C) 2014 ARM Ltd and ARM Germany GmbH. All rights reserved.
License Information: René Galow, BHT, LIC=----
 
Tool Versions:
Toolchain:       MDK-Lite  Version: 5.12.0.0
Toolchain Path:  C:\Keil_v5\ARM\ARMCC\Bin
C Compiler:      Armcc.exe V5.05 (build 41)
Assembler:       Armasm.exe V5.05 (build 41)
Linker/Locator:  ArmLink.exe V5.05 (build 41)
Library Manager: ArmAr.exe V5.05 (build 41)
Hex Converter:   FromElf.exe V5.05 (build 41)
CPU DLL:         SARMCM3.DLL V5.12.0.0
Dialog DLL:      DCM.DLL V1.13.0.0
    Target DLL: STLink\ST-LINKIII-KEIL.dll
Dialog DLL:      TCM.DLL V1.14.2.0
 
<h2>Project:</h2>
D:\git\arm-projekt\st_stuff\STM32F4-Discovery_FW_V1.1.0\Project\Demonstration\MDK-ARM\STM32F4-Discovery_Demo.uvproj
Project File Date:  10/28/2011

<h2>Output:</h2>
Rebuild Project 'STM32F4-Discovery_Demo' - Target 'Demo'
compiling system_stm32f4xx.c...
compiling main.c...
compiling stm32f4xx_it.c...
compiling usbd_usr.c...
compiling selftest.c...
compiling usb_bsp.c...
compiling usbd_desc.c...
compiling stm32f4_discovery_lis302dl.c...
compiling stm32f4_discovery.c...
compiling stm32f4_discovery_audio_codec.c...
compiling stm32f4xx_syscfg.c...
compiling misc.c...
compiling stm32f4xx_adc.c...
compiling stm32f4xx_dac.c...
compiling stm32f4xx_dma.c...
compiling stm32f4xx_exti.c...
compiling stm32f4xx_flash.c...
compiling stm32f4xx_gpio.c...
compiling stm32f4xx_i2c.c...
compiling stm32f4xx_rcc.c...
compiling stm32f4xx_spi.c...
compiling stm32f4xx_tim.c...
assembling startup_stm32f4xx.s...
compiling usb_dcd_int.c...
compiling usb_core.c...
compiling usb_dcd.c...
compiling usbd_hid_core.c...
compiling usbd_req.c...
compiling usbd_core.c...
compiling usbd_ioreq.c...
linking...
Program Size: Code=17704 RO-data=556 RW-data=484 ZI-data=2708  
".\Demo\Demo.axf" - 0 Error(s), 0 Warning(s).
Load "D:\\git\\arm-projekt\\st_stuff\\STM32F4-Discovery_FW_V1.1.0\\Project\\Demonstration\\MDK-ARM\\Demo\\Demo.axf" 

Cannot load driver 'C:\Keil_v5\ARM\STLink\ST-LINKIII-KEIL.dll'.

Possible Reasons:
 - Driver DLL could not be found in the specified path
 - Driver DLL requires additional DLL's which are not installed
 - Required Hardware Drivers are not installed
Error: Flash Download failed  -  C:\Keil_v5\ARM\STLink\ST-LINKIII-KEIL.dll
Load "D:\\git\\arm-projekt\\st_stuff\\STM32F4-Discovery_FW_V1.1.0\\Project\\Demonstration\\MDK-ARM\\Demo\\Demo.axf" 
Erase Done.
Programming Done.
Verify OK.
</pre>
</body>
</html>
