
Allocating common symbols
Common symbol       size              file

UART_RX             0x70              ..\obj\main.o

Discarded input sections

 .text          0x00000000        0x0 ..\obj\stm32f4xx_usart.o
 .data          0x00000000        0x0 ..\obj\stm32f4xx_usart.o
 .bss           0x00000000        0x0 ..\obj\stm32f4xx_usart.o
 .text.USART_DeInit
                0x00000000      0x100 ..\obj\stm32f4xx_usart.o
 .text.USART_StructInit
                0x00000000       0x44 ..\obj\stm32f4xx_usart.o
 .text.USART_ClockInit
                0x00000000       0x54 ..\obj\stm32f4xx_usart.o
 .text.USART_ClockStructInit
                0x00000000       0x34 ..\obj\stm32f4xx_usart.o
 .text.USART_SetPrescaler
                0x00000000       0x38 ..\obj\stm32f4xx_usart.o
 .text.USART_OneBitMethodCmd
                0x00000000       0x40 ..\obj\stm32f4xx_usart.o
 .text.USART_SetAddress
                0x00000000       0x38 ..\obj\stm32f4xx_usart.o
 .text.USART_ReceiverWakeUpCmd
                0x00000000       0x40 ..\obj\stm32f4xx_usart.o
 .text.USART_WakeUpConfig
                0x00000000       0x38 ..\obj\stm32f4xx_usart.o
 .text.USART_LINBreakDetectLengthConfig
                0x00000000       0x38 ..\obj\stm32f4xx_usart.o
 .text.USART_LINCmd
                0x00000000       0x40 ..\obj\stm32f4xx_usart.o
 .text.USART_SendBreak
                0x00000000       0x24 ..\obj\stm32f4xx_usart.o
 .text.USART_HalfDuplexCmd
                0x00000000       0x40 ..\obj\stm32f4xx_usart.o
 .text.USART_SetGuardTime
                0x00000000       0x3c ..\obj\stm32f4xx_usart.o
 .text.USART_SmartCardCmd
                0x00000000       0x40 ..\obj\stm32f4xx_usart.o
 .text.USART_SmartCardNACKCmd
                0x00000000       0x40 ..\obj\stm32f4xx_usart.o
 .text.USART_IrDAConfig
                0x00000000       0x38 ..\obj\stm32f4xx_usart.o
 .text.USART_IrDACmd
                0x00000000       0x40 ..\obj\stm32f4xx_usart.o
 .text.USART_DMACmd
                0x00000000       0x48 ..\obj\stm32f4xx_usart.o
 .text.USART_ClearFlag
                0x00000000       0x24 ..\obj\stm32f4xx_usart.o
 .text.USART_ClearITPendingBit
                0x00000000       0x44 ..\obj\stm32f4xx_usart.o
 .text          0x00000000        0x0 ..\obj\startup_stm32f4xx.o
 .data          0x00000000        0x0 ..\obj\startup_stm32f4xx.o
 .bss           0x00000000        0x0 ..\obj\startup_stm32f4xx.o
 .text          0x00000000        0x0 ..\obj\main.o
 .data          0x00000000        0x0 ..\obj\main.o
 .bss           0x00000000        0x0 ..\obj\main.o
 .text          0x00000000        0x0 ..\obj\stm32f4xx_rcc.o
 .bss           0x00000000        0x0 ..\obj\stm32f4xx_rcc.o
 .text.RCC_DeInit
                0x00000000       0x84 ..\obj\stm32f4xx_rcc.o
 .text.RCC_HSEConfig
                0x00000000       0x30 ..\obj\stm32f4xx_rcc.o
 .text.RCC_WaitForHSEStartUp
                0x00000000       0x64 ..\obj\stm32f4xx_rcc.o
 .text.RCC_AdjustHSICalibrationValue
                0x00000000       0x48 ..\obj\stm32f4xx_rcc.o
 .text.RCC_HSICmd
                0x00000000       0x20 ..\obj\stm32f4xx_rcc.o
 .text.RCC_LSEConfig
                0x00000000       0x60 ..\obj\stm32f4xx_rcc.o
 .text.RCC_LSICmd
                0x00000000       0x20 ..\obj\stm32f4xx_rcc.o
 .text.RCC_PLLConfig
                0x00000000       0x48 ..\obj\stm32f4xx_rcc.o
 .text.RCC_PLLCmd
                0x00000000       0x20 ..\obj\stm32f4xx_rcc.o
 .text.RCC_PLLI2SConfig
                0x00000000       0x30 ..\obj\stm32f4xx_rcc.o
 .text.RCC_PLLI2SCmd
                0x00000000       0x20 ..\obj\stm32f4xx_rcc.o
 .text.RCC_ClockSecuritySystemCmd
                0x00000000       0x20 ..\obj\stm32f4xx_rcc.o
 .text.RCC_MCO1Config
                0x00000000       0x48 ..\obj\stm32f4xx_rcc.o
 .text.RCC_MCO2Config
                0x00000000       0x48 ..\obj\stm32f4xx_rcc.o
 .text.RCC_SYSCLKConfig
                0x00000000       0x40 ..\obj\stm32f4xx_rcc.o
 .text.RCC_GetSYSCLKSource
                0x00000000       0x20 ..\obj\stm32f4xx_rcc.o
 .text.RCC_HCLKConfig
                0x00000000       0x40 ..\obj\stm32f4xx_rcc.o
 .text.RCC_PCLK1Config
                0x00000000       0x40 ..\obj\stm32f4xx_rcc.o
 .text.RCC_PCLK2Config
                0x00000000       0x44 ..\obj\stm32f4xx_rcc.o
 .text.RCC_RTCCLKConfig
                0x00000000       0x74 ..\obj\stm32f4xx_rcc.o
 .text.RCC_RTCCLKCmd
                0x00000000       0x20 ..\obj\stm32f4xx_rcc.o
 .text.RCC_BackupResetCmd
                0x00000000       0x20 ..\obj\stm32f4xx_rcc.o
 .text.RCC_I2SCLKConfig
                0x00000000       0x20 ..\obj\stm32f4xx_rcc.o
 .text.RCC_AHB2PeriphClockCmd
                0x00000000       0x54 ..\obj\stm32f4xx_rcc.o
 .text.RCC_AHB3PeriphClockCmd
                0x00000000       0x54 ..\obj\stm32f4xx_rcc.o
 .text.RCC_AHB1PeriphResetCmd
                0x00000000       0x54 ..\obj\stm32f4xx_rcc.o
 .text.RCC_AHB2PeriphResetCmd
                0x00000000       0x54 ..\obj\stm32f4xx_rcc.o
 .text.RCC_AHB3PeriphResetCmd
                0x00000000       0x54 ..\obj\stm32f4xx_rcc.o
 .text.RCC_APB1PeriphResetCmd
                0x00000000       0x54 ..\obj\stm32f4xx_rcc.o
 .text.RCC_APB2PeriphResetCmd
                0x00000000       0x54 ..\obj\stm32f4xx_rcc.o
 .text.RCC_AHB1PeriphClockLPModeCmd
                0x00000000       0x54 ..\obj\stm32f4xx_rcc.o
 .text.RCC_AHB2PeriphClockLPModeCmd
                0x00000000       0x54 ..\obj\stm32f4xx_rcc.o
 .text.RCC_AHB3PeriphClockLPModeCmd
                0x00000000       0x54 ..\obj\stm32f4xx_rcc.o
 .text.RCC_APB1PeriphClockLPModeCmd
                0x00000000       0x54 ..\obj\stm32f4xx_rcc.o
 .text.RCC_APB2PeriphClockLPModeCmd
                0x00000000       0x54 ..\obj\stm32f4xx_rcc.o
 .text.RCC_ITConfig
                0x00000000       0x60 ..\obj\stm32f4xx_rcc.o
 .text.RCC_GetFlagStatus
                0x00000000       0x90 ..\obj\stm32f4xx_rcc.o
 .text.RCC_ClearFlag
                0x00000000       0x24 ..\obj\stm32f4xx_rcc.o
 .text.RCC_GetITStatus
                0x00000000       0x40 ..\obj\stm32f4xx_rcc.o
 .text.RCC_ClearITPendingBit
                0x00000000       0x20 ..\obj\stm32f4xx_rcc.o
 .text          0x00000000        0x0 ..\obj\stm32_ub_uart.o
 .bss           0x00000000        0x0 ..\obj\stm32_ub_uart.o
 .text          0x00000000        0x0 ..\obj\stm32f4xx_gpio.o
 .data          0x00000000        0x0 ..\obj\stm32f4xx_gpio.o
 .bss           0x00000000        0x0 ..\obj\stm32f4xx_gpio.o
 .text.GPIO_DeInit
                0x00000000      0x178 ..\obj\stm32f4xx_gpio.o
 .text.GPIO_StructInit
                0x00000000       0x3c ..\obj\stm32f4xx_gpio.o
 .text.GPIO_PinLockConfig
                0x00000000       0x44 ..\obj\stm32f4xx_gpio.o
 .text.GPIO_ReadInputDataBit
                0x00000000       0x3c ..\obj\stm32f4xx_gpio.o
 .text.GPIO_ReadInputData
                0x00000000       0x1c ..\obj\stm32f4xx_gpio.o
 .text.GPIO_ReadOutputDataBit
                0x00000000       0x3c ..\obj\stm32f4xx_gpio.o
 .text.GPIO_ReadOutputData
                0x00000000       0x1c ..\obj\stm32f4xx_gpio.o
 .text.GPIO_SetBits
                0x00000000       0x1c ..\obj\stm32f4xx_gpio.o
 .text.GPIO_ResetBits
                0x00000000       0x1c ..\obj\stm32f4xx_gpio.o
 .text.GPIO_WriteBit
                0x00000000       0x30 ..\obj\stm32f4xx_gpio.o
 .text.GPIO_Write
                0x00000000       0x1c ..\obj\stm32f4xx_gpio.o
 .text.GPIO_ToggleBits
                0x00000000       0x24 ..\obj\stm32f4xx_gpio.o
 .text          0x00000000        0x0 ..\obj\system_stm32f4xx.o
 .data          0x00000000       0x14 ..\obj\system_stm32f4xx.o
 .bss           0x00000000        0x0 ..\obj\system_stm32f4xx.o
 .text.SystemCoreClockUpdate
                0x00000000      0x170 ..\obj\system_stm32f4xx.o
 .text          0x00000000        0x0 ..\obj\misc.o
 .data          0x00000000        0x0 ..\obj\misc.o
 .bss           0x00000000        0x0 ..\obj\misc.o
 .text.NVIC_PriorityGroupConfig
                0x00000000       0x28 ..\obj\misc.o
 .text.NVIC_SetVectorTable
                0x00000000       0x2c ..\obj\misc.o
 .text.NVIC_SystemLPConfig
                0x00000000       0x54 ..\obj\misc.o
 .text.SysTick_CLKSourceConfig
                0x00000000       0x4c ..\obj\misc.o

Memory Configuration

Name             Origin             Length             Attributes
rom              0x08000000         0x00100000         xr
ram              0x20000000         0x00020000         xrw
ram1             0x10000000         0x00010000         xrw
*default*        0x00000000         0xffffffff

Linker script and memory map

                0x20020000                _eram = 0x20020000

.text           0x08000000     0x186c
 *(.isr_vector .isr_vector.*)
 .isr_vector    0x08000000      0x188 ..\obj\startup_stm32f4xx.o
                0x08000000                g_pfnVectors
 *(.text .text.* .gnu.linkonce.t.*)
 .text.USART_Init
                0x08000188      0x1ac ..\obj\stm32f4xx_usart.o
                0x08000188                USART_Init
 .text.USART_Cmd
                0x08000334       0x40 ..\obj\stm32f4xx_usart.o
                0x08000334                USART_Cmd
 .text.USART_OverSampling8Cmd
                0x08000374       0x48 ..\obj\stm32f4xx_usart.o
                0x08000374                USART_OverSampling8Cmd
 .text.USART_SendData
                0x080003bc       0x28 ..\obj\stm32f4xx_usart.o
                0x080003bc                USART_SendData
 .text.USART_ReceiveData
                0x080003e4       0x24 ..\obj\stm32f4xx_usart.o
                0x080003e4                USART_ReceiveData
 .text.USART_ITConfig
                0x08000408       0xa4 ..\obj\stm32f4xx_usart.o
                0x08000408                USART_ITConfig
 .text.USART_GetFlagStatus
                0x080004ac       0x40 ..\obj\stm32f4xx_usart.o
                0x080004ac                USART_GetFlagStatus
 .text.USART_GetITStatus
                0x080004ec       0xc4 ..\obj\stm32f4xx_usart.o
                0x080004ec                USART_GetITStatus
 .text.Default_Reset_Handler
                0x080005b0       0x6c ..\obj\startup_stm32f4xx.o
                0x080005b0                Default_Reset_Handler
                0x080005b0                Reset_Handler
 .text.Default_Handler
                0x0800061c        0x8 ..\obj\startup_stm32f4xx.o
                0x0800061c                RTC_Alarm_IRQHandler
                0x0800061c                HASH_RNG_IRQHandler
                0x0800061c                EXTI2_IRQHandler
                0x0800061c                TIM8_CC_IRQHandler
                0x0800061c                DebugMon_Handler
                0x0800061c                TIM1_CC_IRQHandler
                0x0800061c                DMA2_Stream5_IRQHandler
                0x0800061c                HardFault_Handler
                0x0800061c                DMA1_Stream5_IRQHandler
                0x0800061c                SysTick_Handler
                0x0800061c                PVD_IRQHandler
                0x0800061c                SDIO_IRQHandler
                0x0800061c                TAMP_STAMP_IRQHandler
                0x0800061c                PendSV_Handler
                0x0800061c                NMI_Handler
                0x0800061c                CAN2_RX1_IRQHandler
                0x0800061c                EXTI3_IRQHandler
                0x0800061c                TIM8_TRG_COM_TIM14_IRQHandler
                0x0800061c                TIM1_UP_TIM10_IRQHandler
                0x0800061c                TIM8_UP_TIM13_IRQHandler
                0x0800061c                I2C3_ER_IRQHandler
                0x0800061c                EXTI0_IRQHandler
                0x0800061c                I2C2_EV_IRQHandler
                0x0800061c                DMA1_Stream2_IRQHandler
                0x0800061c                CAN1_RX0_IRQHandler
                0x0800061c                FPU_IRQHandler
                0x0800061c                OTG_HS_WKUP_IRQHandler
                0x0800061c                UsageFault_Handler
                0x0800061c                CAN2_SCE_IRQHandler
                0x0800061c                DMA2_Stream2_IRQHandler
                0x0800061c                SPI1_IRQHandler
                0x0800061c                TIM6_DAC_IRQHandler
                0x0800061c                TIM1_BRK_TIM9_IRQHandler
                0x0800061c                DCMI_IRQHandler
                0x0800061c                CAN2_RX0_IRQHandler
                0x0800061c                DMA2_Stream3_IRQHandler
                0x0800061c                CRYP_IRQHandler
                0x0800061c                CAN1_RX1_IRQHandler
                0x0800061c                DMA2_Stream0_IRQHandler
                0x0800061c                TIM4_IRQHandler
                0x0800061c                I2C1_EV_IRQHandler
                0x0800061c                DMA1_Stream6_IRQHandler
                0x0800061c                DMA1_Stream1_IRQHandler
                0x0800061c                TIM3_IRQHandler
                0x0800061c                RCC_IRQHandler
                0x0800061c                TIM8_BRK_TIM12_IRQHandler
                0x0800061c                EXTI15_10_IRQHandler
                0x0800061c                ADC_IRQHandler
                0x0800061c                DMA1_Stream7_IRQHandler
                0x0800061c                TIM7_IRQHandler
                0x0800061c                CAN2_TX_IRQHandler
                0x0800061c                TIM5_IRQHandler
                0x0800061c                DMA2_Stream7_IRQHandler
                0x0800061c                I2C3_EV_IRQHandler
                0x0800061c                EXTI9_5_IRQHandler
                0x0800061c                RTC_WKUP_IRQHandler
                0x0800061c                ETH_WKUP_IRQHandler
                0x0800061c                SPI2_IRQHandler
                0x0800061c                OTG_HS_EP1_IN_IRQHandler
                0x0800061c                MemManage_Handler
                0x0800061c                DMA1_Stream0_IRQHandler
                0x0800061c                CAN1_TX_IRQHandler
                0x0800061c                SVC_Handler
                0x0800061c                EXTI4_IRQHandler
                0x0800061c                FSMC_IRQHandler
                0x0800061c                ETH_IRQHandler
                0x0800061c                OTG_HS_EP1_OUT_IRQHandler
                0x0800061c                WWDG_IRQHandler
                0x0800061c                TIM2_IRQHandler
                0x0800061c                OTG_FS_WKUP_IRQHandler
                0x0800061c                TIM1_TRG_COM_TIM11_IRQHandler
                0x0800061c                OTG_HS_IRQHandler
                0x0800061c                EXTI1_IRQHandler
                0x0800061c                I2C2_ER_IRQHandler
                0x0800061c                DMA2_Stream1_IRQHandler
                0x0800061c                CAN1_SCE_IRQHandler
                0x0800061c                FLASH_IRQHandler
                0x0800061c                DMA2_Stream4_IRQHandler
                0x0800061c                BusFault_Handler
                0x0800061c                OTG_FS_IRQHandler
                0x0800061c                SPI3_IRQHandler
                0x0800061c                DMA1_Stream4_IRQHandler
                0x0800061c                I2C1_ER_IRQHandler
                0x0800061c                DMA2_Stream6_IRQHandler
                0x0800061c                DMA1_Stream3_IRQHandler
 .text.main     0x08000624       0x6c ..\obj\main.o
                0x08000624                main
 .text.RCC_GetClocksFreq
                0x08000690      0x1cc ..\obj\stm32f4xx_rcc.o
                0x08000690                RCC_GetClocksFreq
 .text.RCC_AHB1PeriphClockCmd
                0x0800085c       0x54 ..\obj\stm32f4xx_rcc.o
                0x0800085c                RCC_AHB1PeriphClockCmd
 .text.RCC_APB1PeriphClockCmd
                0x080008b0       0x54 ..\obj\stm32f4xx_rcc.o
                0x080008b0                RCC_APB1PeriphClockCmd
 .text.RCC_APB2PeriphClockCmd
                0x08000904       0x54 ..\obj\stm32f4xx_rcc.o
                0x08000904                RCC_APB2PeriphClockCmd
 .text.UB_Uart_Init
                0x08000958      0x434 ..\obj\stm32_ub_uart.o
                0x08000958                UB_Uart_Init
 .text.UB_Uart_SendByte
                0x08000d8c       0x70 ..\obj\stm32_ub_uart.o
                0x08000d8c                UB_Uart_SendByte
 .text.UB_Uart_SendString
                0x08000dfc       0xa0 ..\obj\stm32_ub_uart.o
                0x08000dfc                UB_Uart_SendString
 .text.UB_Uart_ReceiveString
                0x08000e9c      0x1c8 ..\obj\stm32_ub_uart.o
                0x08000e9c                UB_Uart_ReceiveString
 .text.P_UART_Receive
                0x08001064      0x104 ..\obj\stm32_ub_uart.o
                0x08001064                P_UART_Receive
 .text.P_UART_RX_INT
                0x08001168       0x60 ..\obj\stm32_ub_uart.o
                0x08001168                P_UART_RX_INT
 .text.USART1_IRQHandler
                0x080011c8       0x40 ..\obj\stm32_ub_uart.o
                0x080011c8                USART1_IRQHandler
 .text.USART2_IRQHandler
                0x08001208       0x40 ..\obj\stm32_ub_uart.o
                0x08001208                USART2_IRQHandler
 .text.USART3_IRQHandler
                0x08001248       0x40 ..\obj\stm32_ub_uart.o
                0x08001248                USART3_IRQHandler
 .text.UART4_IRQHandler
                0x08001288       0x40 ..\obj\stm32_ub_uart.o
                0x08001288                UART4_IRQHandler
 .text.UART5_IRQHandler
                0x080012c8       0x40 ..\obj\stm32_ub_uart.o
                0x080012c8                UART5_IRQHandler
 .text.USART6_IRQHandler
                0x08001308       0x40 ..\obj\stm32_ub_uart.o
                0x08001308                USART6_IRQHandler
 .text.GPIO_Init
                0x08001348      0x144 ..\obj\stm32f4xx_gpio.o
                0x08001348                GPIO_Init
 .text.GPIO_PinAFConfig
                0x0800148c       0xa8 ..\obj\stm32f4xx_gpio.o
                0x0800148c                GPIO_PinAFConfig
 .text.SystemInit
                0x08001534       0x94 ..\obj\system_stm32f4xx.o
                0x08001534                SystemInit
 .text.SetSysClock
                0x080015c8      0x188 ..\obj\system_stm32f4xx.o
 .text.NVIC_Init
                0x08001750       0xe4 ..\obj\misc.o
                0x08001750                NVIC_Init
 *(.glue_7t)
 .glue_7t       0x00000000        0x0 linker stubs
 *(.glue_7)
 .glue_7        0x00000000        0x0 linker stubs
 *(.rodata .rodata* .gnu.linkonce.r.*)
 .rodata        0x08001834       0x38 ..\obj\main.o

.vfp11_veneer   0x0800186c        0x0
 .vfp11_veneer  0x00000000        0x0 linker stubs

.v4_bx          0x0800186c        0x0
 .v4_bx         0x00000000        0x0 linker stubs

.iplt           0x0800186c        0x0
 .iplt          0x00000000        0x0 ..\obj\stm32f4xx_usart.o

.rel.dyn        0x0800186c        0x0
 .rel.iplt      0x00000000        0x0 ..\obj\stm32f4xx_usart.o

.ARM.extab
 *(.ARM.extab* .gnu.linkonce.armextab.*)
                0x0800186c                __exidx_start = .

.ARM.exidx
 *(.ARM.exidx* .gnu.linkonce.armexidx.*)
                0x0800186c                __exidx_end = .
                0x0800186c                . = ALIGN (0x4)
                0x0800186c                _etext = .
                0x0800186c                _sidata = .

.data           0x20000000       0x80 load address 0x0800186c
                0x20000000                _sdata = .
 *(.data .data.*)
 .data          0x20000000       0x10 ..\obj\stm32f4xx_rcc.o
 .data          0x20000010       0x70 ..\obj\stm32_ub_uart.o
                0x20000010                UART
                0x20000080                . = ALIGN (0x4)
                0x20000080                _edata = .

.igot.plt       0x20000080        0x0 load address 0x080018ec
 .igot.plt      0x00000000        0x0 ..\obj\stm32f4xx_usart.o

.bss            0x20000080       0x70 load address 0x080018ec
                0x20000080                _sbss = .
 *(.bss .bss.*)
 *(COMMON)
 COMMON         0x20000080       0x70 ..\obj\main.o
                0x20000080                UART_RX
                0x200000f0                . = ALIGN (0x4)
                0x200000f0                _ebss = .

.co_stack       0x200000f0      0x800 load address 0x0800195c
                0x200000f0                . = ALIGN (0x8)
 *(.co_stack .co_stack.*)
 .co_stack      0x200000f0      0x800 ..\obj\startup_stm32f4xx.o
                0x200000f0                pulStack
                0x200008f0                . = ALIGN (0x4)
                0x200008f0                _end = .
LOAD ..\obj\stm32f4xx_usart.o
LOAD ..\obj\startup_stm32f4xx.o
LOAD ..\obj\main.o
LOAD ..\obj\stm32f4xx_rcc.o
LOAD ..\obj\stm32_ub_uart.o
LOAD ..\obj\stm32f4xx_gpio.o
LOAD ..\obj\system_stm32f4xx.o
LOAD ..\obj\misc.o
START GROUP
LOAD c:/program files (x86)/gnu tools arm embedded/4.7 2012q4/bin/../lib/gcc/arm-none-eabi/4.7.3/armv7e-m\libgcc.a
LOAD c:/program files (x86)/gnu tools arm embedded/4.7 2012q4/bin/../lib/gcc/arm-none-eabi/4.7.3/../../../../arm-none-eabi/lib/armv7e-m\libg.a
LOAD c:/program files (x86)/gnu tools arm embedded/4.7 2012q4/bin/../lib/gcc/arm-none-eabi/4.7.3/../../../../arm-none-eabi/lib/armv7e-m\libc.a
END GROUP
OUTPUT(Demo_12.elf elf32-littlearm)

.debug_info     0x00000000     0x37aa
 .debug_info    0x00000000      0xa65 ..\obj\stm32f4xx_usart.o
 .debug_info    0x00000a65      0x103 ..\obj\startup_stm32f4xx.o
 .debug_info    0x00000b68      0x1bc ..\obj\main.o
 .debug_info    0x00000d24      0xd49 ..\obj\stm32f4xx_rcc.o
 .debug_info    0x00001a6d      0xb76 ..\obj\stm32_ub_uart.o
 .debug_info    0x000025e3      0x640 ..\obj\stm32f4xx_gpio.o
 .debug_info    0x00002c23      0x5f5 ..\obj\system_stm32f4xx.o
 .debug_info    0x00003218      0x592 ..\obj\misc.o

.debug_abbrev   0x00000000      0xace
 .debug_abbrev  0x00000000      0x157 ..\obj\stm32f4xx_usart.o
 .debug_abbrev  0x00000157       0xb2 ..\obj\startup_stm32f4xx.o
 .debug_abbrev  0x00000209       0xe7 ..\obj\main.o
 .debug_abbrev  0x000002f0      0x1e5 ..\obj\stm32f4xx_rcc.o
 .debug_abbrev  0x000004d5      0x1f3 ..\obj\stm32_ub_uart.o
 .debug_abbrev  0x000006c8      0x1a5 ..\obj\stm32f4xx_gpio.o
 .debug_abbrev  0x0000086d      0x138 ..\obj\system_stm32f4xx.o
 .debug_abbrev  0x000009a5      0x129 ..\obj\misc.o

.debug_loc      0x00000000     0x17d6
 .debug_loc     0x00000000      0x658 ..\obj\stm32f4xx_usart.o
 .debug_loc     0x00000658       0x64 ..\obj\startup_stm32f4xx.o
 .debug_loc     0x000006bc       0x3a ..\obj\main.o
 .debug_loc     0x000006f6      0x97c ..\obj\stm32f4xx_rcc.o
 .debug_loc     0x00001072      0x2a0 ..\obj\stm32_ub_uart.o
 .debug_loc     0x00001312      0x310 ..\obj\stm32f4xx_gpio.o
 .debug_loc     0x00001622       0x9c ..\obj\system_stm32f4xx.o
 .debug_loc     0x000016be      0x118 ..\obj\misc.o

.debug_aranges  0x00000000      0x430
 .debug_aranges
                0x00000000      0x100 ..\obj\stm32f4xx_usart.o
 .debug_aranges
                0x00000100       0x28 ..\obj\startup_stm32f4xx.o
 .debug_aranges
                0x00000128       0x20 ..\obj\main.o
 .debug_aranges
                0x00000148      0x178 ..\obj\stm32f4xx_rcc.o
 .debug_aranges
                0x000002c0       0x78 ..\obj\stm32_ub_uart.o
 .debug_aranges
                0x00000338       0x88 ..\obj\stm32f4xx_gpio.o
 .debug_aranges
                0x000003c0       0x30 ..\obj\system_stm32f4xx.o
 .debug_aranges
                0x000003f0       0x40 ..\obj\misc.o

.debug_ranges   0x00000000      0x3b0
 .debug_ranges  0x00000000       0xf0 ..\obj\stm32f4xx_usart.o
 .debug_ranges  0x000000f0       0x18 ..\obj\startup_stm32f4xx.o
 .debug_ranges  0x00000108       0x10 ..\obj\main.o
 .debug_ranges  0x00000118      0x168 ..\obj\stm32f4xx_rcc.o
 .debug_ranges  0x00000280       0x68 ..\obj\stm32_ub_uart.o
 .debug_ranges  0x000002e8       0x78 ..\obj\stm32f4xx_gpio.o
 .debug_ranges  0x00000360       0x20 ..\obj\system_stm32f4xx.o
 .debug_ranges  0x00000380       0x30 ..\obj\misc.o

.debug_line     0x00000000     0x1830
 .debug_line    0x00000000      0x4bb ..\obj\stm32f4xx_usart.o
 .debug_line    0x000004bb       0xb2 ..\obj\startup_stm32f4xx.o
 .debug_line    0x0000056d      0x1a6 ..\obj\main.o
 .debug_line    0x00000713      0x5b2 ..\obj\stm32f4xx_rcc.o
 .debug_line    0x00000cc5      0x3db ..\obj\stm32_ub_uart.o
 .debug_line    0x000010a0      0x356 ..\obj\stm32f4xx_gpio.o
 .debug_line    0x000013f6      0x1de ..\obj\system_stm32f4xx.o
 .debug_line    0x000015d4      0x25c ..\obj\misc.o

.debug_str      0x00000000     0x1a62
 .debug_str     0x00000000      0x5e2 ..\obj\stm32f4xx_usart.o
                                0x643 (size before relaxing)
 .debug_str     0x000005e2       0xc1 ..\obj\startup_stm32f4xx.o
                                0x125 (size before relaxing)
 .debug_str     0x000006a3       0xb8 ..\obj\main.o
                                0x1b8 (size before relaxing)
 .debug_str     0x0000075b      0x5f4 ..\obj\stm32f4xx_rcc.o
                                0x804 (size before relaxing)
 .debug_str     0x00000d4f      0x8c4 ..\obj\stm32_ub_uart.o
                                0xb3d (size before relaxing)
 .debug_str     0x00001613      0x1b4 ..\obj\stm32f4xx_gpio.o
                                0x457 (size before relaxing)
 .debug_str     0x000017c7      0x129 ..\obj\system_stm32f4xx.o
                                0x35e (size before relaxing)
 .debug_str     0x000018f0      0x172 ..\obj\misc.o
                                0x38d (size before relaxing)

.comment        0x00000000       0x70
 .comment       0x00000000       0x70 ..\obj\stm32f4xx_usart.o
                                 0x71 (size before relaxing)
 .comment       0x00000000       0x71 ..\obj\startup_stm32f4xx.o
 .comment       0x00000000       0x71 ..\obj\main.o
 .comment       0x00000000       0x71 ..\obj\stm32f4xx_rcc.o
 .comment       0x00000000       0x71 ..\obj\stm32_ub_uart.o
 .comment       0x00000000       0x71 ..\obj\stm32f4xx_gpio.o
 .comment       0x00000000       0x71 ..\obj\system_stm32f4xx.o
 .comment       0x00000000       0x71 ..\obj\misc.o

.ARM.attributes
                0x00000000       0x33
 .ARM.attributes
                0x00000000       0x33 ..\obj\stm32f4xx_usart.o
 .ARM.attributes
                0x00000033       0x33 ..\obj\startup_stm32f4xx.o
 .ARM.attributes
                0x00000066       0x33 ..\obj\main.o
 .ARM.attributes
                0x00000099       0x33 ..\obj\stm32f4xx_rcc.o
 .ARM.attributes
                0x000000cc       0x33 ..\obj\stm32_ub_uart.o
 .ARM.attributes
                0x000000ff       0x33 ..\obj\stm32f4xx_gpio.o
 .ARM.attributes
                0x00000132       0x33 ..\obj\system_stm32f4xx.o
 .ARM.attributes
                0x00000165       0x33 ..\obj\misc.o

.debug_frame    0x00000000      0xcbc
 .debug_frame   0x00000000      0x344 ..\obj\stm32f4xx_usart.o
 .debug_frame   0x00000344       0x48 ..\obj\startup_stm32f4xx.o
 .debug_frame   0x0000038c       0x30 ..\obj\main.o
 .debug_frame   0x000003bc      0x4d8 ..\obj\stm32f4xx_rcc.o
 .debug_frame   0x00000894      0x18c ..\obj\stm32_ub_uart.o
 .debug_frame   0x00000a20      0x19c ..\obj\stm32f4xx_gpio.o
 .debug_frame   0x00000bbc       0x64 ..\obj\system_stm32f4xx.o
 .debug_frame   0x00000c20       0x9c ..\obj\misc.o
