Component: ARM Compiler 5.05 (build 41) Tool: armlink [4d0eb9]

==============================================================================

Section Cross References

    main.o(i.EXTILine0_Config) refers to stm32f4xx_rcc.o(i.RCC_AHB1PeriphClockCmd) for RCC_AHB1PeriphClockCmd
    main.o(i.EXTILine0_Config) refers to stm32f4xx_rcc.o(i.RCC_APB2PeriphClockCmd) for RCC_APB2PeriphClockCmd
    main.o(i.EXTILine0_Config) refers to stm32f4xx_gpio.o(i.GPIO_Init) for GPIO_Init
    main.o(i.EXTILine0_Config) refers to stm32f4xx_syscfg.o(i.SYSCFG_EXTILineConfig) for SYSCFG_EXTILineConfig
    main.o(i.EXTILine0_Config) refers to stm32f4xx_exti.o(i.EXTI_Init) for EXTI_Init
    main.o(i.EXTILine0_Config) refers to misc.o(i.NVIC_Init) for NVIC_Init
    main.o(i.EXTILine0_Config) refers to main.o(.data) for .data
    main.o(i.main) refers to stm32f4_discovery.o(i.STM_EVAL_LEDInit) for STM_EVAL_LEDInit
    main.o(i.main) refers to main.o(i.EXTILine0_Config) for EXTILine0_Config
    main.o(i.main) refers to stm32f4xx_exti.o(i.EXTI_GenerateSWInterrupt) for EXTI_GenerateSWInterrupt
    stm32f4xx_it.o(i.EXTI0_IRQHandler) refers to stm32f4xx_exti.o(i.EXTI_GetITStatus) for EXTI_GetITStatus
    stm32f4xx_it.o(i.EXTI0_IRQHandler) refers to stm32f4_discovery.o(i.STM_EVAL_LEDToggle) for STM_EVAL_LEDToggle
    stm32f4xx_it.o(i.EXTI0_IRQHandler) refers to stm32f4xx_exti.o(i.EXTI_ClearITPendingBit) for EXTI_ClearITPendingBit
    system_stm32f4xx.o(i.SystemCoreClockUpdate) refers to system_stm32f4xx.o(.data) for .data
    system_stm32f4xx.o(i.SystemInit) refers to system_stm32f4xx.o(i.SetSysClock) for SetSysClock
    stm32f4_discovery.o(i.STM_EVAL_LEDInit) refers to stm32f4xx_rcc.o(i.RCC_AHB1PeriphClockCmd) for RCC_AHB1PeriphClockCmd
    stm32f4_discovery.o(i.STM_EVAL_LEDInit) refers to stm32f4xx_gpio.o(i.GPIO_Init) for GPIO_Init
    stm32f4_discovery.o(i.STM_EVAL_LEDInit) refers to stm32f4_discovery.o(.constdata) for .constdata
    stm32f4_discovery.o(i.STM_EVAL_LEDInit) refers to stm32f4_discovery.o(.data) for .data
    stm32f4_discovery.o(i.STM_EVAL_LEDOff) refers to stm32f4_discovery.o(.constdata) for .constdata
    stm32f4_discovery.o(i.STM_EVAL_LEDOff) refers to stm32f4_discovery.o(.data) for .data
    stm32f4_discovery.o(i.STM_EVAL_LEDOn) refers to stm32f4_discovery.o(.constdata) for .constdata
    stm32f4_discovery.o(i.STM_EVAL_LEDOn) refers to stm32f4_discovery.o(.data) for .data
    stm32f4_discovery.o(i.STM_EVAL_LEDToggle) refers to stm32f4_discovery.o(.data) for .data
    stm32f4_discovery.o(i.STM_EVAL_LEDToggle) refers to stm32f4_discovery.o(.constdata) for .constdata
    stm32f4_discovery.o(i.STM_EVAL_PBGetState) refers to stm32f4xx_gpio.o(i.GPIO_ReadInputDataBit) for GPIO_ReadInputDataBit
    stm32f4_discovery.o(i.STM_EVAL_PBGetState) refers to stm32f4_discovery.o(.constdata) for .constdata
    stm32f4_discovery.o(i.STM_EVAL_PBGetState) refers to stm32f4_discovery.o(.data) for .data
    stm32f4_discovery.o(i.STM_EVAL_PBInit) refers to stm32f4xx_rcc.o(i.RCC_AHB1PeriphClockCmd) for RCC_AHB1PeriphClockCmd
    stm32f4_discovery.o(i.STM_EVAL_PBInit) refers to stm32f4xx_rcc.o(i.RCC_APB2PeriphClockCmd) for RCC_APB2PeriphClockCmd
    stm32f4_discovery.o(i.STM_EVAL_PBInit) refers to stm32f4xx_gpio.o(i.GPIO_Init) for GPIO_Init
    stm32f4_discovery.o(i.STM_EVAL_PBInit) refers to stm32f4xx_syscfg.o(i.SYSCFG_EXTILineConfig) for SYSCFG_EXTILineConfig
    stm32f4_discovery.o(i.STM_EVAL_PBInit) refers to stm32f4xx_exti.o(i.EXTI_Init) for EXTI_Init
    stm32f4_discovery.o(i.STM_EVAL_PBInit) refers to misc.o(i.NVIC_Init) for NVIC_Init
    stm32f4_discovery.o(i.STM_EVAL_PBInit) refers to stm32f4_discovery.o(.constdata) for .constdata
    stm32f4_discovery.o(i.STM_EVAL_PBInit) refers to stm32f4_discovery.o(.data) for .data
    stm32f4xx_rcc.o(i.RCC_AHB1PeriphClockCmd) refers to main.o(i.assert_failed) for assert_failed
    stm32f4xx_rcc.o(i.RCC_AHB1PeriphClockCmd) refers to stm32f4xx_rcc.o(.conststring) for .conststring
    stm32f4xx_rcc.o(i.RCC_AHB1PeriphClockLPModeCmd) refers to main.o(i.assert_failed) for assert_failed
    stm32f4xx_rcc.o(i.RCC_AHB1PeriphClockLPModeCmd) refers to stm32f4xx_rcc.o(.conststring) for .conststring
    stm32f4xx_rcc.o(i.RCC_AHB1PeriphResetCmd) refers to main.o(i.assert_failed) for assert_failed
    stm32f4xx_rcc.o(i.RCC_AHB1PeriphResetCmd) refers to stm32f4xx_rcc.o(.conststring) for .conststring
    stm32f4xx_rcc.o(i.RCC_AHB2PeriphClockCmd) refers to main.o(i.assert_failed) for assert_failed
    stm32f4xx_rcc.o(i.RCC_AHB2PeriphClockCmd) refers to stm32f4xx_rcc.o(.conststring) for .conststring
    stm32f4xx_rcc.o(i.RCC_AHB2PeriphClockLPModeCmd) refers to main.o(i.assert_failed) for assert_failed
    stm32f4xx_rcc.o(i.RCC_AHB2PeriphClockLPModeCmd) refers to stm32f4xx_rcc.o(.conststring) for .conststring
    stm32f4xx_rcc.o(i.RCC_AHB2PeriphResetCmd) refers to main.o(i.assert_failed) for assert_failed
    stm32f4xx_rcc.o(i.RCC_AHB2PeriphResetCmd) refers to stm32f4xx_rcc.o(.conststring) for .conststring
    stm32f4xx_rcc.o(i.RCC_AHB3PeriphClockCmd) refers to main.o(i.assert_failed) for assert_failed
    stm32f4xx_rcc.o(i.RCC_AHB3PeriphClockCmd) refers to stm32f4xx_rcc.o(.conststring) for .conststring
    stm32f4xx_rcc.o(i.RCC_AHB3PeriphClockLPModeCmd) refers to main.o(i.assert_failed) for assert_failed
    stm32f4xx_rcc.o(i.RCC_AHB3PeriphClockLPModeCmd) refers to stm32f4xx_rcc.o(.conststring) for .conststring
    stm32f4xx_rcc.o(i.RCC_AHB3PeriphResetCmd) refers to main.o(i.assert_failed) for assert_failed
    stm32f4xx_rcc.o(i.RCC_AHB3PeriphResetCmd) refers to stm32f4xx_rcc.o(.conststring) for .conststring
    stm32f4xx_rcc.o(i.RCC_APB1PeriphClockCmd) refers to main.o(i.assert_failed) for assert_failed
    stm32f4xx_rcc.o(i.RCC_APB1PeriphClockCmd) refers to stm32f4xx_rcc.o(.conststring) for .conststring
    stm32f4xx_rcc.o(i.RCC_APB1PeriphClockLPModeCmd) refers to main.o(i.assert_failed) for assert_failed
    stm32f4xx_rcc.o(i.RCC_APB1PeriphClockLPModeCmd) refers to stm32f4xx_rcc.o(.conststring) for .conststring
    stm32f4xx_rcc.o(i.RCC_APB1PeriphResetCmd) refers to main.o(i.assert_failed) for assert_failed
    stm32f4xx_rcc.o(i.RCC_APB1PeriphResetCmd) refers to stm32f4xx_rcc.o(.conststring) for .conststring
    stm32f4xx_rcc.o(i.RCC_APB2PeriphClockCmd) refers to main.o(i.assert_failed) for assert_failed
    stm32f4xx_rcc.o(i.RCC_APB2PeriphClockCmd) refers to stm32f4xx_rcc.o(.conststring) for .conststring
    stm32f4xx_rcc.o(i.RCC_APB2PeriphClockLPModeCmd) refers to main.o(i.assert_failed) for assert_failed
    stm32f4xx_rcc.o(i.RCC_APB2PeriphClockLPModeCmd) refers to stm32f4xx_rcc.o(.conststring) for .conststring
    stm32f4xx_rcc.o(i.RCC_APB2PeriphResetCmd) refers to main.o(i.assert_failed) for assert_failed
    stm32f4xx_rcc.o(i.RCC_APB2PeriphResetCmd) refers to stm32f4xx_rcc.o(.conststring) for .conststring
    stm32f4xx_rcc.o(i.RCC_AdjustHSICalibrationValue) refers to main.o(i.assert_failed) for assert_failed
    stm32f4xx_rcc.o(i.RCC_AdjustHSICalibrationValue) refers to stm32f4xx_rcc.o(.conststring) for .conststring
    stm32f4xx_rcc.o(i.RCC_BackupResetCmd) refers to main.o(i.assert_failed) for assert_failed
    stm32f4xx_rcc.o(i.RCC_BackupResetCmd) refers to stm32f4xx_rcc.o(.conststring) for .conststring
    stm32f4xx_rcc.o(i.RCC_ClearITPendingBit) refers to main.o(i.assert_failed) for assert_failed
    stm32f4xx_rcc.o(i.RCC_ClearITPendingBit) refers to stm32f4xx_rcc.o(.conststring) for .conststring
    stm32f4xx_rcc.o(i.RCC_ClockSecuritySystemCmd) refers to main.o(i.assert_failed) for assert_failed
    stm32f4xx_rcc.o(i.RCC_ClockSecuritySystemCmd) refers to stm32f4xx_rcc.o(.conststring) for .conststring
    stm32f4xx_rcc.o(i.RCC_GetClocksFreq) refers to stm32f4xx_rcc.o(.data) for .data
    stm32f4xx_rcc.o(i.RCC_GetFlagStatus) refers to main.o(i.assert_failed) for assert_failed
    stm32f4xx_rcc.o(i.RCC_GetFlagStatus) refers to stm32f4xx_rcc.o(.conststring) for .conststring
    stm32f4xx_rcc.o(i.RCC_GetITStatus) refers to main.o(i.assert_failed) for assert_failed
    stm32f4xx_rcc.o(i.RCC_GetITStatus) refers to stm32f4xx_rcc.o(.conststring) for .conststring
    stm32f4xx_rcc.o(i.RCC_HCLKConfig) refers to main.o(i.assert_failed) for assert_failed
    stm32f4xx_rcc.o(i.RCC_HCLKConfig) refers to stm32f4xx_rcc.o(.conststring) for .conststring
    stm32f4xx_rcc.o(i.RCC_HSEConfig) refers to main.o(i.assert_failed) for assert_failed
    stm32f4xx_rcc.o(i.RCC_HSEConfig) refers to stm32f4xx_rcc.o(.conststring) for .conststring
    stm32f4xx_rcc.o(i.RCC_HSICmd) refers to main.o(i.assert_failed) for assert_failed
    stm32f4xx_rcc.o(i.RCC_HSICmd) refers to stm32f4xx_rcc.o(.conststring) for .conststring
    stm32f4xx_rcc.o(i.RCC_I2SCLKConfig) refers to main.o(i.assert_failed) for assert_failed
    stm32f4xx_rcc.o(i.RCC_I2SCLKConfig) refers to stm32f4xx_rcc.o(.conststring) for .conststring
    stm32f4xx_rcc.o(i.RCC_ITConfig) refers to main.o(i.assert_failed) for assert_failed
    stm32f4xx_rcc.o(i.RCC_ITConfig) refers to stm32f4xx_rcc.o(.conststring) for .conststring
    stm32f4xx_rcc.o(i.RCC_LSEConfig) refers to main.o(i.assert_failed) for assert_failed
    stm32f4xx_rcc.o(i.RCC_LSEConfig) refers to stm32f4xx_rcc.o(.conststring) for .conststring
    stm32f4xx_rcc.o(i.RCC_LSICmd) refers to main.o(i.assert_failed) for assert_failed
    stm32f4xx_rcc.o(i.RCC_LSICmd) refers to stm32f4xx_rcc.o(.conststring) for .conststring
    stm32f4xx_rcc.o(i.RCC_MCO1Config) refers to main.o(i.assert_failed) for assert_failed
    stm32f4xx_rcc.o(i.RCC_MCO1Config) refers to stm32f4xx_rcc.o(.conststring) for .conststring
    stm32f4xx_rcc.o(i.RCC_MCO2Config) refers to main.o(i.assert_failed) for assert_failed
    stm32f4xx_rcc.o(i.RCC_MCO2Config) refers to stm32f4xx_rcc.o(.conststring) for .conststring
    stm32f4xx_rcc.o(i.RCC_PCLK1Config) refers to main.o(i.assert_failed) for assert_failed
    stm32f4xx_rcc.o(i.RCC_PCLK1Config) refers to stm32f4xx_rcc.o(.conststring) for .conststring
    stm32f4xx_rcc.o(i.RCC_PCLK2Config) refers to main.o(i.assert_failed) for assert_failed
    stm32f4xx_rcc.o(i.RCC_PCLK2Config) refers to stm32f4xx_rcc.o(.conststring) for .conststring
    stm32f4xx_rcc.o(i.RCC_PLLCmd) refers to main.o(i.assert_failed) for assert_failed
    stm32f4xx_rcc.o(i.RCC_PLLCmd) refers to stm32f4xx_rcc.o(.conststring) for .conststring
    stm32f4xx_rcc.o(i.RCC_PLLConfig) refers to main.o(i.assert_failed) for assert_failed
    stm32f4xx_rcc.o(i.RCC_PLLConfig) refers to stm32f4xx_rcc.o(.conststring) for .conststring
    stm32f4xx_rcc.o(i.RCC_PLLI2SCmd) refers to main.o(i.assert_failed) for assert_failed
    stm32f4xx_rcc.o(i.RCC_PLLI2SCmd) refers to stm32f4xx_rcc.o(.conststring) for .conststring
    stm32f4xx_rcc.o(i.RCC_PLLI2SConfig) refers to main.o(i.assert_failed) for assert_failed
    stm32f4xx_rcc.o(i.RCC_PLLI2SConfig) refers to stm32f4xx_rcc.o(.conststring) for .conststring
    stm32f4xx_rcc.o(i.RCC_RTCCLKCmd) refers to main.o(i.assert_failed) for assert_failed
    stm32f4xx_rcc.o(i.RCC_RTCCLKCmd) refers to stm32f4xx_rcc.o(.conststring) for .conststring
    stm32f4xx_rcc.o(i.RCC_RTCCLKConfig) refers to main.o(i.assert_failed) for assert_failed
    stm32f4xx_rcc.o(i.RCC_RTCCLKConfig) refers to stm32f4xx_rcc.o(.conststring) for .conststring
    stm32f4xx_rcc.o(i.RCC_SYSCLKConfig) refers to main.o(i.assert_failed) for assert_failed
    stm32f4xx_rcc.o(i.RCC_SYSCLKConfig) refers to stm32f4xx_rcc.o(.conststring) for .conststring
    stm32f4xx_rcc.o(i.RCC_WaitForHSEStartUp) refers to stm32f4xx_rcc.o(i.RCC_GetFlagStatus) for RCC_GetFlagStatus
    misc.o(i.NVIC_Init) refers to main.o(i.assert_failed) for assert_failed
    misc.o(i.NVIC_PriorityGroupConfig) refers to main.o(i.assert_failed) for assert_failed
    misc.o(i.NVIC_SetVectorTable) refers to main.o(i.assert_failed) for assert_failed
    misc.o(i.NVIC_SystemLPConfig) refers to main.o(i.assert_failed) for assert_failed
    misc.o(i.SysTick_CLKSourceConfig) refers to main.o(i.assert_failed) for assert_failed
    stm32f4xx_gpio.o(i.GPIO_DeInit) refers to main.o(i.assert_failed) for assert_failed
    stm32f4xx_gpio.o(i.GPIO_DeInit) refers to stm32f4xx_rcc.o(i.RCC_AHB1PeriphResetCmd) for RCC_AHB1PeriphResetCmd
    stm32f4xx_gpio.o(i.GPIO_DeInit) refers to stm32f4xx_gpio.o(.conststring) for .conststring
    stm32f4xx_gpio.o(i.GPIO_Init) refers to main.o(i.assert_failed) for assert_failed
    stm32f4xx_gpio.o(i.GPIO_Init) refers to stm32f4xx_gpio.o(.conststring) for .conststring
    stm32f4xx_gpio.o(i.GPIO_PinAFConfig) refers to main.o(i.assert_failed) for assert_failed
    stm32f4xx_gpio.o(i.GPIO_PinAFConfig) refers to stm32f4xx_gpio.o(.conststring) for .conststring
    stm32f4xx_gpio.o(i.GPIO_PinLockConfig) refers to main.o(i.assert_failed) for assert_failed
    stm32f4xx_gpio.o(i.GPIO_PinLockConfig) refers to stm32f4xx_gpio.o(.conststring) for .conststring
    stm32f4xx_gpio.o(i.GPIO_ReadInputData) refers to main.o(i.assert_failed) for assert_failed
    stm32f4xx_gpio.o(i.GPIO_ReadInputData) refers to stm32f4xx_gpio.o(.conststring) for .conststring
    stm32f4xx_gpio.o(i.GPIO_ReadInputDataBit) refers to main.o(i.assert_failed) for assert_failed
    stm32f4xx_gpio.o(i.GPIO_ReadInputDataBit) refers to stm32f4xx_gpio.o(.conststring) for .conststring
    stm32f4xx_gpio.o(i.GPIO_ReadOutputData) refers to main.o(i.assert_failed) for assert_failed
    stm32f4xx_gpio.o(i.GPIO_ReadOutputData) refers to stm32f4xx_gpio.o(.conststring) for .conststring
    stm32f4xx_gpio.o(i.GPIO_ReadOutputDataBit) refers to main.o(i.assert_failed) for assert_failed
    stm32f4xx_gpio.o(i.GPIO_ReadOutputDataBit) refers to stm32f4xx_gpio.o(.conststring) for .conststring
    stm32f4xx_gpio.o(i.GPIO_ResetBits) refers to main.o(i.assert_failed) for assert_failed
    stm32f4xx_gpio.o(i.GPIO_ResetBits) refers to stm32f4xx_gpio.o(.conststring) for .conststring
    stm32f4xx_gpio.o(i.GPIO_SetBits) refers to main.o(i.assert_failed) for assert_failed
    stm32f4xx_gpio.o(i.GPIO_SetBits) refers to stm32f4xx_gpio.o(.conststring) for .conststring
    stm32f4xx_gpio.o(i.GPIO_ToggleBits) refers to main.o(i.assert_failed) for assert_failed
    stm32f4xx_gpio.o(i.GPIO_ToggleBits) refers to stm32f4xx_gpio.o(.conststring) for .conststring
    stm32f4xx_gpio.o(i.GPIO_Write) refers to main.o(i.assert_failed) for assert_failed
    stm32f4xx_gpio.o(i.GPIO_Write) refers to stm32f4xx_gpio.o(.conststring) for .conststring
    stm32f4xx_gpio.o(i.GPIO_WriteBit) refers to main.o(i.assert_failed) for assert_failed
    stm32f4xx_gpio.o(i.GPIO_WriteBit) refers to stm32f4xx_gpio.o(.conststring) for .conststring
    stm32f4xx_syscfg.o(i.SYSCFG_CompensationCellCmd) refers to main.o(i.assert_failed) for assert_failed
    stm32f4xx_syscfg.o(i.SYSCFG_CompensationCellCmd) refers to stm32f4xx_syscfg.o(.conststring) for .conststring
    stm32f4xx_syscfg.o(i.SYSCFG_DeInit) refers to stm32f4xx_rcc.o(i.RCC_APB2PeriphResetCmd) for RCC_APB2PeriphResetCmd
    stm32f4xx_syscfg.o(i.SYSCFG_ETH_MediaInterfaceConfig) refers to main.o(i.assert_failed) for assert_failed
    stm32f4xx_syscfg.o(i.SYSCFG_ETH_MediaInterfaceConfig) refers to stm32f4xx_syscfg.o(.conststring) for .conststring
    stm32f4xx_syscfg.o(i.SYSCFG_EXTILineConfig) refers to main.o(i.assert_failed) for assert_failed
    stm32f4xx_syscfg.o(i.SYSCFG_EXTILineConfig) refers to stm32f4xx_syscfg.o(.conststring) for .conststring
    stm32f4xx_syscfg.o(i.SYSCFG_MemoryRemapConfig) refers to main.o(i.assert_failed) for assert_failed
    stm32f4xx_syscfg.o(i.SYSCFG_MemoryRemapConfig) refers to stm32f4xx_syscfg.o(.conststring) for .conststring
    stm32f4xx_exti.o(i.EXTI_ClearFlag) refers to main.o(i.assert_failed) for assert_failed
    stm32f4xx_exti.o(i.EXTI_ClearFlag) refers to stm32f4xx_exti.o(.conststring) for .conststring
    stm32f4xx_exti.o(i.EXTI_ClearITPendingBit) refers to main.o(i.assert_failed) for assert_failed
    stm32f4xx_exti.o(i.EXTI_ClearITPendingBit) refers to stm32f4xx_exti.o(.conststring) for .conststring
    stm32f4xx_exti.o(i.EXTI_GenerateSWInterrupt) refers to main.o(i.assert_failed) for assert_failed
    stm32f4xx_exti.o(i.EXTI_GenerateSWInterrupt) refers to stm32f4xx_exti.o(.conststring) for .conststring
    stm32f4xx_exti.o(i.EXTI_GetFlagStatus) refers to main.o(i.assert_failed) for assert_failed
    stm32f4xx_exti.o(i.EXTI_GetFlagStatus) refers to stm32f4xx_exti.o(.conststring) for .conststring
    stm32f4xx_exti.o(i.EXTI_GetITStatus) refers to main.o(i.assert_failed) for assert_failed
    stm32f4xx_exti.o(i.EXTI_GetITStatus) refers to stm32f4xx_exti.o(.conststring) for .conststring
    stm32f4xx_exti.o(i.EXTI_Init) refers to main.o(i.assert_failed) for assert_failed
    stm32f4xx_exti.o(i.EXTI_Init) refers to stm32f4xx_exti.o(.conststring) for .conststring
    stm32f4xx_dma.o(i.DMA_ClearFlag) refers to main.o(i.assert_failed) for assert_failed
    stm32f4xx_dma.o(i.DMA_ClearFlag) refers to stm32f4xx_dma.o(.conststring) for .conststring
    stm32f4xx_dma.o(i.DMA_ClearITPendingBit) refers to main.o(i.assert_failed) for assert_failed
    stm32f4xx_dma.o(i.DMA_ClearITPendingBit) refers to stm32f4xx_dma.o(.conststring) for .conststring
    stm32f4xx_dma.o(i.DMA_Cmd) refers to main.o(i.assert_failed) for assert_failed
    stm32f4xx_dma.o(i.DMA_Cmd) refers to stm32f4xx_dma.o(.conststring) for .conststring
    stm32f4xx_dma.o(i.DMA_DeInit) refers to main.o(i.assert_failed) for assert_failed
    stm32f4xx_dma.o(i.DMA_DeInit) refers to stm32f4xx_dma.o(.conststring) for .conststring
    stm32f4xx_dma.o(i.DMA_DoubleBufferModeCmd) refers to main.o(i.assert_failed) for assert_failed
    stm32f4xx_dma.o(i.DMA_DoubleBufferModeCmd) refers to stm32f4xx_dma.o(.conststring) for .conststring
    stm32f4xx_dma.o(i.DMA_DoubleBufferModeConfig) refers to main.o(i.assert_failed) for assert_failed
    stm32f4xx_dma.o(i.DMA_DoubleBufferModeConfig) refers to stm32f4xx_dma.o(.conststring) for .conststring
    stm32f4xx_dma.o(i.DMA_FlowControllerConfig) refers to main.o(i.assert_failed) for assert_failed
    stm32f4xx_dma.o(i.DMA_FlowControllerConfig) refers to stm32f4xx_dma.o(.conststring) for .conststring
    stm32f4xx_dma.o(i.DMA_GetCmdStatus) refers to main.o(i.assert_failed) for assert_failed
    stm32f4xx_dma.o(i.DMA_GetCmdStatus) refers to stm32f4xx_dma.o(.conststring) for .conststring
    stm32f4xx_dma.o(i.DMA_GetCurrDataCounter) refers to main.o(i.assert_failed) for assert_failed
    stm32f4xx_dma.o(i.DMA_GetCurrDataCounter) refers to stm32f4xx_dma.o(.conststring) for .conststring
    stm32f4xx_dma.o(i.DMA_GetCurrentMemoryTarget) refers to main.o(i.assert_failed) for assert_failed
    stm32f4xx_dma.o(i.DMA_GetCurrentMemoryTarget) refers to stm32f4xx_dma.o(.conststring) for .conststring
    stm32f4xx_dma.o(i.DMA_GetFIFOStatus) refers to main.o(i.assert_failed) for assert_failed
    stm32f4xx_dma.o(i.DMA_GetFIFOStatus) refers to stm32f4xx_dma.o(.conststring) for .conststring
    stm32f4xx_dma.o(i.DMA_GetFlagStatus) refers to main.o(i.assert_failed) for assert_failed
    stm32f4xx_dma.o(i.DMA_GetFlagStatus) refers to stm32f4xx_dma.o(.conststring) for .conststring
    stm32f4xx_dma.o(i.DMA_GetITStatus) refers to main.o(i.assert_failed) for assert_failed
    stm32f4xx_dma.o(i.DMA_GetITStatus) refers to stm32f4xx_dma.o(.conststring) for .conststring
    stm32f4xx_dma.o(i.DMA_ITConfig) refers to main.o(i.assert_failed) for assert_failed
    stm32f4xx_dma.o(i.DMA_ITConfig) refers to stm32f4xx_dma.o(.conststring) for .conststring
    stm32f4xx_dma.o(i.DMA_Init) refers to main.o(i.assert_failed) for assert_failed
    stm32f4xx_dma.o(i.DMA_Init) refers to stm32f4xx_dma.o(.conststring) for .conststring
    stm32f4xx_dma.o(i.DMA_MemoryTargetConfig) refers to main.o(i.assert_failed) for assert_failed
    stm32f4xx_dma.o(i.DMA_MemoryTargetConfig) refers to stm32f4xx_dma.o(.conststring) for .conststring
    stm32f4xx_dma.o(i.DMA_PeriphIncOffsetSizeConfig) refers to main.o(i.assert_failed) for assert_failed
    stm32f4xx_dma.o(i.DMA_PeriphIncOffsetSizeConfig) refers to stm32f4xx_dma.o(.conststring) for .conststring
    stm32f4xx_dma.o(i.DMA_SetCurrDataCounter) refers to main.o(i.assert_failed) for assert_failed
    stm32f4xx_dma.o(i.DMA_SetCurrDataCounter) refers to stm32f4xx_dma.o(.conststring) for .conststring
    stm32f4xx_adc.o(i.ADC_AnalogWatchdogCmd) refers to main.o(i.assert_failed) for assert_failed
    stm32f4xx_adc.o(i.ADC_AnalogWatchdogCmd) refers to stm32f4xx_adc.o(.conststring) for .conststring
    stm32f4xx_adc.o(i.ADC_AnalogWatchdogSingleChannelConfig) refers to main.o(i.assert_failed) for assert_failed
    stm32f4xx_adc.o(i.ADC_AnalogWatchdogSingleChannelConfig) refers to stm32f4xx_adc.o(.conststring) for .conststring
    stm32f4xx_adc.o(i.ADC_AnalogWatchdogThresholdsConfig) refers to main.o(i.assert_failed) for assert_failed
    stm32f4xx_adc.o(i.ADC_AnalogWatchdogThresholdsConfig) refers to stm32f4xx_adc.o(.conststring) for .conststring
    stm32f4xx_adc.o(i.ADC_AutoInjectedConvCmd) refers to main.o(i.assert_failed) for assert_failed
    stm32f4xx_adc.o(i.ADC_AutoInjectedConvCmd) refers to stm32f4xx_adc.o(.conststring) for .conststring
    stm32f4xx_adc.o(i.ADC_ClearFlag) refers to main.o(i.assert_failed) for assert_failed
    stm32f4xx_adc.o(i.ADC_ClearFlag) refers to stm32f4xx_adc.o(.conststring) for .conststring
    stm32f4xx_adc.o(i.ADC_ClearITPendingBit) refers to main.o(i.assert_failed) for assert_failed
    stm32f4xx_adc.o(i.ADC_ClearITPendingBit) refers to stm32f4xx_adc.o(.conststring) for .conststring
    stm32f4xx_adc.o(i.ADC_Cmd) refers to main.o(i.assert_failed) for assert_failed
    stm32f4xx_adc.o(i.ADC_Cmd) refers to stm32f4xx_adc.o(.conststring) for .conststring
    stm32f4xx_adc.o(i.ADC_CommonInit) refers to main.o(i.assert_failed) for assert_failed
    stm32f4xx_adc.o(i.ADC_CommonInit) refers to stm32f4xx_adc.o(.conststring) for .conststring
    stm32f4xx_adc.o(i.ADC_ContinuousModeCmd) refers to main.o(i.assert_failed) for assert_failed
    stm32f4xx_adc.o(i.ADC_ContinuousModeCmd) refers to stm32f4xx_adc.o(.conststring) for .conststring
    stm32f4xx_adc.o(i.ADC_DMACmd) refers to main.o(i.assert_failed) for assert_failed
    stm32f4xx_adc.o(i.ADC_DMACmd) refers to stm32f4xx_adc.o(.conststring) for .conststring
    stm32f4xx_adc.o(i.ADC_DMARequestAfterLastTransferCmd) refers to main.o(i.assert_failed) for assert_failed
    stm32f4xx_adc.o(i.ADC_DMARequestAfterLastTransferCmd) refers to stm32f4xx_adc.o(.conststring) for .conststring
    stm32f4xx_adc.o(i.ADC_DeInit) refers to stm32f4xx_rcc.o(i.RCC_APB2PeriphResetCmd) for RCC_APB2PeriphResetCmd
    stm32f4xx_adc.o(i.ADC_DiscModeChannelCountConfig) refers to main.o(i.assert_failed) for assert_failed
    stm32f4xx_adc.o(i.ADC_DiscModeChannelCountConfig) refers to stm32f4xx_adc.o(.conststring) for .conststring
    stm32f4xx_adc.o(i.ADC_DiscModeCmd) refers to main.o(i.assert_failed) for assert_failed
    stm32f4xx_adc.o(i.ADC_DiscModeCmd) refers to stm32f4xx_adc.o(.conststring) for .conststring
    stm32f4xx_adc.o(i.ADC_EOCOnEachRegularChannelCmd) refers to main.o(i.assert_failed) for assert_failed
    stm32f4xx_adc.o(i.ADC_EOCOnEachRegularChannelCmd) refers to stm32f4xx_adc.o(.conststring) for .conststring
    stm32f4xx_adc.o(i.ADC_ExternalTrigInjectedConvConfig) refers to main.o(i.assert_failed) for assert_failed
    stm32f4xx_adc.o(i.ADC_ExternalTrigInjectedConvConfig) refers to stm32f4xx_adc.o(.conststring) for .conststring
    stm32f4xx_adc.o(i.ADC_ExternalTrigInjectedConvEdgeConfig) refers to main.o(i.assert_failed) for assert_failed
    stm32f4xx_adc.o(i.ADC_ExternalTrigInjectedConvEdgeConfig) refers to stm32f4xx_adc.o(.conststring) for .conststring
    stm32f4xx_adc.o(i.ADC_GetConversionValue) refers to main.o(i.assert_failed) for assert_failed
    stm32f4xx_adc.o(i.ADC_GetConversionValue) refers to stm32f4xx_adc.o(.conststring) for .conststring
    stm32f4xx_adc.o(i.ADC_GetFlagStatus) refers to main.o(i.assert_failed) for assert_failed
    stm32f4xx_adc.o(i.ADC_GetFlagStatus) refers to stm32f4xx_adc.o(.conststring) for .conststring
    stm32f4xx_adc.o(i.ADC_GetITStatus) refers to main.o(i.assert_failed) for assert_failed
    stm32f4xx_adc.o(i.ADC_GetITStatus) refers to stm32f4xx_adc.o(.conststring) for .conststring
    stm32f4xx_adc.o(i.ADC_GetInjectedConversionValue) refers to main.o(i.assert_failed) for assert_failed
    stm32f4xx_adc.o(i.ADC_GetInjectedConversionValue) refers to stm32f4xx_adc.o(.conststring) for .conststring
    stm32f4xx_adc.o(i.ADC_GetSoftwareStartConvStatus) refers to main.o(i.assert_failed) for assert_failed
    stm32f4xx_adc.o(i.ADC_GetSoftwareStartConvStatus) refers to stm32f4xx_adc.o(.conststring) for .conststring
    stm32f4xx_adc.o(i.ADC_GetSoftwareStartInjectedConvCmdStatus) refers to main.o(i.assert_failed) for assert_failed
    stm32f4xx_adc.o(i.ADC_GetSoftwareStartInjectedConvCmdStatus) refers to stm32f4xx_adc.o(.conststring) for .conststring
    stm32f4xx_adc.o(i.ADC_ITConfig) refers to main.o(i.assert_failed) for assert_failed
    stm32f4xx_adc.o(i.ADC_ITConfig) refers to stm32f4xx_adc.o(.conststring) for .conststring
    stm32f4xx_adc.o(i.ADC_Init) refers to main.o(i.assert_failed) for assert_failed
    stm32f4xx_adc.o(i.ADC_Init) refers to stm32f4xx_adc.o(.conststring) for .conststring
    stm32f4xx_adc.o(i.ADC_InjectedChannelConfig) refers to main.o(i.assert_failed) for assert_failed
    stm32f4xx_adc.o(i.ADC_InjectedChannelConfig) refers to stm32f4xx_adc.o(.conststring) for .conststring
    stm32f4xx_adc.o(i.ADC_InjectedDiscModeCmd) refers to main.o(i.assert_failed) for assert_failed
    stm32f4xx_adc.o(i.ADC_InjectedDiscModeCmd) refers to stm32f4xx_adc.o(.conststring) for .conststring
    stm32f4xx_adc.o(i.ADC_InjectedSequencerLengthConfig) refers to main.o(i.assert_failed) for assert_failed
    stm32f4xx_adc.o(i.ADC_InjectedSequencerLengthConfig) refers to stm32f4xx_adc.o(.conststring) for .conststring
    stm32f4xx_adc.o(i.ADC_MultiModeDMARequestAfterLastTransferCmd) refers to main.o(i.assert_failed) for assert_failed
    stm32f4xx_adc.o(i.ADC_MultiModeDMARequestAfterLastTransferCmd) refers to stm32f4xx_adc.o(.conststring) for .conststring
    stm32f4xx_adc.o(i.ADC_RegularChannelConfig) refers to main.o(i.assert_failed) for assert_failed
    stm32f4xx_adc.o(i.ADC_RegularChannelConfig) refers to stm32f4xx_adc.o(.conststring) for .conststring
    stm32f4xx_adc.o(i.ADC_SetInjectedOffset) refers to main.o(i.assert_failed) for assert_failed
    stm32f4xx_adc.o(i.ADC_SetInjectedOffset) refers to stm32f4xx_adc.o(.conststring) for .conststring
    stm32f4xx_adc.o(i.ADC_SoftwareStartConv) refers to main.o(i.assert_failed) for assert_failed
    stm32f4xx_adc.o(i.ADC_SoftwareStartConv) refers to stm32f4xx_adc.o(.conststring) for .conststring
    stm32f4xx_adc.o(i.ADC_SoftwareStartInjectedConv) refers to main.o(i.assert_failed) for assert_failed
    stm32f4xx_adc.o(i.ADC_SoftwareStartInjectedConv) refers to stm32f4xx_adc.o(.conststring) for .conststring
    stm32f4xx_adc.o(i.ADC_TempSensorVrefintCmd) refers to main.o(i.assert_failed) for assert_failed
    stm32f4xx_adc.o(i.ADC_TempSensorVrefintCmd) refers to stm32f4xx_adc.o(.conststring) for .conststring
    stm32f4xx_adc.o(i.ADC_VBATCmd) refers to main.o(i.assert_failed) for assert_failed
    stm32f4xx_adc.o(i.ADC_VBATCmd) refers to stm32f4xx_adc.o(.conststring) for .conststring
    startup_stm32f4xx.o(RESET) refers to startup_stm32f4xx.o(STACK) for __initial_sp
    startup_stm32f4xx.o(RESET) refers to startup_stm32f4xx.o(.text) for Reset_Handler
    startup_stm32f4xx.o(RESET) refers to stm32f4xx_it.o(i.NMI_Handler) for NMI_Handler
    startup_stm32f4xx.o(RESET) refers to stm32f4xx_it.o(i.HardFault_Handler) for HardFault_Handler
    startup_stm32f4xx.o(RESET) refers to stm32f4xx_it.o(i.MemManage_Handler) for MemManage_Handler
    startup_stm32f4xx.o(RESET) refers to stm32f4xx_it.o(i.BusFault_Handler) for BusFault_Handler
    startup_stm32f4xx.o(RESET) refers to stm32f4xx_it.o(i.UsageFault_Handler) for UsageFault_Handler
    startup_stm32f4xx.o(RESET) refers to stm32f4xx_it.o(i.SVC_Handler) for SVC_Handler
    startup_stm32f4xx.o(RESET) refers to stm32f4xx_it.o(i.DebugMon_Handler) for DebugMon_Handler
    startup_stm32f4xx.o(RESET) refers to stm32f4xx_it.o(i.PendSV_Handler) for PendSV_Handler
    startup_stm32f4xx.o(RESET) refers to stm32f4xx_it.o(i.SysTick_Handler) for SysTick_Handler
    startup_stm32f4xx.o(RESET) refers to stm32f4xx_it.o(i.EXTI0_IRQHandler) for EXTI0_IRQHandler
    startup_stm32f4xx.o(.text) refers to system_stm32f4xx.o(i.SystemInit) for SystemInit
    startup_stm32f4xx.o(.text) refers to entry.o(.ARM.Collect$$$$00000000) for __main
    entry.o(.ARM.Collect$$$$00000000) refers (Special) to entry10a.o(.ARM.Collect$$$$0000000D) for __rt_final_cpp
    entry.o(.ARM.Collect$$$$00000000) refers (Special) to entry11a.o(.ARM.Collect$$$$0000000F) for __rt_final_exit
    entry.o(.ARM.Collect$$$$00000000) refers (Special) to entry7b.o(.ARM.Collect$$$$00000008) for _main_clock
    entry.o(.ARM.Collect$$$$00000000) refers (Special) to entry8b.o(.ARM.Collect$$$$0000000A) for _main_cpp_init
    entry.o(.ARM.Collect$$$$00000000) refers (Special) to entry9a.o(.ARM.Collect$$$$0000000B) for _main_init
    entry.o(.ARM.Collect$$$$00000000) refers (Special) to entry5.o(.ARM.Collect$$$$00000004) for _main_scatterload
    entry.o(.ARM.Collect$$$$00000000) refers (Special) to entry2.o(.ARM.Collect$$$$00000001) for _main_stk
    entry2.o(.ARM.Collect$$$$00000001) refers to entry2.o(.ARM.Collect$$$$00002712) for __lit__00000000
    entry2.o(.ARM.Collect$$$$00002712) refers to startup_stm32f4xx.o(STACK) for __initial_sp
    entry2.o(__vectab_stack_and_reset_area) refers to startup_stm32f4xx.o(STACK) for __initial_sp
    entry2.o(__vectab_stack_and_reset_area) refers to entry.o(.ARM.Collect$$$$00000000) for __main
    entry5.o(.ARM.Collect$$$$00000004) refers to init.o(.text) for __scatterload
    entry9a.o(.ARM.Collect$$$$0000000B) refers to main.o(i.main) for main
    entry9b.o(.ARM.Collect$$$$0000000C) refers to main.o(i.main) for main
    init.o(.text) refers to entry5.o(.ARM.Collect$$$$00000004) for __main_after_scatterload


==============================================================================

Removing Unused input sections from the image.

    Removing main.o(.emb_text), (8 bytes).
    Removing stm32f4xx_it.o(.emb_text), (8 bytes).
    Removing system_stm32f4xx.o(.emb_text), (8 bytes).
    Removing system_stm32f4xx.o(i.SystemCoreClockUpdate), (120 bytes).
    Removing system_stm32f4xx.o(.data), (20 bytes).
    Removing stm32f4_discovery.o(.emb_text), (8 bytes).
    Removing stm32f4_discovery.o(i.STM_EVAL_LEDOff), (24 bytes).
    Removing stm32f4_discovery.o(i.STM_EVAL_LEDOn), (24 bytes).
    Removing stm32f4_discovery.o(i.STM_EVAL_PBGetState), (24 bytes).
    Removing stm32f4_discovery.o(i.STM_EVAL_PBInit), (152 bytes).
    Removing stm32f4_discovery.o(.data), (4 bytes).
    Removing stm32f4xx_rcc.o(.emb_text), (8 bytes).
    Removing stm32f4xx_rcc.o(i.RCC_AHB1PeriphClockLPModeCmd), (68 bytes).
    Removing stm32f4xx_rcc.o(i.RCC_AHB1PeriphResetCmd), (68 bytes).
    Removing stm32f4xx_rcc.o(i.RCC_AHB2PeriphClockCmd), (64 bytes).
    Removing stm32f4xx_rcc.o(i.RCC_AHB2PeriphClockLPModeCmd), (64 bytes).
    Removing stm32f4xx_rcc.o(i.RCC_AHB2PeriphResetCmd), (64 bytes).
    Removing stm32f4xx_rcc.o(i.RCC_AHB3PeriphClockCmd), (64 bytes).
    Removing stm32f4xx_rcc.o(i.RCC_AHB3PeriphClockLPModeCmd), (64 bytes).
    Removing stm32f4xx_rcc.o(i.RCC_AHB3PeriphResetCmd), (64 bytes).
    Removing stm32f4xx_rcc.o(i.RCC_APB1PeriphClockCmd), (68 bytes).
    Removing stm32f4xx_rcc.o(i.RCC_APB1PeriphClockLPModeCmd), (68 bytes).
    Removing stm32f4xx_rcc.o(i.RCC_APB1PeriphResetCmd), (68 bytes).
    Removing stm32f4xx_rcc.o(i.RCC_APB2PeriphClockLPModeCmd), (68 bytes).
    Removing stm32f4xx_rcc.o(i.RCC_APB2PeriphResetCmd), (68 bytes).
    Removing stm32f4xx_rcc.o(i.RCC_AdjustHSICalibrationValue), (44 bytes).
    Removing stm32f4xx_rcc.o(i.RCC_BackupResetCmd), (36 bytes).
    Removing stm32f4xx_rcc.o(i.RCC_ClearFlag), (16 bytes).
    Removing stm32f4xx_rcc.o(i.RCC_ClearITPendingBit), (36 bytes).
    Removing stm32f4xx_rcc.o(i.RCC_ClockSecuritySystemCmd), (36 bytes).
    Removing stm32f4xx_rcc.o(i.RCC_DeInit), (60 bytes).
    Removing stm32f4xx_rcc.o(i.RCC_GetClocksFreq), (144 bytes).
    Removing stm32f4xx_rcc.o(i.RCC_GetFlagStatus), (120 bytes).
    Removing stm32f4xx_rcc.o(i.RCC_GetITStatus), (68 bytes).
    Removing stm32f4xx_rcc.o(i.RCC_GetSYSCLKSource), (16 bytes).
    Removing stm32f4xx_rcc.o(i.RCC_HCLKConfig), (72 bytes).
    Removing stm32f4xx_rcc.o(i.RCC_HSEConfig), (40 bytes).
    Removing stm32f4xx_rcc.o(i.RCC_HSICmd), (36 bytes).
    Removing stm32f4xx_rcc.o(i.RCC_I2SCLKConfig), (36 bytes).
    Removing stm32f4xx_rcc.o(i.RCC_ITConfig), (64 bytes).
    Removing stm32f4xx_rcc.o(i.RCC_LSEConfig), (60 bytes).
    Removing stm32f4xx_rcc.o(i.RCC_LSICmd), (36 bytes).
    Removing stm32f4xx_rcc.o(i.RCC_MCO1Config), (96 bytes).
    Removing stm32f4xx_rcc.o(i.RCC_MCO2Config), (96 bytes).
    Removing stm32f4xx_rcc.o(i.RCC_PCLK1Config), (64 bytes).
    Removing stm32f4xx_rcc.o(i.RCC_PCLK2Config), (64 bytes).
    Removing stm32f4xx_rcc.o(i.RCC_PLLCmd), (36 bytes).
    Removing stm32f4xx_rcc.o(i.RCC_PLLConfig), (152 bytes).
    Removing stm32f4xx_rcc.o(i.RCC_PLLI2SCmd), (36 bytes).
    Removing stm32f4xx_rcc.o(i.RCC_PLLI2SConfig), (60 bytes).
    Removing stm32f4xx_rcc.o(i.RCC_RTCCLKCmd), (36 bytes).
    Removing stm32f4xx_rcc.o(i.RCC_RTCCLKConfig), (380 bytes).
    Removing stm32f4xx_rcc.o(i.RCC_SYSCLKConfig), (48 bytes).
    Removing stm32f4xx_rcc.o(i.RCC_WaitForHSEStartUp), (44 bytes).
    Removing stm32f4xx_rcc.o(.data), (16 bytes).
    Removing misc.o(.emb_text), (8 bytes).
    Removing misc.o(i.NVIC_PriorityGroupConfig), (120 bytes).
    Removing misc.o(i.NVIC_SetVectorTable), (124 bytes).
    Removing misc.o(i.NVIC_SystemLPConfig), (120 bytes).
    Removing misc.o(i.SysTick_CLKSourceConfig), (100 bytes).
    Removing stm32f4xx_gpio.o(.emb_text), (8 bytes).
    Removing stm32f4xx_gpio.o(i.GPIO_DeInit), (288 bytes).
    Removing stm32f4xx_gpio.o(i.GPIO_PinAFConfig), (284 bytes).
    Removing stm32f4xx_gpio.o(i.GPIO_PinLockConfig), (152 bytes).
    Removing stm32f4xx_gpio.o(i.GPIO_ReadInputData), (116 bytes).
    Removing stm32f4xx_gpio.o(i.GPIO_ReadInputDataBit), (216 bytes).
    Removing stm32f4xx_gpio.o(i.GPIO_ReadOutputData), (116 bytes).
    Removing stm32f4xx_gpio.o(i.GPIO_ReadOutputDataBit), (216 bytes).
    Removing stm32f4xx_gpio.o(i.GPIO_ResetBits), (128 bytes).
    Removing stm32f4xx_gpio.o(i.GPIO_SetBits), (128 bytes).
    Removing stm32f4xx_gpio.o(i.GPIO_StructInit), (18 bytes).
    Removing stm32f4xx_gpio.o(i.GPIO_ToggleBits), (120 bytes).
    Removing stm32f4xx_gpio.o(i.GPIO_Write), (116 bytes).
    Removing stm32f4xx_gpio.o(i.GPIO_WriteBit), (228 bytes).
    Removing stm32f4xx_syscfg.o(.emb_text), (8 bytes).
    Removing stm32f4xx_syscfg.o(i.SYSCFG_CompensationCellCmd), (32 bytes).
    Removing stm32f4xx_syscfg.o(i.SYSCFG_DeInit), (24 bytes).
    Removing stm32f4xx_syscfg.o(i.SYSCFG_ETH_MediaInterfaceConfig), (36 bytes).
    Removing stm32f4xx_syscfg.o(i.SYSCFG_GetCompensationCellStatus), (20 bytes).
    Removing stm32f4xx_syscfg.o(i.SYSCFG_MemoryRemapConfig), (40 bytes).
    Removing stm32f4xx_exti.o(.emb_text), (8 bytes).
    Removing stm32f4xx_exti.o(i.EXTI_ClearFlag), (32 bytes).
    Removing stm32f4xx_exti.o(i.EXTI_DeInit), (36 bytes).
    Removing stm32f4xx_exti.o(i.EXTI_GetFlagStatus), (160 bytes).
    Removing stm32f4xx_exti.o(i.EXTI_StructInit), (14 bytes).
    Removing stm32f4xx_dma.o(.emb_text), (8 bytes).
    Removing stm32f4xx_dma.o(i.DMA_ClearFlag), (224 bytes).
    Removing stm32f4xx_dma.o(i.DMA_ClearITPendingBit), (224 bytes).
    Removing stm32f4xx_dma.o(i.DMA_Cmd), (188 bytes).
    Removing stm32f4xx_dma.o(i.DMA_DeInit), (420 bytes).
    Removing stm32f4xx_dma.o(i.DMA_DoubleBufferModeCmd), (188 bytes).
    Removing stm32f4xx_dma.o(i.DMA_DoubleBufferModeConfig), (192 bytes).
    Removing stm32f4xx_dma.o(i.DMA_FlowControllerConfig), (188 bytes).
    Removing stm32f4xx_dma.o(i.DMA_GetCmdStatus), (164 bytes).
    Removing stm32f4xx_dma.o(i.DMA_GetCurrDataCounter), (156 bytes).
    Removing stm32f4xx_dma.o(i.DMA_GetCurrentMemoryTarget), (164 bytes).
    Removing stm32f4xx_dma.o(i.DMA_GetFIFOStatus), (160 bytes).
    Removing stm32f4xx_dma.o(i.DMA_GetFlagStatus), (524 bytes).
    Removing stm32f4xx_dma.o(i.DMA_GetITStatus), (636 bytes).
    Removing stm32f4xx_dma.o(i.DMA_ITConfig), (232 bytes).
    Removing stm32f4xx_dma.o(i.DMA_Init), (588 bytes).
    Removing stm32f4xx_dma.o(i.DMA_MemoryTargetConfig), (180 bytes).
    Removing stm32f4xx_dma.o(i.DMA_PeriphIncOffsetSizeConfig), (188 bytes).
    Removing stm32f4xx_dma.o(i.DMA_SetCurrDataCounter), (156 bytes).
    Removing stm32f4xx_dma.o(i.DMA_StructInit), (34 bytes).
    Removing stm32f4xx_dma.o(.conststring), (69 bytes).
    Removing stm32f4xx_adc.o(.emb_text), (8 bytes).
    Removing stm32f4xx_adc.o(i.ADC_AnalogWatchdogCmd), (124 bytes).
    Removing stm32f4xx_adc.o(i.ADC_AnalogWatchdogSingleChannelConfig), (148 bytes).
    Removing stm32f4xx_adc.o(i.ADC_AnalogWatchdogThresholdsConfig), (96 bytes).
    Removing stm32f4xx_adc.o(i.ADC_AutoInjectedConvCmd), (84 bytes).
    Removing stm32f4xx_adc.o(i.ADC_ClearFlag), (72 bytes).
    Removing stm32f4xx_adc.o(i.ADC_ClearITPendingBit), (100 bytes).
    Removing stm32f4xx_adc.o(i.ADC_Cmd), (84 bytes).
    Removing stm32f4xx_adc.o(i.ADC_CommonInit), (280 bytes).
    Removing stm32f4xx_adc.o(i.ADC_CommonStructInit), (12 bytes).
    Removing stm32f4xx_adc.o(i.ADC_ContinuousModeCmd), (84 bytes).
    Removing stm32f4xx_adc.o(i.ADC_DMACmd), (84 bytes).
    Removing stm32f4xx_adc.o(i.ADC_DMARequestAfterLastTransferCmd), (84 bytes).
    Removing stm32f4xx_adc.o(i.ADC_DeInit), (24 bytes).
    Removing stm32f4xx_adc.o(i.ADC_DiscModeChannelCountConfig), (84 bytes).
    Removing stm32f4xx_adc.o(i.ADC_DiscModeCmd), (84 bytes).
    Removing stm32f4xx_adc.o(i.ADC_EOCOnEachRegularChannelCmd), (84 bytes).
    Removing stm32f4xx_adc.o(i.ADC_ExternalTrigInjectedConvConfig), (164 bytes).
    Removing stm32f4xx_adc.o(i.ADC_ExternalTrigInjectedConvEdgeConfig), (92 bytes).
    Removing stm32f4xx_adc.o(i.ADC_GetConversionValue), (56 bytes).
    Removing stm32f4xx_adc.o(i.ADC_GetFlagStatus), (100 bytes).
    Removing stm32f4xx_adc.o(i.ADC_GetITStatus), (116 bytes).
    Removing stm32f4xx_adc.o(i.ADC_GetInjectedConversionValue), (92 bytes).
    Removing stm32f4xx_adc.o(i.ADC_GetMultiModeConversionValue), (12 bytes).
    Removing stm32f4xx_adc.o(i.ADC_GetSoftwareStartConvStatus), (64 bytes).
    Removing stm32f4xx_adc.o(i.ADC_GetSoftwareStartInjectedConvCmdStatus), (64 bytes).
    Removing stm32f4xx_adc.o(i.ADC_ITConfig), (128 bytes).
    Removing stm32f4xx_adc.o(i.ADC_Init), (352 bytes).
    Removing stm32f4xx_adc.o(i.ADC_InjectedChannelConfig), (272 bytes).
    Removing stm32f4xx_adc.o(i.ADC_InjectedDiscModeCmd), (84 bytes).
    Removing stm32f4xx_adc.o(i.ADC_InjectedSequencerLengthConfig), (84 bytes).
    Removing stm32f4xx_adc.o(i.ADC_MultiModeDMARequestAfterLastTransferCmd), (52 bytes).
    Removing stm32f4xx_adc.o(i.ADC_RegularChannelConfig), (316 bytes).
    Removing stm32f4xx_adc.o(i.ADC_SetInjectedOffset), (108 bytes).
    Removing stm32f4xx_adc.o(i.ADC_SoftwareStartConv), (60 bytes).
    Removing stm32f4xx_adc.o(i.ADC_SoftwareStartInjectedConv), (60 bytes).
    Removing stm32f4xx_adc.o(i.ADC_StructInit), (20 bytes).
    Removing stm32f4xx_adc.o(i.ADC_TempSensorVrefintCmd), (52 bytes).
    Removing stm32f4xx_adc.o(i.ADC_VBATCmd), (52 bytes).
    Removing stm32f4xx_adc.o(.conststring), (69 bytes).
    Removing startup_stm32f4xx.o(HEAP), (512 bytes).

147 unused section(s) (total 15732 bytes) removed from the image.

==============================================================================

Image Symbol Table

    Local Symbols

    Symbol Name                              Value     Ov Type        Size  Object(Section)

    ../clib/microlib/init/entry.s            0x00000000   Number         0  entry11b.o ABSOLUTE
    ../clib/microlib/init/entry.s            0x00000000   Number         0  entry11a.o ABSOLUTE
    ../clib/microlib/init/entry.s            0x00000000   Number         0  entry10b.o ABSOLUTE
    ../clib/microlib/init/entry.s            0x00000000   Number         0  entry9b.o ABSOLUTE
    ../clib/microlib/init/entry.s            0x00000000   Number         0  entry9a.o ABSOLUTE
    ../clib/microlib/init/entry.s            0x00000000   Number         0  entry8b.o ABSOLUTE
    ../clib/microlib/init/entry.s            0x00000000   Number         0  entry8a.o ABSOLUTE
    ../clib/microlib/init/entry.s            0x00000000   Number         0  entry10a.o ABSOLUTE
    ../clib/microlib/init/entry.s            0x00000000   Number         0  entry7b.o ABSOLUTE
    ../clib/microlib/init/entry.s            0x00000000   Number         0  entry7a.o ABSOLUTE
    ../clib/microlib/init/entry.s            0x00000000   Number         0  entry5.o ABSOLUTE
    ../clib/microlib/init/entry.s            0x00000000   Number         0  entry2.o ABSOLUTE
    ../clib/microlib/init/entry.s            0x00000000   Number         0  entry.o ABSOLUTE
    ..\..\..\..\Libraries\CMSIS\ST\STM32F4xx\Source\Templates\arm\startup_stm32f4xx.s 0x00000000   Number         0  startup_stm32f4xx.o ABSOLUTE
    ..\..\..\..\Libraries\STM32F4xx_StdPeriph_Driver\src\misc.c 0x00000000   Number         0  misc.o ABSOLUTE
    ..\..\..\..\Libraries\STM32F4xx_StdPeriph_Driver\src\stm32f4xx_adc.c 0x00000000   Number         0  stm32f4xx_adc.o ABSOLUTE
    ..\..\..\..\Libraries\STM32F4xx_StdPeriph_Driver\src\stm32f4xx_dma.c 0x00000000   Number         0  stm32f4xx_dma.o ABSOLUTE
    ..\..\..\..\Libraries\STM32F4xx_StdPeriph_Driver\src\stm32f4xx_exti.c 0x00000000   Number         0  stm32f4xx_exti.o ABSOLUTE
    ..\..\..\..\Libraries\STM32F4xx_StdPeriph_Driver\src\stm32f4xx_gpio.c 0x00000000   Number         0  stm32f4xx_gpio.o ABSOLUTE
    ..\..\..\..\Libraries\STM32F4xx_StdPeriph_Driver\src\stm32f4xx_rcc.c 0x00000000   Number         0  stm32f4xx_rcc.o ABSOLUTE
    ..\..\..\..\Libraries\STM32F4xx_StdPeriph_Driver\src\stm32f4xx_syscfg.c 0x00000000   Number         0  stm32f4xx_syscfg.o ABSOLUTE
    ..\..\..\..\Utilities\STM32F4-Discovery\stm32f4_discovery.c 0x00000000   Number         0  stm32f4_discovery.o ABSOLUTE
    ..\\..\\..\\..\\Libraries\\STM32F4xx_StdPeriph_Driver\\src\\misc.c 0x00000000   Number         0  misc.o ABSOLUTE
    ..\\..\\..\\..\\Libraries\\STM32F4xx_StdPeriph_Driver\\src\\stm32f4xx_adc.c 0x00000000   Number         0  stm32f4xx_adc.o ABSOLUTE
    ..\\..\\..\\..\\Libraries\\STM32F4xx_StdPeriph_Driver\\src\\stm32f4xx_dma.c 0x00000000   Number         0  stm32f4xx_dma.o ABSOLUTE
    ..\\..\\..\\..\\Libraries\\STM32F4xx_StdPeriph_Driver\\src\\stm32f4xx_exti.c 0x00000000   Number         0  stm32f4xx_exti.o ABSOLUTE
    ..\\..\\..\\..\\Libraries\\STM32F4xx_StdPeriph_Driver\\src\\stm32f4xx_gpio.c 0x00000000   Number         0  stm32f4xx_gpio.o ABSOLUTE
    ..\\..\\..\\..\\Libraries\\STM32F4xx_StdPeriph_Driver\\src\\stm32f4xx_rcc.c 0x00000000   Number         0  stm32f4xx_rcc.o ABSOLUTE
    ..\\..\\..\\..\\Libraries\\STM32F4xx_StdPeriph_Driver\\src\\stm32f4xx_syscfg.c 0x00000000   Number         0  stm32f4xx_syscfg.o ABSOLUTE
    ..\\..\\..\\..\\Utilities\\STM32F4-Discovery\\stm32f4_discovery.c 0x00000000   Number         0  stm32f4_discovery.o ABSOLUTE
    ..\\main.c                               0x00000000   Number         0  main.o ABSOLUTE
    ..\\stm32f4xx_it.c                       0x00000000   Number         0  stm32f4xx_it.o ABSOLUTE
    ..\\system_stm32f4xx.c                   0x00000000   Number         0  system_stm32f4xx.o ABSOLUTE
    ..\main.c                                0x00000000   Number         0  main.o ABSOLUTE
    ..\stm32f4xx_it.c                        0x00000000   Number         0  stm32f4xx_it.o ABSOLUTE
    ..\system_stm32f4xx.c                    0x00000000   Number         0  system_stm32f4xx.o ABSOLUTE
    dc.s                                     0x00000000   Number         0  dc.o ABSOLUTE
    handlers.s                               0x00000000   Number         0  handlers.o ABSOLUTE
    init.s                                   0x00000000   Number         0  init.o ABSOLUTE
    RESET                                    0x08000000   Section      392  startup_stm32f4xx.o(RESET)
    .ARM.Collect$$$$00000000                 0x08000188   Section        0  entry.o(.ARM.Collect$$$$00000000)
    .ARM.Collect$$$$00000001                 0x08000188   Section        4  entry2.o(.ARM.Collect$$$$00000001)
    .ARM.Collect$$$$00000004                 0x0800018c   Section        4  entry5.o(.ARM.Collect$$$$00000004)
    .ARM.Collect$$$$00000008                 0x08000190   Section        0  entry7b.o(.ARM.Collect$$$$00000008)
    .ARM.Collect$$$$0000000A                 0x08000190   Section        0  entry8b.o(.ARM.Collect$$$$0000000A)
    .ARM.Collect$$$$0000000B                 0x08000190   Section        8  entry9a.o(.ARM.Collect$$$$0000000B)
    .ARM.Collect$$$$0000000D                 0x08000198   Section        0  entry10a.o(.ARM.Collect$$$$0000000D)
    .ARM.Collect$$$$0000000F                 0x08000198   Section        0  entry11a.o(.ARM.Collect$$$$0000000F)
    .ARM.Collect$$$$00002712                 0x08000198   Section        4  entry2.o(.ARM.Collect$$$$00002712)
    __lit__00000000                          0x08000198   Data           4  entry2.o(.ARM.Collect$$$$00002712)
    .text                                    0x0800019c   Section       36  startup_stm32f4xx.o(.text)
    $v0                                      0x0800019c   Number         0  startup_stm32f4xx.o(.text)
    .text                                    0x080001c0   Section       36  init.o(.text)
    i.BusFault_Handler                       0x080001e4   Section        0  stm32f4xx_it.o(i.BusFault_Handler)
    i.DebugMon_Handler                       0x080001e6   Section        0  stm32f4xx_it.o(i.DebugMon_Handler)
    i.EXTI0_IRQHandler                       0x080001e8   Section        0  stm32f4xx_it.o(i.EXTI0_IRQHandler)
    i.EXTILine0_Config                       0x08000208   Section        0  main.o(i.EXTILine0_Config)
    i.EXTI_ClearITPendingBit                 0x0800026c   Section        0  stm32f4xx_exti.o(i.EXTI_ClearITPendingBit)
    i.EXTI_GenerateSWInterrupt               0x08000290   Section        0  stm32f4xx_exti.o(i.EXTI_GenerateSWInterrupt)
    i.EXTI_GetITStatus                       0x080002b4   Section        0  stm32f4xx_exti.o(i.EXTI_GetITStatus)
    i.EXTI_Init                              0x08000360   Section        0  stm32f4xx_exti.o(i.EXTI_Init)
    i.GPIO_Init                              0x0800041c   Section        0  stm32f4xx_gpio.o(i.GPIO_Init)
    i.HardFault_Handler                      0x0800056c   Section        0  stm32f4xx_it.o(i.HardFault_Handler)
    i.MemManage_Handler                      0x0800056e   Section        0  stm32f4xx_it.o(i.MemManage_Handler)
    i.NMI_Handler                            0x08000570   Section        0  stm32f4xx_it.o(i.NMI_Handler)
    i.NVIC_Init                              0x08000574   Section        0  misc.o(i.NVIC_Init)
    i.PendSV_Handler                         0x08000644   Section        0  stm32f4xx_it.o(i.PendSV_Handler)
    i.RCC_AHB1PeriphClockCmd                 0x08000648   Section        0  stm32f4xx_rcc.o(i.RCC_AHB1PeriphClockCmd)
    i.RCC_APB2PeriphClockCmd                 0x0800068c   Section        0  stm32f4xx_rcc.o(i.RCC_APB2PeriphClockCmd)
    i.STM_EVAL_LEDInit                       0x080006d0   Section        0  stm32f4_discovery.o(i.STM_EVAL_LEDInit)
    i.STM_EVAL_LEDToggle                     0x08000718   Section        0  stm32f4_discovery.o(i.STM_EVAL_LEDToggle)
    i.SVC_Handler                            0x08000734   Section        0  stm32f4xx_it.o(i.SVC_Handler)
    i.SYSCFG_EXTILineConfig                  0x08000738   Section        0  stm32f4xx_syscfg.o(i.SYSCFG_EXTILineConfig)
    i.SetSysClock                            0x080007e0   Section        0  system_stm32f4xx.o(i.SetSysClock)
    SetSysClock                              0x080007e1   Thumb Code   162  system_stm32f4xx.o(i.SetSysClock)
    i.SysTick_Handler                        0x08000894   Section        0  stm32f4xx_it.o(i.SysTick_Handler)
    i.SystemInit                             0x08000898   Section        0  system_stm32f4xx.o(i.SystemInit)
    i.UsageFault_Handler                     0x080008e8   Section        0  stm32f4xx_it.o(i.UsageFault_Handler)
    i.__scatterload_copy                     0x080008ea   Section       14  handlers.o(i.__scatterload_copy)
    i.__scatterload_null                     0x080008f8   Section        2  handlers.o(i.__scatterload_null)
    i.__scatterload_zeroinit                 0x080008fa   Section       14  handlers.o(i.__scatterload_zeroinit)
    i.assert_failed                          0x08000908   Section        0  main.o(i.assert_failed)
    i.main                                   0x0800090a   Section        0  main.o(i.main)
    .constdata                               0x08000924   Section       36  stm32f4_discovery.o(.constdata)
    .conststring                             0x08000948   Section       69  stm32f4xx_rcc.o(.conststring)
    .conststring                             0x08000990   Section       70  stm32f4xx_gpio.o(.conststring)
    .conststring                             0x080009d8   Section       72  stm32f4xx_syscfg.o(.conststring)
    .conststring                             0x08000a20   Section       70  stm32f4xx_exti.o(.conststring)
    .data                                    0x20000000   Section        8  main.o(.data)
    .data                                    0x20000008   Section       20  stm32f4_discovery.o(.data)
    STACK                                    0x20000020   Section     1024  startup_stm32f4xx.o(STACK)

    Global Symbols

    Symbol Name                              Value     Ov Type        Size  Object(Section)

    BuildAttributes$$THM_ISAv4$E$P$D$K$B$S$7EM$VFPi3$EXTD16$VFPS$VFMA$PE$A:L22UL41UL21$X:L11$S22US41US21$IEEE1$IW$USESV6$~STKCKD$USESV7$~SHL$OSPACE$EBA8$MICROLIB$REQ8$PRES8$EABIv2 0x00000000   Number         0  anon$$obj.o ABSOLUTE
    __ARM_use_no_argv                        0x00000000   Number         0  main.o ABSOLUTE
    __cpp_initialize__aeabi_                  - Undefined Weak Reference
    __cxa_finalize                            - Undefined Weak Reference
    __decompress                              - Undefined Weak Reference
    _clock_init                               - Undefined Weak Reference
    _microlib_exit                            - Undefined Weak Reference
    __Vectors_Size                           0x00000188   Number         0  startup_stm32f4xx.o ABSOLUTE
    __Vectors                                0x08000000   Data           4  startup_stm32f4xx.o(RESET)
    __Vectors_End                            0x08000188   Data           0  startup_stm32f4xx.o(RESET)
    __main                                   0x08000189   Thumb Code     0  entry.o(.ARM.Collect$$$$00000000)
    _main_stk                                0x08000189   Thumb Code     0  entry2.o(.ARM.Collect$$$$00000001)
    _main_scatterload                        0x0800018d   Thumb Code     0  entry5.o(.ARM.Collect$$$$00000004)
    __main_after_scatterload                 0x08000191   Thumb Code     0  entry5.o(.ARM.Collect$$$$00000004)
    _main_clock                              0x08000191   Thumb Code     0  entry7b.o(.ARM.Collect$$$$00000008)
    _main_cpp_init                           0x08000191   Thumb Code     0  entry8b.o(.ARM.Collect$$$$0000000A)
    _main_init                               0x08000191   Thumb Code     0  entry9a.o(.ARM.Collect$$$$0000000B)
    __rt_final_cpp                           0x08000199   Thumb Code     0  entry10a.o(.ARM.Collect$$$$0000000D)
    __rt_final_exit                          0x08000199   Thumb Code     0  entry11a.o(.ARM.Collect$$$$0000000F)
    Reset_Handler                            0x0800019d   Thumb Code     8  startup_stm32f4xx.o(.text)
    ADC_IRQHandler                           0x080001b7   Thumb Code     0  startup_stm32f4xx.o(.text)
    CAN1_RX0_IRQHandler                      0x080001b7   Thumb Code     0  startup_stm32f4xx.o(.text)
    CAN1_RX1_IRQHandler                      0x080001b7   Thumb Code     0  startup_stm32f4xx.o(.text)
    CAN1_SCE_IRQHandler                      0x080001b7   Thumb Code     0  startup_stm32f4xx.o(.text)
    CAN1_TX_IRQHandler                       0x080001b7   Thumb Code     0  startup_stm32f4xx.o(.text)
    CAN2_RX0_IRQHandler                      0x080001b7   Thumb Code     0  startup_stm32f4xx.o(.text)
    CAN2_RX1_IRQHandler                      0x080001b7   Thumb Code     0  startup_stm32f4xx.o(.text)
    CAN2_SCE_IRQHandler                      0x080001b7   Thumb Code     0  startup_stm32f4xx.o(.text)
    CAN2_TX_IRQHandler                       0x080001b7   Thumb Code     0  startup_stm32f4xx.o(.text)
    CRYP_IRQHandler                          0x080001b7   Thumb Code     0  startup_stm32f4xx.o(.text)
    DCMI_IRQHandler                          0x080001b7   Thumb Code     0  startup_stm32f4xx.o(.text)
    DMA1_Stream0_IRQHandler                  0x080001b7   Thumb Code     0  startup_stm32f4xx.o(.text)
    DMA1_Stream1_IRQHandler                  0x080001b7   Thumb Code     0  startup_stm32f4xx.o(.text)
    DMA1_Stream2_IRQHandler                  0x080001b7   Thumb Code     0  startup_stm32f4xx.o(.text)
    DMA1_Stream3_IRQHandler                  0x080001b7   Thumb Code     0  startup_stm32f4xx.o(.text)
    DMA1_Stream4_IRQHandler                  0x080001b7   Thumb Code     0  startup_stm32f4xx.o(.text)
    DMA1_Stream5_IRQHandler                  0x080001b7   Thumb Code     0  startup_stm32f4xx.o(.text)
    DMA1_Stream6_IRQHandler                  0x080001b7   Thumb Code     0  startup_stm32f4xx.o(.text)
    DMA1_Stream7_IRQHandler                  0x080001b7   Thumb Code     0  startup_stm32f4xx.o(.text)
    DMA2_Stream0_IRQHandler                  0x080001b7   Thumb Code     0  startup_stm32f4xx.o(.text)
    DMA2_Stream1_IRQHandler                  0x080001b7   Thumb Code     0  startup_stm32f4xx.o(.text)
    DMA2_Stream2_IRQHandler                  0x080001b7   Thumb Code     0  startup_stm32f4xx.o(.text)
    DMA2_Stream3_IRQHandler                  0x080001b7   Thumb Code     0  startup_stm32f4xx.o(.text)
    DMA2_Stream4_IRQHandler                  0x080001b7   Thumb Code     0  startup_stm32f4xx.o(.text)
    DMA2_Stream5_IRQHandler                  0x080001b7   Thumb Code     0  startup_stm32f4xx.o(.text)
    DMA2_Stream6_IRQHandler                  0x080001b7   Thumb Code     0  startup_stm32f4xx.o(.text)
    DMA2_Stream7_IRQHandler                  0x080001b7   Thumb Code     0  startup_stm32f4xx.o(.text)
    ETH_IRQHandler                           0x080001b7   Thumb Code     0  startup_stm32f4xx.o(.text)
    ETH_WKUP_IRQHandler                      0x080001b7   Thumb Code     0  startup_stm32f4xx.o(.text)
    EXTI15_10_IRQHandler                     0x080001b7   Thumb Code     0  startup_stm32f4xx.o(.text)
    EXTI1_IRQHandler                         0x080001b7   Thumb Code     0  startup_stm32f4xx.o(.text)
    EXTI2_IRQHandler                         0x080001b7   Thumb Code     0  startup_stm32f4xx.o(.text)
    EXTI3_IRQHandler                         0x080001b7   Thumb Code     0  startup_stm32f4xx.o(.text)
    EXTI4_IRQHandler                         0x080001b7   Thumb Code     0  startup_stm32f4xx.o(.text)
    EXTI9_5_IRQHandler                       0x080001b7   Thumb Code     0  startup_stm32f4xx.o(.text)
    FLASH_IRQHandler                         0x080001b7   Thumb Code     0  startup_stm32f4xx.o(.text)
    FPU_IRQHandler                           0x080001b7   Thumb Code     0  startup_stm32f4xx.o(.text)
    FSMC_IRQHandler                          0x080001b7   Thumb Code     0  startup_stm32f4xx.o(.text)
    HASH_RNG_IRQHandler                      0x080001b7   Thumb Code     0  startup_stm32f4xx.o(.text)
    I2C1_ER_IRQHandler                       0x080001b7   Thumb Code     0  startup_stm32f4xx.o(.text)
    I2C1_EV_IRQHandler                       0x080001b7   Thumb Code     0  startup_stm32f4xx.o(.text)
    I2C2_ER_IRQHandler                       0x080001b7   Thumb Code     0  startup_stm32f4xx.o(.text)
    I2C2_EV_IRQHandler                       0x080001b7   Thumb Code     0  startup_stm32f4xx.o(.text)
    I2C3_ER_IRQHandler                       0x080001b7   Thumb Code     0  startup_stm32f4xx.o(.text)
    I2C3_EV_IRQHandler                       0x080001b7   Thumb Code     0  startup_stm32f4xx.o(.text)
    OTG_FS_IRQHandler                        0x080001b7   Thumb Code     0  startup_stm32f4xx.o(.text)
    OTG_FS_WKUP_IRQHandler                   0x080001b7   Thumb Code     0  startup_stm32f4xx.o(.text)
    OTG_HS_EP1_IN_IRQHandler                 0x080001b7   Thumb Code     0  startup_stm32f4xx.o(.text)
    OTG_HS_EP1_OUT_IRQHandler                0x080001b7   Thumb Code     0  startup_stm32f4xx.o(.text)
    OTG_HS_IRQHandler                        0x080001b7   Thumb Code     0  startup_stm32f4xx.o(.text)
    OTG_HS_WKUP_IRQHandler                   0x080001b7   Thumb Code     0  startup_stm32f4xx.o(.text)
    PVD_IRQHandler                           0x080001b7   Thumb Code     0  startup_stm32f4xx.o(.text)
    RCC_IRQHandler                           0x080001b7   Thumb Code     0  startup_stm32f4xx.o(.text)
    RTC_Alarm_IRQHandler                     0x080001b7   Thumb Code     0  startup_stm32f4xx.o(.text)
    RTC_WKUP_IRQHandler                      0x080001b7   Thumb Code     0  startup_stm32f4xx.o(.text)
    SDIO_IRQHandler                          0x080001b7   Thumb Code     0  startup_stm32f4xx.o(.text)
    SPI1_IRQHandler                          0x080001b7   Thumb Code     0  startup_stm32f4xx.o(.text)
    SPI2_IRQHandler                          0x080001b7   Thumb Code     0  startup_stm32f4xx.o(.text)
    SPI3_IRQHandler                          0x080001b7   Thumb Code     0  startup_stm32f4xx.o(.text)
    TAMP_STAMP_IRQHandler                    0x080001b7   Thumb Code     0  startup_stm32f4xx.o(.text)
    TIM1_BRK_TIM9_IRQHandler                 0x080001b7   Thumb Code     0  startup_stm32f4xx.o(.text)
    TIM1_CC_IRQHandler                       0x080001b7   Thumb Code     0  startup_stm32f4xx.o(.text)
    TIM1_TRG_COM_TIM11_IRQHandler            0x080001b7   Thumb Code     0  startup_stm32f4xx.o(.text)
    TIM1_UP_TIM10_IRQHandler                 0x080001b7   Thumb Code     0  startup_stm32f4xx.o(.text)
    TIM2_IRQHandler                          0x080001b7   Thumb Code     0  startup_stm32f4xx.o(.text)
    TIM3_IRQHandler                          0x080001b7   Thumb Code     0  startup_stm32f4xx.o(.text)
    TIM4_IRQHandler                          0x080001b7   Thumb Code     0  startup_stm32f4xx.o(.text)
    TIM5_IRQHandler                          0x080001b7   Thumb Code     0  startup_stm32f4xx.o(.text)
    TIM6_DAC_IRQHandler                      0x080001b7   Thumb Code     0  startup_stm32f4xx.o(.text)
    TIM7_IRQHandler                          0x080001b7   Thumb Code     0  startup_stm32f4xx.o(.text)
    TIM8_BRK_TIM12_IRQHandler                0x080001b7   Thumb Code     0  startup_stm32f4xx.o(.text)
    TIM8_CC_IRQHandler                       0x080001b7   Thumb Code     0  startup_stm32f4xx.o(.text)
    TIM8_TRG_COM_TIM14_IRQHandler            0x080001b7   Thumb Code     0  startup_stm32f4xx.o(.text)
    TIM8_UP_TIM13_IRQHandler                 0x080001b7   Thumb Code     0  startup_stm32f4xx.o(.text)
    UART4_IRQHandler                         0x080001b7   Thumb Code     0  startup_stm32f4xx.o(.text)
    UART5_IRQHandler                         0x080001b7   Thumb Code     0  startup_stm32f4xx.o(.text)
    USART1_IRQHandler                        0x080001b7   Thumb Code     0  startup_stm32f4xx.o(.text)
    USART2_IRQHandler                        0x080001b7   Thumb Code     0  startup_stm32f4xx.o(.text)
    USART3_IRQHandler                        0x080001b7   Thumb Code     0  startup_stm32f4xx.o(.text)
    USART6_IRQHandler                        0x080001b7   Thumb Code     0  startup_stm32f4xx.o(.text)
    WWDG_IRQHandler                          0x080001b7   Thumb Code     0  startup_stm32f4xx.o(.text)
    __scatterload                            0x080001c1   Thumb Code    28  init.o(.text)
    __scatterload_rt2                        0x080001c1   Thumb Code     0  init.o(.text)
    BusFault_Handler                         0x080001e5   Thumb Code     2  stm32f4xx_it.o(i.BusFault_Handler)
    DebugMon_Handler                         0x080001e7   Thumb Code     2  stm32f4xx_it.o(i.DebugMon_Handler)
    EXTI0_IRQHandler                         0x080001e9   Thumb Code    30  stm32f4xx_it.o(i.EXTI0_IRQHandler)
    EXTILine0_Config                         0x08000209   Thumb Code    90  main.o(i.EXTILine0_Config)
    EXTI_ClearITPendingBit                   0x0800026d   Thumb Code    26  stm32f4xx_exti.o(i.EXTI_ClearITPendingBit)
    EXTI_GenerateSWInterrupt                 0x08000291   Thumb Code    28  stm32f4xx_exti.o(i.EXTI_GenerateSWInterrupt)
    EXTI_GetITStatus                         0x080002b5   Thumb Code   162  stm32f4xx_exti.o(i.EXTI_GetITStatus)
    EXTI_Init                                0x08000361   Thumb Code   180  stm32f4xx_exti.o(i.EXTI_Init)
    GPIO_Init                                0x0800041d   Thumb Code   294  stm32f4xx_gpio.o(i.GPIO_Init)
    HardFault_Handler                        0x0800056d   Thumb Code     2  stm32f4xx_it.o(i.HardFault_Handler)
    MemManage_Handler                        0x0800056f   Thumb Code     2  stm32f4xx_it.o(i.MemManage_Handler)
    NMI_Handler                              0x08000571   Thumb Code     2  stm32f4xx_it.o(i.NMI_Handler)
    NVIC_Init                                0x08000575   Thumb Code   144  misc.o(i.NVIC_Init)
    PendSV_Handler                           0x08000645   Thumb Code     2  stm32f4xx_it.o(i.PendSV_Handler)
    RCC_AHB1PeriphClockCmd                   0x08000649   Thumb Code    56  stm32f4xx_rcc.o(i.RCC_AHB1PeriphClockCmd)
    RCC_APB2PeriphClockCmd                   0x0800068d   Thumb Code    56  stm32f4xx_rcc.o(i.RCC_APB2PeriphClockCmd)
    STM_EVAL_LEDInit                         0x080006d1   Thumb Code    62  stm32f4_discovery.o(i.STM_EVAL_LEDInit)
    STM_EVAL_LEDToggle                       0x08000719   Thumb Code    20  stm32f4_discovery.o(i.STM_EVAL_LEDToggle)
    SVC_Handler                              0x08000735   Thumb Code     2  stm32f4xx_it.o(i.SVC_Handler)
    SYSCFG_EXTILineConfig                    0x08000739   Thumb Code   158  stm32f4xx_syscfg.o(i.SYSCFG_EXTILineConfig)
    SysTick_Handler                          0x08000895   Thumb Code     2  stm32f4xx_it.o(i.SysTick_Handler)
    SystemInit                               0x08000899   Thumb Code    62  system_stm32f4xx.o(i.SystemInit)
    UsageFault_Handler                       0x080008e9   Thumb Code     2  stm32f4xx_it.o(i.UsageFault_Handler)
    __scatterload_copy                       0x080008eb   Thumb Code    14  handlers.o(i.__scatterload_copy)
    __scatterload_null                       0x080008f9   Thumb Code     2  handlers.o(i.__scatterload_null)
    __scatterload_zeroinit                   0x080008fb   Thumb Code    14  handlers.o(i.__scatterload_zeroinit)
    assert_failed                            0x08000909   Thumb Code     2  main.o(i.assert_failed)
    main                                     0x0800090b   Thumb Code    24  main.o(i.main)
    BUTTON_PORT_SOURCE                       0x08000924   Data           1  stm32f4_discovery.o(.constdata)
    BUTTON_PIN_SOURCE                        0x08000925   Data           1  stm32f4_discovery.o(.constdata)
    BUTTON_IRQn                              0x08000926   Data           1  stm32f4_discovery.o(.constdata)
    BUTTON_PIN                               0x08000928   Data           2  stm32f4_discovery.o(.constdata)
    BUTTON_EXTI_LINE                         0x0800092a   Data           2  stm32f4_discovery.o(.constdata)
    BUTTON_CLK                               0x0800092c   Data           4  stm32f4_discovery.o(.constdata)
    GPIO_PIN                                 0x08000930   Data           8  stm32f4_discovery.o(.constdata)
    GPIO_CLK                                 0x08000938   Data          16  stm32f4_discovery.o(.constdata)
    Region$$Table$$Base                      0x08000a68   Number         0  anon$$obj.o(Region$$Table)
    Region$$Table$$Limit                     0x08000a88   Number         0  anon$$obj.o(Region$$Table)
    EXTI_InitStructure                       0x20000000   Data           8  main.o(.data)
    BUTTON_PORT                              0x20000008   Data           4  stm32f4_discovery.o(.data)
    GPIO_PORT                                0x2000000c   Data          16  stm32f4_discovery.o(.data)
    __initial_sp                             0x20000420   Data           0  startup_stm32f4xx.o(STACK)



==============================================================================

Memory Map of the image

  Image Entry point : 0x08000189

  Load Region LR_IROM1 (Base: 0x08000000, Size: 0x00000aa4, Max: 0x00100000, ABSOLUTE)

    Execution Region ER_IROM1 (Base: 0x08000000, Size: 0x00000a88, Max: 0x00100000, ABSOLUTE)

    Base Addr    Size         Type   Attr      Idx    E Section Name        Object

    0x08000000   0x00000188   Data   RO         1304    RESET               startup_stm32f4xx.o
    0x08000188   0x00000000   Code   RO         1309  * .ARM.Collect$$$$00000000  mc_w.l(entry.o)
    0x08000188   0x00000004   Code   RO         1312    .ARM.Collect$$$$00000001  mc_w.l(entry2.o)
    0x0800018c   0x00000004   Code   RO         1315    .ARM.Collect$$$$00000004  mc_w.l(entry5.o)
    0x08000190   0x00000000   Code   RO         1317    .ARM.Collect$$$$00000008  mc_w.l(entry7b.o)
    0x08000190   0x00000000   Code   RO         1319    .ARM.Collect$$$$0000000A  mc_w.l(entry8b.o)
    0x08000190   0x00000008   Code   RO         1320    .ARM.Collect$$$$0000000B  mc_w.l(entry9a.o)
    0x08000198   0x00000000   Code   RO         1322    .ARM.Collect$$$$0000000D  mc_w.l(entry10a.o)
    0x08000198   0x00000000   Code   RO         1324    .ARM.Collect$$$$0000000F  mc_w.l(entry11a.o)
    0x08000198   0x00000004   Code   RO         1313    .ARM.Collect$$$$00002712  mc_w.l(entry2.o)
    0x0800019c   0x00000024   Code   RO         1305    .text               startup_stm32f4xx.o
    0x080001c0   0x00000024   Code   RO         1326    .text               mc_w.l(init.o)
    0x080001e4   0x00000002   Code   RO          143    i.BusFault_Handler  stm32f4xx_it.o
    0x080001e6   0x00000002   Code   RO          144    i.DebugMon_Handler  stm32f4xx_it.o
    0x080001e8   0x0000001e   Code   RO          145    i.EXTI0_IRQHandler  stm32f4xx_it.o
    0x08000206   0x00000002   PAD
    0x08000208   0x00000064   Code   RO            2    i.EXTILine0_Config  main.o
    0x0800026c   0x00000024   Code   RO          872    i.EXTI_ClearITPendingBit  stm32f4xx_exti.o
    0x08000290   0x00000024   Code   RO          874    i.EXTI_GenerateSWInterrupt  stm32f4xx_exti.o
    0x080002b4   0x000000ac   Code   RO          876    i.EXTI_GetITStatus  stm32f4xx_exti.o
    0x08000360   0x000000bc   Code   RO          877    i.EXTI_Init         stm32f4xx_exti.o
    0x0800041c   0x00000150   Code   RO          727    i.GPIO_Init         stm32f4xx_gpio.o
    0x0800056c   0x00000002   Code   RO          146    i.HardFault_Handler  stm32f4xx_it.o
    0x0800056e   0x00000002   Code   RO          147    i.MemManage_Handler  stm32f4xx_it.o
    0x08000570   0x00000002   Code   RO          148    i.NMI_Handler       stm32f4xx_it.o
    0x08000572   0x00000002   PAD
    0x08000574   0x000000d0   Code   RO          680    i.NVIC_Init         misc.o
    0x08000644   0x00000002   Code   RO          149    i.PendSV_Handler    stm32f4xx_it.o
    0x08000646   0x00000002   PAD
    0x08000648   0x00000044   Code   RO          325    i.RCC_AHB1PeriphClockCmd  stm32f4xx_rcc.o
    0x0800068c   0x00000044   Code   RO          337    i.RCC_APB2PeriphClockCmd  stm32f4xx_rcc.o
    0x080006d0   0x00000048   Code   RO          274    i.STM_EVAL_LEDInit  stm32f4_discovery.o
    0x08000718   0x0000001c   Code   RO          277    i.STM_EVAL_LEDToggle  stm32f4_discovery.o
    0x08000734   0x00000002   Code   RO          150    i.SVC_Handler       stm32f4xx_it.o
    0x08000736   0x00000002   PAD
    0x08000738   0x000000a8   Code   RO          827    i.SYSCFG_EXTILineConfig  stm32f4xx_syscfg.o
    0x080007e0   0x000000b4   Code   RO          241    i.SetSysClock       system_stm32f4xx.o
    0x08000894   0x00000002   Code   RO          151    i.SysTick_Handler   stm32f4xx_it.o
    0x08000896   0x00000002   PAD
    0x08000898   0x00000050   Code   RO          243    i.SystemInit        system_stm32f4xx.o
    0x080008e8   0x00000002   Code   RO          152    i.UsageFault_Handler  stm32f4xx_it.o
    0x080008ea   0x0000000e   Code   RO         1330    i.__scatterload_copy  mc_w.l(handlers.o)
    0x080008f8   0x00000002   Code   RO         1331    i.__scatterload_null  mc_w.l(handlers.o)
    0x080008fa   0x0000000e   Code   RO         1332    i.__scatterload_zeroinit  mc_w.l(handlers.o)
    0x08000908   0x00000002   Code   RO            3    i.assert_failed     main.o
    0x0800090a   0x00000018   Code   RO            4    i.main              main.o
    0x08000922   0x00000002   PAD
    0x08000924   0x00000024   Data   RO          280    .constdata          stm32f4_discovery.o
    0x08000948   0x00000045   Data   RO          369    .conststring        stm32f4xx_rcc.o
    0x0800098d   0x00000003   PAD
    0x08000990   0x00000046   Data   RO          740    .conststring        stm32f4xx_gpio.o
    0x080009d6   0x00000002   PAD
    0x080009d8   0x00000048   Data   RO          830    .conststring        stm32f4xx_syscfg.o
    0x08000a20   0x00000046   Data   RO          879    .conststring        stm32f4xx_exti.o
    0x08000a66   0x00000002   PAD
    0x08000a68   0x00000020   Data   RO         1328    Region$$Table       anon$$obj.o


    Execution Region RW_IRAM1 (Base: 0x20000000, Size: 0x00000420, Max: 0x00020000, ABSOLUTE)

    Base Addr    Size         Type   Attr      Idx    E Section Name        Object

    0x20000000   0x00000008   Data   RW            5    .data               main.o
    0x20000008   0x00000014   Data   RW          281    .data               stm32f4_discovery.o
    0x2000001c   0x00000004   PAD
    0x20000020   0x00000400   Zero   RW         1302    STACK               startup_stm32f4xx.o


==============================================================================

Image component sizes


      Code (inc. data)   RO Data    RW Data    ZI Data      Debug   Object Name

       126         10          0          8          0     226291   main.o
       208         64          0          0          0       3072   misc.o
        36          8        392          0       1024        968   startup_stm32f4xx.o
       100         18         36         20          0       2529   stm32f4_discovery.o
       432         36         70          0          0       6007   stm32f4xx_exti.o
       336         42         70          0          0       7900   stm32f4xx_gpio.o
        48          0          0          0          0       4953   stm32f4xx_it.o
       136         24         69          0          0       1466   stm32f4xx_rcc.o
       168         10         72          0          0        824   stm32f4xx_syscfg.o
       260         36          0          0          0       1641   system_stm32f4xx.o

    ----------------------------------------------------------------------
      1862        248        748         28       1028     255651   Object Totals
         0          0         32          0          0          0   (incl. Generated)
        12          0          7          0          4          0   (incl. Padding)

    ----------------------------------------------------------------------

      Code (inc. data)   RO Data    RW Data    ZI Data      Debug   Library Member Name

         0          0          0          0          0          0   entry.o
         0          0          0          0          0          0   entry10a.o
         0          0          0          0          0          0   entry11a.o
         8          4          0          0          0          0   entry2.o
         4          0          0          0          0          0   entry5.o
         0          0          0          0          0          0   entry7b.o
         0          0          0          0          0          0   entry8b.o
         8          4          0          0          0          0   entry9a.o
        30          0          0          0          0          0   handlers.o
        36          8          0          0          0         68   init.o

    ----------------------------------------------------------------------
        86         16          0          0          0         68   Library Totals
         0          0          0          0          0          0   (incl. Padding)

    ----------------------------------------------------------------------

      Code (inc. data)   RO Data    RW Data    ZI Data      Debug   Library Name

        86         16          0          0          0         68   mc_w.l

    ----------------------------------------------------------------------
        86         16          0          0          0         68   Library Totals

    ----------------------------------------------------------------------

==============================================================================


      Code (inc. data)   RO Data    RW Data    ZI Data      Debug   

      1948        264        748         28       1028     253723   Grand Totals
      1948        264        748         28       1028     253723   ELF Image Totals
      1948        264        748         28          0          0   ROM Totals

==============================================================================

    Total RO  Size (Code + RO Data)                 2696 (   2.63kB)
    Total RW  Size (RW Data + ZI Data)              1056 (   1.03kB)
    Total ROM Size (Code + RO Data + RW Data)       2724 (   2.66kB)

==============================================================================

