<html>
<body>
<pre>
<h1>µVision Build Log</h1>
<h2>Tool Versions:</h2>
IDE-Version: µVision V5.12.0.0
Copyright (C) 2014 ARM Ltd and ARM Germany GmbH. All rights reserved.
License Information: René Galow, BHT, LIC=----
 
Tool Versions:
Toolchain:       MDK-Lite  Version: 5.12.0.0
Toolchain Path:  C:\Keil_v5\ARM\ARMCC\Bin
C Compiler:      Armcc.exe V5.05 (build 41)
Assembler:       Armasm.exe V5.05 (build 41)
Linker/Locator:  ArmLink.exe V5.05 (build 41)
Library Manager: ArmAr.exe V5.05 (build 41)
Hex Converter:   FromElf.exe V5.05 (build 41)
CPU DLL:         SARMCM3.DLL V5.12.0.0
Dialog DLL:      DCM.DLL V1.13.0.0
    Target DLL: STLink\ST-LINKIII-KEIL_SWO.dll
Dialog DLL:      TCM.DLL V1.14.2.0
 
<h2>Project:</h2>
D:\git\arm-projekt\st_stuff\STM32F4-Discovery_FW_V1.1.0\Project\Peripheral_Examples\EXTI\MDK-ARM\Exti.uvproj
Project File Date:  10/28/2011

<h2>Output:</h2>
Rebuild Project 'Exti' - Target 'Exti'
compiling main.c...
compiling stm32f4xx_it.c...
compiling system_stm32f4xx.c...
compiling stm32f4_discovery.c...
compiling stm32f4xx_rcc.c...
compiling misc.c...
compiling stm32f4xx_gpio.c...
compiling stm32f4xx_syscfg.c...
compiling stm32f4xx_exti.c...
compiling stm32f4xx_dma.c...
compiling stm32f4xx_adc.c...
assembling startup_stm32f4xx.s...
linking...
Program Size: Code=1948 RO-data=748 RW-data=28 ZI-data=1028  
".\Exti\Exti.axf" - 0 Error(s), 0 Warning(s).
Load "D:\\git\\arm-projekt\\st_stuff\\STM32F4-Discovery_FW_V1.1.0\\Project\\Peripheral_Examples\\EXTI\\MDK-ARM\\Exti\\Exti.axf" 

Cannot load driver 'C:\Keil_v5\ARM\STLink\ST-LINKIII-KEIL.dll'.

Possible Reasons:
 - Driver DLL could not be found in the specified path
 - Driver DLL requires additional DLL's which are not installed
 - Required Hardware Drivers are not installed
Error: Flash Download failed  -  C:\Keil_v5\ARM\STLink\ST-LINKIII-KEIL.dll
Load "D:\\git\\arm-projekt\\st_stuff\\STM32F4-Discovery_FW_V1.1.0\\Project\\Peripheral_Examples\\EXTI\\MDK-ARM\\Exti\\Exti.axf" 

Cannot load driver 'C:\Keil_v5\ARM\STLink\ST-LINKIII-KEIL.dll'.

Possible Reasons:
 - Driver DLL could not be found in the specified path
 - Driver DLL requires additional DLL's which are not installed
 - Required Hardware Drivers are not installed
Error: Flash Download failed  -  C:\Keil_v5\ARM\STLink\ST-LINKIII-KEIL.dll
Load "D:\\git\\arm-projekt\\st_stuff\\STM32F4-Discovery_FW_V1.1.0\\Project\\Peripheral_Examples\\EXTI\\MDK-ARM\\Exti\\Exti.axf" 

Cannot load driver 'C:\Keil_v5\ARM\STLink\ST-LINKIII-KEIL.dll'.

Possible Reasons:
 - Driver DLL could not be found in the specified path
 - Driver DLL requires additional DLL's which are not installed
 - Required Hardware Drivers are not installed
Error: Flash Download failed  -  C:\Keil_v5\ARM\STLink\ST-LINKIII-KEIL.dll
Load "D:\\git\\arm-projekt\\st_stuff\\STM32F4-Discovery_FW_V1.1.0\\Project\\Peripheral_Examples\\EXTI\\MDK-ARM\\Exti\\Exti.axf" 

Cannot load driver 'C:\Keil_v5\ARM\STLink\ST-LINKIII-KEIL.dll'.

Possible Reasons:
 - Driver DLL could not be found in the specified path
 - Driver DLL requires additional DLL's which are not installed
 - Required Hardware Drivers are not installed
Error: Flash Download failed  -  C:\Keil_v5\ARM\STLink\ST-LINKIII-KEIL.dll
