
Allocating common symbols
Common symbol       size              file

APP_tx_end_cmd      0x1               ..\obj\usbd_cdc_vcp.o
APP_Tx_Buffer       0x80              ..\obj\usbd_cdc_vcp.o
usbd_cdc_OtherCfgDesc
                    0x43              ..\obj\usbd_cdc_core.o
USB_CDC_STATUS      0x1               ..\obj\stm32_ub_usb_cdc.o
APP_tx_ptr_tail     0x4               ..\obj\usbd_cdc_vcp.o
USB_Rx_Buffer       0x40              ..\obj\usbd_cdc_core.o
CmdBuff             0x8               ..\obj\usbd_cdc_core.o
USB_OTG_dev         0x5f0             ..\obj\stm32_ub_usb_cdc.o
APP_Rx_Buffer       0x800             ..\obj\usbd_cdc_core.o
USBD_StrDesc        0x32              ..\obj\usbd_req.o
APP_tx_ptr_head     0x4               ..\obj\usbd_cdc_vcp.o

Discarded input sections

 .text          0x00000000        0x0 ..\obj\usb_core.o
 .data          0x00000000        0x0 ..\obj\usb_core.o
 .bss           0x00000000        0x0 ..\obj\usb_core.o
 .text.USB_OTG_IsHostMode
                0x00000000       0x24 ..\obj\usb_core.o
 .text.USB_OTG_ReadOtgItr
                0x00000000       0x1c ..\obj\usb_core.o
 .text.USB_OTG_ActiveRemoteWakeup
                0x00000000       0x8c ..\obj\usb_core.o
 .text.USB_OTG_UngateClock
                0x00000000       0x54 ..\obj\usb_core.o
 .text.USB_OTG_StopDevice
                0x00000000       0x80 ..\obj\usb_core.o
 .text.USB_OTG_GetEPStatus
                0x00000000       0xac ..\obj\usb_core.o
 .text.USB_OTG_SetEPStatus
                0x00000000      0x12c ..\obj\usb_core.o
 .text          0x00000000        0x0 ..\obj\stm32_ub_usb_cdc.o
 .data          0x00000000        0x0 ..\obj\stm32_ub_usb_cdc.o
 .bss           0x00000000        0x0 ..\obj\stm32_ub_usb_cdc.o
 .text          0x00000000        0x0 ..\obj\usbd_usr.o
 .bss           0x00000000        0x0 ..\obj\usbd_usr.o
 .text          0x00000000        0x0 ..\obj\startup_stm32f4xx.o
 .data          0x00000000        0x0 ..\obj\startup_stm32f4xx.o
 .bss           0x00000000        0x0 ..\obj\startup_stm32f4xx.o
 .text          0x00000000        0x0 ..\obj\usbd_core.o
 .bss           0x00000000        0x0 ..\obj\usbd_core.o
 .text          0x00000000        0x0 ..\obj\main.o
 .data          0x00000000        0x0 ..\obj\main.o
 .bss           0x00000000        0x0 ..\obj\main.o
 .text          0x00000000        0x0 ..\obj\stm32f4xx_rcc.o
 .data          0x00000000       0x10 ..\obj\stm32f4xx_rcc.o
 .bss           0x00000000        0x0 ..\obj\stm32f4xx_rcc.o
 .text.RCC_DeInit
                0x00000000       0x50 ..\obj\stm32f4xx_rcc.o
 .text.RCC_HSEConfig
                0x00000000       0x24 ..\obj\stm32f4xx_rcc.o
 .text.RCC_WaitForHSEStartUp
                0x00000000       0x50 ..\obj\stm32f4xx_rcc.o
 .text.RCC_AdjustHSICalibrationValue
                0x00000000       0x3c ..\obj\stm32f4xx_rcc.o
 .text.RCC_HSICmd
                0x00000000       0x20 ..\obj\stm32f4xx_rcc.o
 .text.RCC_LSEConfig
                0x00000000       0x40 ..\obj\stm32f4xx_rcc.o
 .text.RCC_LSICmd
                0x00000000       0x20 ..\obj\stm32f4xx_rcc.o
 .text.RCC_PLLConfig
                0x00000000       0x3c ..\obj\stm32f4xx_rcc.o
 .text.RCC_PLLCmd
                0x00000000       0x20 ..\obj\stm32f4xx_rcc.o
 .text.RCC_PLLI2SConfig
                0x00000000       0x28 ..\obj\stm32f4xx_rcc.o
 .text.RCC_PLLI2SCmd
                0x00000000       0x20 ..\obj\stm32f4xx_rcc.o
 .text.RCC_ClockSecuritySystemCmd
                0x00000000       0x20 ..\obj\stm32f4xx_rcc.o
 .text.RCC_MCO1Config
                0x00000000       0x3c ..\obj\stm32f4xx_rcc.o
 .text.RCC_MCO2Config
                0x00000000       0x3c ..\obj\stm32f4xx_rcc.o
 .text.RCC_SYSCLKConfig
                0x00000000       0x38 ..\obj\stm32f4xx_rcc.o
 .text.RCC_GetSYSCLKSource
                0x00000000       0x20 ..\obj\stm32f4xx_rcc.o
 .text.RCC_HCLKConfig
                0x00000000       0x38 ..\obj\stm32f4xx_rcc.o
 .text.RCC_PCLK1Config
                0x00000000       0x38 ..\obj\stm32f4xx_rcc.o
 .text.RCC_PCLK2Config
                0x00000000       0x38 ..\obj\stm32f4xx_rcc.o
 .text.RCC_GetClocksFreq
                0x00000000      0x154 ..\obj\stm32f4xx_rcc.o
 .text.RCC_RTCCLKConfig
                0x00000000       0x5c ..\obj\stm32f4xx_rcc.o
 .text.RCC_RTCCLKCmd
                0x00000000       0x20 ..\obj\stm32f4xx_rcc.o
 .text.RCC_BackupResetCmd
                0x00000000       0x20 ..\obj\stm32f4xx_rcc.o
 .text.RCC_I2SCLKConfig
                0x00000000       0x1c ..\obj\stm32f4xx_rcc.o
 .text.RCC_AHB3PeriphClockCmd
                0x00000000       0x3c ..\obj\stm32f4xx_rcc.o
 .text.RCC_APB1PeriphClockCmd
                0x00000000       0x3c ..\obj\stm32f4xx_rcc.o
 .text.RCC_APB2PeriphClockCmd
                0x00000000       0x3c ..\obj\stm32f4xx_rcc.o
 .text.RCC_AHB1PeriphResetCmd
                0x00000000       0x3c ..\obj\stm32f4xx_rcc.o
 .text.RCC_AHB2PeriphResetCmd
                0x00000000       0x3c ..\obj\stm32f4xx_rcc.o
 .text.RCC_AHB3PeriphResetCmd
                0x00000000       0x3c ..\obj\stm32f4xx_rcc.o
 .text.RCC_APB2PeriphResetCmd
                0x00000000       0x3c ..\obj\stm32f4xx_rcc.o
 .text.RCC_AHB1PeriphClockLPModeCmd
                0x00000000       0x3c ..\obj\stm32f4xx_rcc.o
 .text.RCC_AHB2PeriphClockLPModeCmd
                0x00000000       0x3c ..\obj\stm32f4xx_rcc.o
 .text.RCC_AHB3PeriphClockLPModeCmd
                0x00000000       0x3c ..\obj\stm32f4xx_rcc.o
 .text.RCC_APB1PeriphClockLPModeCmd
                0x00000000       0x3c ..\obj\stm32f4xx_rcc.o
 .text.RCC_APB2PeriphClockLPModeCmd
                0x00000000       0x3c ..\obj\stm32f4xx_rcc.o
 .text.RCC_ITConfig
                0x00000000       0x48 ..\obj\stm32f4xx_rcc.o
 .text.RCC_GetFlagStatus
                0x00000000       0x74 ..\obj\stm32f4xx_rcc.o
 .text.RCC_ClearFlag
                0x00000000       0x1c ..\obj\stm32f4xx_rcc.o
 .text.RCC_GetITStatus
                0x00000000       0x38 ..\obj\stm32f4xx_rcc.o
 .text.RCC_ClearITPendingBit
                0x00000000       0x20 ..\obj\stm32f4xx_rcc.o
 .text          0x00000000        0x0 ..\obj\usbd_desc.o
 .bss           0x00000000        0x0 ..\obj\usbd_desc.o
 .text          0x00000000        0x0 ..\obj\stm32f4xx_gpio.o
 .data          0x00000000        0x0 ..\obj\stm32f4xx_gpio.o
 .bss           0x00000000        0x0 ..\obj\stm32f4xx_gpio.o
 .text.GPIO_DeInit
                0x00000000      0x120 ..\obj\stm32f4xx_gpio.o
 .text.GPIO_StructInit
                0x00000000       0x34 ..\obj\stm32f4xx_gpio.o
 .text.GPIO_PinLockConfig
                0x00000000       0x44 ..\obj\stm32f4xx_gpio.o
 .text.GPIO_ReadInputDataBit
                0x00000000       0x34 ..\obj\stm32f4xx_gpio.o
 .text.GPIO_ReadInputData
                0x00000000       0x1c ..\obj\stm32f4xx_gpio.o
 .text.GPIO_ReadOutputDataBit
                0x00000000       0x34 ..\obj\stm32f4xx_gpio.o
 .text.GPIO_ReadOutputData
                0x00000000       0x1c ..\obj\stm32f4xx_gpio.o
 .text.GPIO_SetBits
                0x00000000       0x1c ..\obj\stm32f4xx_gpio.o
 .text.GPIO_ResetBits
                0x00000000       0x1c ..\obj\stm32f4xx_gpio.o
 .text.GPIO_WriteBit
                0x00000000       0x30 ..\obj\stm32f4xx_gpio.o
 .text.GPIO_Write
                0x00000000       0x1c ..\obj\stm32f4xx_gpio.o
 .text.GPIO_ToggleBits
                0x00000000       0x24 ..\obj\stm32f4xx_gpio.o
 .text          0x00000000        0x0 ..\obj\usbd_cdc_vcp.o
 .bss           0x00000000        0x0 ..\obj\usbd_cdc_vcp.o
 .text          0x00000000        0x0 ..\obj\system_stm32f4xx.o
 .data          0x00000000       0x14 ..\obj\system_stm32f4xx.o
 .bss           0x00000000        0x0 ..\obj\system_stm32f4xx.o
 .text.SystemCoreClockUpdate
                0x00000000       0xf8 ..\obj\system_stm32f4xx.o
 .text          0x00000000        0x0 ..\obj\usb_bsp.o
 .data          0x00000000        0x0 ..\obj\usb_bsp.o
 .bss           0x00000000        0x0 ..\obj\usb_bsp.o
 .text          0x00000000        0x0 ..\obj\usbd_req.o
 .data          0x00000000        0x0 ..\obj\usbd_req.o
 .text          0x00000000        0x0 ..\obj\usb_dcd_int.o
 .data          0x00000000        0x0 ..\obj\usb_dcd_int.o
 .bss           0x00000000        0x0 ..\obj\usb_dcd_int.o
 .text          0x00000000        0x0 ..\obj\usbd_cdc_core.o
 .text          0x00000000        0x0 ..\obj\misc.o
 .data          0x00000000        0x0 ..\obj\misc.o
 .bss           0x00000000        0x0 ..\obj\misc.o
 .text.NVIC_SetVectorTable
                0x00000000       0x2c ..\obj\misc.o
 .text.NVIC_SystemLPConfig
                0x00000000       0x40 ..\obj\misc.o
 .text.SysTick_CLKSourceConfig
                0x00000000       0x38 ..\obj\misc.o
 .text          0x00000000        0x0 ..\obj\usb_dcd.o
 .data          0x00000000        0x0 ..\obj\usb_dcd.o
 .bss           0x00000000        0x0 ..\obj\usb_dcd.o
 .text.DCD_EP_Flush
                0x00000000       0x34 ..\obj\usb_dcd.o
 .text.DCD_DevConnect
                0x00000000       0x2c ..\obj\usb_dcd.o
 .text.DCD_DevDisconnect
                0x00000000       0x2c ..\obj\usb_dcd.o
 .text.DCD_GetEPStatus
                0x00000000       0x5c ..\obj\usb_dcd.o
 .text.DCD_SetEPStatus
                0x00000000       0x54 ..\obj\usb_dcd.o
 .text          0x00000000        0x0 ..\obj\usbd_ioreq.o
 .data          0x00000000        0x0 ..\obj\usbd_ioreq.o
 .bss           0x00000000        0x0 ..\obj\usbd_ioreq.o
 .text.USBD_GetRxCount
                0x00000000       0x30 ..\obj\usbd_ioreq.o

Memory Configuration

Name             Origin             Length             Attributes
rom              0x08000000         0x00100000         xr
ram              0x20000000         0x00020000         xrw
ram1             0x10000000         0x00010000         xrw
*default*        0x00000000         0xffffffff

Linker script and memory map

                0x20020000                _eram = 0x20020000

.text           0x08000000     0x43f8
 *(.isr_vector)
 .isr_vector    0x08000000      0x188 ..\obj\startup_stm32f4xx.o
                0x08000000                g_pfnVectors
 *(.text*)
 .text.USB_OTG_EnableCommonInt
                0x08000188       0x44 ..\obj\usb_core.o
 .text.USB_OTG_CoreReset
                0x080001cc       0x8c ..\obj\usb_core.o
 .text.USB_OTG_WritePacket
                0x08000258       0x70 ..\obj\usb_core.o
                0x08000258                USB_OTG_WritePacket
 .text.USB_OTG_ReadPacket
                0x080002c8       0x58 ..\obj\usb_core.o
                0x080002c8                USB_OTG_ReadPacket
 .text.USB_OTG_SelectCore
                0x08000320      0x174 ..\obj\usb_core.o
                0x08000320                USB_OTG_SelectCore
 .text.USB_OTG_CoreInit
                0x08000494      0x1d4 ..\obj\usb_core.o
                0x08000494                USB_OTG_CoreInit
 .text.USB_OTG_EnableGlobalInt
                0x08000668       0x38 ..\obj\usb_core.o
                0x08000668                USB_OTG_EnableGlobalInt
 .text.USB_OTG_DisableGlobalInt
                0x080006a0       0x38 ..\obj\usb_core.o
                0x080006a0                USB_OTG_DisableGlobalInt
 .text.USB_OTG_FlushTxFifo
                0x080006d8       0x74 ..\obj\usb_core.o
                0x080006d8                USB_OTG_FlushTxFifo
 .text.USB_OTG_FlushRxFifo
                0x0800074c       0x60 ..\obj\usb_core.o
                0x0800074c                USB_OTG_FlushRxFifo
 .text.USB_OTG_SetCurrentMode
                0x080007ac       0x60 ..\obj\usb_core.o
                0x080007ac                USB_OTG_SetCurrentMode
 .text.USB_OTG_GetMode
                0x0800080c       0x20 ..\obj\usb_core.o
                0x0800080c                USB_OTG_GetMode
 .text.USB_OTG_IsDeviceMode
                0x0800082c       0x24 ..\obj\usb_core.o
                0x0800082c                USB_OTG_IsDeviceMode
 .text.USB_OTG_ReadCoreItr
                0x08000850       0x30 ..\obj\usb_core.o
                0x08000850                USB_OTG_ReadCoreItr
 .text.USB_OTG_InitDevSpeed
                0x08000880       0x38 ..\obj\usb_core.o
                0x08000880                USB_OTG_InitDevSpeed
 .text.USB_OTG_CoreInitDev
                0x080008b8      0x280 ..\obj\usb_core.o
                0x080008b8                USB_OTG_CoreInitDev
 .text.USB_OTG_EnableDevInt
                0x08000b38       0xa8 ..\obj\usb_core.o
                0x08000b38                USB_OTG_EnableDevInt
 .text.USB_OTG_GetDeviceSpeed
                0x08000be0       0x48 ..\obj\usb_core.o
                0x08000be0                USB_OTG_GetDeviceSpeed
 .text.USB_OTG_EP0Activate
                0x08000c28       0x78 ..\obj\usb_core.o
                0x08000c28                USB_OTG_EP0Activate
 .text.USB_OTG_EPActivate
                0x08000ca0       0xdc ..\obj\usb_core.o
                0x08000ca0                USB_OTG_EPActivate
 .text.USB_OTG_EPDeactivate
                0x08000d7c       0x8c ..\obj\usb_core.o
                0x08000d7c                USB_OTG_EPDeactivate
 .text.USB_OTG_EPStartXfer
                0x08000e08      0x280 ..\obj\usb_core.o
                0x08000e08                USB_OTG_EPStartXfer
 .text.USB_OTG_EP0StartXfer
                0x08001088      0x1d4 ..\obj\usb_core.o
                0x08001088                USB_OTG_EP0StartXfer
 .text.USB_OTG_EPSetStall
                0x0800125c       0x88 ..\obj\usb_core.o
                0x0800125c                USB_OTG_EPSetStall
 .text.USB_OTG_EPClearStall
                0x080012e4       0x78 ..\obj\usb_core.o
                0x080012e4                USB_OTG_EPClearStall
 .text.USB_OTG_ReadDevAllOutEp_itr
                0x0800135c       0x2c ..\obj\usb_core.o
                0x0800135c                USB_OTG_ReadDevAllOutEp_itr
 .text.USB_OTG_ReadDevOutEP_itr
                0x08001388       0x38 ..\obj\usb_core.o
                0x08001388                USB_OTG_ReadDevOutEP_itr
 .text.USB_OTG_ReadDevAllInEPItr
                0x080013c0       0x2c ..\obj\usb_core.o
                0x080013c0                USB_OTG_ReadDevAllInEPItr
 .text.USB_OTG_EP0_OutStart
                0x080013ec       0x70 ..\obj\usb_core.o
                0x080013ec                USB_OTG_EP0_OutStart
 .text.UB_USB_CDC_Init
                0x0800145c       0x34 ..\obj\stm32_ub_usb_cdc.o
                0x0800145c                UB_USB_CDC_Init
 .text.UB_USB_CDC_GetStatus
                0x08001490       0x18 ..\obj\stm32_ub_usb_cdc.o
                0x08001490                UB_USB_CDC_GetStatus
 .text.UB_USB_CDC_SendString
                0x080014a8       0x84 ..\obj\stm32_ub_usb_cdc.o
                0x080014a8                UB_USB_CDC_SendString
 .text.UB_USB_CDC_ReceiveString
                0x0800152c       0x3c ..\obj\stm32_ub_usb_cdc.o
                0x0800152c                UB_USB_CDC_ReceiveString
 .text.USBD_USR_Init
                0x08001568       0x18 ..\obj\usbd_usr.o
                0x08001568                USBD_USR_Init
 .text.USBD_USR_DeviceReset
                0x08001580       0x20 ..\obj\usbd_usr.o
                0x08001580                USBD_USR_DeviceReset
 .text.USBD_USR_DeviceConfigured
                0x080015a0       0x18 ..\obj\usbd_usr.o
                0x080015a0                USBD_USR_DeviceConfigured
 .text.USBD_USR_DeviceConnected
                0x080015b8       0x18 ..\obj\usbd_usr.o
                0x080015b8                USBD_USR_DeviceConnected
 .text.USBD_USR_DeviceDisconnected
                0x080015d0       0x18 ..\obj\usbd_usr.o
                0x080015d0                USBD_USR_DeviceDisconnected
 .text.USBD_USR_DeviceSuspended
                0x080015e8       0x18 ..\obj\usbd_usr.o
                0x080015e8                USBD_USR_DeviceSuspended
 .text.USBD_USR_DeviceResumed
                0x08001600       0x18 ..\obj\usbd_usr.o
                0x08001600                USBD_USR_DeviceResumed
 .text.Default_Reset_Handler
                0x08001618       0x5c ..\obj\startup_stm32f4xx.o
                0x08001618                Default_Reset_Handler
                0x08001618                Reset_Handler
 .text.Default_Handler
                0x08001674        0x8 ..\obj\startup_stm32f4xx.o
                0x08001674                RTC_Alarm_IRQHandler
                0x08001674                HASH_RNG_IRQHandler
                0x08001674                EXTI2_IRQHandler
                0x08001674                TIM8_CC_IRQHandler
                0x08001674                DebugMon_Handler
                0x08001674                TIM1_CC_IRQHandler
                0x08001674                DMA2_Stream5_IRQHandler
                0x08001674                HardFault_Handler
                0x08001674                DMA1_Stream5_IRQHandler
                0x08001674                SysTick_Handler
                0x08001674                PVD_IRQHandler
                0x08001674                SDIO_IRQHandler
                0x08001674                TAMP_STAMP_IRQHandler
                0x08001674                PendSV_Handler
                0x08001674                NMI_Handler
                0x08001674                CAN2_RX1_IRQHandler
                0x08001674                EXTI3_IRQHandler
                0x08001674                TIM8_TRG_COM_TIM14_IRQHandler
                0x08001674                TIM1_UP_TIM10_IRQHandler
                0x08001674                TIM8_UP_TIM13_IRQHandler
                0x08001674                I2C3_ER_IRQHandler
                0x08001674                EXTI0_IRQHandler
                0x08001674                I2C2_EV_IRQHandler
                0x08001674                DMA1_Stream2_IRQHandler
                0x08001674                CAN1_RX0_IRQHandler
                0x08001674                FPU_IRQHandler
                0x08001674                OTG_HS_WKUP_IRQHandler
                0x08001674                UsageFault_Handler
                0x08001674                CAN2_SCE_IRQHandler
                0x08001674                DMA2_Stream2_IRQHandler
                0x08001674                SPI1_IRQHandler
                0x08001674                TIM6_DAC_IRQHandler
                0x08001674                TIM1_BRK_TIM9_IRQHandler
                0x08001674                DCMI_IRQHandler
                0x08001674                CAN2_RX0_IRQHandler
                0x08001674                DMA2_Stream3_IRQHandler
                0x08001674                USART6_IRQHandler
                0x08001674                USART3_IRQHandler
                0x08001674                CRYP_IRQHandler
                0x08001674                CAN1_RX1_IRQHandler
                0x08001674                UART5_IRQHandler
                0x08001674                DMA2_Stream0_IRQHandler
                0x08001674                TIM4_IRQHandler
                0x08001674                I2C1_EV_IRQHandler
                0x08001674                DMA1_Stream6_IRQHandler
                0x08001674                DMA1_Stream1_IRQHandler
                0x08001674                UART4_IRQHandler
                0x08001674                TIM3_IRQHandler
                0x08001674                RCC_IRQHandler
                0x08001674                TIM8_BRK_TIM12_IRQHandler
                0x08001674                EXTI15_10_IRQHandler
                0x08001674                ADC_IRQHandler
                0x08001674                DMA1_Stream7_IRQHandler
                0x08001674                TIM7_IRQHandler
                0x08001674                CAN2_TX_IRQHandler
                0x08001674                TIM5_IRQHandler
                0x08001674                DMA2_Stream7_IRQHandler
                0x08001674                I2C3_EV_IRQHandler
                0x08001674                EXTI9_5_IRQHandler
                0x08001674                RTC_WKUP_IRQHandler
                0x08001674                ETH_WKUP_IRQHandler
                0x08001674                SPI2_IRQHandler
                0x08001674                OTG_HS_EP1_IN_IRQHandler
                0x08001674                MemManage_Handler
                0x08001674                DMA1_Stream0_IRQHandler
                0x08001674                CAN1_TX_IRQHandler
                0x08001674                SVC_Handler
                0x08001674                EXTI4_IRQHandler
                0x08001674                FSMC_IRQHandler
                0x08001674                ETH_IRQHandler
                0x08001674                OTG_HS_EP1_OUT_IRQHandler
                0x08001674                WWDG_IRQHandler
                0x08001674                TIM2_IRQHandler
                0x08001674                OTG_FS_WKUP_IRQHandler
                0x08001674                TIM1_TRG_COM_TIM11_IRQHandler
                0x08001674                OTG_HS_IRQHandler
                0x08001674                EXTI1_IRQHandler
                0x08001674                USART2_IRQHandler
                0x08001674                I2C2_ER_IRQHandler
                0x08001674                DMA2_Stream1_IRQHandler
                0x08001674                CAN1_SCE_IRQHandler
                0x08001674                FLASH_IRQHandler
                0x08001674                DMA2_Stream4_IRQHandler
                0x08001674                BusFault_Handler
                0x08001674                USART1_IRQHandler
                0x08001674                SPI3_IRQHandler
                0x08001674                DMA1_Stream4_IRQHandler
                0x08001674                I2C1_ER_IRQHandler
                0x08001674                DMA2_Stream6_IRQHandler
                0x08001674                DMA1_Stream3_IRQHandler
 .text.USBD_Init
                0x0800167c       0x54 ..\obj\usbd_core.o
                0x0800167c                USBD_Init
 .text.USBD_DeInit
                0x080016d0       0x18 ..\obj\usbd_core.o
                0x080016d0                USBD_DeInit
 .text.USBD_SetupStage
                0x080016e8       0x6c ..\obj\usbd_core.o
 .text.USBD_DataOutStage
                0x08001754       0xd0 ..\obj\usbd_core.o
 .text.USBD_DataInStage
                0x08001824      0x104 ..\obj\usbd_core.o
 .text.USBD_Reset
                0x08001928       0x44 ..\obj\usbd_core.o
 .text.USBD_Resume
                0x0800196c       0x24 ..\obj\usbd_core.o
 .text.USBD_Suspend
                0x08001990       0x24 ..\obj\usbd_core.o
 .text.USBD_SOF
                0x080019b4       0x2c ..\obj\usbd_core.o
 .text.USBD_SetCfg
                0x080019e0       0x30 ..\obj\usbd_core.o
                0x080019e0                USBD_SetCfg
 .text.USBD_ClrCfg
                0x08001a10       0x28 ..\obj\usbd_core.o
                0x08001a10                USBD_ClrCfg
 .text.USBD_IsoINIncomplete
                0x08001a38       0x20 ..\obj\usbd_core.o
 .text.USBD_IsoOUTIncomplete
                0x08001a58       0x20 ..\obj\usbd_core.o
 .text.USBD_DevConnected
                0x08001a78       0x1c ..\obj\usbd_core.o
 .text.USBD_DevDisconnected
                0x08001a94       0x2c ..\obj\usbd_core.o
 .text.main     0x08001ac0       0x44 ..\obj\main.o
                0x08001ac0                main
 .text.RCC_AHB1PeriphClockCmd
                0x08001b04       0x3c ..\obj\stm32f4xx_rcc.o
                0x08001b04                RCC_AHB1PeriphClockCmd
 .text.RCC_AHB2PeriphClockCmd
                0x08001b40       0x3c ..\obj\stm32f4xx_rcc.o
                0x08001b40                RCC_AHB2PeriphClockCmd
 .text.RCC_APB1PeriphResetCmd
                0x08001b7c       0x3c ..\obj\stm32f4xx_rcc.o
                0x08001b7c                RCC_APB1PeriphResetCmd
 .text.USBD_USR_DeviceDescriptor
                0x08001bb8       0x24 ..\obj\usbd_desc.o
                0x08001bb8                USBD_USR_DeviceDescriptor
 .text.USBD_USR_LangIDStrDescriptor
                0x08001bdc       0x24 ..\obj\usbd_desc.o
                0x08001bdc                USBD_USR_LangIDStrDescriptor
 .text.USBD_USR_ProductStrDescriptor
                0x08001c00       0x28 ..\obj\usbd_desc.o
                0x08001c00                USBD_USR_ProductStrDescriptor
 .text.USBD_USR_ManufacturerStrDescriptor
                0x08001c28       0x28 ..\obj\usbd_desc.o
                0x08001c28                USBD_USR_ManufacturerStrDescriptor
 .text.USBD_USR_SerialStrDescriptor
                0x08001c50       0x28 ..\obj\usbd_desc.o
                0x08001c50                USBD_USR_SerialStrDescriptor
 .text.USBD_USR_ConfigStrDescriptor
                0x08001c78       0x28 ..\obj\usbd_desc.o
                0x08001c78                USBD_USR_ConfigStrDescriptor
 .text.USBD_USR_InterfaceStrDescriptor
                0x08001ca0       0x28 ..\obj\usbd_desc.o
                0x08001ca0                USBD_USR_InterfaceStrDescriptor
 .text.GPIO_Init
                0x08001cc8      0x11c ..\obj\stm32f4xx_gpio.o
                0x08001cc8                GPIO_Init
 .text.GPIO_PinAFConfig
                0x08001de4       0x8c ..\obj\stm32f4xx_gpio.o
                0x08001de4                GPIO_PinAFConfig
 .text.VCP_Init
                0x08001e70       0x30 ..\obj\usbd_cdc_vcp.o
 .text.VCP_DeInit
                0x08001ea0       0x10 ..\obj\usbd_cdc_vcp.o
 .text.VCP_Ctrl
                0x08001eb0      0x158 ..\obj\usbd_cdc_vcp.o
 .text.VCP_DataTx
                0x08002008       0x60 ..\obj\usbd_cdc_vcp.o
 .text.VCP_DataRx
                0x08002068       0x84 ..\obj\usbd_cdc_vcp.o
 .text.UB_VCP_DataTx
                0x080020ec       0x40 ..\obj\usbd_cdc_vcp.o
                0x080020ec                UB_VCP_DataTx
 .text.UB_VCP_StringRx
                0x0800212c       0xac ..\obj\usbd_cdc_vcp.o
                0x0800212c                UB_VCP_StringRx
 .text.SystemInit
                0x080021d8       0x58 ..\obj\system_stm32f4xx.o
                0x080021d8                SystemInit
 .text.SetSysClock
                0x08002230       0xf4 ..\obj\system_stm32f4xx.o
 .text.USB_OTG_BSP_Init
                0x08002324       0xa0 ..\obj\usb_bsp.o
                0x08002324                USB_OTG_BSP_Init
 .text.USB_OTG_BSP_EnableInterrupt
                0x080023c4       0x30 ..\obj\usb_bsp.o
                0x080023c4                USB_OTG_BSP_EnableInterrupt
 .text.USB_OTG_BSP_uDelay
                0x080023f4       0x48 ..\obj\usb_bsp.o
                0x080023f4                USB_OTG_BSP_uDelay
 .text.USB_OTG_BSP_mDelay
                0x0800243c       0x20 ..\obj\usb_bsp.o
                0x0800243c                USB_OTG_BSP_mDelay
 .text.OTG_FS_IRQHandler
                0x0800245c       0x10 ..\obj\usb_bsp.o
                0x0800245c                OTG_FS_IRQHandler
 .text.USBD_StdDevReq
                0x0800246c       0xa0 ..\obj\usbd_req.o
                0x0800246c                USBD_StdDevReq
 .text.USBD_StdItfReq
                0x0800250c       0x68 ..\obj\usbd_req.o
                0x0800250c                USBD_StdItfReq
 .text.USBD_StdEPReq
                0x08002574      0x1b0 ..\obj\usbd_req.o
                0x08002574                USBD_StdEPReq
 .text.USBD_GetDescriptor
                0x08002724      0x1b8 ..\obj\usbd_req.o
 .text.USBD_SetAddress
                0x080028dc       0x7c ..\obj\usbd_req.o
 .text.USBD_SetConfig
                0x08002958       0xf4 ..\obj\usbd_req.o
 .text.USBD_GetConfig
                0x08002a4c       0x60 ..\obj\usbd_req.o
 .text.USBD_GetStatus
                0x08002aac       0x50 ..\obj\usbd_req.o
 .text.USBD_SetFeature
                0x08002afc       0xcc ..\obj\usbd_req.o
 .text.USBD_ClrFeature
                0x08002bc8       0x50 ..\obj\usbd_req.o
 .text.USBD_ParseSetupRequest
                0x08002c18       0x8c ..\obj\usbd_req.o
                0x08002c18                USBD_ParseSetupRequest
 .text.USBD_CtlError
                0x08002ca4       0x48 ..\obj\usbd_req.o
                0x08002ca4                USBD_CtlError
 .text.USBD_GetString
                0x08002cec       0x7c ..\obj\usbd_req.o
                0x08002cec                USBD_GetString
 .text.USBD_GetLen
                0x08002d68       0x30 ..\obj\usbd_req.o
 .text.USBD_OTG_ISR_Handler
                0x08002d98      0x190 ..\obj\usb_dcd_int.o
                0x08002d98                USBD_OTG_ISR_Handler
 .text.DCD_SessionRequest_ISR
                0x08002f28       0x34 ..\obj\usb_dcd_int.o
 .text.DCD_OTG_ISR
                0x08002f5c       0x3c ..\obj\usb_dcd_int.o
 .text.DCD_HandleResume_ISR
                0x08002f98       0x80 ..\obj\usb_dcd_int.o
 .text.DCD_HandleUSBSuspend_ISR
                0x08003018       0x9c ..\obj\usb_dcd_int.o
 .text.DCD_HandleInEP_ISR
                0x080030b4      0x1ec ..\obj\usb_dcd_int.o
 .text.DCD_HandleOutEP_ISR
                0x080032a0      0x178 ..\obj\usb_dcd_int.o
 .text.DCD_HandleSof_ISR
                0x08003418       0x34 ..\obj\usb_dcd_int.o
 .text.DCD_HandleRxStatusQueueLevel_ISR
                0x0800344c      0x104 ..\obj\usb_dcd_int.o
 .text.DCD_WriteEmptyTxFifo
                0x08003550      0x110 ..\obj\usb_dcd_int.o
 .text.DCD_HandleUsbReset_ISR
                0x08003660      0x144 ..\obj\usb_dcd_int.o
 .text.DCD_HandleEnumDone_ISR
                0x080037a4       0x78 ..\obj\usb_dcd_int.o
 .text.DCD_IsoINIncomplete_ISR
                0x0800381c       0x34 ..\obj\usb_dcd_int.o
 .text.DCD_IsoOUTIncomplete_ISR
                0x08003850       0x34 ..\obj\usb_dcd_int.o
 .text.DCD_ReadDevInEP
                0x08003884       0x50 ..\obj\usb_dcd_int.o
 .text.usbd_cdc_Init
                0x080038d4       0x88 ..\obj\usbd_cdc_core.o
 .text.usbd_cdc_DeInit
                0x0800395c       0x38 ..\obj\usbd_cdc_core.o
 .text.usbd_cdc_Setup
                0x08003994      0x124 ..\obj\usbd_cdc_core.o
 .text.usbd_cdc_EP0_RxReady
                0x08003ab8       0x44 ..\obj\usbd_cdc_core.o
 .text.usbd_cdc_DataIn
                0x08003afc       0xc4 ..\obj\usbd_cdc_core.o
 .text.usbd_cdc_DataOut
                0x08003bc0       0x54 ..\obj\usbd_cdc_core.o
 .text.usbd_cdc_SOF
                0x08003c14       0x30 ..\obj\usbd_cdc_core.o
 .text.Handle_USBAsynchXfer
                0x08003c44      0x100 ..\obj\usbd_cdc_core.o
 .text.USBD_cdc_GetCfgDesc
                0x08003d44       0x24 ..\obj\usbd_cdc_core.o
 .text.NVIC_PriorityGroupConfig
                0x08003d68       0x24 ..\obj\misc.o
                0x08003d68                NVIC_PriorityGroupConfig
 .text.NVIC_Init
                0x08003d8c       0xbc ..\obj\misc.o
                0x08003d8c                NVIC_Init
 .text.DCD_Init
                0x08003e48      0x100 ..\obj\usb_dcd.o
                0x08003e48                DCD_Init
 .text.DCD_EP_Open
                0x08003f48       0x9c ..\obj\usb_dcd.o
                0x08003f48                DCD_EP_Open
 .text.DCD_EP_Close
                0x08003fe4       0x70 ..\obj\usb_dcd.o
                0x08003fe4                DCD_EP_Close
 .text.DCD_EP_PrepareRx
                0x08004054       0x80 ..\obj\usb_dcd.o
                0x08004054                DCD_EP_PrepareRx
 .text.DCD_EP_Tx
                0x080040d4       0x78 ..\obj\usb_dcd.o
                0x080040d4                DCD_EP_Tx
 .text.DCD_EP_Stall
                0x0800414c       0x74 ..\obj\usb_dcd.o
                0x0800414c                DCD_EP_Stall
 .text.DCD_EP_ClrStall
                0x080041c0       0x74 ..\obj\usb_dcd.o
                0x080041c0                DCD_EP_ClrStall
 .text.DCD_EP_SetAddress
                0x08004234       0x3c ..\obj\usb_dcd.o
                0x08004234                DCD_EP_SetAddress
 .text.USBD_CtlSendData
                0x08004270       0x40 ..\obj\usbd_ioreq.o
                0x08004270                USBD_CtlSendData
 .text.USBD_CtlContinueSendData
                0x080042b0       0x28 ..\obj\usbd_ioreq.o
                0x080042b0                USBD_CtlContinueSendData
 .text.USBD_CtlPrepareRx
                0x080042d8       0x40 ..\obj\usbd_ioreq.o
                0x080042d8                USBD_CtlPrepareRx
 .text.USBD_CtlContinueRx
                0x08004318       0x28 ..\obj\usbd_ioreq.o
                0x08004318                USBD_CtlContinueRx
 .text.USBD_CtlSendStatus
                0x08004340       0x30 ..\obj\usbd_ioreq.o
                0x08004340                USBD_CtlSendStatus
 .text.USBD_CtlReceiveStatus
                0x08004370       0x30 ..\obj\usbd_ioreq.o
                0x08004370                USBD_CtlReceiveStatus
 *(.init)
 *(.fini)
 *crtbegin.o(.ctors)
 *crtbegin?.o(.ctors)
 *(EXCLUDE_FILE(*crtend.o *crtend?.o) .ctors)
 *(SORT(.ctors.*))
 *(.ctors)
 *crtbegin.o(.dtors)
 *crtbegin?.o(.dtors)
 *(EXCLUDE_FILE(*crtend.o *crtend?.o) .dtors)
 *(SORT(.dtors.*))
 *(.dtors)
 *(.rodata*)
 .rodata        0x080043a0       0x58 ..\obj\usbd_desc.o
 *(.eh_fram e*)

.glue_7         0x080043f8        0x0
 .glue_7        0x00000000        0x0 linker stubs

.glue_7t        0x080043f8        0x0
 .glue_7t       0x00000000        0x0 linker stubs

.vfp11_veneer   0x080043f8        0x0
 .vfp11_veneer  0x00000000        0x0 linker stubs

.v4_bx          0x080043f8        0x0
 .v4_bx         0x00000000        0x0 linker stubs

.iplt           0x080043f8        0x0
 .iplt          0x00000000        0x0 ..\obj\usb_core.o

.rel.dyn        0x080043f8        0x0
 .rel.iplt      0x00000000        0x0 ..\obj\usb_core.o

.ARM.extab
 *(.ARM.extab* .gnu.linkonce.armextab.*)
                0x080043f8                __exidx_start = .

.ARM.exidx
 *(.ARM.exidx* .gnu.linkonce.armexidx.*)
                0x080043f8                __exidx_end = .
                0x080043f8                __etext = .
                0x080043f8                _sidata = __etext

.data           0x20000000      0x11c load address 0x080043f8
                0x20000000                __data_start__ = .
                0x20000000                _sdata = __data_start__
 *(vtable)
 *(.data*)
 .data          0x20000000       0x1c ..\obj\usbd_usr.o
                0x20000000                USR_cb
 .data          0x2000001c       0x30 ..\obj\usbd_core.o
                0x2000001c                USBD_DCD_INT_cb
                0x20000048                USBD_DCD_INT_fops
 .data          0x2000004c       0x40 ..\obj\usbd_desc.o
                0x2000004c                USR_desc
                0x20000068                USBD_DeviceDesc
                0x2000007c                USBD_DeviceQualifierDesc
                0x20000088                USBD_LangIDDesc
 .data          0x2000008c       0x1c ..\obj\usbd_cdc_vcp.o
                0x2000008c                linecoding
                0x20000094                VCP_fops
 .data          0x200000a8       0x74 ..\obj\usbd_cdc_core.o
                0x200000a8                usbd_cdc_CfgDesc
                0x200000f0                USBD_CDC_cb
                0x2000011c                . = ALIGN (0x4)
                0x2000011c                PROVIDE (__preinit_array_start, .)
 *(.preinit_array)
                0x2000011c                PROVIDE (__preinit_array_end, .)
                0x2000011c                . = ALIGN (0x4)
                0x2000011c                PROVIDE (__init_array_start, .)
 *(SORT(.init_array.*))
 *(.init_array)
                0x2000011c                PROVIDE (__init_array_end, .)
                0x2000011c                . = ALIGN (0x4)
                0x2000011c                PROVIDE (__fini_array_start, .)
 *(SORT(.fini_array.*))
 *(.fini_array)
                0x2000011c                PROVIDE (__fini_array_end, .)
 *(.jcr*)
                0x2000011c                . = ALIGN (0x4)
                0x2000011c                __data_end__ = .
                0x2000011c                _edata = __data_end__

.igot.plt       0x2000011c        0x0 load address 0x08004514
 .igot.plt      0x00000000        0x0 ..\obj\usb_core.o

.bss            0x2000011c      0xf6c load address 0x08004514
                0x2000011c                . = ALIGN (0x4)
                0x2000011c                __bss_start__ = .
                0x2000011c                _sbss = __bss_start__
 *(.bss*)
 .bss           0x2000011c       0x10 ..\obj\usbd_req.o
                0x2000011c                USBD_ep_status
                0x20000120                USBD_default_cfg
                0x20000124                USBD_cfg_status
 .bss           0x2000012c       0x1c ..\obj\usbd_cdc_core.o
                0x20000130                APP_Rx_ptr_in
                0x20000134                APP_Rx_ptr_out
                0x20000138                APP_Rx_length
                0x2000013c                USB_Tx_State
 *(COMMON)
 COMMON         0x20000148      0x5f4 ..\obj\stm32_ub_usb_cdc.o
                0x20000148                USB_CDC_STATUS
                0x2000014c                USB_OTG_dev
 COMMON         0x2000073c       0x8c ..\obj\usbd_cdc_vcp.o
                0x2000073c                APP_tx_end_cmd
                0x20000740                APP_Tx_Buffer
                0x200007c0                APP_tx_ptr_tail
                0x200007c4                APP_tx_ptr_head
 COMMON         0x200007c8       0x32 ..\obj\usbd_req.o
                0x200007c8                USBD_StrDesc
 *fill*         0x200007fa        0x2 
 COMMON         0x200007fc      0x88c ..\obj\usbd_cdc_core.o
                0x200007fc                usbd_cdc_OtherCfgDesc
                0x20000840                USB_Rx_Buffer
                0x20000880                CmdBuff
                0x20000888                APP_Rx_Buffer
                0x20001088                . = ALIGN (0x4)
                0x20001088                __bss_end__ = .
                0x20001088                _ebss = __bss_end__

.heap           0x20001088        0x0
                0x20001088                __end__ = .
                0x20001088                _end = __end__
                0x20001088                end = __end__
 *(.heap*)
                0x20001088                __HeapLimit = .

.co_stack       0x20001088      0x800 load address 0x08005480
                0x20001088                . = ALIGN (0x8)
 *(.co_stack .co_stack.*)
 .co_stack      0x20001088      0x800 ..\obj\startup_stm32f4xx.o
                0x20001088                pulStack
                0x20020000                __StackTop = (ORIGIN (ram) + 0x20000)
                0x2001f800                __StackLimit = (__StackTop - SIZEOF (.co_stack))
                0x20020000                PROVIDE (__stack, __StackTop)
                0x00000001                ASSERT ((__StackLimit >= __HeapLimit), region ram  overflowed with stack)
LOAD ..\obj\usb_core.o
LOAD ..\obj\stm32_ub_usb_cdc.o
LOAD ..\obj\usbd_usr.o
LOAD ..\obj\startup_stm32f4xx.o
LOAD ..\obj\usbd_core.o
LOAD ..\obj\main.o
LOAD ..\obj\stm32f4xx_rcc.o
LOAD ..\obj\usbd_desc.o
LOAD ..\obj\stm32f4xx_gpio.o
LOAD ..\obj\usbd_cdc_vcp.o
LOAD ..\obj\system_stm32f4xx.o
LOAD ..\obj\usb_bsp.o
LOAD ..\obj\usbd_req.o
LOAD ..\obj\usb_dcd_int.o
LOAD ..\obj\usbd_cdc_core.o
LOAD ..\obj\misc.o
LOAD ..\obj\usb_dcd.o
LOAD ..\obj\usbd_ioreq.o
START GROUP
LOAD c:/program files (x86)/gnu tools arm embedded/4.8 2014q3/bin/../lib/gcc/arm-none-eabi/4.8.4/armv7e-m\libgcc.a
LOAD c:/program files (x86)/gnu tools arm embedded/4.8 2014q3/bin/../lib/gcc/arm-none-eabi/4.8.4/../../../../arm-none-eabi/lib/armv7e-m\libg.a
LOAD c:/program files (x86)/gnu tools arm embedded/4.8 2014q3/bin/../lib/gcc/arm-none-eabi/4.8.4/../../../../arm-none-eabi/lib/armv7e-m\libc.a
END GROUP
OUTPUT(Demo_31.elf elf32-littlearm)

.debug_info     0x00000000     0xd278
 .debug_info    0x00000000     0x24f5 ..\obj\usb_core.o
 .debug_info    0x000024f5      0xc2d ..\obj\stm32_ub_usb_cdc.o
 .debug_info    0x00003122      0x202 ..\obj\usbd_usr.o
 .debug_info    0x00003324       0xed ..\obj\startup_stm32f4xx.o
 .debug_info    0x00003411      0xed9 ..\obj\usbd_core.o
 .debug_info    0x000042ea      0x166 ..\obj\main.o
 .debug_info    0x00004450      0xc4d ..\obj\stm32f4xx_rcc.o
 .debug_info    0x0000509d      0x35d ..\obj\usbd_desc.o
 .debug_info    0x000053fa      0x602 ..\obj\stm32f4xx_gpio.o
 .debug_info    0x000059fc      0x434 ..\obj\usbd_cdc_vcp.o
 .debug_info    0x00005e30      0x592 ..\obj\system_stm32f4xx.o
 .debug_info    0x000063c2      0xfb8 ..\obj\usb_bsp.o
 .debug_info    0x0000737a      0xf92 ..\obj\usbd_req.o
 .debug_info    0x0000830c     0x1e9a ..\obj\usb_dcd_int.o
 .debug_info    0x0000a1a6      0xee2 ..\obj\usbd_cdc_core.o
 .debug_info    0x0000b088      0x53d ..\obj\misc.o
 .debug_info    0x0000b5c5     0x1005 ..\obj\usb_dcd.o
 .debug_info    0x0000c5ca      0xcae ..\obj\usbd_ioreq.o

.debug_abbrev   0x00000000     0x1e06
 .debug_abbrev  0x00000000      0x314 ..\obj\usb_core.o
 .debug_abbrev  0x00000314      0x1c1 ..\obj\stm32_ub_usb_cdc.o
 .debug_abbrev  0x000004d5       0xf3 ..\obj\usbd_usr.o
 .debug_abbrev  0x000005c8       0xb0 ..\obj\startup_stm32f4xx.o
 .debug_abbrev  0x00000678      0x1d2 ..\obj\usbd_core.o
 .debug_abbrev  0x0000084a       0xc9 ..\obj\main.o
 .debug_abbrev  0x00000913      0x1e3 ..\obj\stm32f4xx_rcc.o
 .debug_abbrev  0x00000af6      0x101 ..\obj\usbd_desc.o
 .debug_abbrev  0x00000bf7      0x1a3 ..\obj\stm32f4xx_gpio.o
 .debug_abbrev  0x00000d9a      0x18f ..\obj\usbd_cdc_vcp.o
 .debug_abbrev  0x00000f29      0x136 ..\obj\system_stm32f4xx.o
 .debug_abbrev  0x0000105f      0x1e4 ..\obj\usb_bsp.o
 .debug_abbrev  0x00001243      0x257 ..\obj\usbd_req.o
 .debug_abbrev  0x0000149a      0x295 ..\obj\usb_dcd_int.o
 .debug_abbrev  0x0000172f      0x202 ..\obj\usbd_cdc_core.o
 .debug_abbrev  0x00001931      0x145 ..\obj\misc.o
 .debug_abbrev  0x00001a76      0x21d ..\obj\usb_dcd.o
 .debug_abbrev  0x00001c93      0x173 ..\obj\usbd_ioreq.o

.debug_aranges  0x00000000      0x830
 .debug_aranges
                0x00000000      0x138 ..\obj\usb_core.o
 .debug_aranges
                0x00000138       0x38 ..\obj\stm32_ub_usb_cdc.o
 .debug_aranges
                0x00000170       0x50 ..\obj\usbd_usr.o
 .debug_aranges
                0x000001c0       0x28 ..\obj\startup_stm32f4xx.o
 .debug_aranges
                0x000001e8       0x90 ..\obj\usbd_core.o
 .debug_aranges
                0x00000278       0x20 ..\obj\main.o
 .debug_aranges
                0x00000298      0x178 ..\obj\stm32f4xx_rcc.o
 .debug_aranges
                0x00000410       0x50 ..\obj\usbd_desc.o
 .debug_aranges
                0x00000460       0x88 ..\obj\stm32f4xx_gpio.o
 .debug_aranges
                0x000004e8       0x50 ..\obj\usbd_cdc_vcp.o
 .debug_aranges
                0x00000538       0x30 ..\obj\system_stm32f4xx.o
 .debug_aranges
                0x00000568       0x40 ..\obj\usb_bsp.o
 .debug_aranges
                0x000005a8       0x88 ..\obj\usbd_req.o
 .debug_aranges
                0x00000630       0x90 ..\obj\usb_dcd_int.o
 .debug_aranges
                0x000006c0       0x60 ..\obj\usbd_cdc_core.o
 .debug_aranges
                0x00000720       0x40 ..\obj\misc.o
 .debug_aranges
                0x00000760       0x80 ..\obj\usb_dcd.o
 .debug_aranges
                0x000007e0       0x50 ..\obj\usbd_ioreq.o

.debug_ranges   0x00000000      0x710
 .debug_ranges  0x00000000      0x128 ..\obj\usb_core.o
 .debug_ranges  0x00000128       0x28 ..\obj\stm32_ub_usb_cdc.o
 .debug_ranges  0x00000150       0x40 ..\obj\usbd_usr.o
 .debug_ranges  0x00000190       0x18 ..\obj\startup_stm32f4xx.o
 .debug_ranges  0x000001a8       0x80 ..\obj\usbd_core.o
 .debug_ranges  0x00000228       0x10 ..\obj\main.o
 .debug_ranges  0x00000238      0x168 ..\obj\stm32f4xx_rcc.o
 .debug_ranges  0x000003a0       0x40 ..\obj\usbd_desc.o
 .debug_ranges  0x000003e0       0x78 ..\obj\stm32f4xx_gpio.o
 .debug_ranges  0x00000458       0x40 ..\obj\usbd_cdc_vcp.o
 .debug_ranges  0x00000498       0x20 ..\obj\system_stm32f4xx.o
 .debug_ranges  0x000004b8       0x30 ..\obj\usb_bsp.o
 .debug_ranges  0x000004e8       0x78 ..\obj\usbd_req.o
 .debug_ranges  0x00000560       0x80 ..\obj\usb_dcd_int.o
 .debug_ranges  0x000005e0       0x50 ..\obj\usbd_cdc_core.o
 .debug_ranges  0x00000630       0x30 ..\obj\misc.o
 .debug_ranges  0x00000660       0x70 ..\obj\usb_dcd.o
 .debug_ranges  0x000006d0       0x40 ..\obj\usbd_ioreq.o

.debug_line     0x00000000     0x3674
 .debug_line    0x00000000      0x6d3 ..\obj\usb_core.o
 .debug_line    0x000006d3      0x2c9 ..\obj\stm32_ub_usb_cdc.o
 .debug_line    0x0000099c      0x245 ..\obj\usbd_usr.o
 .debug_line    0x00000be1       0xa5 ..\obj\startup_stm32f4xx.o
 .debug_line    0x00000c86      0x347 ..\obj\usbd_core.o
 .debug_line    0x00000fcd      0x1b9 ..\obj\main.o
 .debug_line    0x00001186      0x5b9 ..\obj\stm32f4xx_rcc.o
 .debug_line    0x0000173f      0x217 ..\obj\usbd_desc.o
 .debug_line    0x00001956      0x35e ..\obj\stm32f4xx_gpio.o
 .debug_line    0x00001cb4      0x2cf ..\obj\usbd_cdc_vcp.o
 .debug_line    0x00001f83      0x1fe ..\obj\system_stm32f4xx.o
 .debug_line    0x00002181      0x2a4 ..\obj\usb_bsp.o
 .debug_line    0x00002425      0x3cc ..\obj\usbd_req.o
 .debug_line    0x000027f1      0x3f4 ..\obj\usb_dcd_int.o
 .debug_line    0x00002be5      0x2af ..\obj\usbd_cdc_core.o
 .debug_line    0x00002e94      0x264 ..\obj\misc.o
 .debug_line    0x000030f8      0x34a ..\obj\usb_dcd.o
 .debug_line    0x00003442      0x232 ..\obj\usbd_ioreq.o

.debug_str      0x00000000     0x365f
 .debug_str     0x00000000     0x1334 ..\obj\usb_core.o
                               0x169a (size before relaxing)
 .debug_str     0x00001334      0x187 ..\obj\stm32_ub_usb_cdc.o
                                0xa73 (size before relaxing)
 .debug_str     0x000014bb       0xf0 ..\obj\usbd_usr.o
                                0x310 (size before relaxing)
 .debug_str     0x000015ab       0xb4 ..\obj\startup_stm32f4xx.o
                                0x14b (size before relaxing)
 .debug_str     0x0000165f      0x1a6 ..\obj\usbd_core.o
                                0xb06 (size before relaxing)
 .debug_str     0x00001805       0x38 ..\obj\main.o
                                0x1fd (size before relaxing)
 .debug_str     0x0000183d      0x69e ..\obj\stm32f4xx_rcc.o
                                0x854 (size before relaxing)
 .debug_str     0x00001edb      0x167 ..\obj\usbd_desc.o
                                0x396 (size before relaxing)
 .debug_str     0x00002042      0x32c ..\obj\stm32f4xx_gpio.o
                                0x4a7 (size before relaxing)
 .debug_str     0x0000236e      0x1a7 ..\obj\usbd_cdc_vcp.o
                                0x388 (size before relaxing)
 .debug_str     0x00002515      0x11c ..\obj\system_stm32f4xx.o
                                0x3ae (size before relaxing)
 .debug_str     0x00002631      0x656 ..\obj\usb_bsp.o
                               0x10cf (size before relaxing)
 .debug_str     0x00002c87      0x182 ..\obj\usbd_req.o
                                0xb0a (size before relaxing)
 .debug_str     0x00002e09      0x35b ..\obj\usb_dcd_int.o
                               0x1373 (size before relaxing)
 .debug_str     0x00003164      0x1a0 ..\obj\usbd_cdc_core.o
                                0xb28 (size before relaxing)
 .debug_str     0x00003304      0x165 ..\obj\misc.o
                                0x3d2 (size before relaxing)
 .debug_str     0x00003469      0x11e ..\obj\usb_dcd.o
                                0xb3a (size before relaxing)
 .debug_str     0x00003587       0xd8 ..\obj\usbd_ioreq.o
                                0x9c9 (size before relaxing)

.comment        0x00000000       0x70
 .comment       0x00000000       0x70 ..\obj\usb_core.o
                                 0x71 (size before relaxing)
 .comment       0x00000000       0x71 ..\obj\stm32_ub_usb_cdc.o
 .comment       0x00000000       0x71 ..\obj\usbd_usr.o
 .comment       0x00000000       0x71 ..\obj\startup_stm32f4xx.o
 .comment       0x00000000       0x71 ..\obj\usbd_core.o
 .comment       0x00000000       0x71 ..\obj\main.o
 .comment       0x00000000       0x71 ..\obj\stm32f4xx_rcc.o
 .comment       0x00000000       0x71 ..\obj\usbd_desc.o
 .comment       0x00000000       0x71 ..\obj\stm32f4xx_gpio.o
 .comment       0x00000000       0x71 ..\obj\usbd_cdc_vcp.o
 .comment       0x00000000       0x71 ..\obj\system_stm32f4xx.o
 .comment       0x00000000       0x71 ..\obj\usb_bsp.o
 .comment       0x00000000       0x71 ..\obj\usbd_req.o
 .comment       0x00000000       0x71 ..\obj\usb_dcd_int.o
 .comment       0x00000000       0x71 ..\obj\usbd_cdc_core.o
 .comment       0x00000000       0x71 ..\obj\misc.o
 .comment       0x00000000       0x71 ..\obj\usb_dcd.o
 .comment       0x00000000       0x71 ..\obj\usbd_ioreq.o

.ARM.attributes
                0x00000000       0x33
 .ARM.attributes
                0x00000000       0x33 ..\obj\usb_core.o
 .ARM.attributes
                0x00000033       0x33 ..\obj\stm32_ub_usb_cdc.o
 .ARM.attributes
                0x00000066       0x33 ..\obj\usbd_usr.o
 .ARM.attributes
                0x00000099       0x33 ..\obj\startup_stm32f4xx.o
 .ARM.attributes
                0x000000cc       0x33 ..\obj\usbd_core.o
 .ARM.attributes
                0x000000ff       0x33 ..\obj\main.o
 .ARM.attributes
                0x00000132       0x33 ..\obj\stm32f4xx_rcc.o
 .ARM.attributes
                0x00000165       0x33 ..\obj\usbd_desc.o
 .ARM.attributes
                0x00000198       0x33 ..\obj\stm32f4xx_gpio.o
 .ARM.attributes
                0x000001cb       0x33 ..\obj\usbd_cdc_vcp.o
 .ARM.attributes
                0x000001fe       0x33 ..\obj\system_stm32f4xx.o
 .ARM.attributes
                0x00000231       0x33 ..\obj\usb_bsp.o
 .ARM.attributes
                0x00000264       0x33 ..\obj\usbd_req.o
 .ARM.attributes
                0x00000297       0x33 ..\obj\usb_dcd_int.o
 .ARM.attributes
                0x000002ca       0x33 ..\obj\usbd_cdc_core.o
 .ARM.attributes
                0x000002fd       0x33 ..\obj\misc.o
 .ARM.attributes
                0x00000330       0x33 ..\obj\usb_dcd.o
 .ARM.attributes
                0x00000363       0x33 ..\obj\usbd_ioreq.o

.debug_frame    0x00000000     0x1924
 .debug_frame   0x00000000      0x434 ..\obj\usb_core.o
 .debug_frame   0x00000434       0x88 ..\obj\stm32_ub_usb_cdc.o
 .debug_frame   0x000004bc       0xbc ..\obj\usbd_usr.o
 .debug_frame   0x00000578       0x48 ..\obj\startup_stm32f4xx.o
 .debug_frame   0x000005c0      0x1ec ..\obj\usbd_core.o
 .debug_frame   0x000007ac       0x30 ..\obj\main.o
 .debug_frame   0x000007dc      0x4d8 ..\obj\stm32f4xx_rcc.o
 .debug_frame   0x00000cb4       0xe8 ..\obj\usbd_desc.o
 .debug_frame   0x00000d9c      0x19c ..\obj\stm32f4xx_gpio.o
 .debug_frame   0x00000f38       0xcc ..\obj\usbd_cdc_vcp.o
 .debug_frame   0x00001004       0x64 ..\obj\system_stm32f4xx.o
 .debug_frame   0x00001068       0xa8 ..\obj\usb_bsp.o
 .debug_frame   0x00001110      0x1c8 ..\obj\usbd_req.o
 .debug_frame   0x000012d8      0x1ec ..\obj\usb_dcd_int.o
 .debug_frame   0x000014c4      0x12c ..\obj\usbd_cdc_core.o
 .debug_frame   0x000015f0       0x9c ..\obj\misc.o
 .debug_frame   0x0000168c      0x1ac ..\obj\usb_dcd.o
 .debug_frame   0x00001838       0xec ..\obj\usbd_ioreq.o
